
[7m[1m[36m RUN [39m[22m[27m [36mv1.6.1[39m [90mE:/Github Repos/QuoteLog02[39m

[90mstderr[2m | tests/unit/fact-check.test.js[2m > [22m[2mFact Check Service[2m > [22m[2mclassifyAndVerify[2m > [22m[2mshould return Category A result for verifiable claims[22m[39m
[WARN] No admin users exist and INITIAL_ADMIN_EMAIL/INITIAL_ADMIN_PASSWORD env vars not set. No admin user seeded.

[90mstderr[2m | tests/unit/fact-check.test.js[2m > [22m[2mFact Check Service[2m > [22m[2mclassifyAndVerify[2m > [22m[2mshould return Category B result for opinions[22m[39m
[WARN] No admin users exist and INITIAL_ADMIN_EMAIL/INITIAL_ADMIN_PASSWORD env vars not set. No admin user seeded.

[90mstderr[2m | tests/unit/fact-check.test.js[2m > [22m[2mFact Check Service[2m > [22m[2mclassifyAndVerify[2m > [22m[2mshould return Category C result for fragments[22m[39m
[WARN] No admin users exist and INITIAL_ADMIN_EMAIL/INITIAL_ADMIN_PASSWORD env vars not set. No admin user seeded.

[90mstderr[2m | tests/unit/fact-check.test.js[2m > [22m[2mFact Check Service[2m > [22m[2mclassifyAndVerify[2m > [22m[2mshould throw on invalid category[22m[39m
[WARN] No admin users exist and INITIAL_ADMIN_EMAIL/INITIAL_ADMIN_PASSWORD env vars not set. No admin user seeded.

[90mstderr[2m | tests/unit/fact-check.test.js[2m > [22m[2mFact Check Service[2m > [22m[2mclassifyAndVerify[2m > [22m[2mshould call generateGroundedJSON with a prompt string[22m[39m
[WARN] No admin users exist and INITIAL_ADMIN_EMAIL/INITIAL_ADMIN_PASSWORD env vars not set. No admin user seeded.

[90mstderr[2m | tests/unit/fact-check.test.js[2m > [22m[2mFact Check Service[2m > [22m[2mextractAndEnrichReferences[2m > [22m[2mshould return enriched references[22m[39m
[WARN] No admin users exist and INITIAL_ADMIN_EMAIL/INITIAL_ADMIN_PASSWORD env vars not set. No admin user seeded.

[90mstderr[2m | tests/unit/fact-check.test.js[2m > [22m[2mFact Check Service[2m > [22m[2mextractAndEnrichReferences[2m > [22m[2mshould default to empty references array if missing[22m[39m
[WARN] No admin users exist and INITIAL_ADMIN_EMAIL/INITIAL_ADMIN_PASSWORD env vars not set. No admin user seeded.

[90mstderr[2m | tests/unit/fact-check.test.js[2m > [22m[2mFact Check Service[2m > [22m[2mfactCheckQuote[2m > [22m[2mshould run full pipeline for Category A quote[22m[39m
[WARN] No admin users exist and INITIAL_ADMIN_EMAIL/INITIAL_ADMIN_PASSWORD env vars not set. No admin user seeded.

[90mstderr[2m | tests/unit/fact-check.test.js[2m > [22m[2mFact Check Service[2m > [22m[2mfactCheckQuote[2m > [22m[2mshould run full pipeline for Category B (opinion) quote[22m[39m
[WARN] No admin users exist and INITIAL_ADMIN_EMAIL/INITIAL_ADMIN_PASSWORD env vars not set. No admin user seeded.

[90mstderr[2m | tests/unit/fact-check.test.js[2m > [22m[2mFact Check Service[2m > [22m[2mfactCheckQuote[2m > [22m[2mshould run full pipeline for Category C (fragment) quote[22m[39m
[WARN] No admin users exist and INITIAL_ADMIN_EMAIL/INITIAL_ADMIN_PASSWORD env vars not set. No admin user seeded.

[90mstderr[2m | tests/unit/fact-check.test.js[2m > [22m[2mFact Check Service[2m > [22m[2mfactCheckQuote[2m > [22m[2mshould skip fact check when skipFactCheck is true[22m[39m
[WARN] No admin users exist and INITIAL_ADMIN_EMAIL/INITIAL_ADMIN_PASSWORD env vars not set. No admin user seeded.

[90mstderr[2m | tests/unit/fact-check.test.js[2m > [22m[2mFact Check Service[2m > [22m[2mfactCheckQuote[2m > [22m[2mshould skip references when skipReferences is true[22m[39m
[WARN] No admin users exist and INITIAL_ADMIN_EMAIL/INITIAL_ADMIN_PASSWORD env vars not set. No admin user seeded.

[90mstderr[2m | tests/unit/fact-check.test.js[2m > [22m[2mFact Check Service[2m > [22m[2mHTML rendering[2m > [22m[2mshould render verdict badge with correct label for TRUE verdict[22m[39m
[WARN] No admin users exist and INITIAL_ADMIN_EMAIL/INITIAL_ADMIN_PASSWORD env vars not set. No admin user seeded.

[90mstderr[2m | tests/unit/fact-check.test.js[2m > [22m[2mFact Check Service[2m > [22m[2mHTML rendering[2m > [22m[2mshould render single_stat display type[22m[39m
[WARN] No admin users exist and INITIAL_ADMIN_EMAIL/INITIAL_ADMIN_PASSWORD env vars not set. No admin user seeded.

[90mstderr[2m | tests/unit/fact-check.test.js[2m > [22m[2mFact Check Service[2m > [22m[2mHTML rendering[2m > [22m[2mshould render key data points with source links[22m[39m
[WARN] No admin users exist and INITIAL_ADMIN_EMAIL/INITIAL_ADMIN_PASSWORD env vars not set. No admin user seeded.

[90mstderr[2m | tests/unit/fact-check.test.js[2m > [22m[2mFact Check Service[2m > [22m[2mHTML rendering[2m > [22m[2mshould render citation block[22m[39m
[WARN] No admin users exist and INITIAL_ADMIN_EMAIL/INITIAL_ADMIN_PASSWORD env vars not set. No admin user seeded.

[90mstderr[2m | tests/unit/fact-check.test.js[2m > [22m[2mFact Check Service[2m > [22m[2mHTML rendering[2m > [22m[2mshould render FALSE verdict with error color class[22m[39m
[WARN] No admin users exist and INITIAL_ADMIN_EMAIL/INITIAL_ADMIN_PASSWORD env vars not set. No admin user seeded.

[90mstderr[2m | tests/unit/fact-check.test.js[2m > [22m[2mFact Check Service[2m > [22m[2mHTML rendering[2m > [22m[2mshould render MISLEADING verdict with warning color[22m[39m
[WARN] No admin users exist and INITIAL_ADMIN_EMAIL/INITIAL_ADMIN_PASSWORD env vars not set. No admin user seeded.

[90mstderr[2m | tests/unit/fact-check.test.js[2m > [22m[2mFact Check Service[2m > [22m[2mHTML rendering[2m > [22m[2mshould fall back to template when complex HTML rendering fails[22m[39m
[WARN] No admin users exist and INITIAL_ADMIN_EMAIL/INITIAL_ADMIN_PASSWORD env vars not set. No admin user seeded.

[90mstderr[2m | tests/unit/fact-check.test.js[2m > [22m[2mFact Check Service[2m > [22m[2mHTML rendering[2m > [22m[2mshould render Category A without verdict as error label[22m[39m
[WARN] No admin users exist and INITIAL_ADMIN_EMAIL/INITIAL_ADMIN_PASSWORD env vars not set. No admin user seeded.

[90mstderr[2m | tests/unit/fact-check.test.js[2m > [22m[2mFact Check Service[2m > [22m[2mHTML rendering[2m > [22m[2mshould render excerpt display type with blockquote[22m[39m
[WARN] No admin users exist and INITIAL_ADMIN_EMAIL/INITIAL_ADMIN_PASSWORD env vars not set. No admin user seeded.

[90mstderr[2m | tests/unit/fact-check.test.js[2m > [22m[2mFact Check Service[2m > [22m[2mReference HTML rendering[2m > [22m[2mshould render reference cards with type badges[22m[39m
[WARN] No admin users exist and INITIAL_ADMIN_EMAIL/INITIAL_ADMIN_PASSWORD env vars not set. No admin user seeded.

[90mstderr[2m | tests/unit/fact-check.test.js[2m > [22m[2mFact Check Service[2m > [22m[2mReference HTML rendering[2m > [22m[2mshould show reference count[22m[39m
[WARN] No admin users exist and INITIAL_ADMIN_EMAIL/INITIAL_ADMIN_PASSWORD env vars not set. No admin user seeded.

[90mstderr[2m | tests/unit/fact-check.test.js[2m > [22m[2mFact Check Service[2m > [22m[2mReference HTML rendering[2m > [22m[2mshould render empty string when no references found[22m[39m
[WARN] No admin users exist and INITIAL_ADMIN_EMAIL/INITIAL_ADMIN_PASSWORD env vars not set. No admin user seeded.

[90mstderr[2m | tests/unit/fact-check.test.js[2m > [22m[2mFact Check Service[2m > [22m[2mReference HTML rendering[2m > [22m[2mshould render YouTube media clip when present[22m[39m
[WARN] No admin users exist and INITIAL_ADMIN_EMAIL/INITIAL_ADMIN_PASSWORD env vars not set. No admin user seeded.

[90mstderr[2m | tests/unit/fact-check.test.js[2m > [22m[2mFact Check Service[2m > [22m[2mReference HTML rendering[2m > [22m[2mshould render non-YouTube media clip as a card link[22m[39m
[WARN] No admin users exist and INITIAL_ADMIN_EMAIL/INITIAL_ADMIN_PASSWORD env vars not set. No admin user seeded.

[90mstderr[2m | tests/unit/fact-check.test.js[2m > [22m[2mFact Check Service[2m > [22m[2mReference HTML rendering[2m > [22m[2mshould render additional links on reference cards[22m[39m
[WARN] No admin users exist and INITIAL_ADMIN_EMAIL/INITIAL_ADMIN_PASSWORD env vars not set. No admin user seeded.

 [32m✓[39m tests/unit/fact-check.test.js [2m ([22m[2m42 tests[22m[2m)[22m[33m 985[2mms[22m[39m
 [32m✓[39m tests/unit/unmatched-entity-handler.test.js [2m ([22m[2m33 tests[22m[2m)[22m[90m 93[2mms[22m[39m
[90mstdout[2m | tests/unit/unmatched-entity-handler.test.js[2m > [22m[2mUnmatched Entity Handler[2m > [22m[2mqueueUnmatchedEntities[2m > [22m[2mcreates taxonomy suggestions for unmatched entities[22m[39m
[INFO] {"timestamp":"2026-02-20T23:38:27.520Z","level":"info","category":"test","action":"test_complete","requestId":null,"ip":null,"details":{"test":"creates taxonomy suggestions for unmatched entities","file":"unit/unmatched-entity-handler.test.js","durationMs":28,"slow":false},"duration":28,"error":null}

[90mstdout[2m | tests/unit/unmatched-entity-handler.test.js[2m > [22m[2mUnmatched Entity Handler[2m > [22m[2mqueueUnmatchedEntities[2m > [22m[2mskips duplicate pending suggestions with the same name[22m[39m
[INFO] {"timestamp":"2026-02-20T23:38:27.524Z","level":"info","category":"test","action":"test_complete","requestId":null,"ip":null,"details":{"test":"skips duplicate pending suggestions with the same name","file":"unit/unmatched-entity-handler.test.js","durationMs":1,"slow":false},"duration":1,"error":null}

[90mstdout[2m | tests/unit/unmatched-entity-handler.test.js[2m > [22m[2mUnmatched Entity Handler[2m > [22m[2mqueueUnmatchedEntities[2m > [22m[2mskips duplicate pending suggestions case-insensitively[22m[39m
[INFO] {"timestamp":"2026-02-20T23:38:27.525Z","level":"info","category":"test","action":"test_complete","requestId":null,"ip":null,"details":{"test":"skips duplicate pending suggestions case-insensitively","file":"unit/unmatched-entity-handler.test.js","durationMs":1,"slow":false},"duration":1,"error":null}

[90mstdout[2m | tests/unit/unmatched-entity-handler.test.js[2m > [22m[2mUnmatched Entity Handler[2m > [22m[2mqueueUnmatchedEntities[2m > [22m[2mallows suggestion after previous one was rejected[22m[39m
[INFO] {"timestamp":"2026-02-20T23:38:27.527Z","level":"info","category":"test","action":"test_complete","requestId":null,"ip":null,"details":{"test":"allows suggestion after previous one was rejected","file":"unit/unmatched-entity-handler.test.js","durationMs":1,"slow":false},"duration":1,"error":null}

[90mstdout[2m | tests/unit/unmatched-entity-handler.test.js[2m > [22m[2mUnmatched Entity Handler[2m > [22m[2mqueueUnmatchedEntities[2m > [22m[2mskips entities that already exist as keywords[22m[39m
[INFO] {"timestamp":"2026-02-20T23:38:27.528Z","level":"info","category":"test","action":"test_complete","requestId":null,"ip":null,"details":{"test":"skips entities that already exist as keywords","file":"unit/unmatched-entity-handler.test.js","durationMs":1,"slow":false},"duration":1,"error":null}

[90mstdout[2m | tests/unit/unmatched-entity-handler.test.js[2m > [22m[2mUnmatched Entity Handler[2m > [22m[2mqueueUnmatchedEntities[2m > [22m[2mdeduplicates within a single batch[22m[39m
[INFO] {"timestamp":"2026-02-20T23:38:27.529Z","level":"info","category":"test","action":"test_complete","requestId":null,"ip":null,"details":{"test":"deduplicates within a single batch","file":"unit/unmatched-entity-handler.test.js","durationMs":1,"slow":false},"duration":1,"error":null}

[90mstdout[2m | tests/unit/unmatched-entity-handler.test.js[2m > [22m[2mUnmatched Entity Handler[2m > [22m[2mqueueUnmatchedEntities[2m > [22m[2mdoes nothing for empty array[22m[39m
[INFO] {"timestamp":"2026-02-20T23:38:27.530Z","level":"info","category":"test","action":"test_complete","requestId":null,"ip":null,"details":{"test":"does nothing for empty array","file":"unit/unmatched-entity-handler.test.js","durationMs":1,"slow":false},"duration":1,"error":null}

[90mstdout[2m | tests/unit/unmatched-entity-handler.test.js[2m > [22m[2mUnmatched Entity Handler[2m > [22m[2mqueueUnmatchedEntities[2m > [22m[2mdoes nothing for null/undefined input[22m[39m
[INFO] {"timestamp":"2026-02-20T23:38:27.531Z","level":"info","category":"test","action":"test_complete","requestId":null,"ip":null,"details":{"test":"does nothing for null/undefined input","file":"unit/unmatched-entity-handler.test.js","durationMs":1,"slow":false},"duration":1,"error":null}

[90mstdout[2m | tests/unit/unmatched-entity-handler.test.js[2m > [22m[2mUnmatched Entity Handler[2m > [22m[2mgetSuggestions[2m > [22m[2mreturns pending suggestions by default[22m[39m
[INFO] {"timestamp":"2026-02-20T23:38:27.533Z","level":"info","category":"test","action":"test_complete","requestId":null,"ip":null,"details":{"test":"returns pending suggestions by default","file":"unit/unmatched-entity-handler.test.js","durationMs":1,"slow":false},"duration":1,"error":null}

[90mstdout[2m | tests/unit/unmatched-entity-handler.test.js[2m > [22m[2mUnmatched Entity Handler[2m > [22m[2mgetSuggestions[2m > [22m[2mfilters by suggestion_type[22m[39m
[INFO] {"timestamp":"2026-02-20T23:38:27.535Z","level":"info","category":"test","action":"test_complete","requestId":null,"ip":null,"details":{"test":"filters by suggestion_type","file":"unit/unmatched-entity-handler.test.js","durationMs":1,"slow":false},"duration":1,"error":null}

[90mstdout[2m | tests/unit/unmatched-entity-handler.test.js[2m > [22m[2mUnmatched Entity Handler[2m > [22m[2mgetSuggestions[2m > [22m[2mfilters by status[22m[39m
[INFO] {"timestamp":"2026-02-20T23:38:27.536Z","level":"info","category":"test","action":"test_complete","requestId":null,"ip":null,"details":{"test":"filters by status","file":"unit/unmatched-entity-handler.test.js","durationMs":1,"slow":false},"duration":1,"error":null}

[90mstdout[2m | tests/unit/unmatched-entity-handler.test.js[2m > [22m[2mUnmatched Entity Handler[2m > [22m[2mgetSuggestions[2m > [22m[2mrespects limit and offset[22m[39m
[INFO] {"timestamp":"2026-02-20T23:38:27.537Z","level":"info","category":"test","action":"test_complete","requestId":null,"ip":null,"details":{"test":"respects limit and offset","file":"unit/unmatched-entity-handler.test.js","durationMs":1,"slow":false},"duration":1,"error":null}

[90mstdout[2m | tests/unit/unmatched-entity-handler.test.js[2m > [22m[2mUnmatched Entity Handler[2m > [22m[2mapproveSuggestion[2m > [22m[2mcreates keyword and aliases when approved[22m[39m
[INFO] {"timestamp":"2026-02-20T23:38:27.539Z","level":"info","category":"test","action":"test_complete","requestId":null,"ip":null,"details":{"test":"creates keyword and aliases when approved","file":"unit/unmatched-entity-handler.test.js","durationMs":1,"slow":false},"duration":1,"error":null}

[90mstdout[2m | tests/unit/unmatched-entity-handler.test.js[2m > [22m[2mUnmatched Entity Handler[2m > [22m[2mapproveSuggestion[2m > [22m[2muses edited data when provided[22m[39m
[INFO] {"timestamp":"2026-02-20T23:38:27.540Z","level":"info","category":"test","action":"test_complete","requestId":null,"ip":null,"details":{"test":"uses edited data when provided","file":"unit/unmatched-entity-handler.test.js","durationMs":1,"slow":false},"duration":1,"error":null}

[90mstdout[2m | tests/unit/unmatched-entity-handler.test.js[2m > [22m[2mUnmatched Entity Handler[2m > [22m[2mapproveSuggestion[2m > [22m[2mthrows for non-existent suggestion[22m[39m
[INFO] {"timestamp":"2026-02-20T23:38:27.541Z","level":"info","category":"test","action":"test_complete","requestId":null,"ip":null,"details":{"test":"throws for non-existent suggestion","file":"unit/unmatched-entity-handler.test.js","durationMs":1,"slow":false},"duration":1,"error":null}

[90mstdout[2m | tests/unit/unmatched-entity-handler.test.js[2m > [22m[2mUnmatched Entity Handler[2m > [22m[2mrejectSuggestion[2m > [22m[2mmarks suggestion as rejected[22m[39m
[INFO] {"timestamp":"2026-02-20T23:38:27.542Z","level":"info","category":"test","action":"test_complete","requestId":null,"ip":null,"details":{"test":"marks suggestion as rejected","file":"unit/unmatched-entity-handler.test.js","durationMs":1,"slow":false},"duration":1,"error":null}

[90mstdout[2m | tests/unit/unmatched-entity-handler.test.js[2m > [22m[2mUnmatched Entity Handler[2m > [22m[2mautoApproveQuoteKeywords[2m > [22m[2mcreates keywords and links them to the quote[22m[39m
[INFO] {"timestamp":"2026-02-20T23:38:27.544Z","level":"info","category":"test","action":"test_complete","requestId":null,"ip":null,"details":{"test":"creates keywords and links them to the quote","file":"unit/unmatched-entity-handler.test.js","durationMs":2,"slow":false},"duration":2,"error":null}

[90mstdout[2m | tests/unit/unmatched-entity-handler.test.js[2m > [22m[2mUnmatched Entity Handler[2m > [22m[2mautoApproveQuoteKeywords[2m > [22m[2mlinks existing keywords without creating duplicates[22m[39m
[INFO] {"timestamp":"2026-02-20T23:38:27.546Z","level":"info","category":"test","action":"test_complete","requestId":null,"ip":null,"details":{"test":"links existing keywords without creating duplicates","file":"unit/unmatched-entity-handler.test.js","durationMs":1,"slow":false},"duration":1,"error":null}

[90mstdout[2m | tests/unit/unmatched-entity-handler.test.js[2m > [22m[2mUnmatched Entity Handler[2m > [22m[2mautoApproveQuoteKeywords[2m > [22m[2mapproves pending taxonomy suggestions[22m[39m
[INFO] {"timestamp":"2026-02-20T23:38:27.547Z","level":"info","category":"test","action":"test_complete","requestId":null,"ip":null,"details":{"test":"approves pending taxonomy suggestions","file":"unit/unmatched-entity-handler.test.js","durationMs":1,"slow":false},"duration":1,"error":null}

[90mstdout[2m | tests/unit/unmatched-entity-handler.test.js[2m > [22m[2mUnmatched Entity Handler[2m > [22m[2mautoApproveQuoteKeywords[2m > [22m[2mdoes nothing for quotes without extracted_keywords[22m[39m
[INFO] {"timestamp":"2026-02-20T23:38:27.548Z","level":"info","category":"test","action":"test_complete","requestId":null,"ip":null,"details":{"test":"does nothing for quotes without extracted_keywords","file":"unit/unmatched-entity-handler.test.js","durationMs":1,"slow":false},"duration":1,"error":null}

[90mstdout[2m | tests/unit/unmatched-entity-handler.test.js[2m > [22m[2mUnmatched Entity Handler[2m > [22m[2mautoApproveQuoteKeywords[2m > [22m[2mdoes nothing for non-existent quotes[22m[39m
[INFO] {"timestamp":"2026-02-20T23:38:27.549Z","level":"info","category":"test","action":"test_complete","requestId":null,"ip":null,"details":{"test":"does nothing for non-existent quotes","file":"unit/unmatched-entity-handler.test.js","durationMs":1,"slow":false},"duration":1,"error":null}

[90mstdout[2m | tests/unit/unmatched-entity-handler.test.js[2m > [22m[2mUnmatched Entity Handler[2m > [22m[2mautoApproveQuoteKeywords[2m > [22m[2mresolves topics for linked keywords[22m[39m
[INFO] {"timestamp":"2026-02-20T23:38:27.550Z","level":"info","category":"test","action":"test_complete","requestId":null,"ip":null,"details":{"test":"resolves topics for linked keywords","file":"unit/unmatched-entity-handler.test.js","durationMs":1,"slow":false},"duration":1,"error":null}

[90mstdout[2m | tests/unit/unmatched-entity-handler.test.js[2m > [22m[2mUnmatched Entity Handler[2m > [22m[2mautoApproveQuoteKeywords[2m > [22m[2mskips empty/null keyword strings in the array[22m[39m
[INFO] {"timestamp":"2026-02-20T23:38:27.552Z","level":"info","category":"test","action":"test_complete","requestId":null,"ip":null,"details":{"test":"skips empty/null keyword strings in the array","file":"unit/unmatched-entity-handler.test.js","durationMs":1,"slow":false},"duration":1,"error":null}

[90mstdout[2m | tests/unit/unmatched-entity-handler.test.js[2m > [22m[2mUnmatched Entity Handler[2m > [22m[2mautoApproveQuoteKeywords[2m > [22m[2malso processes extracted_topics and links them[22m[39m
[INFO] {"timestamp":"2026-02-20T23:38:27.553Z","level":"info","category":"test","action":"test_complete","requestId":null,"ip":null,"details":{"test":"also processes extracted_topics and links them","file":"unit/unmatched-entity-handler.test.js","durationMs":2,"slow":false},"duration":2,"error":null}

[90mstdout[2m | tests/unit/unmatched-entity-handler.test.js[2m > [22m[2mUnmatched Entity Handler[2m > [22m[2mautoApproveQuoteKeywords[2m > [22m[2mlinks existing topics without creating duplicates[22m[39m
[INFO] {"timestamp":"2026-02-20T23:38:27.555Z","level":"info","category":"test","action":"test_complete","requestId":null,"ip":null,"details":{"test":"links existing topics without creating duplicates","file":"unit/unmatched-entity-handler.test.js","durationMs":1,"slow":false},"duration":1,"error":null}

[90mstdout[2m | tests/unit/unmatched-entity-handler.test.js[2m > [22m[2mUnmatched Entity Handler[2m > [22m[2mautoApproveQuoteKeywords[2m > [22m[2mapproves pending new_topic suggestions during auto-approve[22m[39m
[INFO] {"timestamp":"2026-02-20T23:38:27.556Z","level":"info","category":"test","action":"test_complete","requestId":null,"ip":null,"details":{"test":"approves pending new_topic suggestions during auto-approve","file":"unit/unmatched-entity-handler.test.js","durationMs":1,"slow":false},"duration":1,"error":null}

[90mstdout[2m | tests/unit/unmatched-entity-handler.test.js[2m > [22m[2mUnmatched Entity Handler[2m > [22m[2mqueueUnmatchedTopics[2m > [22m[2mcreates new_topic suggestions for unmatched topics[22m[39m
[INFO] {"timestamp":"2026-02-20T23:38:27.558Z","level":"info","category":"test","action":"test_complete","requestId":null,"ip":null,"details":{"test":"creates new_topic suggestions for unmatched topics","file":"unit/unmatched-entity-handler.test.js","durationMs":1,"slow":false},"duration":1,"error":null}

[90mstdout[2m | tests/unit/unmatched-entity-handler.test.js[2m > [22m[2mUnmatched Entity Handler[2m > [22m[2mqueueUnmatchedTopics[2m > [22m[2mdeduplicates within batch[22m[39m
[INFO] {"timestamp":"2026-02-20T23:38:27.559Z","level":"info","category":"test","action":"test_complete","requestId":null,"ip":null,"details":{"test":"deduplicates within batch","file":"unit/unmatched-entity-handler.test.js","durationMs":1,"slow":false},"duration":1,"error":null}

[90mstdout[2m | tests/unit/unmatched-entity-handler.test.js[2m > [22m[2mUnmatched Entity Handler[2m > [22m[2mqueueUnmatchedTopics[2m > [22m[2mdeduplicates against existing pending new_topic suggestions[22m[39m
[INFO] {"timestamp":"2026-02-20T23:38:27.560Z","level":"info","category":"test","action":"test_complete","requestId":null,"ip":null,"details":{"test":"deduplicates against existing pending new_topic suggestions","file":"unit/unmatched-entity-handler.test.js","durationMs":1,"slow":false},"duration":1,"error":null}

[90mstdout[2m | tests/unit/unmatched-entity-handler.test.js[2m > [22m[2mUnmatched Entity Handler[2m > [22m[2mqueueUnmatchedTopics[2m > [22m[2mskips topics that already exist in topics table[22m[39m
[INFO] {"timestamp":"2026-02-20T23:38:27.561Z","level":"info","category":"test","action":"test_complete","requestId":null,"ip":null,"details":{"test":"skips topics that already exist in topics table","file":"unit/unmatched-entity-handler.test.js","durationMs":1,"slow":false},"duration":1,"error":null}

[90mstdout[2m | tests/unit/unmatched-entity-handler.test.js[2m > [22m[2mUnmatched Entity Handler[2m > [22m[2mqueueUnmatchedTopics[2m > [22m[2mdoes nothing for empty/null input[22m[39m
[INFO] {"timestamp":"2026-02-20T23:38:27.562Z","level":"info","category":"test","action":"test_complete","requestId":null,"ip":null,"details":{"test":"does nothing for empty/null input","file":"unit/unmatched-entity-handler.test.js","durationMs":1,"slow":false},"duration":1,"error":null}

[90mstdout[2m | tests/unit/unmatched-entity-handler.test.js[2m > [22m[2mUnmatched Entity Handler[2m > [22m[2mapproveSuggestion — new_topic[2m > [22m[2mcreates topic and aliases when new_topic suggestion is approved[22m[39m
[INFO] {"timestamp":"2026-02-20T23:38:27.564Z","level":"info","category":"test","action":"test_complete","requestId":null,"ip":null,"details":{"test":"creates topic and aliases when new_topic suggestion is approved","file":"unit/unmatched-entity-handler.test.js","durationMs":1,"slow":false},"duration":1,"error":null}

[90mstdout[2m | tests/unit/unmatched-entity-handler.test.js[2m > [22m[2mUnmatched Entity Handler[2m > [22m[2mapproveSuggestion — new_topic[2m > [22m[2muses edited data when provided for new_topic[22m[39m
[INFO] {"timestamp":"2026-02-20T23:38:27.565Z","level":"info","category":"test","action":"test_complete","requestId":null,"ip":null,"details":{"test":"uses edited data when provided for new_topic","file":"unit/unmatched-entity-handler.test.js","durationMs":1,"slow":false},"duration":1,"error":null}

[90mstdout[2m | tests/unit/unmatched-entity-handler.test.js[22m[39m
[INFO] {"timestamp":"2026-02-20T23:38:27.565Z","level":"info","category":"test","action":"file_complete","requestId":null,"ip":null,"details":{"file":"unit/unmatched-entity-handler.test.js","durationMs":93,"slow":false},"duration":93,"error":null}

 [33m❯[39m tests/unit/frontend-js.test.js [2m ([22m[2m112 tests[22m [2m|[22m [31m1 failed[39m[2m)[22m[90m 63[2mms[22m[39m
[31m   [33m❯[31m tests/unit/frontend-js.test.js[2m > [22mFrontend JS files[2m > [22mhome.js tab system tabs[2m > [22mshould default active tab to trending-quotes[39m
[31m     → expected '// Homepage - Tab System (Trending Qu…' to contain 'let _activeTab = \'trending-quotes\''[39m
[90mstdout[2m | tests/unit/frontend-js.test.js[2m > [22m[2mFrontend JS files[2m > [22m[2mhome.js 4-tab system core functions[2m > [22m[2mshould declare buildTabBarHtml function[22m[39m
[INFO] {"timestamp":"2026-02-20T23:38:28.026Z","level":"info","category":"test","action":"test_complete","requestId":null,"ip":null,"details":{"test":"should declare buildTabBarHtml function","file":"unit/frontend-js.test.js","durationMs":1,"slow":false},"duration":1,"error":null}

[90mstdout[2m | tests/unit/frontend-js.test.js[2m > [22m[2mFrontend JS files[2m > [22m[2mhome.js 4-tab system core functions[2m > [22m[2mshould declare switchHomepageTab function[22m[39m
[INFO] {"timestamp":"2026-02-20T23:38:28.027Z","level":"info","category":"test","action":"test_complete","requestId":null,"ip":null,"details":{"test":"should declare switchHomepageTab function","file":"unit/frontend-js.test.js","durationMs":0,"slow":false},"duration":0,"error":null}

[90mstdout[2m | tests/unit/frontend-js.test.js[2m > [22m[2mFrontend JS files[2m > [22m[2mhome.js escapeHtml function[2m > [22m[2mshould have escapeHtml function defined[22m[39m
[INFO] {"timestamp":"2026-02-20T23:38:28.028Z","level":"info","category":"test","action":"test_complete","requestId":null,"ip":null,"details":{"test":"should have escapeHtml function defined","file":"unit/frontend-js.test.js","durationMs":0,"slow":false},"duration":0,"error":null}

[90mstdout[2m | tests/unit/frontend-js.test.js[2m > [22m[2mFrontend JS files[2m > [22m[2mhome.js share metadata storage[2m > [22m[2mshould declare _quoteMeta for sharing[22m[39m
[INFO] {"timestamp":"2026-02-20T23:38:28.029Z","level":"info","category":"test","action":"test_complete","requestId":null,"ip":null,"details":{"test":"should declare _quoteMeta for sharing","file":"unit/frontend-js.test.js","durationMs":0,"slow":false},"duration":0,"error":null}

[90mstdout[2m | tests/unit/frontend-js.test.js[2m > [22m[2mFrontend JS files[2m > [22m[2mhome.js share metadata storage[2m > [22m[2mshould store metadata in buildQuoteBlockHtml[22m[39m
[INFO] {"timestamp":"2026-02-20T23:38:28.030Z","level":"info","category":"test","action":"test_complete","requestId":null,"ip":null,"details":{"test":"should store metadata in buildQuoteBlockHtml","file":"unit/frontend-js.test.js","durationMs":0,"slow":false},"duration":0,"error":null}

[90mstdout[2m | tests/unit/frontend-js.test.js[2m > [22m[2mFrontend JS files[2m > [22m[2mhome.js share metadata storage[2m > [22m[2mshould read metadata in shareEntity[22m[39m
[INFO] {"timestamp":"2026-02-20T23:38:28.030Z","level":"info","category":"test","action":"test_complete","requestId":null,"ip":null,"details":{"test":"should read metadata in shareEntity","file":"unit/frontend-js.test.js","durationMs":0,"slow":false},"duration":0,"error":null}

[90mstdout[2m | tests/unit/frontend-js.test.js[2m > [22m[2mFrontend JS files[2m > [22m[2mhome.js quote block author display[2m > [22m[2mshould use quote-block__author wrapper[22m[39m
[INFO] {"timestamp":"2026-02-20T23:38:28.031Z","level":"info","category":"test","action":"test_complete","requestId":null,"ip":null,"details":{"test":"should use quote-block__author wrapper","file":"unit/frontend-js.test.js","durationMs":0,"slow":false},"duration":0,"error":null}

[90mstdout[2m | tests/unit/frontend-js.test.js[2m > [22m[2mFrontend JS files[2m > [22m[2mhome.js quote block author display[2m > [22m[2mshould use quote-block__author-desc for category context[22m[39m
[INFO] {"timestamp":"2026-02-20T23:38:28.032Z","level":"info","category":"test","action":"test_complete","requestId":null,"ip":null,"details":{"test":"should use quote-block__author-desc for category context","file":"unit/frontend-js.test.js","durationMs":0,"slow":false},"duration":0,"error":null}

[90mstdout[2m | tests/unit/frontend-js.test.js[2m > [22m[2mFrontend JS files[2m > [22m[2mquote.js author stacking[2m > [22m[2mshould use buildQuoteBlockHtml for main quote (which includes author block)[22m[39m
[INFO] {"timestamp":"2026-02-20T23:38:28.032Z","level":"info","category":"test","action":"test_complete","requestId":null,"ip":null,"details":{"test":"should use buildQuoteBlockHtml for main quote (which includes author block)","file":"unit/frontend-js.test.js","durationMs":0,"slow":false},"duration":0,"error":null}

[90mstdout[2m | tests/unit/frontend-js.test.js[2m > [22m[2mFrontend JS files[2m > [22m[2mquote.js author stacking[2m > [22m[2mshould pass person_category_context for disambiguation[22m[39m
[INFO] {"timestamp":"2026-02-20T23:38:28.033Z","level":"info","category":"test","action":"test_complete","requestId":null,"ip":null,"details":{"test":"should pass person_category_context for disambiguation","file":"unit/frontend-js.test.js","durationMs":0,"slow":false},"duration":0,"error":null}

[90mstdout[2m | tests/unit/frontend-js.test.js[2m > [22m[2mFrontend JS files[2m > [22m[2mquote.js admin inline actions[2m > [22m[2mshould delegate to buildQuoteBlockHtml which includes admin actions[22m[39m
[INFO] {"timestamp":"2026-02-20T23:38:28.034Z","level":"info","category":"test","action":"test_complete","requestId":null,"ip":null,"details":{"test":"should delegate to buildQuoteBlockHtml which includes admin actions","file":"unit/frontend-js.test.js","durationMs":0,"slow":false},"duration":0,"error":null}

[90mstdout[2m | tests/unit/frontend-js.test.js[2m > [22m[2mFrontend JS files[2m > [22m[2mauthor.js admin inline actions[2m > [22m[2mshould call buildAdminActionsHtml in author quote cards[22m[39m
[INFO] {"timestamp":"2026-02-20T23:38:28.034Z","level":"info","category":"test","action":"test_complete","requestId":null,"ip":null,"details":{"test":"should call buildAdminActionsHtml in author quote cards","file":"unit/frontend-js.test.js","durationMs":0,"slow":false},"duration":0,"error":null}

[90mstdout[2m | tests/unit/frontend-js.test.js[2m > [22m[2mFrontend JS files[2m > [22m[2mauthor.js admin inline actions[2m > [22m[2mshould have admin edit controls in author header[22m[39m
[INFO] {"timestamp":"2026-02-20T23:38:28.035Z","level":"info","category":"test","action":"test_complete","requestId":null,"ip":null,"details":{"test":"should have admin edit controls in author header","file":"unit/frontend-js.test.js","durationMs":0,"slow":false},"duration":0,"error":null}

[90mstdout[2m | tests/unit/frontend-js.test.js[2m > [22m[2mFrontend JS files[2m > [22m[2marticle.js Top Stories checkbox[2m > [22m[2mshould include top-story-label in article header for admin[22m[39m
[INFO] {"timestamp":"2026-02-20T23:38:28.035Z","level":"info","category":"test","action":"test_complete","requestId":null,"ip":null,"details":{"test":"should include top-story-label in article header for admin","file":"unit/frontend-js.test.js","durationMs":0,"slow":false},"duration":0,"error":null}

[90mstdout[2m | tests/unit/frontend-js.test.js[2m > [22m[2mFrontend JS files[2m > [22m[2marticle.js Top Stories checkbox[2m > [22m[2mshould define toggleArticleTopStory function[22m[39m
[INFO] {"timestamp":"2026-02-20T23:38:28.035Z","level":"info","category":"test","action":"test_complete","requestId":null,"ip":null,"details":{"test":"should define toggleArticleTopStory function","file":"unit/frontend-js.test.js","durationMs":0,"slow":false},"duration":0,"error":null}

[90mstdout[2m | tests/unit/frontend-js.test.js[2m > [22m[2mFrontend JS files[2m > [22m[2marticle.js Top Stories checkbox[2m > [22m[2mshould check isTopStory from article data[22m[39m
[INFO] {"timestamp":"2026-02-20T23:38:28.035Z","level":"info","category":"test","action":"test_complete","requestId":null,"ip":null,"details":{"test":"should check isTopStory from article data","file":"unit/frontend-js.test.js","durationMs":0,"slow":false},"duration":0,"error":null}

[90mstdout[2m | tests/unit/frontend-js.test.js[2m > [22m[2mFrontend JS files[2m > [22m[2marticle.js sticky header[2m > [22m[2mshould use article-sticky-header class[22m[39m
[INFO] {"timestamp":"2026-02-20T23:38:28.036Z","level":"info","category":"test","action":"test_complete","requestId":null,"ip":null,"details":{"test":"should use article-sticky-header class","file":"unit/frontend-js.test.js","durationMs":0,"slow":false},"duration":0,"error":null}

[90mstdout[2m | tests/unit/frontend-js.test.js[2m > [22m[2mFrontend JS files[2m > [22m[2marticle.js sticky header[2m > [22m[2mshould use navigateBackToQuotes for back link[22m[39m
[INFO] {"timestamp":"2026-02-20T23:38:28.036Z","level":"info","category":"test","action":"test_complete","requestId":null,"ip":null,"details":{"test":"should use navigateBackToQuotes for back link","file":"unit/frontend-js.test.js","durationMs":0,"slow":false},"duration":0,"error":null}

[90mstdout[2m | tests/unit/frontend-js.test.js[2m > [22m[2mFrontend JS files[2m > [22m[2mapp.js scroll position restore[2m > [22m[2mshould declare _homeScrollY variable[22m[39m
[INFO] {"timestamp":"2026-02-20T23:38:28.037Z","level":"info","category":"test","action":"test_complete","requestId":null,"ip":null,"details":{"test":"should declare _homeScrollY variable","file":"unit/frontend-js.test.js","durationMs":0,"slow":false},"duration":0,"error":null}

[90mstdout[2m | tests/unit/frontend-js.test.js[2m > [22m[2mFrontend JS files[2m > [22m[2mapp.js scroll position restore[2m > [22m[2mshould declare _pendingScrollRestore flag[22m[39m
[INFO] {"timestamp":"2026-02-20T23:38:28.037Z","level":"info","category":"test","action":"test_complete","requestId":null,"ip":null,"details":{"test":"should declare _pendingScrollRestore flag","file":"unit/frontend-js.test.js","durationMs":0,"slow":false},"duration":0,"error":null}

[90mstdout[2m | tests/unit/frontend-js.test.js[2m > [22m[2mFrontend JS files[2m > [22m[2mapp.js scroll position restore[2m > [22m[2mshould define navigateBackToQuotes function[22m[39m
[INFO] {"timestamp":"2026-02-20T23:38:28.038Z","level":"info","category":"test","action":"test_complete","requestId":null,"ip":null,"details":{"test":"should define navigateBackToQuotes function","file":"unit/frontend-js.test.js","durationMs":0,"slow":false},"duration":0,"error":null}

[90mstdout[2m | tests/unit/frontend-js.test.js[2m > [22m[2mFrontend JS files[2m > [22m[2mapp.js scroll position restore[2m > [22m[2mshould set _pendingScrollRestore in navigateBackToQuotes[22m[39m
[INFO] {"timestamp":"2026-02-20T23:38:28.038Z","level":"info","category":"test","action":"test_complete","requestId":null,"ip":null,"details":{"test":"should set _pendingScrollRestore in navigateBackToQuotes","file":"unit/frontend-js.test.js","durationMs":0,"slow":false},"duration":0,"error":null}

[90mstdout[2m | tests/unit/frontend-js.test.js[2m > [22m[2mFrontend JS files[2m > [22m[2mapp.js scroll position restore[2m > [22m[2mshould check _pendingScrollRestore in renderHome (home.js)[22m[39m
[INFO] {"timestamp":"2026-02-20T23:38:28.038Z","level":"info","category":"test","action":"test_complete","requestId":null,"ip":null,"details":{"test":"should check _pendingScrollRestore in renderHome (home.js)","file":"unit/frontend-js.test.js","durationMs":0,"slow":false},"duration":0,"error":null}

[90mstdout[2m | tests/unit/frontend-js.test.js[2m > [22m[2mFrontend JS files[2m > [22m[2mstyles.css new classes[2m > [22m[2mshould have article-sticky-header styles[22m[39m
[INFO] {"timestamp":"2026-02-20T23:38:28.039Z","level":"info","category":"test","action":"test_complete","requestId":null,"ip":null,"details":{"test":"should have article-sticky-header styles","file":"unit/frontend-js.test.js","durationMs":0,"slow":false},"duration":0,"error":null}

[90mstdout[2m | tests/unit/frontend-js.test.js[2m > [22m[2mFrontend JS files[2m > [22m[2mstyles.css new classes[2m > [22m[2mshould have quote-author-block styles[22m[39m
[INFO] {"timestamp":"2026-02-20T23:38:28.039Z","level":"info","category":"test","action":"test_complete","requestId":null,"ip":null,"details":{"test":"should have quote-author-block styles","file":"unit/frontend-js.test.js","durationMs":0,"slow":false},"duration":0,"error":null}

[90mstdout[2m | tests/unit/frontend-js.test.js[2m > [22m[2mFrontend JS files[2m > [22m[2mstyles.css new classes[2m > [22m[2mshould have quote-author-description styles[22m[39m
[INFO] {"timestamp":"2026-02-20T23:38:28.039Z","level":"info","category":"test","action":"test_complete","requestId":null,"ip":null,"details":{"test":"should have quote-author-description styles","file":"unit/frontend-js.test.js","durationMs":0,"slow":false},"duration":0,"error":null}

[90mstdout[2m | tests/unit/frontend-js.test.js[2m > [22m[2mFrontend JS files[2m > [22m[2mstyles.css new classes[2m > [22m[2mshould have quote-primary-source-link styles[22m[39m
[INFO] {"timestamp":"2026-02-20T23:38:28.040Z","level":"info","category":"test","action":"test_complete","requestId":null,"ip":null,"details":{"test":"should have quote-primary-source-link styles","file":"unit/frontend-js.test.js","durationMs":0,"slow":false},"duration":0,"error":null}

[90mstdout[2m | tests/unit/frontend-js.test.js[2m > [22m[2mFrontend JS files[2m > [22m[2mhome.js tab system tabs[2m > [22m[2mshould default active tab to trending-quotes[22m[39m
[INFO] {"timestamp":"2026-02-20T23:38:28.052Z","level":"info","category":"test","action":"test_complete","requestId":null,"ip":null,"details":{"test":"should default active tab to trending-quotes","file":"unit/frontend-js.test.js","durationMs":12,"slow":false},"duration":12,"error":null}

[90mstdout[2m | tests/unit/frontend-js.test.js[2m > [22m[2mFrontend JS files[2m > [22m[2mhome.js tab system tabs[2m > [22m[2mshould include tab keys[22m[39m
[INFO] {"timestamp":"2026-02-20T23:38:28.052Z","level":"info","category":"test","action":"test_complete","requestId":null,"ip":null,"details":{"test":"should include tab keys","file":"unit/frontend-js.test.js","durationMs":0,"slow":false},"duration":0,"error":null}

[90mstdout[2m | tests/unit/frontend-js.test.js[2m > [22m[2mFrontend JS files[2m > [22m[2mhome.js tab system tabs[2m > [22m[2mshould have renderTrendingAuthorsTab function[22m[39m
[INFO] {"timestamp":"2026-02-20T23:38:28.053Z","level":"info","category":"test","action":"test_complete","requestId":null,"ip":null,"details":{"test":"should have renderTrendingAuthorsTab function","file":"unit/frontend-js.test.js","durationMs":0,"slow":false},"duration":0,"error":null}

[90mstdout[2m | tests/unit/frontend-js.test.js[2m > [22m[2mFrontend JS files[2m > [22m[2madmin-actions.js shared module[2m > [22m[2mshould define adminEditQuoteText function[22m[39m
[INFO] {"timestamp":"2026-02-20T23:38:28.053Z","level":"info","category":"test","action":"test_complete","requestId":null,"ip":null,"details":{"test":"should define adminEditQuoteText function","file":"unit/frontend-js.test.js","durationMs":0,"slow":false},"duration":0,"error":null}

[90mstdout[2m | tests/unit/frontend-js.test.js[2m > [22m[2mFrontend JS files[2m > [22m[2madmin-actions.js shared module[2m > [22m[2mshould define adminEditContext function[22m[39m
[INFO] {"timestamp":"2026-02-20T23:38:28.054Z","level":"info","category":"test","action":"test_complete","requestId":null,"ip":null,"details":{"test":"should define adminEditContext function","file":"unit/frontend-js.test.js","durationMs":1,"slow":false},"duration":1,"error":null}

[90mstdout[2m | tests/unit/frontend-js.test.js[2m > [22m[2mFrontend JS files[2m > [22m[2madmin-actions.js shared module[2m > [22m[2mshould define adminToggleVis function[22m[39m
[INFO] {"timestamp":"2026-02-20T23:38:28.054Z","level":"info","category":"test","action":"test_complete","requestId":null,"ip":null,"details":{"test":"should define adminToggleVis function","file":"unit/frontend-js.test.js","durationMs":0,"slow":false},"duration":0,"error":null}

[90mstdout[2m | tests/unit/frontend-js.test.js[2m > [22m[2mFrontend JS files[2m > [22m[2madmin-actions.js shared module[2m > [22m[2mshould define adminEditCategory function[22m[39m
[INFO] {"timestamp":"2026-02-20T23:38:28.055Z","level":"info","category":"test","action":"test_complete","requestId":null,"ip":null,"details":{"test":"should define adminEditCategory function","file":"unit/frontend-js.test.js","durationMs":0,"slow":false},"duration":0,"error":null}

[90mstdout[2m | tests/unit/frontend-js.test.js[2m > [22m[2mFrontend JS files[2m > [22m[2madmin-actions.js shared module[2m > [22m[2mshould define adminEditAuthorName function[22m[39m
[INFO] {"timestamp":"2026-02-20T23:38:28.055Z","level":"info","category":"test","action":"test_complete","requestId":null,"ip":null,"details":{"test":"should define adminEditAuthorName function","file":"unit/frontend-js.test.js","durationMs":0,"slow":false},"duration":0,"error":null}

[90mstdout[2m | tests/unit/frontend-js.test.js[2m > [22m[2mFrontend JS files[2m > [22m[2madmin-actions.js shared module[2m > [22m[2mshould define adminChangeHeadshot function[22m[39m
[INFO] {"timestamp":"2026-02-20T23:38:28.055Z","level":"info","category":"test","action":"test_complete","requestId":null,"ip":null,"details":{"test":"should define adminChangeHeadshot function","file":"unit/frontend-js.test.js","durationMs":0,"slow":false},"duration":0,"error":null}

[90mstdout[2m | tests/unit/frontend-js.test.js[2m > [22m[2mFrontend JS files[2m > [22m[2madmin-actions.js shared module[2m > [22m[2mshould define buildAdminActionsHtml function[22m[39m
[INFO] {"timestamp":"2026-02-20T23:38:28.055Z","level":"info","category":"test","action":"test_complete","requestId":null,"ip":null,"details":{"test":"should define buildAdminActionsHtml function","file":"unit/frontend-js.test.js","durationMs":0,"slow":false},"duration":0,"error":null}

[90mstdout[2m | tests/unit/frontend-js.test.js[2m > [22m[2mFrontend JS files[2m > [22m[2madmin-actions.js shared module[2m > [22m[2mshould define ADMIN_CATEGORIES list[22m[39m
[INFO] {"timestamp":"2026-02-20T23:38:28.055Z","level":"info","category":"test","action":"test_complete","requestId":null,"ip":null,"details":{"test":"should define ADMIN_CATEGORIES list","file":"unit/frontend-js.test.js","durationMs":0,"slow":false},"duration":0,"error":null}

[90mstdout[2m | tests/unit/frontend-js.test.js[2m > [22m[2mFrontend JS files[2m > [22m[2mhome.js admin inline actions[2m > [22m[2mshould call buildAdminActionsHtml in buildQuoteBlockHtml[22m[39m
[INFO] {"timestamp":"2026-02-20T23:38:28.056Z","level":"info","category":"test","action":"test_complete","requestId":null,"ip":null,"details":{"test":"should call buildAdminActionsHtml in buildQuoteBlockHtml","file":"unit/frontend-js.test.js","durationMs":0,"slow":false},"duration":0,"error":null}

[90mstdout[2m | tests/unit/frontend-js.test.js[2m > [22m[2mFrontend JS files[2m > [22m[2mindex.html admin-actions.js script tag[2m > [22m[2mshould include admin-actions.js script[22m[39m
[INFO] {"timestamp":"2026-02-20T23:38:28.056Z","level":"info","category":"test","action":"test_complete","requestId":null,"ip":null,"details":{"test":"should include admin-actions.js script","file":"unit/frontend-js.test.js","durationMs":0,"slow":false},"duration":0,"error":null}

[90mstdout[2m | tests/unit/frontend-js.test.js[2m > [22m[2mFrontend JS files[2m > [22m[2mstyles.css Top Stories tab styling[2m > [22m[2mshould have Top Stories tab accent styling[22m[39m
[INFO] {"timestamp":"2026-02-20T23:38:28.056Z","level":"info","category":"test","action":"test_complete","requestId":null,"ip":null,"details":{"test":"should have Top Stories tab accent styling","file":"unit/frontend-js.test.js","durationMs":0,"slow":false},"duration":0,"error":null}

[90mstdout[2m | tests/unit/frontend-js.test.js[2m > [22m[2mFrontend JS files[2m > [22m[2msettings.js Top Stories checkbox in source rows[2m > [22m[2mshould include top-story-label checkbox in renderSourceRow[22m[39m
[INFO] {"timestamp":"2026-02-20T23:38:28.056Z","level":"info","category":"test","action":"test_complete","requestId":null,"ip":null,"details":{"test":"should include top-story-label checkbox in renderSourceRow","file":"unit/frontend-js.test.js","durationMs":0,"slow":false},"duration":0,"error":null}

[90mstdout[2m | tests/unit/frontend-js.test.js[2m > [22m[2mFrontend JS files[2m > [22m[2msettings.js Top Stories checkbox in source rows[2m > [22m[2mshould define toggleTopStory function[22m[39m
[INFO] {"timestamp":"2026-02-20T23:38:28.057Z","level":"info","category":"test","action":"test_complete","requestId":null,"ip":null,"details":{"test":"should define toggleTopStory function","file":"unit/frontend-js.test.js","durationMs":0,"slow":false},"duration":0,"error":null}

[90mstdout[2m | tests/unit/frontend-js.test.js[2m > [22m[2mFrontend JS files[2m > [22m[2msettings.js Top Stories checkbox in source rows[2m > [22m[2mshould check is_top_story state from source data[22m[39m
[INFO] {"timestamp":"2026-02-20T23:38:28.057Z","level":"info","category":"test","action":"test_complete","requestId":null,"ip":null,"details":{"test":"should check is_top_story state from source data","file":"unit/frontend-js.test.js","durationMs":0,"slow":false},"duration":0,"error":null}

[90mstdout[2m | tests/unit/frontend-js.test.js[2m > [22m[2mFrontend JS files[2m > [22m[2msettings.js source errors modal[2m > [22m[2mshould define showSourceErrors function[22m[39m
[INFO] {"timestamp":"2026-02-20T23:38:28.058Z","level":"info","category":"test","action":"test_complete","requestId":null,"ip":null,"details":{"test":"should define showSourceErrors function","file":"unit/frontend-js.test.js","durationMs":1,"slow":false},"duration":1,"error":null}

[90mstdout[2m | tests/unit/frontend-js.test.js[2m > [22m[2mFrontend JS files[2m > [22m[2msettings.js source errors modal[2m > [22m[2mshould make source warning clickable[22m[39m
[INFO] {"timestamp":"2026-02-20T23:38:28.058Z","level":"info","category":"test","action":"test_complete","requestId":null,"ip":null,"details":{"test":"should make source warning clickable","file":"unit/frontend-js.test.js","durationMs":0,"slow":false},"duration":0,"error":null}

[90mstdout[2m | tests/unit/frontend-js.test.js[2m > [22m[2mFrontend JS files[2m > [22m[2mGoogle Image search for missing author photos[2m > [22m[2mshould open headshot modal for missing photos in home.js[22m[39m
[INFO] {"timestamp":"2026-02-20T23:38:28.059Z","level":"info","category":"test","action":"test_complete","requestId":null,"ip":null,"details":{"test":"should open headshot modal for missing photos in home.js","file":"unit/frontend-js.test.js","durationMs":0,"slow":false},"duration":0,"error":null}

[90mstdout[2m | tests/unit/frontend-js.test.js[2m > [22m[2mFrontend JS files[2m > [22m[2mGoogle Image search for missing author photos[2m > [22m[2mshould make existing headshot clickable for admin to change photo on home.js[22m[39m
[INFO] {"timestamp":"2026-02-20T23:38:28.059Z","level":"info","category":"test","action":"test_complete","requestId":null,"ip":null,"details":{"test":"should make existing headshot clickable for admin to change photo on home.js","file":"unit/frontend-js.test.js","durationMs":0,"slow":false},"duration":0,"error":null}

[90mstdout[2m | tests/unit/frontend-js.test.js[2m > [22m[2mFrontend JS files[2m > [22m[2mGoogle Image search for missing author photos[2m > [22m[2mshould use buildQuoteBlockHtml in quote.js which includes headshot search[22m[39m
[INFO] {"timestamp":"2026-02-20T23:38:28.060Z","level":"info","category":"test","action":"test_complete","requestId":null,"ip":null,"details":{"test":"should use buildQuoteBlockHtml in quote.js which includes headshot search","file":"unit/frontend-js.test.js","durationMs":0,"slow":false},"duration":0,"error":null}

[90mstdout[2m | tests/unit/frontend-js.test.js[2m > [22m[2mFrontend JS files[2m > [22m[2mGoogle Image search for missing author photos[2m > [22m[2mshould have admin-headshot-search link in author.js for missing photos[22m[39m
[INFO] {"timestamp":"2026-02-20T23:38:28.060Z","level":"info","category":"test","action":"test_complete","requestId":null,"ip":null,"details":{"test":"should have admin-headshot-search link in author.js for missing photos","file":"unit/frontend-js.test.js","durationMs":0,"slow":false},"duration":0,"error":null}

[90mstdout[2m | tests/unit/frontend-js.test.js[2m > [22m[2mFrontend JS files[2m > [22m[2mGoogle Image search for missing author photos[2m > [22m[2mshould have AI image search in admin-actions.js[22m[39m
[INFO] {"timestamp":"2026-02-20T23:38:28.061Z","level":"info","category":"test","action":"test_complete","requestId":null,"ip":null,"details":{"test":"should have AI image search in admin-actions.js","file":"unit/frontend-js.test.js","durationMs":0,"slow":false},"duration":0,"error":null}

[90mstdout[2m | tests/unit/frontend-js.test.js[2m > [22m[2mFrontend JS files[2m > [22m[2mGoogle Image search for missing author photos[2m > [22m[2mshould have admin-headshot-search styles in CSS[22m[39m
[INFO] {"timestamp":"2026-02-20T23:38:28.061Z","level":"info","category":"test","action":"test_complete","requestId":null,"ip":null,"details":{"test":"should have admin-headshot-search styles in CSS","file":"unit/frontend-js.test.js","durationMs":1,"slow":false},"duration":1,"error":null}

[90mstdout[2m | tests/unit/frontend-js.test.js[2m > [22m[2mFrontend JS files[2m > [22m[2mreview.js tab bar and quote management[2m > [22m[2mshould have review tab bar with disambiguation and quote management tabs[22m[39m
[INFO] {"timestamp":"2026-02-20T23:38:28.062Z","level":"info","category":"test","action":"test_complete","requestId":null,"ip":null,"details":{"test":"should have review tab bar with disambiguation and quote management tabs","file":"unit/frontend-js.test.js","durationMs":0,"slow":false},"duration":0,"error":null}

[90mstdout[2m | tests/unit/frontend-js.test.js[2m > [22m[2mFrontend JS files[2m > [22m[2mreview.js tab bar and quote management[2m > [22m[2mshould define switchReviewTab function[22m[39m
[INFO] {"timestamp":"2026-02-20T23:38:28.062Z","level":"info","category":"test","action":"test_complete","requestId":null,"ip":null,"details":{"test":"should define switchReviewTab function","file":"unit/frontend-js.test.js","durationMs":0,"slow":false},"duration":0,"error":null}

[90mstdout[2m | tests/unit/frontend-js.test.js[2m > [22m[2mFrontend JS files[2m > [22m[2mreview.js tab bar and quote management[2m > [22m[2mshould define renderQuoteManagementTab function[22m[39m
[INFO] {"timestamp":"2026-02-20T23:38:28.062Z","level":"info","category":"test","action":"test_complete","requestId":null,"ip":null,"details":{"test":"should define renderQuoteManagementTab function","file":"unit/frontend-js.test.js","durationMs":0,"slow":false},"duration":0,"error":null}

[90mstdout[2m | tests/unit/frontend-js.test.js[2m > [22m[2mFrontend JS files[2m > [22m[2mreview.js tab bar and quote management[2m > [22m[2mshould define loadAdminQuotes function in review.js[22m[39m
[INFO] {"timestamp":"2026-02-20T23:38:28.062Z","level":"info","category":"test","action":"test_complete","requestId":null,"ip":null,"details":{"test":"should define loadAdminQuotes function in review.js","file":"unit/frontend-js.test.js","durationMs":0,"slow":false},"duration":0,"error":null}

[90mstdout[2m | tests/unit/frontend-js.test.js[2m > [22m[2mFrontend JS files[2m > [22m[2mreview.js tab bar and quote management[2m > [22m[2mshould use buildAdminActionsHtml in quote management[22m[39m
[INFO] {"timestamp":"2026-02-20T23:38:28.063Z","level":"info","category":"test","action":"test_complete","requestId":null,"ip":null,"details":{"test":"should use buildAdminActionsHtml in quote management","file":"unit/frontend-js.test.js","durationMs":0,"slow":false},"duration":0,"error":null}

[90mstdout[2m | tests/unit/frontend-js.test.js[2m > [22m[2mFrontend JS files[2m > [22m[2msettings.js should not contain quote management[2m > [22m[2mshould not have Quote Management section[22m[39m
[INFO] {"timestamp":"2026-02-20T23:38:28.063Z","level":"info","category":"test","action":"test_complete","requestId":null,"ip":null,"details":{"test":"should not have Quote Management section","file":"unit/frontend-js.test.js","durationMs":0,"slow":false},"duration":0,"error":null}

[90mstdout[2m | tests/unit/frontend-js.test.js[2m > [22m[2mFrontend JS files[2m > [22m[2msettings.js should not contain quote management[2m > [22m[2mshould not have loadAdminQuotes function[22m[39m
[INFO] {"timestamp":"2026-02-20T23:38:28.064Z","level":"info","category":"test","action":"test_complete","requestId":null,"ip":null,"details":{"test":"should not have loadAdminQuotes function","file":"unit/frontend-js.test.js","durationMs":0,"slow":false},"duration":0,"error":null}

[90mstdout[2m | tests/unit/frontend-js.test.js[2m > [22m[2mFrontend JS files[2m > [22m[2msettings.js should not contain quote management[2m > [22m[2mshould not have admin-quotes-list container[22m[39m
[INFO] {"timestamp":"2026-02-20T23:38:28.064Z","level":"info","category":"test","action":"test_complete","requestId":null,"ip":null,"details":{"test":"should not have admin-quotes-list container","file":"unit/frontend-js.test.js","durationMs":0,"slow":false},"duration":0,"error":null}

[90mstdout[2m | tests/unit/frontend-js.test.js[2m > [22m[2mFrontend JS files[2m > [22m[2mstyles.css review tab bar[2m > [22m[2mshould have review-tab-bar styles[22m[39m
[INFO] {"timestamp":"2026-02-20T23:38:28.064Z","level":"info","category":"test","action":"test_complete","requestId":null,"ip":null,"details":{"test":"should have review-tab-bar styles","file":"unit/frontend-js.test.js","durationMs":0,"slow":false},"duration":0,"error":null}

[90mstdout[2m | tests/unit/frontend-js.test.js[2m > [22m[2mFrontend JS files[2m > [22m[2mstyles.css review tab bar[2m > [22m[2mshould have review-tab styles[22m[39m
[INFO] {"timestamp":"2026-02-20T23:38:28.064Z","level":"info","category":"test","action":"test_complete","requestId":null,"ip":null,"details":{"test":"should have review-tab styles","file":"unit/frontend-js.test.js","durationMs":0,"slow":false},"duration":0,"error":null}

[90mstdout[2m | tests/unit/frontend-js.test.js[2m > [22m[2mFrontend JS files[2m > [22m[2msettings.js Data Management structure[2m > [22m[2mshould have Data Management section instead of separate Database[22m[39m
[INFO] {"timestamp":"2026-02-20T23:38:28.065Z","level":"info","category":"test","action":"test_complete","requestId":null,"ip":null,"details":{"test":"should have Data Management section instead of separate Database","file":"unit/frontend-js.test.js","durationMs":0,"slow":false},"duration":0,"error":null}

[90mstdout[2m | tests/unit/frontend-js.test.js[2m > [22m[2mFrontend JS files[2m > [22m[2msettings.js Data Management structure[2m > [22m[2mshould have News Sources as a subsection under Data Management[22m[39m
[INFO] {"timestamp":"2026-02-20T23:38:28.065Z","level":"info","category":"test","action":"test_complete","requestId":null,"ip":null,"details":{"test":"should have News Sources as a subsection under Data Management","file":"unit/frontend-js.test.js","durationMs":0,"slow":false},"duration":0,"error":null}

[90mstdout[2m | tests/unit/frontend-js.test.js[2m > [22m[2mFrontend JS files[2m > [22m[2msettings.js Data Management structure[2m > [22m[2mshould have Backup & Restore as a subsection[22m[39m
[INFO] {"timestamp":"2026-02-20T23:38:28.065Z","level":"info","category":"test","action":"test_complete","requestId":null,"ip":null,"details":{"test":"should have Backup & Restore as a subsection","file":"unit/frontend-js.test.js","durationMs":0,"slow":false},"duration":0,"error":null}

[90mstdout[2m | tests/unit/frontend-js.test.js[2m > [22m[2mFrontend JS files[2m > [22m[2msettings.js Data Management structure[2m > [22m[2mshould have Backfill Headshots as a subsection[22m[39m
[INFO] {"timestamp":"2026-02-20T23:38:28.066Z","level":"info","category":"test","action":"test_complete","requestId":null,"ip":null,"details":{"test":"should have Backfill Headshots as a subsection","file":"unit/frontend-js.test.js","durationMs":0,"slow":false},"duration":0,"error":null}

[90mstdout[2m | tests/unit/frontend-js.test.js[2m > [22m[2mFrontend JS files[2m > [22m[2msettings.js Data Management structure[2m > [22m[2mshould use settings-subsection class for subsections[22m[39m
[INFO] {"timestamp":"2026-02-20T23:38:28.066Z","level":"info","category":"test","action":"test_complete","requestId":null,"ip":null,"details":{"test":"should use settings-subsection class for subsections","file":"unit/frontend-js.test.js","durationMs":0,"slow":false},"duration":0,"error":null}

[90mstdout[2m | tests/unit/frontend-js.test.js[2m > [22m[2mFrontend JS files[2m > [22m[2msettings.js Data Management structure[2m > [22m[2mshould not have standalone News Sources section[22m[39m
[INFO] {"timestamp":"2026-02-20T23:38:28.066Z","level":"info","category":"test","action":"test_complete","requestId":null,"ip":null,"details":{"test":"should not have standalone News Sources section","file":"unit/frontend-js.test.js","durationMs":0,"slow":false},"duration":0,"error":null}

[90mstdout[2m | tests/unit/frontend-js.test.js[2m > [22m[2mFrontend JS files[2m > [22m[2mstyles.css settings subsection styles[2m > [22m[2mshould have settings-subsection styles[22m[39m
[INFO] {"timestamp":"2026-02-20T23:38:28.066Z","level":"info","category":"test","action":"test_complete","requestId":null,"ip":null,"details":{"test":"should have settings-subsection styles","file":"unit/frontend-js.test.js","durationMs":0,"slow":false},"duration":0,"error":null}

[90mstdout[2m | tests/unit/frontend-js.test.js[2m > [22m[2mFrontend JS files[2m > [22m[2mstyles.css settings subsection styles[2m > [22m[2mshould have subsection-title styles[22m[39m
[INFO] {"timestamp":"2026-02-20T23:38:28.066Z","level":"info","category":"test","action":"test_complete","requestId":null,"ip":null,"details":{"test":"should have subsection-title styles","file":"unit/frontend-js.test.js","durationMs":0,"slow":false},"duration":0,"error":null}

[90mstdout[2m | tests/unit/frontend-js.test.js[2m > [22m[2mFrontend JS files[2m > [22m[2mimportant.js component[2m > [22m[2mshould define renderImportantButton function[22m[39m
[INFO] {"timestamp":"2026-02-20T23:38:28.067Z","level":"info","category":"test","action":"test_complete","requestId":null,"ip":null,"details":{"test":"should define renderImportantButton function","file":"unit/frontend-js.test.js","durationMs":0,"slow":false},"duration":0,"error":null}

[90mstdout[2m | tests/unit/frontend-js.test.js[2m > [22m[2mFrontend JS files[2m > [22m[2mimportant.js component[2m > [22m[2mshould define handleImportantToggle function[22m[39m
[INFO] {"timestamp":"2026-02-20T23:38:28.067Z","level":"info","category":"test","action":"test_complete","requestId":null,"ip":null,"details":{"test":"should define handleImportantToggle function","file":"unit/frontend-js.test.js","durationMs":0,"slow":false},"duration":0,"error":null}

[90mstdout[2m | tests/unit/frontend-js.test.js[2m > [22m[2mFrontend JS files[2m > [22m[2mimportant.js component[2m > [22m[2mshould define initImportantSocket function[22m[39m
[INFO] {"timestamp":"2026-02-20T23:38:28.067Z","level":"info","category":"test","action":"test_complete","requestId":null,"ip":null,"details":{"test":"should define initImportantSocket function","file":"unit/frontend-js.test.js","durationMs":0,"slow":false},"duration":0,"error":null}

[90mstdout[2m | tests/unit/frontend-js.test.js[2m > [22m[2mFrontend JS files[2m > [22m[2mimportant.js component[2m > [22m[2mshould use important-btn CSS class[22m[39m
[INFO] {"timestamp":"2026-02-20T23:38:28.067Z","level":"info","category":"test","action":"test_complete","requestId":null,"ip":null,"details":{"test":"should use important-btn CSS class","file":"unit/frontend-js.test.js","durationMs":0,"slow":false},"duration":0,"error":null}

[90mstdout[2m | tests/unit/frontend-js.test.js[2m > [22m[2mFrontend JS files[2m > [22m[2mimportant.js component[2m > [22m[2mshould use important-btn--active class for active state[22m[39m
[INFO] {"timestamp":"2026-02-20T23:38:28.067Z","level":"info","category":"test","action":"test_complete","requestId":null,"ip":null,"details":{"test":"should use important-btn--active class for active state","file":"unit/frontend-js.test.js","durationMs":0,"slow":false},"duration":0,"error":null}

[90mstdout[2m | tests/unit/frontend-js.test.js[2m > [22m[2mFrontend JS files[2m > [22m[2mimportant.js component[2m > [22m[2mshould use important-count class for count display[22m[39m
[INFO] {"timestamp":"2026-02-20T23:38:28.068Z","level":"info","category":"test","action":"test_complete","requestId":null,"ip":null,"details":{"test":"should use important-count class for count display","file":"unit/frontend-js.test.js","durationMs":0,"slow":false},"duration":0,"error":null}

[90mstdout[2m | tests/unit/frontend-js.test.js[2m > [22m[2mFrontend JS files[2m > [22m[2mimportant.js component[2m > [22m[2mshould call API.post for toggle[22m[39m
[INFO] {"timestamp":"2026-02-20T23:38:28.068Z","level":"info","category":"test","action":"test_complete","requestId":null,"ip":null,"details":{"test":"should call API.post for toggle","file":"unit/frontend-js.test.js","durationMs":0,"slow":false},"duration":0,"error":null}

[90mstdout[2m | tests/unit/frontend-js.test.js[2m > [22m[2mFrontend JS files[2m > [22m[2mimportant.js component[2m > [22m[2mshould listen for important_update socket events[22m[39m
[INFO] {"timestamp":"2026-02-20T23:38:28.068Z","level":"info","category":"test","action":"test_complete","requestId":null,"ip":null,"details":{"test":"should listen for important_update socket events","file":"unit/frontend-js.test.js","durationMs":0,"slow":false},"duration":0,"error":null}

[90mstdout[2m | tests/unit/frontend-js.test.js[2m > [22m[2mFrontend JS files[2m > [22m[2mimportant.js component[2m > [22m[2mshould use optimistic toggle pattern[22m[39m
[INFO] {"timestamp":"2026-02-20T23:38:28.068Z","level":"info","category":"test","action":"test_complete","requestId":null,"ip":null,"details":{"test":"should use optimistic toggle pattern","file":"unit/frontend-js.test.js","durationMs":0,"slow":false},"duration":0,"error":null}

[90mstdout[2m | tests/unit/frontend-js.test.js[2m > [22m[2mFrontend JS files[2m > [22m[2mimportant.js component[2m > [22m[2mshould call showToast on error[22m[39m
[INFO] {"timestamp":"2026-02-20T23:38:28.068Z","level":"info","category":"test","action":"test_complete","requestId":null,"ip":null,"details":{"test":"should call showToast on error","file":"unit/frontend-js.test.js","durationMs":0,"slow":false},"duration":0,"error":null}

[90mstdout[2m | tests/unit/frontend-js.test.js[2m > [22m[2mFrontend JS files[2m > [22m[2mhome.js 4-tab homepage system[2m > [22m[2mshould define homepage-tabs container[22m[39m
[INFO] {"timestamp":"2026-02-20T23:38:28.069Z","level":"info","category":"test","action":"test_complete","requestId":null,"ip":null,"details":{"test":"should define homepage-tabs container","file":"unit/frontend-js.test.js","durationMs":0,"slow":false},"duration":0,"error":null}

[90mstdout[2m | tests/unit/frontend-js.test.js[2m > [22m[2mFrontend JS files[2m > [22m[2mhome.js 4-tab homepage system[2m > [22m[2mshould have trending-sources tab[22m[39m
[INFO] {"timestamp":"2026-02-20T23:38:28.069Z","level":"info","category":"test","action":"test_complete","requestId":null,"ip":null,"details":{"test":"should have trending-sources tab","file":"unit/frontend-js.test.js","durationMs":0,"slow":false},"duration":0,"error":null}

[90mstdout[2m | tests/unit/frontend-js.test.js[2m > [22m[2mFrontend JS files[2m > [22m[2mhome.js 4-tab homepage system[2m > [22m[2mshould have trending-quotes tab[22m[39m
[INFO] {"timestamp":"2026-02-20T23:38:28.069Z","level":"info","category":"test","action":"test_complete","requestId":null,"ip":null,"details":{"test":"should have trending-quotes tab","file":"unit/frontend-js.test.js","durationMs":0,"slow":false},"duration":0,"error":null}

[90mstdout[2m | tests/unit/frontend-js.test.js[2m > [22m[2mFrontend JS files[2m > [22m[2mhome.js 4-tab homepage system[2m > [22m[2mshould have trending-authors tab key defined[22m[39m
[INFO] {"timestamp":"2026-02-20T23:38:28.069Z","level":"info","category":"test","action":"test_complete","requestId":null,"ip":null,"details":{"test":"should have trending-authors tab key defined","file":"unit/frontend-js.test.js","durationMs":0,"slow":false},"duration":0,"error":null}

[90mstdout[2m | tests/unit/frontend-js.test.js[2m > [22m[2mFrontend JS files[2m > [22m[2mhome.js 4-tab homepage system[2m > [22m[2mshould define buildQuoteBlockHtml function[22m[39m
[INFO] {"timestamp":"2026-02-20T23:38:28.070Z","level":"info","category":"test","action":"test_complete","requestId":null,"ip":null,"details":{"test":"should define buildQuoteBlockHtml function","file":"unit/frontend-js.test.js","durationMs":0,"slow":false},"duration":0,"error":null}

[90mstdout[2m | tests/unit/frontend-js.test.js[2m > [22m[2mFrontend JS files[2m > [22m[2mhome.js 4-tab homepage system[2m > [22m[2mshould define buildShareButtonsHtml function[22m[39m
[INFO] {"timestamp":"2026-02-20T23:38:28.070Z","level":"info","category":"test","action":"test_complete","requestId":null,"ip":null,"details":{"test":"should define buildShareButtonsHtml function","file":"unit/frontend-js.test.js","durationMs":0,"slow":false},"duration":0,"error":null}

[90mstdout[2m | tests/unit/frontend-js.test.js[2m > [22m[2mFrontend JS files[2m > [22m[2mhome.js 4-tab homepage system[2m > [22m[2mshould define shareEntity function[22m[39m
[INFO] {"timestamp":"2026-02-20T23:38:28.070Z","level":"info","category":"test","action":"test_complete","requestId":null,"ip":null,"details":{"test":"should define shareEntity function","file":"unit/frontend-js.test.js","durationMs":0,"slow":false},"duration":0,"error":null}

[90mstdout[2m | tests/unit/frontend-js.test.js[2m > [22m[2mFrontend JS files[2m > [22m[2mhome.js 4-tab homepage system[2m > [22m[2mshould define initViewTracking function[22m[39m
[INFO] {"timestamp":"2026-02-20T23:38:28.070Z","level":"info","category":"test","action":"test_complete","requestId":null,"ip":null,"details":{"test":"should define initViewTracking function","file":"unit/frontend-js.test.js","durationMs":0,"slow":false},"duration":0,"error":null}

[90mstdout[2m | tests/unit/frontend-js.test.js[2m > [22m[2mFrontend JS files[2m > [22m[2mhome.js 4-tab homepage system[2m > [22m[2mshould use IntersectionObserver for view tracking[22m[39m
[INFO] {"timestamp":"2026-02-20T23:38:28.071Z","level":"info","category":"test","action":"test_complete","requestId":null,"ip":null,"details":{"test":"should use IntersectionObserver for view tracking","file":"unit/frontend-js.test.js","durationMs":0,"slow":false},"duration":0,"error":null}

[90mstdout[2m | tests/unit/frontend-js.test.js[2m > [22m[2mFrontend JS files[2m > [22m[2mhome.js 4-tab homepage system[2m > [22m[2mshould have quote-block class in buildQuoteBlockHtml[22m[39m
[INFO] {"timestamp":"2026-02-20T23:38:28.071Z","level":"info","category":"test","action":"test_complete","requestId":null,"ip":null,"details":{"test":"should have quote-block class in buildQuoteBlockHtml","file":"unit/frontend-js.test.js","durationMs":0,"slow":false},"duration":0,"error":null}

[90mstdout[2m | tests/unit/frontend-js.test.js[2m > [22m[2mFrontend JS files[2m > [22m[2mhome.js 4-tab homepage system[2m > [22m[2mshould include Important? button in quote blocks[22m[39m
[INFO] {"timestamp":"2026-02-20T23:38:28.071Z","level":"info","category":"test","action":"test_complete","requestId":null,"ip":null,"details":{"test":"should include Important? button in quote blocks","file":"unit/frontend-js.test.js","durationMs":0,"slow":false},"duration":0,"error":null}

[90mstdout[2m | tests/unit/frontend-js.test.js[2m > [22m[2mFrontend JS files[2m > [22m[2mhome.js 4-tab homepage system[2m > [22m[2mshould have sort toggle for tabs[22m[39m
[INFO] {"timestamp":"2026-02-20T23:38:28.071Z","level":"info","category":"test","action":"test_complete","requestId":null,"ip":null,"details":{"test":"should have sort toggle for tabs","file":"unit/frontend-js.test.js","durationMs":0,"slow":false},"duration":0,"error":null}

[90mstdout[2m | tests/unit/frontend-js.test.js[2m > [22m[2mFrontend JS files[2m > [22m[2mindex.html important.js integration[2m > [22m[2mshould include important.js script[22m[39m
[INFO] {"timestamp":"2026-02-20T23:38:28.071Z","level":"info","category":"test","action":"test_complete","requestId":null,"ip":null,"details":{"test":"should include important.js script","file":"unit/frontend-js.test.js","durationMs":0,"slow":false},"duration":0,"error":null}

[90mstdout[2m | tests/unit/frontend-js.test.js[2m > [22m[2mFrontend JS files[2m > [22m[2mindex.html important.js integration[2m > [22m[2mshould not include vote.js script[22m[39m
[INFO] {"timestamp":"2026-02-20T23:38:28.071Z","level":"info","category":"test","action":"test_complete","requestId":null,"ip":null,"details":{"test":"should not include vote.js script","file":"unit/frontend-js.test.js","durationMs":0,"slow":false},"duration":0,"error":null}

[90mstdout[2m | tests/unit/frontend-js.test.js[2m > [22m[2mFrontend JS files[2m > [22m[2mapp.js important socket integration[2m > [22m[2mshould call initImportantSocket instead of initVoteSocket[22m[39m
[INFO] {"timestamp":"2026-02-20T23:38:28.072Z","level":"info","category":"test","action":"test_complete","requestId":null,"ip":null,"details":{"test":"should call initImportantSocket instead of initVoteSocket","file":"unit/frontend-js.test.js","durationMs":0,"slow":false},"duration":0,"error":null}

[90mstdout[2m | tests/unit/frontend-js.test.js[2m > [22m[2mFrontend JS files[2m > [22m[2mstyles.css Phase 6 new classes[2m > [22m[2mshould have important-btn styles[22m[39m
[INFO] {"timestamp":"2026-02-20T23:38:28.072Z","level":"info","category":"test","action":"test_complete","requestId":null,"ip":null,"details":{"test":"should have important-btn styles","file":"unit/frontend-js.test.js","durationMs":0,"slow":false},"duration":0,"error":null}

[90mstdout[2m | tests/unit/frontend-js.test.js[2m > [22m[2mFrontend JS files[2m > [22m[2mstyles.css Phase 6 new classes[2m > [22m[2mshould have important-btn--active styles[22m[39m
[INFO] {"timestamp":"2026-02-20T23:38:28.072Z","level":"info","category":"test","action":"test_complete","requestId":null,"ip":null,"details":{"test":"should have important-btn--active styles","file":"unit/frontend-js.test.js","durationMs":0,"slow":false},"duration":0,"error":null}

[90mstdout[2m | tests/unit/frontend-js.test.js[2m > [22m[2mFrontend JS files[2m > [22m[2mstyles.css Phase 6 new classes[2m > [22m[2mshould have homepage-tabs styles[22m[39m
[INFO] {"timestamp":"2026-02-20T23:38:28.072Z","level":"info","category":"test","action":"test_complete","requestId":null,"ip":null,"details":{"test":"should have homepage-tabs styles","file":"unit/frontend-js.test.js","durationMs":0,"slow":false},"duration":0,"error":null}

[90mstdout[2m | tests/unit/frontend-js.test.js[2m > [22m[2mFrontend JS files[2m > [22m[2mstyles.css Phase 6 new classes[2m > [22m[2mshould have homepage-tab styles[22m[39m
[INFO] {"timestamp":"2026-02-20T23:38:28.073Z","level":"info","category":"test","action":"test_complete","requestId":null,"ip":null,"details":{"test":"should have homepage-tab styles","file":"unit/frontend-js.test.js","durationMs":0,"slow":false},"duration":0,"error":null}

[90mstdout[2m | tests/unit/frontend-js.test.js[2m > [22m[2mFrontend JS files[2m > [22m[2mstyles.css Phase 6 new classes[2m > [22m[2mshould have quote-block styles[22m[39m
[INFO] {"timestamp":"2026-02-20T23:38:28.073Z","level":"info","category":"test","action":"test_complete","requestId":null,"ip":null,"details":{"test":"should have quote-block styles","file":"unit/frontend-js.test.js","durationMs":0,"slow":false},"duration":0,"error":null}

[90mstdout[2m | tests/unit/frontend-js.test.js[2m > [22m[2mFrontend JS files[2m > [22m[2mstyles.css Phase 6 new classes[2m > [22m[2mshould have share-buttons styles[22m[39m
[INFO] {"timestamp":"2026-02-20T23:38:28.073Z","level":"info","category":"test","action":"test_complete","requestId":null,"ip":null,"details":{"test":"should have share-buttons styles","file":"unit/frontend-js.test.js","durationMs":0,"slow":false},"duration":0,"error":null}

[90mstdout[2m | tests/unit/frontend-js.test.js[2m > [22m[2mFrontend JS files[2m > [22m[2mquote.js Important? integration[2m > [22m[2mshould use buildQuoteBlockHtml which includes renderImportantButton[22m[39m
[INFO] {"timestamp":"2026-02-20T23:38:28.075Z","level":"info","category":"test","action":"test_complete","requestId":null,"ip":null,"details":{"test":"should use buildQuoteBlockHtml which includes renderImportantButton","file":"unit/frontend-js.test.js","durationMs":1,"slow":false},"duration":1,"error":null}

[90mstdout[2m | tests/unit/frontend-js.test.js[2m > [22m[2mFrontend JS files[2m > [22m[2marticle.js Source label and Important?[2m > [22m[2mshould use renderImportantButton for article[22m[39m
[INFO] {"timestamp":"2026-02-20T23:38:28.075Z","level":"info","category":"test","action":"test_complete","requestId":null,"ip":null,"details":{"test":"should use renderImportantButton for article","file":"unit/frontend-js.test.js","durationMs":0,"slow":false},"duration":0,"error":null}

[90mstdout[2m | tests/unit/frontend-js.test.js[2m > [22m[2mFrontend JS files[2m > [22m[2marticle.js Source label and Important?[2m > [22m[2mshould label as Source not Article in heading[22m[39m
[INFO] {"timestamp":"2026-02-20T23:38:28.075Z","level":"info","category":"test","action":"test_complete","requestId":null,"ip":null,"details":{"test":"should label as Source not Article in heading","file":"unit/frontend-js.test.js","durationMs":0,"slow":false},"duration":0,"error":null}

[90mstdout[2m | tests/unit/frontend-js.test.js[2m > [22m[2mFrontend JS files[2m > [22m[2mauthor.js Important? integration[2m > [22m[2mshould use buildQuoteBlockHtml (which includes Important?) instead of renderVoteControls[22m[39m
[INFO] {"timestamp":"2026-02-20T23:38:28.076Z","level":"info","category":"test","action":"test_complete","requestId":null,"ip":null,"details":{"test":"should use buildQuoteBlockHtml (which includes Important?) instead of renderVoteControls","file":"unit/frontend-js.test.js","durationMs":0,"slow":false},"duration":0,"error":null}

[90mstdout[2m | tests/unit/frontend-js.test.js[2m > [22m[2mFrontend JS files[2m > [22m[2mquote.js _factCheckInProgress flag[2m > [22m[2mshould declare _factCheckInProgress flag[22m[39m
[INFO] {"timestamp":"2026-02-20T23:38:28.076Z","level":"info","category":"test","action":"test_complete","requestId":null,"ip":null,"details":{"test":"should declare _factCheckInProgress flag","file":"unit/frontend-js.test.js","durationMs":0,"slow":false},"duration":0,"error":null}

[90mstdout[2m | tests/unit/frontend-js.test.js[2m > [22m[2mFrontend JS files[2m > [22m[2mquote.js _factCheckInProgress flag[2m > [22m[2mshould set _factCheckInProgress to true before API call[22m[39m
[INFO] {"timestamp":"2026-02-20T23:38:28.076Z","level":"info","category":"test","action":"test_complete","requestId":null,"ip":null,"details":{"test":"should set _factCheckInProgress to true before API call","file":"unit/frontend-js.test.js","durationMs":0,"slow":false},"duration":0,"error":null}

[90mstdout[2m | tests/unit/frontend-js.test.js[2m > [22m[2mFrontend JS files[2m > [22m[2mquote.js _factCheckInProgress flag[2m > [22m[2mshould clear _factCheckInProgress after success[22m[39m
[INFO] {"timestamp":"2026-02-20T23:38:28.076Z","level":"info","category":"test","action":"test_complete","requestId":null,"ip":null,"details":{"test":"should clear _factCheckInProgress after success","file":"unit/frontend-js.test.js","durationMs":0,"slow":false},"duration":0,"error":null}

[90mstdout[2m | tests/unit/frontend-js.test.js[2m > [22m[2mFrontend JS files[2m > [22m[2mquote.js _factCheckInProgress flag[2m > [22m[2mshould clear _factCheckInProgress in catch block[22m[39m
[INFO] {"timestamp":"2026-02-20T23:38:28.077Z","level":"info","category":"test","action":"test_complete","requestId":null,"ip":null,"details":{"test":"should clear _factCheckInProgress in catch block","file":"unit/frontend-js.test.js","durationMs":0,"slow":false},"duration":0,"error":null}

[90mstdout[2m | tests/unit/frontend-js.test.js[2m > [22m[2mFrontend JS files[2m > [22m[2mhome.js share blocking during fact-check[2m > [22m[2mshould check _factCheckInProgress in shareEntity[22m[39m
[INFO] {"timestamp":"2026-02-20T23:38:28.077Z","level":"info","category":"test","action":"test_complete","requestId":null,"ip":null,"details":{"test":"should check _factCheckInProgress in shareEntity","file":"unit/frontend-js.test.js","durationMs":0,"slow":false},"duration":0,"error":null}

[90mstdout[2m | tests/unit/frontend-js.test.js[2m > [22m[2mFrontend JS files[2m > [22m[2mhome.js share blocking during fact-check[2m > [22m[2mshould check _factCheckInProgress in downloadShareImage[22m[39m
[INFO] {"timestamp":"2026-02-20T23:38:28.077Z","level":"info","category":"test","action":"test_complete","requestId":null,"ip":null,"details":{"test":"should check _factCheckInProgress in downloadShareImage","file":"unit/frontend-js.test.js","durationMs":0,"slow":false},"duration":0,"error":null}

[90mstdout[2m | tests/unit/frontend-js.test.js[2m > [22m[2mFrontend JS files[2m > [22m[2mhome.js share blocking during fact-check[2m > [22m[2mshould show toast message about fact-checking[22m[39m
[INFO] {"timestamp":"2026-02-20T23:38:28.077Z","level":"info","category":"test","action":"test_complete","requestId":null,"ip":null,"details":{"test":"should show toast message about fact-checking","file":"unit/frontend-js.test.js","durationMs":0,"slow":false},"duration":0,"error":null}

[90mstdout[2m | tests/unit/frontend-js.test.js[22m[39m
[INFO] {"timestamp":"2026-02-20T23:38:28.077Z","level":"info","category":"test","action":"file_complete","requestId":null,"ip":null,"details":{"file":"unit/frontend-js.test.js","durationMs":62,"slow":false},"duration":62,"error":null}

[90mstdout[2m | tests/unit/keyword-matcher.test.js[2m > [22m[2mKeyword Matcher[2m > [22m[2mmatchEntities[2m > [22m[2mexact match on keyword names[22m[39m
[INFO] {"timestamp":"2026-02-20T23:38:28.568Z","level":"info","category":"test","action":"test_complete","requestId":null,"ip":null,"details":{"test":"exact match on keyword names","file":"unit/keyword-matcher.test.js","durationMs":14,"slow":false},"duration":14,"error":null}

[90mstdout[2m | tests/unit/keyword-matcher.test.js[2m > [22m[2mKeyword Matcher[2m > [22m[2mmatchEntities[2m > [22m[2mexact match on aliases[22m[39m
[INFO] {"timestamp":"2026-02-20T23:38:28.571Z","level":"info","category":"test","action":"test_complete","requestId":null,"ip":null,"details":{"test":"exact match on aliases","file":"unit/keyword-matcher.test.js","durationMs":1,"slow":false},"duration":1,"error":null}

[90mstdout[2m | tests/unit/keyword-matcher.test.js[2m > [22m[2mKeyword Matcher[2m > [22m[2mmatchEntities[2m > [22m[2mfuzzy match with Jaro-Winkler (close misspelling)[22m[39m
[INFO] {"timestamp":"2026-02-20T23:38:28.573Z","level":"info","category":"test","action":"test_complete","requestId":null,"ip":null,"details":{"test":"fuzzy match with Jaro-Winkler (close misspelling)","file":"unit/keyword-matcher.test.js","durationMs":2,"slow":false},"duration":2,"error":null}

[90mstdout[2m | tests/unit/keyword-matcher.test.js[2m > [22m[2mKeyword Matcher[2m > [22m[2mmatchEntities[2m > [22m[2mfuzzy match — medium confidence for moderate similarity[22m[39m
[INFO] {"timestamp":"2026-02-20T23:38:28.574Z","level":"info","category":"test","action":"test_complete","requestId":null,"ip":null,"details":{"test":"fuzzy match — medium confidence for moderate similarity","file":"unit/keyword-matcher.test.js","durationMs":2,"slow":false},"duration":2,"error":null}

[90mstdout[2m | tests/unit/keyword-matcher.test.js[2m > [22m[2mKeyword Matcher[2m > [22m[2mmatchEntities[2m > [22m[2munmatched entities for dissimilar strings[22m[39m
[INFO] {"timestamp":"2026-02-20T23:38:28.576Z","level":"info","category":"test","action":"test_complete","requestId":null,"ip":null,"details":{"test":"unmatched entities for dissimilar strings","file":"unit/keyword-matcher.test.js","durationMs":1,"slow":false},"duration":1,"error":null}

[90mstdout[2m | tests/unit/keyword-matcher.test.js[2m > [22m[2mKeyword Matcher[2m > [22m[2mmatchEntities[2m > [22m[2mreturns empty results for empty entities[22m[39m
[INFO] {"timestamp":"2026-02-20T23:38:28.578Z","level":"info","category":"test","action":"test_complete","requestId":null,"ip":null,"details":{"test":"returns empty results for empty entities","file":"unit/keyword-matcher.test.js","durationMs":1,"slow":false},"duration":1,"error":null}

[90mstdout[2m | tests/unit/keyword-matcher.test.js[2m > [22m[2mKeyword Matcher[2m > [22m[2mmatchEntities[2m > [22m[2mcase insensitive matching[22m[39m
[INFO] {"timestamp":"2026-02-20T23:38:28.579Z","level":"info","category":"test","action":"test_complete","requestId":null,"ip":null,"details":{"test":"case insensitive matching","file":"unit/keyword-matcher.test.js","durationMs":1,"slow":false},"duration":1,"error":null}

[90mstdout[2m | tests/unit/keyword-matcher.test.js[2m > [22m[2mKeyword Matcher[2m > [22m[2mmatchEntities[2m > [22m[2mflagged array contains medium-confidence matches[22m[39m
[INFO] {"timestamp":"2026-02-20T23:38:28.580Z","level":"info","category":"test","action":"test_complete","requestId":null,"ip":null,"details":{"test":"flagged array contains medium-confidence matches","file":"unit/keyword-matcher.test.js","durationMs":1,"slow":false},"duration":1,"error":null}

[90mstdout[2m | tests/unit/keyword-matcher.test.js[2m > [22m[2mKeyword Matcher[2m > [22m[2mmatchEntities[2m > [22m[2mhandles whitespace in entity names[22m[39m
[INFO] {"timestamp":"2026-02-20T23:38:28.582Z","level":"info","category":"test","action":"test_complete","requestId":null,"ip":null,"details":{"test":"handles whitespace in entity names","file":"unit/keyword-matcher.test.js","durationMs":1,"slow":false},"duration":1,"error":null}

[90mstdout[2m | tests/unit/keyword-matcher.test.js[2m > [22m[2mKeyword Matcher[2m > [22m[2mstoreQuoteKeywords[2m > [22m[2mstores keyword matches for a quote[22m[39m
[INFO] {"timestamp":"2026-02-20T23:38:28.584Z","level":"info","category":"test","action":"test_complete","requestId":null,"ip":null,"details":{"test":"stores keyword matches for a quote","file":"unit/keyword-matcher.test.js","durationMs":1,"slow":false},"duration":1,"error":null}

[90mstdout[2m | tests/unit/keyword-matcher.test.js[2m > [22m[2mKeyword Matcher[2m > [22m[2mstoreQuoteKeywords[2m > [22m[2mignores duplicate quote-keyword pairs[22m[39m
[INFO] {"timestamp":"2026-02-20T23:38:28.585Z","level":"info","category":"test","action":"test_complete","requestId":null,"ip":null,"details":{"test":"ignores duplicate quote-keyword pairs","file":"unit/keyword-matcher.test.js","durationMs":1,"slow":false},"duration":1,"error":null}

[90mstdout[2m | tests/unit/keyword-matcher.test.js[2m > [22m[2mKeyword Matcher[2m > [22m[2mstoreQuoteKeywords[2m > [22m[2mhandles empty matches array[22m[39m
[INFO] {"timestamp":"2026-02-20T23:38:28.586Z","level":"info","category":"test","action":"test_complete","requestId":null,"ip":null,"details":{"test":"handles empty matches array","file":"unit/keyword-matcher.test.js","durationMs":1,"slow":false},"duration":1,"error":null}

[90mstdout[2m | tests/unit/keyword-matcher.test.js[2m > [22m[2mKeyword Matcher[2m > [22m[2mresolveTopicsAndCategories[2m > [22m[2mlinks quote to active topics via matched keywords[22m[39m
[INFO] {"timestamp":"2026-02-20T23:38:28.589Z","level":"info","category":"test","action":"test_complete","requestId":null,"ip":null,"details":{"test":"links quote to active topics via matched keywords","file":"unit/keyword-matcher.test.js","durationMs":2,"slow":false},"duration":2,"error":null}

[90mstdout[2m | tests/unit/keyword-matcher.test.js[2m > [22m[2mKeyword Matcher[2m > [22m[2mresolveTopicsAndCategories[2m > [22m[2mexcludes topics outside date range[22m[39m
[INFO] {"timestamp":"2026-02-20T23:38:28.590Z","level":"info","category":"test","action":"test_complete","requestId":null,"ip":null,"details":{"test":"excludes topics outside date range","file":"unit/keyword-matcher.test.js","durationMs":1,"slow":false},"duration":1,"error":null}

[90mstdout[2m | tests/unit/keyword-matcher.test.js[2m > [22m[2mKeyword Matcher[2m > [22m[2mresolveTopicsAndCategories[2m > [22m[2mexcludes archived topics[22m[39m
[INFO] {"timestamp":"2026-02-20T23:38:28.591Z","level":"info","category":"test","action":"test_complete","requestId":null,"ip":null,"details":{"test":"excludes archived topics","file":"unit/keyword-matcher.test.js","durationMs":1,"slow":false},"duration":1,"error":null}

[90mstdout[2m | tests/unit/keyword-matcher.test.js[2m > [22m[2mKeyword Matcher[2m > [22m[2mresolveTopicsAndCategories[2m > [22m[2mhandles empty matches gracefully[22m[39m
[INFO] {"timestamp":"2026-02-20T23:38:28.592Z","level":"info","category":"test","action":"test_complete","requestId":null,"ip":null,"details":{"test":"handles empty matches gracefully","file":"unit/keyword-matcher.test.js","durationMs":1,"slow":false},"duration":1,"error":null}

[90mstdout[2m | tests/unit/keyword-matcher.test.js[2m > [22m[2mKeyword Matcher[2m > [22m[2mresolveTopicsAndCategories[2m > [22m[2mhandles null quoteDate — still links topics without date constraints[22m[39m
[INFO] {"timestamp":"2026-02-20T23:38:28.594Z","level":"info","category":"test","action":"test_complete","requestId":null,"ip":null,"details":{"test":"handles null quoteDate — still links topics without date constraints","file":"unit/keyword-matcher.test.js","durationMs":1,"slow":false},"duration":1,"error":null}

[90mstdout[2m | tests/unit/keyword-matcher.test.js[2m > [22m[2mKeyword Matcher[2m > [22m[2mresolveTopicsAndCategories[2m > [22m[2mhandles topic with only start_date (no end_date)[22m[39m
[INFO] {"timestamp":"2026-02-20T23:38:28.595Z","level":"info","category":"test","action":"test_complete","requestId":null,"ip":null,"details":{"test":"handles topic with only start_date (no end_date)","file":"unit/keyword-matcher.test.js","durationMs":1,"slow":false},"duration":1,"error":null}

[90mstdout[2m | tests/unit/keyword-matcher.test.js[2m > [22m[2mKeyword Matcher[2m > [22m[2mresolveTopicsAndCategories[2m > [22m[2mduplicate topic insertion is ignored[22m[39m
[INFO] {"timestamp":"2026-02-20T23:38:28.596Z","level":"info","category":"test","action":"test_complete","requestId":null,"ip":null,"details":{"test":"duplicate topic insertion is ignored","file":"unit/keyword-matcher.test.js","durationMs":1,"slow":false},"duration":1,"error":null}

[90mstdout[2m | tests/unit/keyword-matcher.test.js[2m > [22m[2mKeyword Matcher[2m > [22m[2mmatchTopics[2m > [22m[2mexact match on topic name[22m[39m
[INFO] {"timestamp":"2026-02-20T23:38:28.598Z","level":"info","category":"test","action":"test_complete","requestId":null,"ip":null,"details":{"test":"exact match on topic name","file":"unit/keyword-matcher.test.js","durationMs":1,"slow":false},"duration":1,"error":null}

[90mstdout[2m | tests/unit/keyword-matcher.test.js[2m > [22m[2mKeyword Matcher[2m > [22m[2mmatchTopics[2m > [22m[2mmatch via topic alias[22m[39m
[INFO] {"timestamp":"2026-02-20T23:38:28.599Z","level":"info","category":"test","action":"test_complete","requestId":null,"ip":null,"details":{"test":"match via topic alias","file":"unit/keyword-matcher.test.js","durationMs":1,"slow":false},"duration":1,"error":null}

[90mstdout[2m | tests/unit/keyword-matcher.test.js[2m > [22m[2mKeyword Matcher[2m > [22m[2mmatchTopics[2m > [22m[2munmatched goes to unmatched array[22m[39m
[INFO] {"timestamp":"2026-02-20T23:38:28.601Z","level":"info","category":"test","action":"test_complete","requestId":null,"ip":null,"details":{"test":"unmatched goes to unmatched array","file":"unit/keyword-matcher.test.js","durationMs":1,"slow":false},"duration":1,"error":null}

[90mstdout[2m | tests/unit/keyword-matcher.test.js[2m > [22m[2mKeyword Matcher[2m > [22m[2mmatchTopics[2m > [22m[2mignores archived topics[22m[39m
[INFO] {"timestamp":"2026-02-20T23:38:28.603Z","level":"info","category":"test","action":"test_complete","requestId":null,"ip":null,"details":{"test":"ignores archived topics","file":"unit/keyword-matcher.test.js","durationMs":2,"slow":false},"duration":2,"error":null}

[90mstdout[2m | tests/unit/keyword-matcher.test.js[2m > [22m[2mKeyword Matcher[2m > [22m[2mmatchTopics[2m > [22m[2mcase-insensitive matching[22m[39m
[INFO] {"timestamp":"2026-02-20T23:38:28.604Z","level":"info","category":"test","action":"test_complete","requestId":null,"ip":null,"details":{"test":"case-insensitive matching","file":"unit/keyword-matcher.test.js","durationMs":1,"slow":false},"duration":1,"error":null}

[90mstdout[2m | tests/unit/keyword-matcher.test.js[2m > [22m[2mKeyword Matcher[2m > [22m[2mmatchTopics[2m > [22m[2mskips empty/null entries[22m[39m
[INFO] {"timestamp":"2026-02-20T23:38:28.605Z","level":"info","category":"test","action":"test_complete","requestId":null,"ip":null,"details":{"test":"skips empty/null entries","file":"unit/keyword-matcher.test.js","durationMs":1,"slow":false},"duration":1,"error":null}

[90mstdout[2m | tests/unit/keyword-matcher.test.js[2m > [22m[2mKeyword Matcher[2m > [22m[2mmatchTopics[2m > [22m[2mreturns empty for empty input[22m[39m
[INFO] {"timestamp":"2026-02-20T23:38:28.607Z","level":"info","category":"test","action":"test_complete","requestId":null,"ip":null,"details":{"test":"returns empty for empty input","file":"unit/keyword-matcher.test.js","durationMs":1,"slow":false},"duration":1,"error":null}

[90mstdout[2m | tests/unit/keyword-matcher.test.js[2m > [22m[2mKeyword Matcher[2m > [22m[2mstoreQuoteTopicsDirect[2m > [22m[2minserts into quote_topics[22m[39m
[INFO] {"timestamp":"2026-02-20T23:38:28.608Z","level":"info","category":"test","action":"test_complete","requestId":null,"ip":null,"details":{"test":"inserts into quote_topics","file":"unit/keyword-matcher.test.js","durationMs":1,"slow":false},"duration":1,"error":null}

[90mstdout[2m | tests/unit/keyword-matcher.test.js[2m > [22m[2mKeyword Matcher[2m > [22m[2mstoreQuoteTopicsDirect[2m > [22m[2mrespects temporal scoping — excludes out-of-range topics[22m[39m
[INFO] {"timestamp":"2026-02-20T23:38:28.609Z","level":"info","category":"test","action":"test_complete","requestId":null,"ip":null,"details":{"test":"respects temporal scoping — excludes out-of-range topics","file":"unit/keyword-matcher.test.js","durationMs":1,"slow":false},"duration":1,"error":null}

[90mstdout[2m | tests/unit/keyword-matcher.test.js[2m > [22m[2mKeyword Matcher[2m > [22m[2mstoreQuoteTopicsDirect[2m > [22m[2mincludes in-range topics[22m[39m
[INFO] {"timestamp":"2026-02-20T23:38:28.611Z","level":"info","category":"test","action":"test_complete","requestId":null,"ip":null,"details":{"test":"includes in-range topics","file":"unit/keyword-matcher.test.js","durationMs":1,"slow":false},"duration":1,"error":null}

[90mstdout[2m | tests/unit/keyword-matcher.test.js[2m > [22m[2mKeyword Matcher[2m > [22m[2mstoreQuoteTopicsDirect[2m > [22m[2mhandles null quoteDate — includes all topics[22m[39m
[INFO] {"timestamp":"2026-02-20T23:38:28.612Z","level":"info","category":"test","action":"test_complete","requestId":null,"ip":null,"details":{"test":"handles null quoteDate — includes all topics","file":"unit/keyword-matcher.test.js","durationMs":1,"slow":false},"duration":1,"error":null}

[90mstdout[2m | tests/unit/keyword-matcher.test.js[2m > [22m[2mKeyword Matcher[2m > [22m[2mstoreQuoteTopicsDirect[2m > [22m[2mignores duplicate insertions[22m[39m
[INFO] {"timestamp":"2026-02-20T23:38:28.614Z","level":"info","category":"test","action":"test_complete","requestId":null,"ip":null,"details":{"test":"ignores duplicate insertions","file":"unit/keyword-matcher.test.js","durationMs":1,"slow":false},"duration":1,"error":null}

[90mstdout[2m | tests/unit/keyword-matcher.test.js[22m[39m
[INFO] {"timestamp":"2026-02-20T23:38:28.614Z","level":"info","category":"test","action":"file_complete","requestId":null,"ip":null,"details":{"file":"unit/keyword-matcher.test.js","durationMs":69,"slow":false},"duration":69,"error":null}

 [32m✓[39m tests/unit/keyword-matcher.test.js [2m ([22m[2m31 tests[22m[2m)[22m[90m 70[2mms[22m[39m
[90mstdout[2m | tests/integration/topics-api.test.js[2m > [22m[2mTopics API[22m[39m
[startup] Database state: 0 sources, 0 persons, 0 quotes, 0 articles
[startup] Database path: E:\Github Repos\QuoteLog02\data\database.sqlite
[startup] Seeded 219 sources from sources-seed.json
[startup] Linked 219 sources to source_authors

[90mstderr[2m | tests/integration/topics-api.test.js[2m > [22m[2mTopics API[22m[39m
[startup] WARNING: 0 sources detected — auto-seeding from sources-seed.json

[90mstdout[2m | tests/integration/topics-api.test.js[2m > [22m[2mTopics API[2m > [22m[2mAuth protection[2m > [22m[2mGET /api/admin/topics returns 401 without auth[22m[39m
[INFO] {"timestamp":"2026-02-20T23:38:33.641Z","level":"info","category":"api","action":"request_complete","requestId":null,"ip":null,"details":{"method":"GET","path":"/topics","statusCode":401,"duration":8,"requestId":"073e7727-355f-4b38-8abf-74a9b0ce2adc","ip":"::ffff:127.0.0.1"},"duration":null,"error":null}

[90mstdout[2m | tests/integration/topics-api.test.js[2m > [22m[2mTopics API[2m > [22m[2mAuth protection[2m > [22m[2mGET /api/admin/topics returns 401 without auth[22m[39m
[INFO] {"timestamp":"2026-02-20T23:38:33.647Z","level":"info","category":"test","action":"test_complete","requestId":null,"ip":null,"details":{"test":"GET /api/admin/topics returns 401 without auth","file":"integration/topics-api.test.js","durationMs":26,"slow":false},"duration":26,"error":null}

[90mstdout[2m | tests/integration/topics-api.test.js[2m > [22m[2mTopics API[2m > [22m[2mAuth protection[2m > [22m[2mPOST /api/admin/topics returns 401 without auth[22m[39m
[INFO] {"timestamp":"2026-02-20T23:38:33.665Z","level":"info","category":"api","action":"request_complete","requestId":null,"ip":null,"details":{"method":"POST","path":"/topics","statusCode":401,"duration":1,"requestId":"9219d858-8c0c-4d34-b0b6-fc1b23bcac84","ip":"::ffff:127.0.0.1"},"duration":null,"error":null}
[INFO] {"timestamp":"2026-02-20T23:38:33.670Z","level":"info","category":"test","action":"test_complete","requestId":null,"ip":null,"details":{"test":"POST /api/admin/topics returns 401 without auth","file":"integration/topics-api.test.js","durationMs":23,"slow":false},"duration":23,"error":null}

[90mstdout[2m | tests/integration/topics-api.test.js[2m > [22m[2mTopics API[2m > [22m[2mCRUD operations[2m > [22m[2mPOST /api/admin/topics creates a topic[22m[39m
[INFO] {"timestamp":"2026-02-20T23:38:33.678Z","level":"info","category":"api","action":"request_complete","requestId":null,"ip":null,"details":{"method":"POST","path":"/topics","statusCode":201,"duration":3,"requestId":"64bcc007-26f1-47c8-b7ce-195753bbff27","ip":"::ffff:127.0.0.1"},"duration":null,"error":null}
[INFO] {"timestamp":"2026-02-20T23:38:33.680Z","level":"info","category":"test","action":"test_complete","requestId":null,"ip":null,"details":{"test":"POST /api/admin/topics creates a topic","file":"integration/topics-api.test.js","durationMs":9,"slow":false},"duration":9,"error":null}

[90mstdout[2m | tests/integration/topics-api.test.js[2m > [22m[2mTopics API[2m > [22m[2mCRUD operations[2m > [22m[2mPOST /api/admin/topics creates a topic with all fields[22m[39m
[INFO] {"timestamp":"2026-02-20T23:38:33.686Z","level":"info","category":"api","action":"request_complete","requestId":null,"ip":null,"details":{"method":"POST","path":"/topics","statusCode":201,"duration":3,"requestId":"a248ba86-5484-45b0-86d7-35fb8df1bace","ip":"::ffff:127.0.0.1"},"duration":null,"error":null}
[INFO] {"timestamp":"2026-02-20T23:38:33.687Z","level":"info","category":"test","action":"test_complete","requestId":null,"ip":null,"details":{"test":"POST /api/admin/topics creates a topic with all fields","file":"integration/topics-api.test.js","durationMs":7,"slow":false},"duration":7,"error":null}

[90mstdout[2m | tests/integration/topics-api.test.js[2m > [22m[2mTopics API[2m > [22m[2mCRUD operations[2m > [22m[2mPOST /api/admin/topics creates a topic with aliases[22m[39m
[INFO] {"timestamp":"2026-02-20T23:38:33.693Z","level":"info","category":"api","action":"request_complete","requestId":null,"ip":null,"details":{"method":"POST","path":"/topics","statusCode":201,"duration":3,"requestId":"e82f362b-e1d6-4cf9-a8cd-afa4d0eae8d9","ip":"::ffff:127.0.0.1"},"duration":null,"error":null}

[90mstdout[2m | tests/integration/topics-api.test.js[2m > [22m[2mTopics API[2m > [22m[2mCRUD operations[2m > [22m[2mPOST /api/admin/topics creates a topic with aliases[22m[39m
[INFO] {"timestamp":"2026-02-20T23:38:33.699Z","level":"info","category":"api","action":"request_complete","requestId":null,"ip":null,"details":{"method":"GET","path":"/topics/3","statusCode":200,"duration":3,"requestId":"b00a7d06-b6a9-43f5-a744-8ce60b948d29","ip":"::ffff:127.0.0.1"},"duration":null,"error":null}

[90mstdout[2m | tests/integration/topics-api.test.js[2m > [22m[2mTopics API[2m > [22m[2mCRUD operations[2m > [22m[2mPOST /api/admin/topics creates a topic with aliases[22m[39m
[INFO] {"timestamp":"2026-02-20T23:38:33.701Z","level":"info","category":"test","action":"test_complete","requestId":null,"ip":null,"details":{"test":"POST /api/admin/topics creates a topic with aliases","file":"integration/topics-api.test.js","durationMs":14,"slow":false},"duration":14,"error":null}

[90mstdout[2m | tests/integration/topics-api.test.js[2m > [22m[2mTopics API[2m > [22m[2mCRUD operations[2m > [22m[2mPOST /api/admin/topics rejects duplicate names[22m[39m
[INFO] {"timestamp":"2026-02-20T23:38:33.706Z","level":"info","category":"api","action":"request_complete","requestId":null,"ip":null,"details":{"method":"POST","path":"/topics","statusCode":409,"duration":2,"requestId":"24ed43a9-668e-43cd-be33-bf8f469820f5","ip":"::ffff:127.0.0.1"},"duration":null,"error":null}

[90mstdout[2m | tests/integration/topics-api.test.js[2m > [22m[2mTopics API[2m > [22m[2mCRUD operations[2m > [22m[2mPOST /api/admin/topics rejects duplicate names[22m[39m
[INFO] {"timestamp":"2026-02-20T23:38:33.707Z","level":"info","category":"test","action":"test_complete","requestId":null,"ip":null,"details":{"test":"POST /api/admin/topics rejects duplicate names","file":"integration/topics-api.test.js","durationMs":6,"slow":false},"duration":6,"error":null}

[90mstdout[2m | tests/integration/topics-api.test.js[2m > [22m[2mTopics API[2m > [22m[2mCRUD operations[2m > [22m[2mPOST /api/admin/topics rejects empty name[22m[39m
[INFO] {"timestamp":"2026-02-20T23:38:33.712Z","level":"info","category":"api","action":"request_complete","requestId":null,"ip":null,"details":{"method":"POST","path":"/topics","statusCode":400,"duration":2,"requestId":"21b2788d-b0f6-4352-9242-a58b75cc045c","ip":"::ffff:127.0.0.1"},"duration":null,"error":null}
[INFO] {"timestamp":"2026-02-20T23:38:33.713Z","level":"info","category":"test","action":"test_complete","requestId":null,"ip":null,"details":{"test":"POST /api/admin/topics rejects empty name","file":"integration/topics-api.test.js","durationMs":5,"slow":false},"duration":5,"error":null}

[90mstdout[2m | tests/integration/topics-api.test.js[2m > [22m[2mTopics API[2m > [22m[2mCRUD operations[2m > [22m[2mPOST /api/admin/topics rejects missing name[22m[39m
[INFO] {"timestamp":"2026-02-20T23:38:33.719Z","level":"info","category":"api","action":"request_complete","requestId":null,"ip":null,"details":{"method":"POST","path":"/topics","statusCode":400,"duration":2,"requestId":"8ed5b789-9a5c-41e5-bd8f-7bdb48f2cc06","ip":"::ffff:127.0.0.1"},"duration":null,"error":null}
[INFO] {"timestamp":"2026-02-20T23:38:33.720Z","level":"info","category":"test","action":"test_complete","requestId":null,"ip":null,"details":{"test":"POST /api/admin/topics rejects missing name","file":"integration/topics-api.test.js","durationMs":7,"slow":false},"duration":7,"error":null}

[90mstdout[2m | tests/integration/topics-api.test.js[2m > [22m[2mTopics API[2m > [22m[2mCRUD operations[2m > [22m[2mGET /api/admin/topics lists topics with keyword_count and quote_count[22m[39m
[INFO] {"timestamp":"2026-02-20T23:38:33.726Z","level":"info","category":"api","action":"request_complete","requestId":null,"ip":null,"details":{"method":"GET","path":"/topics","statusCode":200,"duration":3,"requestId":"bac2ccf4-a40d-41ff-bd48-04ea1ef6df5f","ip":"::ffff:127.0.0.1"},"duration":null,"error":null}
[INFO] {"timestamp":"2026-02-20T23:38:33.727Z","level":"info","category":"test","action":"test_complete","requestId":null,"ip":null,"details":{"test":"GET /api/admin/topics lists topics with keyword_count and quote_count","file":"integration/topics-api.test.js","durationMs":7,"slow":false},"duration":7,"error":null}

[90mstdout[2m | tests/integration/topics-api.test.js[2m > [22m[2mTopics API[2m > [22m[2mCRUD operations[2m > [22m[2mGET /api/admin/topics?status=draft filters by status[22m[39m
[INFO] {"timestamp":"2026-02-20T23:38:33.733Z","level":"info","category":"api","action":"request_complete","requestId":null,"ip":null,"details":{"method":"GET","path":"/topics","statusCode":200,"duration":2,"requestId":"70c4eeec-7cb8-4c22-ba49-a62abc9ecb36","ip":"::ffff:127.0.0.1"},"duration":null,"error":null}

[90mstdout[2m | tests/integration/topics-api.test.js[2m > [22m[2mTopics API[2m > [22m[2mCRUD operations[2m > [22m[2mGET /api/admin/topics?status=draft filters by status[22m[39m
[INFO] {"timestamp":"2026-02-20T23:38:33.734Z","level":"info","category":"test","action":"test_complete","requestId":null,"ip":null,"details":{"test":"GET /api/admin/topics?status=draft filters by status","file":"integration/topics-api.test.js","durationMs":6,"slow":false},"duration":6,"error":null}

[90mstdout[2m | tests/integration/topics-api.test.js[2m > [22m[2mTopics API[2m > [22m[2mCRUD operations[2m > [22m[2mGET /api/admin/topics/:id returns topic with aliases and keywords[22m[39m
[INFO] {"timestamp":"2026-02-20T23:38:33.739Z","level":"info","category":"api","action":"request_complete","requestId":null,"ip":null,"details":{"method":"GET","path":"/topics/1","statusCode":200,"duration":3,"requestId":"3c3e1785-abc5-4b90-b8d9-392d25cf6977","ip":"::ffff:127.0.0.1"},"duration":null,"error":null}
[INFO] {"timestamp":"2026-02-20T23:38:33.740Z","level":"info","category":"test","action":"test_complete","requestId":null,"ip":null,"details":{"test":"GET /api/admin/topics/:id returns topic with aliases and keywords","file":"integration/topics-api.test.js","durationMs":5,"slow":false},"duration":5,"error":null}

[90mstdout[2m | tests/integration/topics-api.test.js[2m > [22m[2mTopics API[2m > [22m[2mCRUD operations[2m > [22m[2mGET /api/admin/topics/:id returns 404 for missing topic[22m[39m
[INFO] {"timestamp":"2026-02-20T23:38:33.744Z","level":"info","category":"api","action":"request_complete","requestId":null,"ip":null,"details":{"method":"GET","path":"/topics/99999","statusCode":404,"duration":2,"requestId":"9781d345-1c9a-46e2-9295-f9cb88055ff8","ip":"::ffff:127.0.0.1"},"duration":null,"error":null}
[INFO] {"timestamp":"2026-02-20T23:38:33.745Z","level":"info","category":"test","action":"test_complete","requestId":null,"ip":null,"details":{"test":"GET /api/admin/topics/:id returns 404 for missing topic","file":"integration/topics-api.test.js","durationMs":5,"slow":false},"duration":5,"error":null}

[90mstdout[2m | tests/integration/topics-api.test.js[2m > [22m[2mTopics API[2m > [22m[2mCRUD operations[2m > [22m[2mPUT /api/admin/topics/:id updates name and slug[22m[39m
[INFO] {"timestamp":"2026-02-20T23:38:33.750Z","level":"info","category":"api","action":"request_complete","requestId":null,"ip":null,"details":{"method":"PUT","path":"/topics/1","statusCode":200,"duration":2,"requestId":"d110458a-020c-489f-bf4d-c2f9f7f0d32c","ip":"::ffff:127.0.0.1"},"duration":null,"error":null}
[INFO] {"timestamp":"2026-02-20T23:38:33.751Z","level":"info","category":"test","action":"test_complete","requestId":null,"ip":null,"details":{"test":"PUT /api/admin/topics/:id updates name and slug","file":"integration/topics-api.test.js","durationMs":6,"slow":false},"duration":6,"error":null}

[90mstdout[2m | tests/integration/topics-api.test.js[2m > [22m[2mTopics API[2m > [22m[2mCRUD operations[2m > [22m[2mPUT /api/admin/topics/:id updates status[22m[39m
[INFO] {"timestamp":"2026-02-20T23:38:33.756Z","level":"info","category":"api","action":"request_complete","requestId":null,"ip":null,"details":{"method":"PUT","path":"/topics/1","statusCode":200,"duration":2,"requestId":"027afc28-517d-40c4-8ef0-8be92cd2c72b","ip":"::ffff:127.0.0.1"},"duration":null,"error":null}
[INFO] {"timestamp":"2026-02-20T23:38:33.757Z","level":"info","category":"test","action":"test_complete","requestId":null,"ip":null,"details":{"test":"PUT /api/admin/topics/:id updates status","file":"integration/topics-api.test.js","durationMs":6,"slow":false},"duration":6,"error":null}

[90mstdout[2m | tests/integration/topics-api.test.js[2m > [22m[2mTopics API[2m > [22m[2mCRUD operations[2m > [22m[2mPUT /api/admin/topics/:id updates description[22m[39m
[INFO] {"timestamp":"2026-02-20T23:38:33.762Z","level":"info","category":"api","action":"request_complete","requestId":null,"ip":null,"details":{"method":"PUT","path":"/topics/1","statusCode":200,"duration":2,"requestId":"d4136bbf-9e8a-4e94-80fc-c351d5664ffa","ip":"::ffff:127.0.0.1"},"duration":null,"error":null}
[INFO] {"timestamp":"2026-02-20T23:38:33.763Z","level":"info","category":"test","action":"test_complete","requestId":null,"ip":null,"details":{"test":"PUT /api/admin/topics/:id updates description","file":"integration/topics-api.test.js","durationMs":5,"slow":false},"duration":5,"error":null}

[90mstdout[2m | tests/integration/topics-api.test.js[2m > [22m[2mTopics API[2m > [22m[2mCRUD operations[2m > [22m[2mPUT /api/admin/topics/:id returns 404 for missing topic[22m[39m
[INFO] {"timestamp":"2026-02-20T23:38:33.767Z","level":"info","category":"api","action":"request_complete","requestId":null,"ip":null,"details":{"method":"PUT","path":"/topics/99999","statusCode":404,"duration":2,"requestId":"0926dc89-5336-4cb6-8add-756ce82fa31f","ip":"::ffff:127.0.0.1"},"duration":null,"error":null}
[INFO] {"timestamp":"2026-02-20T23:38:33.768Z","level":"info","category":"test","action":"test_complete","requestId":null,"ip":null,"details":{"test":"PUT /api/admin/topics/:id returns 404 for missing topic","file":"integration/topics-api.test.js","durationMs":5,"slow":false},"duration":5,"error":null}

[90mstdout[2m | tests/integration/topics-api.test.js[2m > [22m[2mTopics API[2m > [22m[2mCRUD operations[2m > [22m[2mPUT /api/admin/topics/:id rejects empty name[22m[39m
[INFO] {"timestamp":"2026-02-20T23:38:33.789Z","level":"info","category":"api","action":"request_complete","requestId":null,"ip":null,"details":{"method":"PUT","path":"/topics/1","statusCode":400,"duration":2,"requestId":"6e833ed2-bb07-44c9-950d-2c2f32a04a61","ip":"::ffff:127.0.0.1"},"duration":null,"error":null}

[90mstdout[2m | tests/integration/topics-api.test.js[2m > [22m[2mTopics API[2m > [22m[2mCRUD operations[2m > [22m[2mPUT /api/admin/topics/:id rejects empty name[22m[39m
[INFO] {"timestamp":"2026-02-20T23:38:33.790Z","level":"info","category":"test","action":"test_complete","requestId":null,"ip":null,"details":{"test":"PUT /api/admin/topics/:id rejects empty name","file":"integration/topics-api.test.js","durationMs":8,"slow":false},"duration":8,"error":null}

[90mstdout[2m | tests/integration/topics-api.test.js[2m > [22m[2mTopics API[2m > [22m[2mCRUD operations[2m > [22m[2mDELETE /api/admin/topics/:id deletes a topic[22m[39m
[INFO] {"timestamp":"2026-02-20T23:38:33.795Z","level":"info","category":"api","action":"request_complete","requestId":null,"ip":null,"details":{"method":"POST","path":"/topics","statusCode":201,"duration":2,"requestId":"e02673f7-2f66-45c5-9be2-89fe5ba991d5","ip":"::ffff:127.0.0.1"},"duration":null,"error":null}

[90mstdout[2m | tests/integration/topics-api.test.js[2m > [22m[2mTopics API[2m > [22m[2mCRUD operations[2m > [22m[2mDELETE /api/admin/topics/:id deletes a topic[22m[39m
[INFO] {"timestamp":"2026-02-20T23:38:33.800Z","level":"info","category":"api","action":"request_complete","requestId":null,"ip":null,"details":{"method":"DELETE","path":"/topics/4","statusCode":200,"duration":2,"requestId":"e01ee18a-47b4-465a-adee-4afa73997c8f","ip":"::ffff:127.0.0.1"},"duration":null,"error":null}

[90mstdout[2m | tests/integration/topics-api.test.js[2m > [22m[2mTopics API[2m > [22m[2mCRUD operations[2m > [22m[2mDELETE /api/admin/topics/:id deletes a topic[22m[39m
[INFO] {"timestamp":"2026-02-20T23:38:33.806Z","level":"info","category":"api","action":"request_complete","requestId":null,"ip":null,"details":{"method":"GET","path":"/topics/4","statusCode":404,"duration":3,"requestId":"e32fbd36-d2b1-46cc-addd-d10e3a571c49","ip":"::ffff:127.0.0.1"},"duration":null,"error":null}
[INFO] {"timestamp":"2026-02-20T23:38:33.807Z","level":"info","category":"test","action":"test_complete","requestId":null,"ip":null,"details":{"test":"DELETE /api/admin/topics/:id deletes a topic","file":"integration/topics-api.test.js","durationMs":16,"slow":false},"duration":16,"error":null}

[90mstdout[2m | tests/integration/topics-api.test.js[2m > [22m[2mTopics API[2m > [22m[2mCRUD operations[2m > [22m[2mDELETE /api/admin/topics/:id returns 404 for missing topic[22m[39m
[INFO] {"timestamp":"2026-02-20T23:38:33.811Z","level":"info","category":"api","action":"request_complete","requestId":null,"ip":null,"details":{"method":"DELETE","path":"/topics/99999","statusCode":404,"duration":2,"requestId":"3588537b-89ee-4c30-894c-5a2cb8420455","ip":"::ffff:127.0.0.1"},"duration":null,"error":null}

[90mstdout[2m | tests/integration/topics-api.test.js[2m > [22m[2mTopics API[2m > [22m[2mCRUD operations[2m > [22m[2mDELETE /api/admin/topics/:id returns 404 for missing topic[22m[39m
[INFO] {"timestamp":"2026-02-20T23:38:33.812Z","level":"info","category":"test","action":"test_complete","requestId":null,"ip":null,"details":{"test":"DELETE /api/admin/topics/:id returns 404 for missing topic","file":"integration/topics-api.test.js","durationMs":5,"slow":false},"duration":5,"error":null}

[90mstdout[2m | tests/integration/topics-api.test.js[2m > [22m[2mTopics API[2m > [22m[2mAlias management[22m[39m
[INFO] {"timestamp":"2026-02-20T23:38:33.817Z","level":"info","category":"api","action":"request_complete","requestId":null,"ip":null,"details":{"method":"POST","path":"/topics","statusCode":201,"duration":2,"requestId":"7e21efef-b44e-4d7d-932f-7862cfbf1ea8","ip":"::ffff:127.0.0.1"},"duration":null,"error":null}

[90mstdout[2m | tests/integration/topics-api.test.js[2m > [22m[2mTopics API[2m > [22m[2mAlias management[2m > [22m[2mPOST /api/admin/topics/:id/aliases adds an alias[22m[39m
[INFO] {"timestamp":"2026-02-20T23:38:33.822Z","level":"info","category":"api","action":"request_complete","requestId":null,"ip":null,"details":{"method":"POST","path":"/topics/5/aliases","statusCode":201,"duration":2,"requestId":"743e7d87-d7da-40a0-991c-dc92503e1c73","ip":"::ffff:127.0.0.1"},"duration":null,"error":null}

[90mstdout[2m | tests/integration/topics-api.test.js[2m > [22m[2mTopics API[2m > [22m[2mAlias management[2m > [22m[2mPOST /api/admin/topics/:id/aliases adds an alias[22m[39m
[INFO] {"timestamp":"2026-02-20T23:38:33.823Z","level":"info","category":"test","action":"test_complete","requestId":null,"ip":null,"details":{"test":"POST /api/admin/topics/:id/aliases adds an alias","file":"integration/topics-api.test.js","durationMs":5,"slow":false},"duration":5,"error":null}

[90mstdout[2m | tests/integration/topics-api.test.js[2m > [22m[2mTopics API[2m > [22m[2mAlias management[2m > [22m[2mPOST /api/admin/topics/:id/aliases rejects duplicate alias[22m[39m
[INFO] {"timestamp":"2026-02-20T23:38:33.828Z","level":"info","category":"api","action":"request_complete","requestId":null,"ip":null,"details":{"method":"POST","path":"/topics/5/aliases","statusCode":409,"duration":2,"requestId":"13ac5225-3005-4264-a4bb-555278444241","ip":"::ffff:127.0.0.1"},"duration":null,"error":null}
[INFO] {"timestamp":"2026-02-20T23:38:33.829Z","level":"info","category":"test","action":"test_complete","requestId":null,"ip":null,"details":{"test":"POST /api/admin/topics/:id/aliases rejects duplicate alias","file":"integration/topics-api.test.js","durationMs":5,"slow":false},"duration":5,"error":null}

[90mstdout[2m | tests/integration/topics-api.test.js[2m > [22m[2mTopics API[2m > [22m[2mAlias management[2m > [22m[2mPOST /api/admin/topics/:id/aliases rejects empty alias[22m[39m
[INFO] {"timestamp":"2026-02-20T23:38:33.833Z","level":"info","category":"api","action":"request_complete","requestId":null,"ip":null,"details":{"method":"POST","path":"/topics/5/aliases","statusCode":400,"duration":2,"requestId":"04711ea5-0bf3-42c3-90a8-a2ee80a7eb2e","ip":"::ffff:127.0.0.1"},"duration":null,"error":null}
[INFO] {"timestamp":"2026-02-20T23:38:33.834Z","level":"info","category":"test","action":"test_complete","requestId":null,"ip":null,"details":{"test":"POST /api/admin/topics/:id/aliases rejects empty alias","file":"integration/topics-api.test.js","durationMs":5,"slow":false},"duration":5,"error":null}

[90mstdout[2m | tests/integration/topics-api.test.js[2m > [22m[2mTopics API[2m > [22m[2mAlias management[2m > [22m[2mPOST /api/admin/topics/:id/aliases rejects missing alias[22m[39m
[INFO] {"timestamp":"2026-02-20T23:38:33.838Z","level":"info","category":"api","action":"request_complete","requestId":null,"ip":null,"details":{"method":"POST","path":"/topics/5/aliases","statusCode":400,"duration":2,"requestId":"758dc76c-c10d-41d5-a354-e733d04cd549","ip":"::ffff:127.0.0.1"},"duration":null,"error":null}
[INFO] {"timestamp":"2026-02-20T23:38:33.839Z","level":"info","category":"test","action":"test_complete","requestId":null,"ip":null,"details":{"test":"POST /api/admin/topics/:id/aliases rejects missing alias","file":"integration/topics-api.test.js","durationMs":5,"slow":false},"duration":5,"error":null}

[90mstdout[2m | tests/integration/topics-api.test.js[2m > [22m[2mTopics API[2m > [22m[2mAlias management[2m > [22m[2mPOST /api/admin/topics/:id/aliases returns 404 for missing topic[22m[39m
[INFO] {"timestamp":"2026-02-20T23:38:33.843Z","level":"info","category":"api","action":"request_complete","requestId":null,"ip":null,"details":{"method":"POST","path":"/topics/99999/aliases","statusCode":404,"duration":2,"requestId":"2c397917-28f8-4a57-a309-8075e2907e09","ip":"::ffff:127.0.0.1"},"duration":null,"error":null}

[90mstdout[2m | tests/integration/topics-api.test.js[2m > [22m[2mTopics API[2m > [22m[2mAlias management[2m > [22m[2mPOST /api/admin/topics/:id/aliases returns 404 for missing topic[22m[39m
[INFO] {"timestamp":"2026-02-20T23:38:33.844Z","level":"info","category":"test","action":"test_complete","requestId":null,"ip":null,"details":{"test":"POST /api/admin/topics/:id/aliases returns 404 for missing topic","file":"integration/topics-api.test.js","durationMs":5,"slow":false},"duration":5,"error":null}

[90mstdout[2m | tests/integration/topics-api.test.js[2m > [22m[2mTopics API[2m > [22m[2mAlias management[2m > [22m[2mGET /api/admin/topics/:id includes aliases[22m[39m
[INFO] {"timestamp":"2026-02-20T23:38:33.849Z","level":"info","category":"api","action":"request_complete","requestId":null,"ip":null,"details":{"method":"GET","path":"/topics/5","statusCode":200,"duration":3,"requestId":"dfcd227a-391f-436b-ad56-be05d2f8f002","ip":"::ffff:127.0.0.1"},"duration":null,"error":null}
[INFO] {"timestamp":"2026-02-20T23:38:33.850Z","level":"info","category":"test","action":"test_complete","requestId":null,"ip":null,"details":{"test":"GET /api/admin/topics/:id includes aliases","file":"integration/topics-api.test.js","durationMs":5,"slow":false},"duration":5,"error":null}

[90mstdout[2m | tests/integration/topics-api.test.js[2m > [22m[2mTopics API[2m > [22m[2mAlias management[2m > [22m[2mDELETE /api/admin/topics/:id/aliases/:aliasId removes an alias[22m[39m
[INFO] {"timestamp":"2026-02-20T23:38:33.854Z","level":"info","category":"api","action":"request_complete","requestId":null,"ip":null,"details":{"method":"DELETE","path":"/topics/5/aliases/3","statusCode":200,"duration":2,"requestId":"25a33d25-d619-4722-b122-4cd716c0274d","ip":"::ffff:127.0.0.1"},"duration":null,"error":null}

[90mstdout[2m | tests/integration/topics-api.test.js[2m > [22m[2mTopics API[2m > [22m[2mAlias management[2m > [22m[2mDELETE /api/admin/topics/:id/aliases/:aliasId removes an alias[22m[39m
[INFO] {"timestamp":"2026-02-20T23:38:33.859Z","level":"info","category":"api","action":"request_complete","requestId":null,"ip":null,"details":{"method":"GET","path":"/topics/5","statusCode":200,"duration":2,"requestId":"3986644a-eabc-4b6d-995f-57cff5924c29","ip":"::ffff:127.0.0.1"},"duration":null,"error":null}

[90mstdout[2m | tests/integration/topics-api.test.js[2m > [22m[2mTopics API[2m > [22m[2mAlias management[2m > [22m[2mDELETE /api/admin/topics/:id/aliases/:aliasId removes an alias[22m[39m
[INFO] {"timestamp":"2026-02-20T23:38:33.860Z","level":"info","category":"test","action":"test_complete","requestId":null,"ip":null,"details":{"test":"DELETE /api/admin/topics/:id/aliases/:aliasId removes an alias","file":"integration/topics-api.test.js","durationMs":10,"slow":false},"duration":10,"error":null}

[90mstdout[2m | tests/integration/topics-api.test.js[2m > [22m[2mTopics API[2m > [22m[2mAlias management[2m > [22m[2mDELETE /api/admin/topics/:id/aliases/:aliasId returns 404 if not found[22m[39m
[INFO] {"timestamp":"2026-02-20T23:38:33.864Z","level":"info","category":"api","action":"request_complete","requestId":null,"ip":null,"details":{"method":"DELETE","path":"/topics/5/aliases/99999","statusCode":404,"duration":2,"requestId":"6c5ae86e-a8b2-4e5b-b36b-4f245b228882","ip":"::ffff:127.0.0.1"},"duration":null,"error":null}

[90mstdout[2m | tests/integration/topics-api.test.js[2m > [22m[2mTopics API[2m > [22m[2mAlias management[2m > [22m[2mDELETE /api/admin/topics/:id/aliases/:aliasId returns 404 if not found[22m[39m
[INFO] {"timestamp":"2026-02-20T23:38:33.865Z","level":"info","category":"test","action":"test_complete","requestId":null,"ip":null,"details":{"test":"DELETE /api/admin/topics/:id/aliases/:aliasId returns 404 if not found","file":"integration/topics-api.test.js","durationMs":5,"slow":false},"duration":5,"error":null}

[90mstdout[2m | tests/integration/topics-api.test.js[2m > [22m[2mTopics API[2m > [22m[2mKeyword linking[22m[39m
[INFO] {"timestamp":"2026-02-20T23:38:33.870Z","level":"info","category":"api","action":"request_complete","requestId":null,"ip":null,"details":{"method":"POST","path":"/topics","statusCode":201,"duration":2,"requestId":"23e308d2-991b-4c1d-a5e6-fe6a16f21340","ip":"::ffff:127.0.0.1"},"duration":null,"error":null}

[90mstdout[2m | tests/integration/topics-api.test.js[2m > [22m[2mTopics API[2m > [22m[2mKeyword linking[2m > [22m[2mPOST /api/admin/topics/:id/keywords links a keyword[22m[39m
[INFO] {"timestamp":"2026-02-20T23:38:33.876Z","level":"info","category":"api","action":"request_complete","requestId":null,"ip":null,"details":{"method":"POST","path":"/topics/6/keywords","statusCode":201,"duration":2,"requestId":"3f4af4e8-e2b4-416f-a5e3-03bcf63c9d65","ip":"::ffff:127.0.0.1"},"duration":null,"error":null}

[90mstdout[2m | tests/integration/topics-api.test.js[2m > [22m[2mTopics API[2m > [22m[2mKeyword linking[2m > [22m[2mPOST /api/admin/topics/:id/keywords links a keyword[22m[39m
[INFO] {"timestamp":"2026-02-20T23:38:33.877Z","level":"info","category":"test","action":"test_complete","requestId":null,"ip":null,"details":{"test":"POST /api/admin/topics/:id/keywords links a keyword","file":"integration/topics-api.test.js","durationMs":5,"slow":false},"duration":5,"error":null}

[90mstdout[2m | tests/integration/topics-api.test.js[2m > [22m[2mTopics API[2m > [22m[2mKeyword linking[2m > [22m[2mPOST /api/admin/topics/:id/keywords rejects duplicate link[22m[39m
[INFO] {"timestamp":"2026-02-20T23:38:33.881Z","level":"info","category":"api","action":"request_complete","requestId":null,"ip":null,"details":{"method":"POST","path":"/topics/6/keywords","statusCode":409,"duration":1,"requestId":"5920fe48-d646-40d0-a42c-c73abb59566e","ip":"::ffff:127.0.0.1"},"duration":null,"error":null}
[INFO] {"timestamp":"2026-02-20T23:38:33.882Z","level":"info","category":"test","action":"test_complete","requestId":null,"ip":null,"details":{"test":"POST /api/admin/topics/:id/keywords rejects duplicate link","file":"integration/topics-api.test.js","durationMs":5,"slow":false},"duration":5,"error":null}

[90mstdout[2m | tests/integration/topics-api.test.js[2m > [22m[2mTopics API[2m > [22m[2mKeyword linking[2m > [22m[2mPOST /api/admin/topics/:id/keywords rejects missing keyword_id[22m[39m
[INFO] {"timestamp":"2026-02-20T23:38:33.887Z","level":"info","category":"api","action":"request_complete","requestId":null,"ip":null,"details":{"method":"POST","path":"/topics/6/keywords","statusCode":400,"duration":2,"requestId":"741bf5de-d740-4302-a52a-84eff4c18be7","ip":"::ffff:127.0.0.1"},"duration":null,"error":null}
[INFO] {"timestamp":"2026-02-20T23:38:33.889Z","level":"info","category":"test","action":"test_complete","requestId":null,"ip":null,"details":{"test":"POST /api/admin/topics/:id/keywords rejects missing keyword_id","file":"integration/topics-api.test.js","durationMs":6,"slow":false},"duration":6,"error":null}

[90mstdout[2m | tests/integration/topics-api.test.js[2m > [22m[2mTopics API[2m > [22m[2mKeyword linking[2m > [22m[2mPOST /api/admin/topics/:id/keywords returns 404 for missing topic[22m[39m
[INFO] {"timestamp":"2026-02-20T23:38:33.893Z","level":"info","category":"api","action":"request_complete","requestId":null,"ip":null,"details":{"method":"POST","path":"/topics/99999/keywords","statusCode":404,"duration":2,"requestId":"eefb6c16-bfeb-4799-8729-2f7c28cfbab5","ip":"::ffff:127.0.0.1"},"duration":null,"error":null}

[90mstdout[2m | tests/integration/topics-api.test.js[2m > [22m[2mTopics API[2m > [22m[2mKeyword linking[2m > [22m[2mPOST /api/admin/topics/:id/keywords returns 404 for missing topic[22m[39m
[INFO] {"timestamp":"2026-02-20T23:38:33.894Z","level":"info","category":"test","action":"test_complete","requestId":null,"ip":null,"details":{"test":"POST /api/admin/topics/:id/keywords returns 404 for missing topic","file":"integration/topics-api.test.js","durationMs":5,"slow":false},"duration":5,"error":null}

[90mstdout[2m | tests/integration/topics-api.test.js[2m > [22m[2mTopics API[2m > [22m[2mKeyword linking[2m > [22m[2mPOST /api/admin/topics/:id/keywords returns 404 for missing keyword[22m[39m
[INFO] {"timestamp":"2026-02-20T23:38:33.898Z","level":"info","category":"api","action":"request_complete","requestId":null,"ip":null,"details":{"method":"POST","path":"/topics/6/keywords","statusCode":404,"duration":1,"requestId":"c7607f8b-c4a4-4b5f-be7c-e6fb503e151c","ip":"::ffff:127.0.0.1"},"duration":null,"error":null}

[90mstdout[2m | tests/integration/topics-api.test.js[2m > [22m[2mTopics API[2m > [22m[2mKeyword linking[2m > [22m[2mPOST /api/admin/topics/:id/keywords returns 404 for missing keyword[22m[39m
[INFO] {"timestamp":"2026-02-20T23:38:33.899Z","level":"info","category":"test","action":"test_complete","requestId":null,"ip":null,"details":{"test":"POST /api/admin/topics/:id/keywords returns 404 for missing keyword","file":"integration/topics-api.test.js","durationMs":5,"slow":false},"duration":5,"error":null}

[90mstdout[2m | tests/integration/topics-api.test.js[2m > [22m[2mTopics API[2m > [22m[2mKeyword linking[2m > [22m[2mGET /api/admin/topics/:id includes linked keywords[22m[39m
[INFO] {"timestamp":"2026-02-20T23:38:33.906Z","level":"info","category":"api","action":"request_complete","requestId":null,"ip":null,"details":{"method":"GET","path":"/topics/6","statusCode":200,"duration":4,"requestId":"597c4a66-e532-4054-9cf4-cada43fe9f13","ip":"::ffff:127.0.0.1"},"duration":null,"error":null}

[90mstdout[2m | tests/integration/topics-api.test.js[2m > [22m[2mTopics API[2m > [22m[2mKeyword linking[2m > [22m[2mGET /api/admin/topics/:id includes linked keywords[22m[39m
[INFO] {"timestamp":"2026-02-20T23:38:33.907Z","level":"info","category":"test","action":"test_complete","requestId":null,"ip":null,"details":{"test":"GET /api/admin/topics/:id includes linked keywords","file":"integration/topics-api.test.js","durationMs":8,"slow":false},"duration":8,"error":null}

[90mstdout[2m | tests/integration/topics-api.test.js[2m > [22m[2mTopics API[2m > [22m[2mKeyword linking[2m > [22m[2mGET /api/admin/topics shows correct keyword_count[22m[39m
[INFO] {"timestamp":"2026-02-20T23:38:33.915Z","level":"info","category":"api","action":"request_complete","requestId":null,"ip":null,"details":{"method":"GET","path":"/topics","statusCode":200,"duration":4,"requestId":"006d6ff2-b339-424f-b796-c3aa676ac0e9","ip":"::ffff:127.0.0.1"},"duration":null,"error":null}

[90mstdout[2m | tests/integration/topics-api.test.js[2m > [22m[2mTopics API[2m > [22m[2mKeyword linking[2m > [22m[2mGET /api/admin/topics shows correct keyword_count[22m[39m
[INFO] {"timestamp":"2026-02-20T23:38:33.917Z","level":"info","category":"test","action":"test_complete","requestId":null,"ip":null,"details":{"test":"GET /api/admin/topics shows correct keyword_count","file":"integration/topics-api.test.js","durationMs":10,"slow":false},"duration":10,"error":null}

[90mstdout[2m | tests/integration/topics-api.test.js[2m > [22m[2mTopics API[2m > [22m[2mKeyword linking[2m > [22m[2mDELETE /api/admin/topics/:id/keywords/:keywordId unlinks a keyword[22m[39m
[INFO] {"timestamp":"2026-02-20T23:38:33.922Z","level":"info","category":"api","action":"request_complete","requestId":null,"ip":null,"details":{"method":"DELETE","path":"/topics/6/keywords/1","statusCode":200,"duration":2,"requestId":"cd25fb4e-0133-4a37-bd06-a4d4cec545fb","ip":"::ffff:127.0.0.1"},"duration":null,"error":null}

[90mstdout[2m | tests/integration/topics-api.test.js[2m > [22m[2mTopics API[2m > [22m[2mKeyword linking[2m > [22m[2mDELETE /api/admin/topics/:id/keywords/:keywordId unlinks a keyword[22m[39m
[INFO] {"timestamp":"2026-02-20T23:38:33.928Z","level":"info","category":"api","action":"request_complete","requestId":null,"ip":null,"details":{"method":"GET","path":"/topics/6","statusCode":200,"duration":3,"requestId":"492bb288-3265-4cc4-ae66-ba10fbe3a0c6","ip":"::ffff:127.0.0.1"},"duration":null,"error":null}
[INFO] {"timestamp":"2026-02-20T23:38:33.929Z","level":"info","category":"test","action":"test_complete","requestId":null,"ip":null,"details":{"test":"DELETE /api/admin/topics/:id/keywords/:keywordId unlinks a keyword","file":"integration/topics-api.test.js","durationMs":11,"slow":false},"duration":11,"error":null}

[90mstdout[2m | tests/integration/topics-api.test.js[2m > [22m[2mTopics API[2m > [22m[2mKeyword linking[2m > [22m[2mDELETE /api/admin/topics/:id/keywords/:keywordId returns 404 if not linked[22m[39m
[INFO] {"timestamp":"2026-02-20T23:38:33.933Z","level":"info","category":"api","action":"request_complete","requestId":null,"ip":null,"details":{"method":"DELETE","path":"/topics/6/keywords/1","statusCode":404,"duration":2,"requestId":"4c4bba7d-b708-4ea0-9ac8-351ea0d75ce7","ip":"::ffff:127.0.0.1"},"duration":null,"error":null}
[INFO] {"timestamp":"2026-02-20T23:38:33.934Z","level":"info","category":"test","action":"test_complete","requestId":null,"ip":null,"details":{"test":"DELETE /api/admin/topics/:id/keywords/:keywordId returns 404 if not linked","file":"integration/topics-api.test.js","durationMs":5,"slow":false},"duration":5,"error":null}

[90mstdout[2m | tests/integration/topics-api.test.js[2m > [22m[2mTopics API[2m > [22m[2mCascade behavior[2m > [22m[2mDeleting a topic cascades to topic_aliases and topic_keywords[22m[39m
[INFO] {"timestamp":"2026-02-20T23:38:33.938Z","level":"info","category":"api","action":"request_complete","requestId":null,"ip":null,"details":{"method":"POST","path":"/topics","statusCode":201,"duration":2,"requestId":"70fbdb42-6045-4f89-922c-78b946cbd923","ip":"::ffff:127.0.0.1"},"duration":null,"error":null}

[90mstdout[2m | tests/integration/topics-api.test.js[2m > [22m[2mTopics API[2m > [22m[2mCascade behavior[2m > [22m[2mDeleting a topic cascades to topic_aliases and topic_keywords[22m[39m
[INFO] {"timestamp":"2026-02-20T23:38:33.943Z","level":"info","category":"api","action":"request_complete","requestId":null,"ip":null,"details":{"method":"POST","path":"/topics/7/aliases","statusCode":201,"duration":2,"requestId":"d13441c8-1fcf-472a-8786-1c3ea2bcda37","ip":"::ffff:127.0.0.1"},"duration":null,"error":null}

[90mstdout[2m | tests/integration/topics-api.test.js[2m > [22m[2mTopics API[2m > [22m[2mCascade behavior[2m > [22m[2mDeleting a topic cascades to topic_aliases and topic_keywords[22m[39m
[INFO] {"timestamp":"2026-02-20T23:38:33.948Z","level":"info","category":"api","action":"request_complete","requestId":null,"ip":null,"details":{"method":"POST","path":"/topics/7/keywords","statusCode":201,"duration":2,"requestId":"776fa7fe-fd7d-4940-a506-08607328fa8e","ip":"::ffff:127.0.0.1"},"duration":null,"error":null}

[90mstdout[2m | tests/integration/topics-api.test.js[2m > [22m[2mTopics API[2m > [22m[2mCascade behavior[2m > [22m[2mDeleting a topic cascades to topic_aliases and topic_keywords[22m[39m
[INFO] {"timestamp":"2026-02-20T23:38:33.953Z","level":"info","category":"api","action":"request_complete","requestId":null,"ip":null,"details":{"method":"DELETE","path":"/topics/7","statusCode":200,"duration":2,"requestId":"f102b725-172e-466e-8622-2e0d8488d3f5","ip":"::ffff:127.0.0.1"},"duration":null,"error":null}
[INFO] {"timestamp":"2026-02-20T23:38:33.954Z","level":"info","category":"test","action":"test_complete","requestId":null,"ip":null,"details":{"test":"Deleting a topic cascades to topic_aliases and topic_keywords","file":"integration/topics-api.test.js","durationMs":20,"slow":false},"duration":20,"error":null}

[90mstdout[2m | tests/integration/topics-api.test.js[2m > [22m[2mTopics API[2m > [22m[2mSlug generation[2m > [22m[2mgenerates correct slugs from names with special characters[22m[39m
[INFO] {"timestamp":"2026-02-20T23:38:33.958Z","level":"info","category":"api","action":"request_complete","requestId":null,"ip":null,"details":{"method":"POST","path":"/topics","statusCode":201,"duration":2,"requestId":"70fed643-9944-4a8d-85c4-cbe06b8abdbb","ip":"::ffff:127.0.0.1"},"duration":null,"error":null}
[INFO] {"timestamp":"2026-02-20T23:38:33.959Z","level":"info","category":"test","action":"test_complete","requestId":null,"ip":null,"details":{"test":"generates correct slugs from names with special characters","file":"integration/topics-api.test.js","durationMs":5,"slow":false},"duration":5,"error":null}

[90mstdout[2m | tests/integration/topics-api.test.js[2m > [22m[2mTopics API[2m > [22m[2mSlug generation[2m > [22m[2mtrims leading/trailing hyphens from slugs[22m[39m
[INFO] {"timestamp":"2026-02-20T23:38:33.963Z","level":"info","category":"api","action":"request_complete","requestId":null,"ip":null,"details":{"method":"POST","path":"/topics","statusCode":201,"duration":1,"requestId":"03b2d857-ff18-4899-87e1-240238eed18a","ip":"::ffff:127.0.0.1"},"duration":null,"error":null}
[INFO] {"timestamp":"2026-02-20T23:38:33.964Z","level":"info","category":"test","action":"test_complete","requestId":null,"ip":null,"details":{"test":"trims leading/trailing hyphens from slugs","file":"integration/topics-api.test.js","durationMs":5,"slow":false},"duration":5,"error":null}

[90mstdout[2m | tests/integration/topics-api.test.js[2m > [22m[2mTopics API[2m > [22m[2mGET /api/admin/topics/:id categories[2m > [22m[2mreturns empty categories array when none linked[22m[39m
[INFO] {"timestamp":"2026-02-20T23:38:33.969Z","level":"info","category":"api","action":"request_complete","requestId":null,"ip":null,"details":{"method":"POST","path":"/topics","statusCode":201,"duration":2,"requestId":"0bee9c2e-3510-4e93-89f8-b7e0d7ca367b","ip":"::ffff:127.0.0.1"},"duration":null,"error":null}

[90mstdout[2m | tests/integration/topics-api.test.js[2m > [22m[2mTopics API[2m > [22m[2mGET /api/admin/topics/:id categories[2m > [22m[2mreturns empty categories array when none linked[22m[39m
[INFO] {"timestamp":"2026-02-20T23:38:33.974Z","level":"info","category":"api","action":"request_complete","requestId":null,"ip":null,"details":{"method":"GET","path":"/topics/10","statusCode":200,"duration":3,"requestId":"9133c6f6-7c59-4334-900f-01d02d6905f8","ip":"::ffff:127.0.0.1"},"duration":null,"error":null}
[INFO] {"timestamp":"2026-02-20T23:38:33.975Z","level":"info","category":"test","action":"test_complete","requestId":null,"ip":null,"details":{"test":"returns empty categories array when none linked","file":"integration/topics-api.test.js","durationMs":10,"slow":false},"duration":10,"error":null}

[90mstdout[2m | tests/integration/topics-api.test.js[2m > [22m[2mTopics API[2m > [22m[2mGET /api/admin/topics/:id categories[2m > [22m[2mincludes linked categories after linking via category endpoint[22m[39m
[INFO] {"timestamp":"2026-02-20T23:38:33.979Z","level":"info","category":"api","action":"request_complete","requestId":null,"ip":null,"details":{"method":"POST","path":"/topics","statusCode":201,"duration":2,"requestId":"ef62b201-35e7-4d90-a121-eb8e6ab8c6f7","ip":"::ffff:127.0.0.1"},"duration":null,"error":null}

[90mstdout[2m | tests/integration/topics-api.test.js[2m > [22m[2mTopics API[2m > [22m[2mGET /api/admin/topics/:id categories[2m > [22m[2mincludes linked categories after linking via category endpoint[22m[39m
[INFO] {"timestamp":"2026-02-20T23:38:33.985Z","level":"info","category":"api","action":"request_complete","requestId":null,"ip":null,"details":{"method":"POST","path":"/categories","statusCode":201,"duration":3,"requestId":"16a80b87-f444-4db3-af6e-50f142a6bfa9","ip":"::ffff:127.0.0.1"},"duration":null,"error":null}

[90mstdout[2m | tests/integration/topics-api.test.js[2m > [22m[2mTopics API[2m > [22m[2mGET /api/admin/topics/:id categories[2m > [22m[2mincludes linked categories after linking via category endpoint[22m[39m
[INFO] {"timestamp":"2026-02-20T23:38:33.990Z","level":"info","category":"api","action":"request_complete","requestId":null,"ip":null,"details":{"method":"POST","path":"/categories/1/topics","statusCode":201,"duration":2,"requestId":"9bdf5bb8-701a-4ab0-af6b-f347fa8ea7df","ip":"::ffff:127.0.0.1"},"duration":null,"error":null}

[90mstdout[2m | tests/integration/topics-api.test.js[2m > [22m[2mTopics API[2m > [22m[2mGET /api/admin/topics/:id categories[2m > [22m[2mincludes linked categories after linking via category endpoint[22m[39m
[INFO] {"timestamp":"2026-02-20T23:38:33.995Z","level":"info","category":"api","action":"request_complete","requestId":null,"ip":null,"details":{"method":"GET","path":"/topics/11","statusCode":200,"duration":3,"requestId":"2f6829e7-3f55-4bf2-bfb1-3c10df2b60c7","ip":"::ffff:127.0.0.1"},"duration":null,"error":null}
[INFO] {"timestamp":"2026-02-20T23:38:33.996Z","level":"info","category":"test","action":"test_complete","requestId":null,"ip":null,"details":{"test":"includes linked categories after linking via category endpoint","file":"integration/topics-api.test.js","durationMs":22,"slow":false},"duration":22,"error":null}

[90mstdout[2m | tests/integration/topics-api.test.js[22m[39m
[INFO] {"timestamp":"2026-02-20T23:38:34.009Z","level":"info","category":"test","action":"file_complete","requestId":null,"ip":null,"details":{"file":"integration/topics-api.test.js","durationMs":4703,"slow":false},"duration":4703,"error":null}

 [32m✓[39m tests/integration/topics-api.test.js [2m ([22m[2m41 tests[22m[2m)[22m[33m 5065[2mms[22m[39m
 [32m✓[39m tests/unit/schema-migrations.test.js [2m ([22m[2m32 tests[22m[2m)[22m[90m 67[2mms[22m[39m
[90mstdout[2m | tests/unit/schema-migrations.test.js[2m > [22m[2mSchema Migrations — Phase 1 (Site Topic Focus)[2m > [22m[2mimportants table[2m > [22m[2mtable exists[22m[39m
[INFO] {"timestamp":"2026-02-20T23:38:34.884Z","level":"info","category":"test","action":"test_complete","requestId":null,"ip":null,"details":{"test":"table exists","file":"unit/schema-migrations.test.js","durationMs":1,"slow":false},"duration":1,"error":null}

[90mstdout[2m | tests/unit/schema-migrations.test.js[2m > [22m[2mSchema Migrations — Phase 1 (Site Topic Focus)[2m > [22m[2mimportants table[2m > [22m[2mhas correct columns[22m[39m
[INFO] {"timestamp":"2026-02-20T23:38:34.887Z","level":"info","category":"test","action":"test_complete","requestId":null,"ip":null,"details":{"test":"has correct columns","file":"unit/schema-migrations.test.js","durationMs":1,"slow":false},"duration":1,"error":null}

[90mstdout[2m | tests/unit/schema-migrations.test.js[2m > [22m[2mSchema Migrations — Phase 1 (Site Topic Focus)[2m > [22m[2mimportants table[2m > [22m[2mcan insert and retrieve an important mark[22m[39m
[INFO] {"timestamp":"2026-02-20T23:38:34.888Z","level":"info","category":"test","action":"test_complete","requestId":null,"ip":null,"details":{"test":"can insert and retrieve an important mark","file":"unit/schema-migrations.test.js","durationMs":0,"slow":false},"duration":0,"error":null}

[90mstdout[2m | tests/unit/schema-migrations.test.js[2m > [22m[2mSchema Migrations — Phase 1 (Site Topic Focus)[2m > [22m[2mimportants table[2m > [22m[2mUNIQUE constraint prevents duplicate important marks[22m[39m
[INFO] {"timestamp":"2026-02-20T23:38:34.889Z","level":"info","category":"test","action":"test_complete","requestId":null,"ip":null,"details":{"test":"UNIQUE constraint prevents duplicate important marks","file":"unit/schema-migrations.test.js","durationMs":1,"slow":false},"duration":1,"error":null}

[90mstdout[2m | tests/unit/schema-migrations.test.js[2m > [22m[2mSchema Migrations — Phase 1 (Site Topic Focus)[2m > [22m[2mimportants table[2m > [22m[2msame voter can mark different entity types[22m[39m
[INFO] {"timestamp":"2026-02-20T23:38:34.890Z","level":"info","category":"test","action":"test_complete","requestId":null,"ip":null,"details":{"test":"same voter can mark different entity types","file":"unit/schema-migrations.test.js","durationMs":0,"slow":false},"duration":0,"error":null}

[90mstdout[2m | tests/unit/schema-migrations.test.js[2m > [22m[2mSchema Migrations — Phase 1 (Site Topic Focus)[2m > [22m[2mimportants table[2m > [22m[2mCHECK constraint rejects invalid entity_type[22m[39m
[INFO] {"timestamp":"2026-02-20T23:38:34.890Z","level":"info","category":"test","action":"test_complete","requestId":null,"ip":null,"details":{"test":"CHECK constraint rejects invalid entity_type","file":"unit/schema-migrations.test.js","durationMs":0,"slow":false},"duration":0,"error":null}

[90mstdout[2m | tests/unit/schema-migrations.test.js[2m > [22m[2mSchema Migrations — Phase 1 (Site Topic Focus)[2m > [22m[2mimportants table[2m > [22m[2mindexes exist for entity and voter lookups[22m[39m
[INFO] {"timestamp":"2026-02-20T23:38:34.891Z","level":"info","category":"test","action":"test_complete","requestId":null,"ip":null,"details":{"test":"indexes exist for entity and voter lookups","file":"unit/schema-migrations.test.js","durationMs":0,"slow":false},"duration":0,"error":null}

[90mstdout[2m | tests/unit/schema-migrations.test.js[2m > [22m[2mSchema Migrations — Phase 1 (Site Topic Focus)[2m > [22m[2mquotes table new columns[2m > [22m[2mhas quote_datetime column (nullable TEXT)[22m[39m
[INFO] {"timestamp":"2026-02-20T23:38:34.892Z","level":"info","category":"test","action":"test_complete","requestId":null,"ip":null,"details":{"test":"has quote_datetime column (nullable TEXT)","file":"unit/schema-migrations.test.js","durationMs":0,"slow":false},"duration":0,"error":null}

[90mstdout[2m | tests/unit/schema-migrations.test.js[2m > [22m[2mSchema Migrations — Phase 1 (Site Topic Focus)[2m > [22m[2mquotes table new columns[2m > [22m[2mhas importants_count column (INTEGER DEFAULT 0)[22m[39m
[INFO] {"timestamp":"2026-02-20T23:38:34.893Z","level":"info","category":"test","action":"test_complete","requestId":null,"ip":null,"details":{"test":"has importants_count column (INTEGER DEFAULT 0)","file":"unit/schema-migrations.test.js","durationMs":0,"slow":false},"duration":0,"error":null}

[90mstdout[2m | tests/unit/schema-migrations.test.js[2m > [22m[2mSchema Migrations — Phase 1 (Site Topic Focus)[2m > [22m[2mquotes table new columns[2m > [22m[2mhas share_count column (INTEGER DEFAULT 0)[22m[39m
[INFO] {"timestamp":"2026-02-20T23:38:34.893Z","level":"info","category":"test","action":"test_complete","requestId":null,"ip":null,"details":{"test":"has share_count column (INTEGER DEFAULT 0)","file":"unit/schema-migrations.test.js","durationMs":0,"slow":false},"duration":0,"error":null}

[90mstdout[2m | tests/unit/schema-migrations.test.js[2m > [22m[2mSchema Migrations — Phase 1 (Site Topic Focus)[2m > [22m[2mquotes table new columns[2m > [22m[2mhas trending_score column (REAL DEFAULT 0.0)[22m[39m
[INFO] {"timestamp":"2026-02-20T23:38:34.894Z","level":"info","category":"test","action":"test_complete","requestId":null,"ip":null,"details":{"test":"has trending_score column (REAL DEFAULT 0.0)","file":"unit/schema-migrations.test.js","durationMs":0,"slow":false},"duration":0,"error":null}

[90mstdout[2m | tests/unit/schema-migrations.test.js[2m > [22m[2mSchema Migrations — Phase 1 (Site Topic Focus)[2m > [22m[2mquotes table new columns[2m > [22m[2mdefaults are applied correctly for new row[22m[39m
[INFO] {"timestamp":"2026-02-20T23:38:34.894Z","level":"info","category":"test","action":"test_complete","requestId":null,"ip":null,"details":{"test":"defaults are applied correctly for new row","file":"unit/schema-migrations.test.js","durationMs":0,"slow":false},"duration":0,"error":null}

[90mstdout[2m | tests/unit/schema-migrations.test.js[2m > [22m[2mSchema Migrations — Phase 1 (Site Topic Focus)[2m > [22m[2marticles table new columns[2m > [22m[2mhas importants_count, share_count, view_count, trending_score columns[22m[39m
[INFO] {"timestamp":"2026-02-20T23:38:34.896Z","level":"info","category":"test","action":"test_complete","requestId":null,"ip":null,"details":{"test":"has importants_count, share_count, view_count, trending_score columns","file":"unit/schema-migrations.test.js","durationMs":0,"slow":false},"duration":0,"error":null}

[90mstdout[2m | tests/unit/schema-migrations.test.js[2m > [22m[2mSchema Migrations — Phase 1 (Site Topic Focus)[2m > [22m[2marticles table new columns[2m > [22m[2mdefaults are applied for new article row[22m[39m
[INFO] {"timestamp":"2026-02-20T23:38:34.896Z","level":"info","category":"test","action":"test_complete","requestId":null,"ip":null,"details":{"test":"defaults are applied for new article row","file":"unit/schema-migrations.test.js","durationMs":0,"slow":false},"duration":0,"error":null}

[90mstdout[2m | tests/unit/schema-migrations.test.js[2m > [22m[2mSchema Migrations — Phase 1 (Site Topic Focus)[2m > [22m[2mpersons table new columns[2m > [22m[2mhas importants_count, share_count, view_count, trending_score columns[22m[39m
[INFO] {"timestamp":"2026-02-20T23:38:34.897Z","level":"info","category":"test","action":"test_complete","requestId":null,"ip":null,"details":{"test":"has importants_count, share_count, view_count, trending_score columns","file":"unit/schema-migrations.test.js","durationMs":0,"slow":false},"duration":0,"error":null}

[90mstdout[2m | tests/unit/schema-migrations.test.js[2m > [22m[2mSchema Migrations — Phase 1 (Site Topic Focus)[2m > [22m[2mpersons table new columns[2m > [22m[2mdefaults are applied for new person row[22m[39m
[INFO] {"timestamp":"2026-02-20T23:38:34.898Z","level":"info","category":"test","action":"test_complete","requestId":null,"ip":null,"details":{"test":"defaults are applied for new person row","file":"unit/schema-migrations.test.js","durationMs":0,"slow":false},"duration":0,"error":null}

[90mstdout[2m | tests/unit/schema-migrations.test.js[2m > [22m[2mSchema Migrations — Phase 1 (Site Topic Focus)[2m > [22m[2mnew indexes[2m > [22m[2mtrending indexes exist for all entity tables[22m[39m
[INFO] {"timestamp":"2026-02-20T23:38:34.899Z","level":"info","category":"test","action":"test_complete","requestId":null,"ip":null,"details":{"test":"trending indexes exist for all entity tables","file":"unit/schema-migrations.test.js","durationMs":0,"slow":false},"duration":0,"error":null}

[90mstdout[2m | tests/unit/schema-migrations.test.js[2m > [22m[2mSchema Migrations — Phase 1 (Site Topic Focus)[2m > [22m[2mnew indexes[2m > [22m[2mimportants and datetime indexes exist for quotes[22m[39m
[INFO] {"timestamp":"2026-02-20T23:38:34.899Z","level":"info","category":"test","action":"test_complete","requestId":null,"ip":null,"details":{"test":"importants and datetime indexes exist for quotes","file":"unit/schema-migrations.test.js","durationMs":0,"slow":false},"duration":0,"error":null}

[90mstdout[2m | tests/unit/schema-migrations.test.js[2m > [22m[2mSchema Migrations — Phase 1 (Site Topic Focus)[2m > [22m[2mgemini_prompts table[2m > [22m[2mtable exists with correct columns[22m[39m
[INFO] {"timestamp":"2026-02-20T23:38:34.900Z","level":"info","category":"test","action":"test_complete","requestId":null,"ip":null,"details":{"test":"table exists with correct columns","file":"unit/schema-migrations.test.js","durationMs":0,"slow":false},"duration":0,"error":null}

[90mstdout[2m | tests/unit/schema-migrations.test.js[2m > [22m[2mSchema Migrations — Phase 1 (Site Topic Focus)[2m > [22m[2mgemini_prompts table[2m > [22m[2mprompt_key is UNIQUE[22m[39m
[INFO] {"timestamp":"2026-02-20T23:38:34.900Z","level":"info","category":"test","action":"test_complete","requestId":null,"ip":null,"details":{"test":"prompt_key is UNIQUE","file":"unit/schema-migrations.test.js","durationMs":0,"slow":false},"duration":0,"error":null}

[90mstdout[2m | tests/unit/schema-migrations.test.js[2m > [22m[2mSchema Migrations — Phase 1 (Site Topic Focus)[2m > [22m[2mgemini_prompts table[2m > [22m[2mis_active defaults to 1[22m[39m
[INFO] {"timestamp":"2026-02-20T23:38:34.901Z","level":"info","category":"test","action":"test_complete","requestId":null,"ip":null,"details":{"test":"is_active defaults to 1","file":"unit/schema-migrations.test.js","durationMs":0,"slow":false},"duration":0,"error":null}

[90mstdout[2m | tests/unit/schema-migrations.test.js[2m > [22m[2mSchema Migrations — Phase 1 (Site Topic Focus)[2m > [22m[2mgemini_prompts table[2m > [22m[2mtimestamps are auto-set[22m[39m
[INFO] {"timestamp":"2026-02-20T23:38:34.901Z","level":"info","category":"test","action":"test_complete","requestId":null,"ip":null,"details":{"test":"timestamps are auto-set","file":"unit/schema-migrations.test.js","durationMs":0,"slow":false},"duration":0,"error":null}

[90mstdout[2m | tests/unit/schema-migrations.test.js[2m > [22m[2mSchema Migrations — Phase 1 (Site Topic Focus)[2m > [22m[2mnoteworthy_items table[2m > [22m[2mtable exists with correct columns[22m[39m
[INFO] {"timestamp":"2026-02-20T23:38:34.902Z","level":"info","category":"test","action":"test_complete","requestId":null,"ip":null,"details":{"test":"table exists with correct columns","file":"unit/schema-migrations.test.js","durationMs":0,"slow":false},"duration":0,"error":null}

[90mstdout[2m | tests/unit/schema-migrations.test.js[2m > [22m[2mSchema Migrations — Phase 1 (Site Topic Focus)[2m > [22m[2mnoteworthy_items table[2m > [22m[2mUNIQUE constraint on (entity_type, entity_id)[22m[39m
[INFO] {"timestamp":"2026-02-20T23:38:34.903Z","level":"info","category":"test","action":"test_complete","requestId":null,"ip":null,"details":{"test":"UNIQUE constraint on (entity_type, entity_id)","file":"unit/schema-migrations.test.js","durationMs":0,"slow":false},"duration":0,"error":null}

[90mstdout[2m | tests/unit/schema-migrations.test.js[2m > [22m[2mSchema Migrations — Phase 1 (Site Topic Focus)[2m > [22m[2mnoteworthy_items table[2m > [22m[2mCHECK constraint on entity_type[22m[39m
[INFO] {"timestamp":"2026-02-20T23:38:34.903Z","level":"info","category":"test","action":"test_complete","requestId":null,"ip":null,"details":{"test":"CHECK constraint on entity_type","file":"unit/schema-migrations.test.js","durationMs":0,"slow":false},"duration":0,"error":null}

[90mstdout[2m | tests/unit/schema-migrations.test.js[2m > [22m[2mSchema Migrations — Phase 1 (Site Topic Focus)[2m > [22m[2mnoteworthy_items table[2m > [22m[2mdefaults: display_order=0, active=1[22m[39m
[INFO] {"timestamp":"2026-02-20T23:38:34.904Z","level":"info","category":"test","action":"test_complete","requestId":null,"ip":null,"details":{"test":"defaults: display_order=0, active=1","file":"unit/schema-migrations.test.js","durationMs":0,"slow":false},"duration":0,"error":null}

[90mstdout[2m | tests/unit/schema-migrations.test.js[2m > [22m[2mSchema Migrations — Phase 1 (Site Topic Focus)[2m > [22m[2mbackprop_log table[2m > [22m[2mtable exists with correct columns[22m[39m
[INFO] {"timestamp":"2026-02-20T23:38:34.904Z","level":"info","category":"test","action":"test_complete","requestId":null,"ip":null,"details":{"test":"table exists with correct columns","file":"unit/schema-migrations.test.js","durationMs":0,"slow":false},"duration":0,"error":null}

[90mstdout[2m | tests/unit/schema-migrations.test.js[2m > [22m[2mSchema Migrations — Phase 1 (Site Topic Focus)[2m > [22m[2mbackprop_log table[2m > [22m[2mtarget_date is UNIQUE[22m[39m
[INFO] {"timestamp":"2026-02-20T23:38:34.905Z","level":"info","category":"test","action":"test_complete","requestId":null,"ip":null,"details":{"test":"target_date is UNIQUE","file":"unit/schema-migrations.test.js","durationMs":0,"slow":false},"duration":0,"error":null}

[90mstdout[2m | tests/unit/schema-migrations.test.js[2m > [22m[2mSchema Migrations — Phase 1 (Site Topic Focus)[2m > [22m[2mbackprop_log table[2m > [22m[2mCHECK constraint on status[22m[39m
[INFO] {"timestamp":"2026-02-20T23:38:34.905Z","level":"info","category":"test","action":"test_complete","requestId":null,"ip":null,"details":{"test":"CHECK constraint on status","file":"unit/schema-migrations.test.js","durationMs":0,"slow":false},"duration":0,"error":null}

[90mstdout[2m | tests/unit/schema-migrations.test.js[2m > [22m[2mSchema Migrations — Phase 1 (Site Topic Focus)[2m > [22m[2mbackprop_log table[2m > [22m[2mdefaults: status=pending, articles_found=0, quotes_extracted=0[22m[39m
[INFO] {"timestamp":"2026-02-20T23:38:34.906Z","level":"info","category":"test","action":"test_complete","requestId":null,"ip":null,"details":{"test":"defaults: status=pending, articles_found=0, quotes_extracted=0","file":"unit/schema-migrations.test.js","durationMs":0,"slow":false},"duration":0,"error":null}

[90mstdout[2m | tests/unit/schema-migrations.test.js[2m > [22m[2mSchema Migrations — Phase 1 (Site Topic Focus)[2m > [22m[2mquote_articles index[2m > [22m[2midx_qa_article index exists[22m[39m
[INFO] {"timestamp":"2026-02-20T23:38:34.907Z","level":"info","category":"test","action":"test_complete","requestId":null,"ip":null,"details":{"test":"idx_qa_article index exists","file":"unit/schema-migrations.test.js","durationMs":0,"slow":false},"duration":0,"error":null}

[90mstdout[2m | tests/unit/schema-migrations.test.js[2m > [22m[2mSchema Migrations — Phase 1 (Site Topic Focus)[2m > [22m[2mquote_articles index[2m > [22m[2mindex is on article_id column[22m[39m
[INFO] {"timestamp":"2026-02-20T23:38:34.907Z","level":"info","category":"test","action":"test_complete","requestId":null,"ip":null,"details":{"test":"index is on article_id column","file":"unit/schema-migrations.test.js","durationMs":0,"slow":false},"duration":0,"error":null}

[90mstdout[2m | tests/unit/schema-migrations.test.js[22m[39m
[INFO] {"timestamp":"2026-02-20T23:38:34.921Z","level":"info","category":"test","action":"file_complete","requestId":null,"ip":null,"details":{"file":"unit/schema-migrations.test.js","durationMs":66,"slow":false},"duration":66,"error":null}

 [32m✓[39m tests/unit/fact-check-routes.test.js [2m ([22m[2m20 tests[22m[2m)[22m[33m 475[2mms[22m[39m
[90mstdout[2m | tests/unit/historical-providers.test.js[2m > [22m[2mHistorical Source Providers[2m > [22m[2mWikiquoteProvider[2m > [22m[2mfetchArticles returns articles with correct shape[22m[39m
[INFO] {"timestamp":"2026-02-20T23:38:37.783Z","level":"info","category":"test","action":"test_complete","requestId":null,"ip":null,"details":{"test":"fetchArticles returns articles with correct shape","file":"unit/historical-providers.test.js","durationMs":1010,"slow":false},"duration":1010,"error":null}

[90mstdout[2m | tests/unit/historical-providers.test.js[2m > [22m[2mHistorical Source Providers[2m > [22m[2mWikiquoteProvider[2m > [22m[2mtestConnection returns success object[22m[39m
[INFO] {"timestamp":"2026-02-20T23:38:37.786Z","level":"info","category":"test","action":"test_complete","requestId":null,"ip":null,"details":{"test":"testConnection returns success object","file":"unit/historical-providers.test.js","durationMs":1,"slow":false},"duration":1,"error":null}

[90mstdout[2m | tests/unit/historical-providers.test.js[2m > [22m[2mHistorical Source Providers[2m > [22m[2mWikiquoteProvider[2m > [22m[2mreturns empty array on HTTP error[22m[39m
[INFO] {"timestamp":"2026-02-20T23:38:37.787Z","level":"info","category":"test","action":"test_complete","requestId":null,"ip":null,"details":{"test":"returns empty array on HTTP error","file":"unit/historical-providers.test.js","durationMs":1,"slow":false},"duration":1,"error":null}

[90mstdout[2m | tests/unit/historical-providers.test.js[2m > [22m[2mHistorical Source Providers[2m > [22m[2mWikiquoteProvider[2m > [22m[2mskips already-existing URLs[22m[39m
[INFO] {"timestamp":"2026-02-20T23:38:37.788Z","level":"info","category":"test","action":"test_complete","requestId":null,"ip":null,"details":{"test":"skips already-existing URLs","file":"unit/historical-providers.test.js","durationMs":1,"slow":false},"duration":1,"error":null}

[90mstdout[2m | tests/unit/historical-providers.test.js[2m > [22m[2mHistorical Source Providers[2m > [22m[2mChroniclingAmericaProvider[2m > [22m[2mfetchArticles returns articles with correct shape[22m[39m
[INFO] {"timestamp":"2026-02-20T23:38:38.801Z","level":"info","category":"test","action":"test_complete","requestId":null,"ip":null,"details":{"test":"fetchArticles returns articles with correct shape","file":"unit/historical-providers.test.js","durationMs":1013,"slow":false},"duration":1013,"error":null}

[90mstdout[2m | tests/unit/historical-providers.test.js[2m > [22m[2mHistorical Source Providers[2m > [22m[2mChroniclingAmericaProvider[2m > [22m[2mskips pages with too little text[22m[39m
[INFO] {"timestamp":"2026-02-20T23:38:38.803Z","level":"info","category":"test","action":"test_complete","requestId":null,"ip":null,"details":{"test":"skips pages with too little text","file":"unit/historical-providers.test.js","durationMs":1,"slow":false},"duration":1,"error":null}

[90mstdout[2m | tests/unit/historical-providers.test.js[2m > [22m[2mHistorical Source Providers[2m > [22m[2mChroniclingAmericaProvider[2m > [22m[2mtestConnection returns success object[22m[39m
[INFO] {"timestamp":"2026-02-20T23:38:38.804Z","level":"info","category":"test","action":"test_complete","requestId":null,"ip":null,"details":{"test":"testConnection returns success object","file":"unit/historical-providers.test.js","durationMs":1,"slow":false},"duration":1,"error":null}

[90mstdout[2m | tests/unit/historical-providers.test.js[2m > [22m[2mHistorical Source Providers[2m > [22m[2mChroniclingAmericaProvider[2m > [22m[2mreturns empty array on network error[22m[39m
[INFO] {"timestamp":"2026-02-20T23:38:38.805Z","level":"info","category":"test","action":"test_complete","requestId":null,"ip":null,"details":{"test":"returns empty array on network error","file":"unit/historical-providers.test.js","durationMs":1,"slow":false},"duration":1,"error":null}

[90mstderr[2m | tests/unit/historical-providers.test.js[2m > [22m[2mHistorical Source Providers[2m > [22m[2mChroniclingAmericaProvider[2m > [22m[2mreturns empty array on network error[22m[39m
[ERROR] {"timestamp":"2026-02-20T23:38:38.805Z","level":"error","category":"historical","action":"chronicling_america_fetch_error","requestId":null,"ip":null,"details":{"error":"Network error"},"duration":null,"error":null}

[90mstdout[2m | tests/unit/historical-providers.test.js[2m > [22m[2mHistorical Source Providers[2m > [22m[2mWaybackProvider[2m > [22m[2mfetchArticles returns articles from CDX API[22m[39m
[INFO] {"timestamp":"2026-02-20T23:38:40.817Z","level":"info","category":"test","action":"test_complete","requestId":null,"ip":null,"details":{"test":"fetchArticles returns articles from CDX API","file":"unit/historical-providers.test.js","durationMs":2011,"slow":false},"duration":2011,"error":null}

[90mstdout[2m | tests/unit/historical-providers.test.js[2m > [22m[2mHistorical Source Providers[2m > [22m[2mWaybackProvider[2m > [22m[2mtestConnection returns success[22m[39m
[INFO] {"timestamp":"2026-02-20T23:38:40.819Z","level":"info","category":"test","action":"test_complete","requestId":null,"ip":null,"details":{"test":"testConnection returns success","file":"unit/historical-providers.test.js","durationMs":1,"slow":false},"duration":1,"error":null}

[90mstdout[2m | tests/unit/historical-providers.test.js[2m > [22m[2mHistorical Source Providers[2m > [22m[2mWaybackProvider[2m > [22m[2mreturns empty array on HTTP error[22m[39m
[INFO] {"timestamp":"2026-02-20T23:38:40.820Z","level":"info","category":"test","action":"test_complete","requestId":null,"ip":null,"details":{"test":"returns empty array on HTTP error","file":"unit/historical-providers.test.js","durationMs":1,"slow":false},"duration":1,"error":null}

[90mstdout[2m | tests/unit/historical-providers.test.js[2m > [22m[2mHistorical Source Providers[2m > [22m[2mGovInfoProvider[2m > [22m[2mreturns empty array when GOVINFO_API_KEY not set[22m[39m
[INFO] {"timestamp":"2026-02-20T23:38:40.822Z","level":"info","category":"test","action":"test_complete","requestId":null,"ip":null,"details":{"test":"returns empty array when GOVINFO_API_KEY not set","file":"unit/historical-providers.test.js","durationMs":2,"slow":false},"duration":2,"error":null}

[90mstdout[2m | tests/unit/historical-providers.test.js[2m > [22m[2mHistorical Source Providers[2m > [22m[2mGovInfoProvider[2m > [22m[2mtestConnection reports missing API key[22m[39m
[INFO] {"timestamp":"2026-02-20T23:38:40.823Z","level":"info","category":"test","action":"test_complete","requestId":null,"ip":null,"details":{"test":"testConnection reports missing API key","file":"unit/historical-providers.test.js","durationMs":0,"slow":false},"duration":0,"error":null}

[90mstdout[2m | tests/unit/historical-providers.test.js[2m > [22m[2mHistorical Source Providers[2m > [22m[2mGovInfoProvider[2m > [22m[2mfetchArticles works with API key[22m[39m
[INFO] {"timestamp":"2026-02-20T23:38:41.832Z","level":"info","category":"test","action":"test_complete","requestId":null,"ip":null,"details":{"test":"fetchArticles works with API key","file":"unit/historical-providers.test.js","durationMs":1009,"slow":false},"duration":1009,"error":null}

[90mstdout[2m | tests/unit/historical-providers.test.js[2m > [22m[2mHistorical Source Providers[2m > [22m[2mGovInfoProvider[2m > [22m[2mreturns empty array on network error[22m[39m
[INFO] {"timestamp":"2026-02-20T23:38:41.833Z","level":"info","category":"test","action":"test_complete","requestId":null,"ip":null,"details":{"test":"returns empty array on network error","file":"unit/historical-providers.test.js","durationMs":1,"slow":false},"duration":1,"error":null}

[90mstderr[2m | tests/unit/historical-providers.test.js[2m > [22m[2mHistorical Source Providers[2m > [22m[2mGovInfoProvider[2m > [22m[2mreturns empty array on network error[22m[39m
[ERROR] {"timestamp":"2026-02-20T23:38:41.833Z","level":"error","category":"historical","action":"govinfo_fetch_error","requestId":null,"ip":null,"details":{"error":"Network error"},"duration":null,"error":null}

[90mstdout[2m | tests/unit/historical-providers.test.js[2m > [22m[2mHistorical Source Providers[2m > [22m[2mPresidencyProjectProvider[2m > [22m[2mfetchArticles parses search results and fetches documents[22m[39m
[INFO] {"timestamp":"2026-02-20T23:38:45.853Z","level":"info","category":"test","action":"test_complete","requestId":null,"ip":null,"details":{"test":"fetchArticles parses search results and fetches documents","file":"unit/historical-providers.test.js","durationMs":4020,"slow":false},"duration":4020,"error":null}

[90mstdout[2m | tests/unit/historical-providers.test.js[2m > [22m[2mHistorical Source Providers[2m > [22m[2mPresidencyProjectProvider[2m > [22m[2mtestConnection returns success for valid HTML[22m[39m
[INFO] {"timestamp":"2026-02-20T23:38:45.854Z","level":"info","category":"test","action":"test_complete","requestId":null,"ip":null,"details":{"test":"testConnection returns success for valid HTML","file":"unit/historical-providers.test.js","durationMs":1,"slow":false},"duration":1,"error":null}

[90mstdout[2m | tests/unit/historical-providers.test.js[2m > [22m[2mHistorical Source Providers[2m > [22m[2mPresidencyProjectProvider[2m > [22m[2mreturns empty array on network error[22m[39m
[INFO] {"timestamp":"2026-02-20T23:38:45.855Z","level":"info","category":"test","action":"test_complete","requestId":null,"ip":null,"details":{"test":"returns empty array on network error","file":"unit/historical-providers.test.js","durationMs":1,"slow":false},"duration":1,"error":null}

[90mstderr[2m | tests/unit/historical-providers.test.js[2m > [22m[2mHistorical Source Providers[2m > [22m[2mPresidencyProjectProvider[2m > [22m[2mreturns empty array on network error[22m[39m
[ERROR] {"timestamp":"2026-02-20T23:38:45.855Z","level":"error","category":"historical","action":"presidency_project_fetch_error","requestId":null,"ip":null,"details":{"error":"Timeout"},"duration":null,"error":null}

[90mstdout[2m | tests/unit/historical-providers.test.js[2m > [22m[2mHistorical Source Providers[2m > [22m[2mPresidencyProjectProvider[2m > [22m[2mskips documents with too little text[22m[39m
[INFO] {"timestamp":"2026-02-20T23:38:47.865Z","level":"info","category":"test","action":"test_complete","requestId":null,"ip":null,"details":{"test":"skips documents with too little text","file":"unit/historical-providers.test.js","durationMs":2010,"slow":false},"duration":2010,"error":null}

[90mstdout[2m | tests/unit/historical-providers.test.js[22m[39m
[INFO] {"timestamp":"2026-02-20T23:38:47.875Z","level":"info","category":"test","action":"slow_file","requestId":null,"ip":null,"details":{"file":"unit/historical-providers.test.js","durationMs":11132,"slow":true},"duration":11132,"error":null}

[90mstderr[2m | tests/unit/historical-providers.test.js[22m[39m
[SLOW FILE] unit/historical-providers.test.js — 11132ms

 [32m✓[39m tests/unit/historical-providers.test.js [2m ([22m[2m19 tests[22m[2m)[22m[33m 11133[2mms[22m[39m
[90mstdout[2m | tests/visual/visual.test.js[2m > [22m[2mVisual Tests[22m[39m
[startup] Database state: 0 sources, 0 persons, 0 quotes, 0 articles
[startup] Database path: E:\Github Repos\QuoteLog02\data\database.sqlite
[startup] Seeded 219 sources from sources-seed.json
[startup] Linked 219 sources to source_authors

[90mstderr[2m | tests/visual/visual.test.js[2m > [22m[2mVisual Tests[22m[39m
[startup] WARNING: 0 sources detected — auto-seeding from sources-seed.json

[90mstdout[2m | tests/visual/visual.test.js[2m > [22m[2mVisual Tests[2m > [22m[2mDesktop (1280x800)[2m > [22m[2m1. Quote card text uses large font size[22m[39m
[INFO] {"timestamp":"2026-02-20T23:38:53.332Z","level":"info","category":"api","action":"request_complete","requestId":null,"ip":null,"details":{"method":"GET","path":"/","statusCode":200,"duration":7,"requestId":"ff9df527-d637-4b1b-8c39-887062a39093","ip":"::1"},"duration":null,"error":null}

[90mstdout[2m | tests/visual/visual.test.js[2m > [22m[2mVisual Tests[2m > [22m[2mDesktop (1280x800)[2m > [22m[2m1. Quote card text uses large font size[22m[39m
[INFO] {"timestamp":"2026-02-20T23:38:53.359Z","level":"info","category":"api","action":"request_complete","requestId":null,"ip":null,"details":{"method":"GET","path":"/css/styles.css","statusCode":200,"duration":9,"requestId":"24be6916-a8d5-4ec3-964d-4421666be6af","ip":"::1"},"duration":null,"error":null}

[90mstdout[2m | tests/visual/visual.test.js[2m > [22m[2mVisual Tests[2m > [22m[2mDesktop (1280x800)[2m > [22m[2m1. Quote card text uses large font size[22m[39m
[INFO] {"timestamp":"2026-02-20T23:38:53.362Z","level":"info","category":"api","action":"request_complete","requestId":null,"ip":null,"details":{"method":"GET","path":"/css/fact-check-widget.css","statusCode":200,"duration":6,"requestId":"27ee3e5c-42d7-4f06-bb90-f1d4e90640a8","ip":"::1"},"duration":null,"error":null}

[90mstdout[2m | tests/visual/visual.test.js[2m > [22m[2mVisual Tests[2m > [22m[2mDesktop (1280x800)[2m > [22m[2m1. Quote card text uses large font size[22m[39m
[INFO] {"timestamp":"2026-02-20T23:38:53.372Z","level":"info","category":"api","action":"request_complete","requestId":null,"ip":null,"details":{"method":"GET","path":"/js/api.js","statusCode":200,"duration":7,"requestId":"9c19e1ff-960a-4299-8fa5-aafada36ea50","ip":"::1"},"duration":null,"error":null}
[INFO] {"timestamp":"2026-02-20T23:38:53.372Z","level":"info","category":"api","action":"request_complete","requestId":null,"ip":null,"details":{"method":"GET","path":"/socket.io/socket.io.js","statusCode":200,"duration":11,"requestId":"369b4b4d-036e-4455-8d7e-51cd89b08581","ip":"::1"},"duration":null,"error":null}
[INFO] {"timestamp":"2026-02-20T23:38:53.373Z","level":"info","category":"api","action":"request_complete","requestId":null,"ip":null,"details":{"method":"GET","path":"/js/important.js","statusCode":200,"duration":8,"requestId":"ed5633de-ace1-494d-8076-5abe107b74a3","ip":"::1"},"duration":null,"error":null}
[INFO] {"timestamp":"2026-02-20T23:38:53.374Z","level":"info","category":"api","action":"request_complete","requestId":null,"ip":null,"details":{"method":"GET","path":"/js/charts.js","statusCode":200,"duration":8,"requestId":"5f05144d-a3d9-4f15-a80f-957156bd599c","ip":"::1"},"duration":null,"error":null}

[90mstdout[2m | tests/visual/visual.test.js[2m > [22m[2mVisual Tests[2m > [22m[2mDesktop (1280x800)[2m > [22m[2m1. Quote card text uses large font size[22m[39m
[INFO] {"timestamp":"2026-02-20T23:38:53.375Z","level":"info","category":"api","action":"request_complete","requestId":null,"ip":null,"details":{"method":"GET","path":"/js/admin-actions.js","statusCode":200,"duration":10,"requestId":"6aecbf30-46bf-4f73-80f5-d42f0c9083ac","ip":"::1"},"duration":null,"error":null}
[INFO] {"timestamp":"2026-02-20T23:38:53.376Z","level":"info","category":"api","action":"request_complete","requestId":null,"ip":null,"details":{"method":"GET","path":"/js/analytics.js","statusCode":200,"duration":9,"requestId":"26f518b9-ac4e-4765-b8d1-5accd67b7f92","ip":"::1"},"duration":null,"error":null}

[90mstdout[2m | tests/visual/visual.test.js[2m > [22m[2mVisual Tests[2m > [22m[2mDesktop (1280x800)[2m > [22m[2m1. Quote card text uses large font size[22m[39m
[INFO] {"timestamp":"2026-02-20T23:38:53.382Z","level":"info","category":"api","action":"request_complete","requestId":null,"ip":null,"details":{"method":"GET","path":"/js/article.js","statusCode":200,"duration":5,"requestId":"84dbc85e-e0ed-479d-88f6-93f424551f93","ip":"::1"},"duration":null,"error":null}
[INFO] {"timestamp":"2026-02-20T23:38:53.383Z","level":"info","category":"api","action":"request_complete","requestId":null,"ip":null,"details":{"method":"GET","path":"/js/author.js","statusCode":200,"duration":6,"requestId":"9fa4f9a8-c1dc-4be5-92a8-f05c52cc80a4","ip":"::1"},"duration":null,"error":null}
[INFO] {"timestamp":"2026-02-20T23:38:53.383Z","level":"info","category":"api","action":"request_complete","requestId":null,"ip":null,"details":{"method":"GET","path":"/js/topic.js","statusCode":200,"duration":5,"requestId":"661071a2-2273-4cab-b4d7-83f4fdac6670","ip":"::1"},"duration":null,"error":null}
[INFO] {"timestamp":"2026-02-20T23:38:53.384Z","level":"info","category":"api","action":"request_complete","requestId":null,"ip":null,"details":{"method":"GET","path":"/js/home.js","statusCode":200,"duration":8,"requestId":"26d45fed-5ce0-4b3d-85aa-6ccbea601e6c","ip":"::1"},"duration":null,"error":null}
[INFO] {"timestamp":"2026-02-20T23:38:53.385Z","level":"info","category":"api","action":"request_complete","requestId":null,"ip":null,"details":{"method":"GET","path":"/js/category.js","statusCode":200,"duration":6,"requestId":"1f12e0a3-7ad4-4602-a6d2-35b3ed832d66","ip":"::1"},"duration":null,"error":null}
[INFO] {"timestamp":"2026-02-20T23:38:53.385Z","level":"info","category":"api","action":"request_complete","requestId":null,"ip":null,"details":{"method":"GET","path":"/js/quote.js","statusCode":200,"duration":8,"requestId":"12472936-af7d-4fc6-9dcc-afc42507f817","ip":"::1"},"duration":null,"error":null}

[90mstdout[2m | tests/visual/visual.test.js[2m > [22m[2mVisual Tests[2m > [22m[2mDesktop (1280x800)[2m > [22m[2m1. Quote card text uses large font size[22m[39m
[INFO] {"timestamp":"2026-02-20T23:38:53.390Z","level":"info","category":"api","action":"request_complete","requestId":null,"ip":null,"details":{"method":"GET","path":"/js/login.js","statusCode":200,"duration":4,"requestId":"276279d1-a712-4d79-90cd-d7e103be44f7","ip":"::1"},"duration":null,"error":null}
[INFO] {"timestamp":"2026-02-20T23:38:53.390Z","level":"info","category":"api","action":"request_complete","requestId":null,"ip":null,"details":{"method":"GET","path":"/js/resetPassword.js","statusCode":200,"duration":3,"requestId":"9a23fc81-eb93-4802-b51c-9ba7b3727479","ip":"::1"},"duration":null,"error":null}
[INFO] {"timestamp":"2026-02-20T23:38:53.391Z","level":"info","category":"api","action":"request_complete","requestId":null,"ip":null,"details":{"method":"GET","path":"/js/logs.js","statusCode":200,"duration":5,"requestId":"5b281a45-cb9b-4308-b54d-65ed74ab4dc7","ip":"::1"},"duration":null,"error":null}
[INFO] {"timestamp":"2026-02-20T23:38:53.391Z","level":"info","category":"api","action":"request_complete","requestId":null,"ip":null,"details":{"method":"GET","path":"/js/review.js","statusCode":200,"duration":5,"requestId":"c5ebd94f-129e-49d5-bfef-c5057502f697","ip":"::1"},"duration":null,"error":null}

[90mstdout[2m | tests/visual/visual.test.js[2m > [22m[2mVisual Tests[2m > [22m[2mDesktop (1280x800)[2m > [22m[2m1. Quote card text uses large font size[22m[39m
[INFO] {"timestamp":"2026-02-20T23:38:53.393Z","level":"info","category":"api","action":"request_complete","requestId":null,"ip":null,"details":{"method":"GET","path":"/js/bug-report.js","statusCode":200,"duration":5,"requestId":"59e3e8b1-41d2-4662-8696-6e41fb896ce4","ip":"::1"},"duration":null,"error":null}

[90mstdout[2m | tests/visual/visual.test.js[2m > [22m[2mVisual Tests[2m > [22m[2mDesktop (1280x800)[2m > [22m[2m1. Quote card text uses large font size[22m[39m
[INFO] {"timestamp":"2026-02-20T23:38:53.394Z","level":"info","category":"api","action":"request_complete","requestId":null,"ip":null,"details":{"method":"GET","path":"/js/settings.js","statusCode":200,"duration":8,"requestId":"43e68fec-e544-42cc-be29-fb75fdfc7882","ip":"::1"},"duration":null,"error":null}

[90mstdout[2m | tests/visual/visual.test.js[2m > [22m[2mVisual Tests[2m > [22m[2mDesktop (1280x800)[2m > [22m[2m1. Quote card text uses large font size[22m[39m
[INFO] {"timestamp":"2026-02-20T23:38:53.397Z","level":"info","category":"api","action":"request_complete","requestId":null,"ip":null,"details":{"method":"GET","path":"/manifest.json","statusCode":200,"duration":2,"requestId":"b2e3adb8-d0a9-4084-8909-a24a117f5f7b","ip":"::1"},"duration":null,"error":null}
[INFO] {"timestamp":"2026-02-20T23:38:53.398Z","level":"info","category":"api","action":"request_complete","requestId":null,"ip":null,"details":{"method":"GET","path":"/js/donate.js","statusCode":200,"duration":6,"requestId":"40fd7b54-c1f1-467f-9be2-ba8a2a61073b","ip":"::1"},"duration":null,"error":null}
[INFO] {"timestamp":"2026-02-20T23:38:53.398Z","level":"info","category":"api","action":"request_complete","requestId":null,"ip":null,"details":{"method":"GET","path":"/js/app.js","statusCode":200,"duration":6,"requestId":"6da7a0d0-9c5f-4ff0-a262-45bd9bfd7210","ip":"::1"},"duration":null,"error":null}

[90mstdout[2m | tests/visual/visual.test.js[2m > [22m[2mVisual Tests[2m > [22m[2mDesktop (1280x800)[2m > [22m[2m1. Quote card text uses large font size[22m[39m
[INFO] {"timestamp":"2026-02-20T23:38:53.420Z","level":"info","category":"api","action":"request_complete","requestId":null,"ip":null,"details":{"method":"GET","path":"/me","statusCode":200,"duration":1,"requestId":"5acbf3f5-539f-4fc7-997d-99af3f0d5eee","ip":"::1"},"duration":null,"error":null}

[90mstdout[2m | tests/visual/visual.test.js[2m > [22m[2mVisual Tests[2m > [22m[2mDesktop (1280x800)[2m > [22m[2m1. Quote card text uses large font size[22m[39m
[INFO] {"timestamp":"2026-02-20T23:38:53.467Z","level":"info","category":"api","action":"request_complete","requestId":null,"ip":null,"details":{"method":"GET","path":"/sw.js","statusCode":200,"duration":1,"requestId":"7b228ab7-9ff1-4725-9502-096d13de759f","ip":"::1"},"duration":null,"error":null}

[90mstdout[2m | tests/visual/visual.test.js[2m > [22m[2mVisual Tests[2m > [22m[2mDesktop (1280x800)[2m > [22m[2m1. Quote card text uses large font size[22m[39m
[INFO] {"timestamp":"2026-02-20T23:38:53.491Z","level":"info","category":"api","action":"request_complete","requestId":null,"ip":null,"details":{"method":"GET","path":"/noteworthy","statusCode":200,"duration":5,"requestId":"b2456741-f8b0-459f-859c-ebe399958a19","ip":"::1"},"duration":null,"error":null}
[INFO] {"timestamp":"2026-02-20T23:38:53.492Z","level":"info","category":"api","action":"request_complete","requestId":null,"ip":null,"details":{"method":"GET","path":"/top-authors","statusCode":200,"duration":2,"requestId":"ea1d96ed-92e9-473a-93ca-556348bcb125","ip":"::1"},"duration":null,"error":null}
[INFO] {"timestamp":"2026-02-20T23:38:53.494Z","level":"info","category":"api","action":"request_complete","requestId":null,"ip":null,"details":{"method":"GET","path":"/","statusCode":304,"duration":1,"requestId":"5d488fde-9a01-428d-bacc-4a8691e1299d","ip":"::1"},"duration":null,"error":null}

[90mstdout[2m | tests/visual/visual.test.js[2m > [22m[2mVisual Tests[2m > [22m[2mDesktop (1280x800)[2m > [22m[2m1. Quote card text uses large font size[22m[39m
[INFO] {"timestamp":"2026-02-20T23:38:53.496Z","level":"info","category":"api","action":"request_complete","requestId":null,"ip":null,"details":{"method":"GET","path":"/js/app.js","statusCode":200,"duration":2,"requestId":"8eabec00-7905-4f9b-b3ee-11321af10985","ip":"::1"},"duration":null,"error":null}

[90mstdout[2m | tests/visual/visual.test.js[2m > [22m[2mVisual Tests[2m > [22m[2mDesktop (1280x800)[2m > [22m[2m1. Quote card text uses large font size[22m[39m
[INFO] {"timestamp":"2026-02-20T23:38:53.498Z","level":"info","category":"api","action":"request_complete","requestId":null,"ip":null,"details":{"method":"GET","path":"/css/styles.css","statusCode":200,"duration":5,"requestId":"096997ef-d73f-4fc4-a1be-bc5ff4f5c23e","ip":"::1"},"duration":null,"error":null}
[INFO] {"timestamp":"2026-02-20T23:38:53.500Z","level":"info","category":"api","action":"request_complete","requestId":null,"ip":null,"details":{"method":"GET","path":"/trending-authors","statusCode":200,"duration":1,"requestId":"5e3c89d8-b329-49e2-87c2-e7033ce47fc4","ip":"::1"},"duration":null,"error":null}

[90mstdout[2m | tests/visual/visual.test.js[2m > [22m[2mVisual Tests[2m > [22m[2mDesktop (1280x800)[2m > [22m[2m1. Quote card text uses large font size[22m[39m
[INFO] {"timestamp":"2026-02-20T23:38:53.587Z","level":"info","category":"api","action":"request_complete","requestId":null,"ip":null,"details":{"method":"GET","path":"/js/api.js","statusCode":200,"duration":2,"requestId":"0f9fe9e1-f29f-4ae8-9a8f-2c562e1d6798","ip":"::1"},"duration":null,"error":null}
[INFO] {"timestamp":"2026-02-20T23:38:53.587Z","level":"info","category":"api","action":"request_complete","requestId":null,"ip":null,"details":{"method":"GET","path":"/js/home.js","statusCode":200,"duration":3,"requestId":"dc455eb8-88a0-4e77-8371-818537488d44","ip":"::1"},"duration":null,"error":null}

[90mstdout[2m | tests/visual/visual.test.js[2m > [22m[2mVisual Tests[2m > [22m[2mDesktop (1280x800)[2m > [22m[2m1. Quote card text uses large font size[22m[39m
[INFO] {"timestamp":"2026-02-20T23:38:53.588Z","level":"info","category":"api","action":"request_complete","requestId":null,"ip":null,"details":{"method":"GET","path":"/js/quote.js","statusCode":200,"duration":3,"requestId":"a064ab53-738f-423e-b648-9a10d510f83b","ip":"::1"},"duration":null,"error":null}

[90mstdout[2m | tests/visual/visual.test.js[2m > [22m[2mVisual Tests[2m > [22m[2mDesktop (1280x800)[2m > [22m[2m1. Quote card text uses large font size[22m[39m
[INFO] {"timestamp":"2026-02-20T23:38:53.590Z","level":"info","category":"api","action":"request_complete","requestId":null,"ip":null,"details":{"method":"GET","path":"/js/article.js","statusCode":200,"duration":2,"requestId":"869cb367-aeea-4e5b-b8fb-316673ea8ee8","ip":"::1"},"duration":null,"error":null}

[90mstdout[2m | tests/visual/visual.test.js[2m > [22m[2mVisual Tests[2m > [22m[2mDesktop (1280x800)[2m > [22m[2m1. Quote card text uses large font size[22m[39m
[INFO] {"timestamp":"2026-02-20T23:38:53.591Z","level":"info","category":"api","action":"request_complete","requestId":null,"ip":null,"details":{"method":"GET","path":"/js/author.js","statusCode":200,"duration":2,"requestId":"09134bb9-0c89-4e44-9203-0f6c9930ac44","ip":"::1"},"duration":null,"error":null}

[90mstdout[2m | tests/visual/visual.test.js[2m > [22m[2mVisual Tests[2m > [22m[2mDesktop (1280x800)[2m > [22m[2m1. Quote card text uses large font size[22m[39m
[INFO] {"timestamp":"2026-02-20T23:38:53.596Z","level":"info","category":"api","action":"request_complete","requestId":null,"ip":null,"details":{"method":"GET","path":"/js/logs.js","statusCode":200,"duration":1,"requestId":"d3c64a68-98e6-4b22-a160-785481d51b22","ip":"::1"},"duration":null,"error":null}
[INFO] {"timestamp":"2026-02-20T23:38:53.596Z","level":"info","category":"api","action":"request_complete","requestId":null,"ip":null,"details":{"method":"GET","path":"/js/review.js","statusCode":200,"duration":4,"requestId":"0ccf88c7-655a-4cdb-ae3a-ec66b22bc573","ip":"::1"},"duration":null,"error":null}
[INFO] {"timestamp":"2026-02-20T23:38:53.597Z","level":"info","category":"api","action":"request_complete","requestId":null,"ip":null,"details":{"method":"GET","path":"/js/settings.js","statusCode":200,"duration":6,"requestId":"3c04f056-4dd9-48d9-9def-78133282f26d","ip":"::1"},"duration":null,"error":null}

[90mstdout[2m | tests/visual/visual.test.js[2m > [22m[2mVisual Tests[2m > [22m[2mDesktop (1280x800)[2m > [22m[2m1. Quote card text uses large font size[22m[39m
[INFO] {"timestamp":"2026-02-20T23:38:53.599Z","level":"info","category":"api","action":"request_complete","requestId":null,"ip":null,"details":{"method":"GET","path":"/js/login.js","statusCode":200,"duration":1,"requestId":"837f93e4-8be7-488c-9059-32dc708b6330","ip":"::1"},"duration":null,"error":null}

[90mstdout[2m | tests/visual/visual.test.js[2m > [22m[2mVisual Tests[2m > [22m[2mDesktop (1280x800)[2m > [22m[2m1. Quote card text uses large font size[22m[39m
[INFO] {"timestamp":"2026-02-20T23:38:53.604Z","level":"info","category":"api","action":"request_complete","requestId":null,"ip":null,"details":{"method":"GET","path":"/js/resetPassword.js","statusCode":200,"duration":2,"requestId":"b0cde1c6-db92-4839-8d79-0ae6d6dee041","ip":"::1"},"duration":null,"error":null}
[INFO] {"timestamp":"2026-02-20T23:38:53.605Z","level":"info","category":"api","action":"request_complete","requestId":null,"ip":null,"details":{"method":"GET","path":"/js/important.js","statusCode":200,"duration":3,"requestId":"6bf84b5d-4a98-48c3-978d-62a6ad7652d7","ip":"::1"},"duration":null,"error":null}
[INFO] {"timestamp":"2026-02-20T23:38:53.606Z","level":"info","category":"api","action":"request_complete","requestId":null,"ip":null,"details":{"method":"GET","path":"/js/analytics.js","statusCode":200,"duration":4,"requestId":"d21969e3-11ae-4ce8-a7b7-0464e0ddd9f5","ip":"::1"},"duration":null,"error":null}

[90mstdout[2m | tests/visual/visual.test.js[2m > [22m[2mVisual Tests[2m > [22m[2mDesktop (1280x800)[2m > [22m[2m1. Quote card text uses large font size[22m[39m
[INFO] {"timestamp":"2026-02-20T23:38:53.607Z","level":"info","category":"api","action":"request_complete","requestId":null,"ip":null,"details":{"method":"GET","path":"/js/charts.js","statusCode":200,"duration":1,"requestId":"1ede1365-0587-4cf0-97a0-560dd3a3ca25","ip":"::1"},"duration":null,"error":null}

[90mstdout[2m | tests/visual/visual.test.js[2m > [22m[2mVisual Tests[2m > [22m[2mDesktop (1280x800)[2m > [22m[2m1. Quote card text uses large font size[22m[39m
[INFO] {"timestamp":"2026-02-20T23:38:53.610Z","level":"info","category":"api","action":"request_complete","requestId":null,"ip":null,"details":{"method":"GET","path":"/js/admin-actions.js","statusCode":200,"duration":2,"requestId":"2c5ac8cb-62fd-43ee-8437-33504c1a3b49","ip":"::1"},"duration":null,"error":null}
[INFO] {"timestamp":"2026-02-20T23:38:53.610Z","level":"info","category":"api","action":"request_complete","requestId":null,"ip":null,"details":{"method":"GET","path":"/manifest.json","statusCode":304,"duration":1,"requestId":"bdc84ee5-47a7-4f37-b9e8-7a23423e8c9d","ip":"::1"},"duration":null,"error":null}

[90mstdout[2m | tests/visual/visual.test.js[2m > [22m[2mVisual Tests[2m > [22m[2mDesktop (1280x800)[2m > [22m[2m1. Quote card text uses large font size[22m[39m
[INFO] {"timestamp":"2026-02-20T23:38:53.687Z","level":"info","category":"api","action":"request_complete","requestId":null,"ip":null,"details":{"method":"GET","path":"/","statusCode":304,"duration":0,"requestId":"98118085-e414-4fb8-9ee6-8c012ccc08f4","ip":"::1"},"duration":null,"error":null}

[90mstdout[2m | tests/visual/visual.test.js[2m > [22m[2mVisual Tests[2m > [22m[2mDesktop (1280x800)[2m > [22m[2m1. Quote card text uses large font size[22m[39m
[INFO] {"timestamp":"2026-02-20T23:38:53.690Z","level":"info","category":"api","action":"request_complete","requestId":null,"ip":null,"details":{"method":"GET","path":"/","statusCode":304,"duration":0,"requestId":"a60cde81-8108-4f7e-9006-cfd651d46b48","ip":"::1"},"duration":null,"error":null}

[90mstdout[2m | tests/visual/visual.test.js[2m > [22m[2mVisual Tests[2m > [22m[2mDesktop (1280x800)[2m > [22m[2m1. Quote card text uses large font size[22m[39m
[INFO] {"timestamp":"2026-02-20T23:38:53.699Z","level":"info","category":"api","action":"request_complete","requestId":null,"ip":null,"details":{"method":"GET","path":"/css/styles.css","statusCode":304,"duration":1,"requestId":"a5aaf624-e622-4727-b401-bb27b76f100c","ip":"::1"},"duration":null,"error":null}
[INFO] {"timestamp":"2026-02-20T23:38:53.700Z","level":"info","category":"api","action":"request_complete","requestId":null,"ip":null,"details":{"method":"GET","path":"/css/fact-check-widget.css","statusCode":304,"duration":1,"requestId":"6408a5e0-9fd2-4c89-92c1-ac9224809529","ip":"::1"},"duration":null,"error":null}

[90mstdout[2m | tests/visual/visual.test.js[2m > [22m[2mVisual Tests[2m > [22m[2mDesktop (1280x800)[2m > [22m[2m1. Quote card text uses large font size[22m[39m
[INFO] {"timestamp":"2026-02-20T23:38:53.701Z","level":"info","category":"api","action":"request_complete","requestId":null,"ip":null,"details":{"method":"GET","path":"/socket.io/socket.io.js","statusCode":304,"duration":1,"requestId":"47547d32-023a-424b-a57d-60aaf76f6f2b","ip":"::1"},"duration":null,"error":null}
[INFO] {"timestamp":"2026-02-20T23:38:53.702Z","level":"info","category":"api","action":"request_complete","requestId":null,"ip":null,"details":{"method":"GET","path":"/js/api.js","statusCode":304,"duration":1,"requestId":"983dba16-0d9f-4f7f-85f3-670c1512b21c","ip":"::1"},"duration":null,"error":null}

[90mstdout[2m | tests/visual/visual.test.js[2m > [22m[2mVisual Tests[2m > [22m[2mDesktop (1280x800)[2m > [22m[2m1. Quote card text uses large font size[22m[39m
[INFO] {"timestamp":"2026-02-20T23:38:53.704Z","level":"info","category":"api","action":"request_complete","requestId":null,"ip":null,"details":{"method":"GET","path":"/js/admin-actions.js","statusCode":304,"duration":1,"requestId":"c23d5fa4-b3c6-4be4-81c1-5fb728852748","ip":"::1"},"duration":null,"error":null}
[INFO] {"timestamp":"2026-02-20T23:38:53.705Z","level":"info","category":"api","action":"request_complete","requestId":null,"ip":null,"details":{"method":"GET","path":"/js/important.js","statusCode":304,"duration":1,"requestId":"eeb0d308-e896-4db0-aa92-49cc36eca67e","ip":"::1"},"duration":null,"error":null}
[INFO] {"timestamp":"2026-02-20T23:38:53.705Z","level":"info","category":"api","action":"request_complete","requestId":null,"ip":null,"details":{"method":"GET","path":"/js/charts.js","statusCode":304,"duration":1,"requestId":"75b2ae5e-6b39-48e7-a843-b4a298d70b71","ip":"::1"},"duration":null,"error":null}

[90mstdout[2m | tests/visual/visual.test.js[2m > [22m[2mVisual Tests[2m > [22m[2mDesktop (1280x800)[2m > [22m[2m1. Quote card text uses large font size[22m[39m
[INFO] {"timestamp":"2026-02-20T23:38:53.707Z","level":"info","category":"api","action":"request_complete","requestId":null,"ip":null,"details":{"method":"GET","path":"/js/analytics.js","statusCode":304,"duration":1,"requestId":"da64866c-0856-4bec-9a06-b15734d822bb","ip":"::1"},"duration":null,"error":null}
[INFO] {"timestamp":"2026-02-20T23:38:53.707Z","level":"info","category":"api","action":"request_complete","requestId":null,"ip":null,"details":{"method":"GET","path":"/js/home.js","statusCode":304,"duration":1,"requestId":"1601d86f-1d3f-464c-9654-dccbb06cc6cb","ip":"::1"},"duration":null,"error":null}
[INFO] {"timestamp":"2026-02-20T23:38:53.709Z","level":"info","category":"api","action":"request_complete","requestId":null,"ip":null,"details":{"method":"GET","path":"/js/quote.js","statusCode":304,"duration":1,"requestId":"1d912cfa-7ccf-468c-809a-6c060ee34e98","ip":"::1"},"duration":null,"error":null}
[INFO] {"timestamp":"2026-02-20T23:38:53.709Z","level":"info","category":"api","action":"request_complete","requestId":null,"ip":null,"details":{"method":"GET","path":"/js/article.js","statusCode":304,"duration":1,"requestId":"bac307aa-9999-40eb-8cc5-3445f593c668","ip":"::1"},"duration":null,"error":null}
[INFO] {"timestamp":"2026-02-20T23:38:53.710Z","level":"info","category":"api","action":"request_complete","requestId":null,"ip":null,"details":{"method":"GET","path":"/js/author.js","statusCode":304,"duration":2,"requestId":"31de595c-fe14-4efb-af5e-00f2284eea40","ip":"::1"},"duration":null,"error":null}
[INFO] {"timestamp":"2026-02-20T23:38:53.710Z","level":"info","category":"api","action":"request_complete","requestId":null,"ip":null,"details":{"method":"GET","path":"/js/topic.js","statusCode":304,"duration":1,"requestId":"f8f85622-c161-4619-8034-12812ecb3642","ip":"::1"},"duration":null,"error":null}
[INFO] {"timestamp":"2026-02-20T23:38:53.712Z","level":"info","category":"api","action":"request_complete","requestId":null,"ip":null,"details":{"method":"GET","path":"/js/category.js","statusCode":304,"duration":1,"requestId":"9bf559e9-60d1-4d92-8f9a-ea7ab1d1ed66","ip":"::1"},"duration":null,"error":null}
[INFO] {"timestamp":"2026-02-20T23:38:53.712Z","level":"info","category":"api","action":"request_complete","requestId":null,"ip":null,"details":{"method":"GET","path":"/js/settings.js","statusCode":304,"duration":1,"requestId":"2322778c-bca5-4726-a1ed-d2fd1ae423ef","ip":"::1"},"duration":null,"error":null}

[90mstdout[2m | tests/visual/visual.test.js[2m > [22m[2mVisual Tests[2m > [22m[2mDesktop (1280x800)[2m > [22m[2m1. Quote card text uses large font size[22m[39m
[INFO] {"timestamp":"2026-02-20T23:38:53.713Z","level":"info","category":"api","action":"request_complete","requestId":null,"ip":null,"details":{"method":"GET","path":"/js/review.js","statusCode":304,"duration":1,"requestId":"f7a1a38d-3edc-4105-823f-c52bcb6fcb7a","ip":"::1"},"duration":null,"error":null}
[INFO] {"timestamp":"2026-02-20T23:38:53.714Z","level":"info","category":"api","action":"request_complete","requestId":null,"ip":null,"details":{"method":"GET","path":"/js/logs.js","statusCode":304,"duration":1,"requestId":"74a97e25-f648-4dcb-843d-ade173e07373","ip":"::1"},"duration":null,"error":null}
[INFO] {"timestamp":"2026-02-20T23:38:53.714Z","level":"info","category":"api","action":"request_complete","requestId":null,"ip":null,"details":{"method":"GET","path":"/js/login.js","statusCode":304,"duration":1,"requestId":"e2d973a6-da94-48f4-aac2-8131eecdba78","ip":"::1"},"duration":null,"error":null}
[INFO] {"timestamp":"2026-02-20T23:38:53.715Z","level":"info","category":"api","action":"request_complete","requestId":null,"ip":null,"details":{"method":"GET","path":"/js/resetPassword.js","statusCode":304,"duration":0,"requestId":"d955d149-2644-4b8a-83de-cbb690c4c694","ip":"::1"},"duration":null,"error":null}

[90mstdout[2m | tests/visual/visual.test.js[2m > [22m[2mVisual Tests[2m > [22m[2mDesktop (1280x800)[2m > [22m[2m1. Quote card text uses large font size[22m[39m
[INFO] {"timestamp":"2026-02-20T23:38:53.717Z","level":"info","category":"api","action":"request_complete","requestId":null,"ip":null,"details":{"method":"GET","path":"/js/bug-report.js","statusCode":304,"duration":1,"requestId":"e1c4b634-fead-4ba3-9e4c-85fc530950e8","ip":"::1"},"duration":null,"error":null}
[INFO] {"timestamp":"2026-02-20T23:38:53.717Z","level":"info","category":"api","action":"request_complete","requestId":null,"ip":null,"details":{"method":"GET","path":"/js/donate.js","statusCode":304,"duration":1,"requestId":"b0105da7-1888-401a-b304-3e26a41f408e","ip":"::1"},"duration":null,"error":null}

[90mstdout[2m | tests/visual/visual.test.js[2m > [22m[2mVisual Tests[2m > [22m[2mDesktop (1280x800)[2m > [22m[2m1. Quote card text uses large font size[22m[39m
[INFO] {"timestamp":"2026-02-20T23:38:53.718Z","level":"info","category":"api","action":"request_complete","requestId":null,"ip":null,"details":{"method":"GET","path":"/manifest.json","statusCode":304,"duration":0,"requestId":"3e31a627-e9b0-4cbf-9ddd-807992074c08","ip":"::1"},"duration":null,"error":null}
[INFO] {"timestamp":"2026-02-20T23:38:53.719Z","level":"info","category":"api","action":"request_complete","requestId":null,"ip":null,"details":{"method":"GET","path":"/js/app.js","statusCode":304,"duration":1,"requestId":"1add491a-22f6-4fdc-805f-a745acd4e4c2","ip":"::1"},"duration":null,"error":null}

[90mstdout[2m | tests/visual/visual.test.js[2m > [22m[2mVisual Tests[2m > [22m[2mDesktop (1280x800)[2m > [22m[2m1. Quote card text uses large font size[22m[39m
[INFO] {"timestamp":"2026-02-20T23:38:53.737Z","level":"info","category":"api","action":"request_complete","requestId":null,"ip":null,"details":{"method":"GET","path":"/me","statusCode":304,"duration":2,"requestId":"f5be1401-10e2-4b49-9510-4a49e6cf94d0","ip":"::1"},"duration":null,"error":null}

[90mstdout[2m | tests/visual/visual.test.js[2m > [22m[2mVisual Tests[2m > [22m[2mDesktop (1280x800)[2m > [22m[2m1. Quote card text uses large font size[22m[39m
[INFO] {"timestamp":"2026-02-20T23:38:53.741Z","level":"info","category":"api","action":"request_complete","requestId":null,"ip":null,"details":{"method":"GET","path":"/noteworthy","statusCode":304,"duration":1,"requestId":"0593f9ba-7035-4fa5-9902-5f26c971eb7a","ip":"::1"},"duration":null,"error":null}

[90mstdout[2m | tests/visual/visual.test.js[2m > [22m[2mVisual Tests[2m > [22m[2mDesktop (1280x800)[2m > [22m[2m1. Quote card text uses large font size[22m[39m
[INFO] {"timestamp":"2026-02-20T23:38:53.743Z","level":"info","category":"api","action":"request_complete","requestId":null,"ip":null,"details":{"method":"GET","path":"/top-authors","statusCode":304,"duration":2,"requestId":"2454cf27-30c6-4d7d-b20a-7fa0220066a2","ip":"::1"},"duration":null,"error":null}

[90mstdout[2m | tests/visual/visual.test.js[2m > [22m[2mVisual Tests[2m > [22m[2mDesktop (1280x800)[2m > [22m[2m1. Quote card text uses large font size[22m[39m
[INFO] {"timestamp":"2026-02-20T23:38:53.747Z","level":"info","category":"api","action":"request_complete","requestId":null,"ip":null,"details":{"method":"GET","path":"/trending-authors","statusCode":304,"duration":2,"requestId":"571ce36b-3e60-4fbd-a00e-4a8316517dc3","ip":"::1"},"duration":null,"error":null}

[90mstdout[2m | tests/visual/visual.test.js[2m > [22m[2mVisual Tests[2m > [22m[2mDesktop (1280x800)[2m > [22m[2m1. Quote card text uses large font size[22m[39m
[INFO] {"timestamp":"2026-02-20T23:38:54.395Z","level":"info","category":"test","action":"test_complete","requestId":null,"ip":null,"details":{"test":"1. Quote card text uses large font size","file":"visual/visual.test.js","durationMs":1204,"slow":false},"duration":1204,"error":null}

[90mstdout[2m | tests/visual/visual.test.js[2m > [22m[2mVisual Tests[2m > [22m[2mDesktop (1280x800)[2m > [22m[2m2. Quote marks use accent color[22m[39m
[INFO] {"timestamp":"2026-02-20T23:38:54.443Z","level":"info","category":"api","action":"request_complete","requestId":null,"ip":null,"details":{"method":"GET","path":"/","statusCode":304,"duration":1,"requestId":"4825218d-6409-4f99-a693-9682e2c605b2","ip":"::1"},"duration":null,"error":null}

[90mstdout[2m | tests/visual/visual.test.js[2m > [22m[2mVisual Tests[2m > [22m[2mDesktop (1280x800)[2m > [22m[2m2. Quote marks use accent color[22m[39m
[INFO] {"timestamp":"2026-02-20T23:38:54.468Z","level":"info","category":"api","action":"request_complete","requestId":null,"ip":null,"details":{"method":"GET","path":"/css/styles.css","statusCode":304,"duration":1,"requestId":"6cfaecb6-6197-4433-8db0-192636bfb8c0","ip":"::1"},"duration":null,"error":null}

[90mstdout[2m | tests/visual/visual.test.js[2m > [22m[2mVisual Tests[2m > [22m[2mDesktop (1280x800)[2m > [22m[2m2. Quote marks use accent color[22m[39m
[INFO] {"timestamp":"2026-02-20T23:38:54.469Z","level":"info","category":"api","action":"request_complete","requestId":null,"ip":null,"details":{"method":"GET","path":"/css/fact-check-widget.css","statusCode":304,"duration":0,"requestId":"e6d87c30-776c-450f-b8db-d4997eae68dd","ip":"::1"},"duration":null,"error":null}

[90mstdout[2m | tests/visual/visual.test.js[2m > [22m[2mVisual Tests[2m > [22m[2mDesktop (1280x800)[2m > [22m[2m2. Quote marks use accent color[22m[39m
[INFO] {"timestamp":"2026-02-20T23:38:54.471Z","level":"info","category":"api","action":"request_complete","requestId":null,"ip":null,"details":{"method":"GET","path":"/js/api.js","statusCode":304,"duration":1,"requestId":"00e09538-f9ab-45a8-ae1c-d088ffd1cfce","ip":"::1"},"duration":null,"error":null}

[90mstdout[2m | tests/visual/visual.test.js[2m > [22m[2mVisual Tests[2m > [22m[2mDesktop (1280x800)[2m > [22m[2m2. Quote marks use accent color[22m[39m
[INFO] {"timestamp":"2026-02-20T23:38:54.472Z","level":"info","category":"api","action":"request_complete","requestId":null,"ip":null,"details":{"method":"GET","path":"/socket.io/socket.io.js","statusCode":304,"duration":1,"requestId":"2976630b-3e9d-4a69-82aa-1c9737669f30","ip":"::1"},"duration":null,"error":null}
[INFO] {"timestamp":"2026-02-20T23:38:54.474Z","level":"info","category":"api","action":"request_complete","requestId":null,"ip":null,"details":{"method":"GET","path":"/js/admin-actions.js","statusCode":304,"duration":1,"requestId":"e9ebda66-63ca-4187-b285-59d495f7faef","ip":"::1"},"duration":null,"error":null}

[90mstdout[2m | tests/visual/visual.test.js[2m > [22m[2mVisual Tests[2m > [22m[2mDesktop (1280x800)[2m > [22m[2m2. Quote marks use accent color[22m[39m
[INFO] {"timestamp":"2026-02-20T23:38:54.475Z","level":"info","category":"api","action":"request_complete","requestId":null,"ip":null,"details":{"method":"GET","path":"/js/charts.js","statusCode":304,"duration":1,"requestId":"47bc7aa2-fbf2-44bb-8d94-2b77dc647e19","ip":"::1"},"duration":null,"error":null}

[90mstdout[2m | tests/visual/visual.test.js[2m > [22m[2mVisual Tests[2m > [22m[2mDesktop (1280x800)[2m > [22m[2m2. Quote marks use accent color[22m[39m
[INFO] {"timestamp":"2026-02-20T23:38:54.476Z","level":"info","category":"api","action":"request_complete","requestId":null,"ip":null,"details":{"method":"GET","path":"/js/important.js","statusCode":304,"duration":1,"requestId":"db38c46e-414e-41d1-9186-b85f7385c536","ip":"::1"},"duration":null,"error":null}

[90mstdout[2m | tests/visual/visual.test.js[2m > [22m[2mVisual Tests[2m > [22m[2mDesktop (1280x800)[2m > [22m[2m2. Quote marks use accent color[22m[39m
[INFO] {"timestamp":"2026-02-20T23:38:54.477Z","level":"info","category":"api","action":"request_complete","requestId":null,"ip":null,"details":{"method":"GET","path":"/js/analytics.js","statusCode":304,"duration":0,"requestId":"5312b393-a0ad-4994-840e-1cb869538469","ip":"::1"},"duration":null,"error":null}

[90mstdout[2m | tests/visual/visual.test.js[2m > [22m[2mVisual Tests[2m > [22m[2mDesktop (1280x800)[2m > [22m[2m2. Quote marks use accent color[22m[39m
[INFO] {"timestamp":"2026-02-20T23:38:54.478Z","level":"info","category":"api","action":"request_complete","requestId":null,"ip":null,"details":{"method":"GET","path":"/js/home.js","statusCode":304,"duration":0,"requestId":"456822f0-8b11-4880-bc8c-dd042408dee4","ip":"::1"},"duration":null,"error":null}
[INFO] {"timestamp":"2026-02-20T23:38:54.480Z","level":"info","category":"api","action":"request_complete","requestId":null,"ip":null,"details":{"method":"GET","path":"/js/quote.js","statusCode":304,"duration":1,"requestId":"6c4c4af0-5970-4723-b714-3c522b8ce862","ip":"::1"},"duration":null,"error":null}
[INFO] {"timestamp":"2026-02-20T23:38:54.480Z","level":"info","category":"api","action":"request_complete","requestId":null,"ip":null,"details":{"method":"GET","path":"/js/article.js","statusCode":304,"duration":1,"requestId":"3b353245-efec-458e-aa87-2d5bb2638278","ip":"::1"},"duration":null,"error":null}

[90mstdout[2m | tests/visual/visual.test.js[2m > [22m[2mVisual Tests[2m > [22m[2mDesktop (1280x800)[2m > [22m[2m2. Quote marks use accent color[22m[39m
[INFO] {"timestamp":"2026-02-20T23:38:54.482Z","level":"info","category":"api","action":"request_complete","requestId":null,"ip":null,"details":{"method":"GET","path":"/js/author.js","statusCode":304,"duration":1,"requestId":"b1540e53-2a43-44e0-9add-aadad32a06c4","ip":"::1"},"duration":null,"error":null}

[90mstdout[2m | tests/visual/visual.test.js[2m > [22m[2mVisual Tests[2m > [22m[2mDesktop (1280x800)[2m > [22m[2m2. Quote marks use accent color[22m[39m
[INFO] {"timestamp":"2026-02-20T23:38:54.483Z","level":"info","category":"api","action":"request_complete","requestId":null,"ip":null,"details":{"method":"GET","path":"/js/topic.js","statusCode":304,"duration":1,"requestId":"1acb3e0a-39de-4796-916d-dd408aa00848","ip":"::1"},"duration":null,"error":null}

[90mstdout[2m | tests/visual/visual.test.js[2m > [22m[2mVisual Tests[2m > [22m[2mDesktop (1280x800)[2m > [22m[2m2. Quote marks use accent color[22m[39m
[INFO] {"timestamp":"2026-02-20T23:38:54.485Z","level":"info","category":"api","action":"request_complete","requestId":null,"ip":null,"details":{"method":"GET","path":"/js/category.js","statusCode":304,"duration":1,"requestId":"c3030097-b8eb-4950-bb11-2ee90c6139de","ip":"::1"},"duration":null,"error":null}

[90mstdout[2m | tests/visual/visual.test.js[2m > [22m[2mVisual Tests[2m > [22m[2mDesktop (1280x800)[2m > [22m[2m2. Quote marks use accent color[22m[39m
[INFO] {"timestamp":"2026-02-20T23:38:54.486Z","level":"info","category":"api","action":"request_complete","requestId":null,"ip":null,"details":{"method":"GET","path":"/js/settings.js","statusCode":304,"duration":1,"requestId":"8e0c63b5-b52a-4d91-8c34-c9c16dd5786e","ip":"::1"},"duration":null,"error":null}

[90mstdout[2m | tests/visual/visual.test.js[2m > [22m[2mVisual Tests[2m > [22m[2mDesktop (1280x800)[2m > [22m[2m2. Quote marks use accent color[22m[39m
[INFO] {"timestamp":"2026-02-20T23:38:54.487Z","level":"info","category":"api","action":"request_complete","requestId":null,"ip":null,"details":{"method":"GET","path":"/js/review.js","statusCode":304,"duration":1,"requestId":"be045740-0e08-4877-9c11-6422aa55b10d","ip":"::1"},"duration":null,"error":null}

[90mstdout[2m | tests/visual/visual.test.js[2m > [22m[2mVisual Tests[2m > [22m[2mDesktop (1280x800)[2m > [22m[2m2. Quote marks use accent color[22m[39m
[INFO] {"timestamp":"2026-02-20T23:38:54.488Z","level":"info","category":"api","action":"request_complete","requestId":null,"ip":null,"details":{"method":"GET","path":"/js/logs.js","statusCode":304,"duration":1,"requestId":"57172280-95f1-478b-a273-84736fe6063a","ip":"::1"},"duration":null,"error":null}

[90mstdout[2m | tests/visual/visual.test.js[2m > [22m[2mVisual Tests[2m > [22m[2mDesktop (1280x800)[2m > [22m[2m2. Quote marks use accent color[22m[39m
[INFO] {"timestamp":"2026-02-20T23:38:54.489Z","level":"info","category":"api","action":"request_complete","requestId":null,"ip":null,"details":{"method":"GET","path":"/js/login.js","statusCode":304,"duration":0,"requestId":"de5a0b0e-25c3-434c-b08b-b9ce9194fec2","ip":"::1"},"duration":null,"error":null}
[INFO] {"timestamp":"2026-02-20T23:38:54.490Z","level":"info","category":"api","action":"request_complete","requestId":null,"ip":null,"details":{"method":"GET","path":"/js/resetPassword.js","statusCode":304,"duration":1,"requestId":"98b098e5-6d6b-4423-ae89-27180f24ee18","ip":"::1"},"duration":null,"error":null}

[90mstdout[2m | tests/visual/visual.test.js[2m > [22m[2mVisual Tests[2m > [22m[2mDesktop (1280x800)[2m > [22m[2m2. Quote marks use accent color[22m[39m
[INFO] {"timestamp":"2026-02-20T23:38:54.491Z","level":"info","category":"api","action":"request_complete","requestId":null,"ip":null,"details":{"method":"GET","path":"/js/bug-report.js","statusCode":304,"duration":0,"requestId":"0872f61c-37b3-4eac-9fb9-38c6258a9d3c","ip":"::1"},"duration":null,"error":null}

[90mstdout[2m | tests/visual/visual.test.js[2m > [22m[2mVisual Tests[2m > [22m[2mDesktop (1280x800)[2m > [22m[2m2. Quote marks use accent color[22m[39m
[INFO] {"timestamp":"2026-02-20T23:38:54.493Z","level":"info","category":"api","action":"request_complete","requestId":null,"ip":null,"details":{"method":"GET","path":"/js/app.js","statusCode":304,"duration":1,"requestId":"23dae04e-a56a-432f-88a1-aa943d15f12b","ip":"::1"},"duration":null,"error":null}
[INFO] {"timestamp":"2026-02-20T23:38:54.493Z","level":"info","category":"api","action":"request_complete","requestId":null,"ip":null,"details":{"method":"GET","path":"/js/donate.js","statusCode":304,"duration":1,"requestId":"3ee28b46-da0e-4ce7-b02c-d8bdfea85131","ip":"::1"},"duration":null,"error":null}

[90mstdout[2m | tests/visual/visual.test.js[2m > [22m[2mVisual Tests[2m > [22m[2mDesktop (1280x800)[2m > [22m[2m2. Quote marks use accent color[22m[39m
[INFO] {"timestamp":"2026-02-20T23:38:54.494Z","level":"info","category":"api","action":"request_complete","requestId":null,"ip":null,"details":{"method":"GET","path":"/manifest.json","statusCode":304,"duration":0,"requestId":"01fcf0bf-59ff-45e5-8987-9cc798a7cb0b","ip":"::1"},"duration":null,"error":null}

[90mstdout[2m | tests/visual/visual.test.js[2m > [22m[2mVisual Tests[2m > [22m[2mDesktop (1280x800)[2m > [22m[2m2. Quote marks use accent color[22m[39m
[INFO] {"timestamp":"2026-02-20T23:38:54.520Z","level":"info","category":"api","action":"request_complete","requestId":null,"ip":null,"details":{"method":"GET","path":"/me","statusCode":304,"duration":1,"requestId":"05a56fe6-d8fa-4e24-8afe-0f52a5334f3e","ip":"::1"},"duration":null,"error":null}

[90mstdout[2m | tests/visual/visual.test.js[2m > [22m[2mVisual Tests[2m > [22m[2mDesktop (1280x800)[2m > [22m[2m2. Quote marks use accent color[22m[39m
[INFO] {"timestamp":"2026-02-20T23:38:54.526Z","level":"info","category":"api","action":"request_complete","requestId":null,"ip":null,"details":{"method":"GET","path":"/noteworthy","statusCode":304,"duration":2,"requestId":"09694266-f62b-4484-aa11-cfb8127a4f40","ip":"::1"},"duration":null,"error":null}
[INFO] {"timestamp":"2026-02-20T23:38:54.526Z","level":"info","category":"api","action":"request_complete","requestId":null,"ip":null,"details":{"method":"GET","path":"/top-authors","statusCode":304,"duration":1,"requestId":"b4933d1a-63c3-4e54-8395-5d39f4ca15a0","ip":"::1"},"duration":null,"error":null}

[90mstdout[2m | tests/visual/visual.test.js[2m > [22m[2mVisual Tests[2m > [22m[2mDesktop (1280x800)[2m > [22m[2m2. Quote marks use accent color[22m[39m
[INFO] {"timestamp":"2026-02-20T23:38:54.558Z","level":"info","category":"api","action":"request_complete","requestId":null,"ip":null,"details":{"method":"GET","path":"/trending-authors","statusCode":304,"duration":1,"requestId":"5c47085c-2db2-4c65-b7c5-a05fa6ebbece","ip":"::1"},"duration":null,"error":null}

[90mstdout[2m | tests/visual/visual.test.js[2m > [22m[2mVisual Tests[2m > [22m[2mDesktop (1280x800)[2m > [22m[2m2. Quote marks use accent color[22m[39m
[INFO] {"timestamp":"2026-02-20T23:38:55.434Z","level":"info","category":"test","action":"test_complete","requestId":null,"ip":null,"details":{"test":"2. Quote marks use accent color","file":"visual/visual.test.js","durationMs":1038,"slow":false},"duration":1038,"error":null}

[90mstdout[2m | tests/visual/visual.test.js[2m > [22m[2mVisual Tests[2m > [22m[2mDesktop (1280x800)[2m > [22m[2m3. Quote card has no border[22m[39m
[INFO] {"timestamp":"2026-02-20T23:38:55.480Z","level":"info","category":"api","action":"request_complete","requestId":null,"ip":null,"details":{"method":"GET","path":"/","statusCode":304,"duration":1,"requestId":"3d4821a2-9933-43f8-bc4d-4d5fc524e0cc","ip":"::1"},"duration":null,"error":null}

[90mstdout[2m | tests/visual/visual.test.js[2m > [22m[2mVisual Tests[2m > [22m[2mDesktop (1280x800)[2m > [22m[2m3. Quote card has no border[22m[39m
[INFO] {"timestamp":"2026-02-20T23:38:55.507Z","level":"info","category":"api","action":"request_complete","requestId":null,"ip":null,"details":{"method":"GET","path":"/css/styles.css","statusCode":304,"duration":0,"requestId":"b364e92e-7737-445a-8718-58cbbe941eeb","ip":"::1"},"duration":null,"error":null}
[INFO] {"timestamp":"2026-02-20T23:38:55.508Z","level":"info","category":"api","action":"request_complete","requestId":null,"ip":null,"details":{"method":"GET","path":"/css/fact-check-widget.css","statusCode":304,"duration":0,"requestId":"22d5d8fa-7f4e-4264-95e2-b917e282385a","ip":"::1"},"duration":null,"error":null}

[90mstdout[2m | tests/visual/visual.test.js[2m > [22m[2mVisual Tests[2m > [22m[2mDesktop (1280x800)[2m > [22m[2m3. Quote card has no border[22m[39m
[INFO] {"timestamp":"2026-02-20T23:38:55.511Z","level":"info","category":"api","action":"request_complete","requestId":null,"ip":null,"details":{"method":"GET","path":"/socket.io/socket.io.js","statusCode":304,"duration":1,"requestId":"8f966dfc-0c34-4f83-b424-13eab14e1d7c","ip":"::1"},"duration":null,"error":null}
[INFO] {"timestamp":"2026-02-20T23:38:55.512Z","level":"info","category":"api","action":"request_complete","requestId":null,"ip":null,"details":{"method":"GET","path":"/js/api.js","statusCode":304,"duration":2,"requestId":"d01271a3-597e-4c11-b851-6e8e72d85629","ip":"::1"},"duration":null,"error":null}

[90mstdout[2m | tests/visual/visual.test.js[2m > [22m[2mVisual Tests[2m > [22m[2mDesktop (1280x800)[2m > [22m[2m3. Quote card has no border[22m[39m
[INFO] {"timestamp":"2026-02-20T23:38:55.513Z","level":"info","category":"api","action":"request_complete","requestId":null,"ip":null,"details":{"method":"GET","path":"/js/admin-actions.js","statusCode":304,"duration":1,"requestId":"fbdf95b5-7eb6-492e-b062-d82e7b5c5c5f","ip":"::1"},"duration":null,"error":null}
[INFO] {"timestamp":"2026-02-20T23:38:55.513Z","level":"info","category":"api","action":"request_complete","requestId":null,"ip":null,"details":{"method":"GET","path":"/js/important.js","statusCode":304,"duration":1,"requestId":"8b23ddc2-55ca-4f29-b92b-608cd8ff050d","ip":"::1"},"duration":null,"error":null}

[90mstdout[2m | tests/visual/visual.test.js[2m > [22m[2mVisual Tests[2m > [22m[2mDesktop (1280x800)[2m > [22m[2m3. Quote card has no border[22m[39m
[INFO] {"timestamp":"2026-02-20T23:38:55.515Z","level":"info","category":"api","action":"request_complete","requestId":null,"ip":null,"details":{"method":"GET","path":"/js/charts.js","statusCode":304,"duration":1,"requestId":"ac503f3c-6b79-468f-a89d-e775150167cc","ip":"::1"},"duration":null,"error":null}

[90mstdout[2m | tests/visual/visual.test.js[2m > [22m[2mVisual Tests[2m > [22m[2mDesktop (1280x800)[2m > [22m[2m3. Quote card has no border[22m[39m
[INFO] {"timestamp":"2026-02-20T23:38:55.516Z","level":"info","category":"api","action":"request_complete","requestId":null,"ip":null,"details":{"method":"GET","path":"/js/analytics.js","statusCode":304,"duration":1,"requestId":"b7eaf71e-1bf7-4390-bb08-5fb9fe58b2d7","ip":"::1"},"duration":null,"error":null}

[90mstdout[2m | tests/visual/visual.test.js[2m > [22m[2mVisual Tests[2m > [22m[2mDesktop (1280x800)[2m > [22m[2m3. Quote card has no border[22m[39m
[INFO] {"timestamp":"2026-02-20T23:38:55.517Z","level":"info","category":"api","action":"request_complete","requestId":null,"ip":null,"details":{"method":"GET","path":"/js/home.js","statusCode":304,"duration":0,"requestId":"798bb830-3747-45ae-9893-097acfddaf63","ip":"::1"},"duration":null,"error":null}
[INFO] {"timestamp":"2026-02-20T23:38:55.519Z","level":"info","category":"api","action":"request_complete","requestId":null,"ip":null,"details":{"method":"GET","path":"/js/quote.js","statusCode":304,"duration":1,"requestId":"f3c92337-b42e-4b72-ab9e-14efd0dc3451","ip":"::1"},"duration":null,"error":null}

[90mstdout[2m | tests/visual/visual.test.js[2m > [22m[2mVisual Tests[2m > [22m[2mDesktop (1280x800)[2m > [22m[2m3. Quote card has no border[22m[39m
[INFO] {"timestamp":"2026-02-20T23:38:55.520Z","level":"info","category":"api","action":"request_complete","requestId":null,"ip":null,"details":{"method":"GET","path":"/js/article.js","statusCode":304,"duration":1,"requestId":"6e17641e-5010-4ad2-b4bc-ee25ed1b01a3","ip":"::1"},"duration":null,"error":null}

[90mstdout[2m | tests/visual/visual.test.js[2m > [22m[2mVisual Tests[2m > [22m[2mDesktop (1280x800)[2m > [22m[2m3. Quote card has no border[22m[39m
[INFO] {"timestamp":"2026-02-20T23:38:55.522Z","level":"info","category":"api","action":"request_complete","requestId":null,"ip":null,"details":{"method":"GET","path":"/js/author.js","statusCode":304,"duration":0,"requestId":"ef226ae0-c7ef-40b4-8eb5-5dcc9deddf76","ip":"::1"},"duration":null,"error":null}

[90mstdout[2m | tests/visual/visual.test.js[2m > [22m[2mVisual Tests[2m > [22m[2mDesktop (1280x800)[2m > [22m[2m3. Quote card has no border[22m[39m
[INFO] {"timestamp":"2026-02-20T23:38:55.523Z","level":"info","category":"api","action":"request_complete","requestId":null,"ip":null,"details":{"method":"GET","path":"/js/topic.js","statusCode":304,"duration":0,"requestId":"f14af38e-9de3-45fe-b508-16040ea8567c","ip":"::1"},"duration":null,"error":null}
[INFO] {"timestamp":"2026-02-20T23:38:55.524Z","level":"info","category":"api","action":"request_complete","requestId":null,"ip":null,"details":{"method":"GET","path":"/js/category.js","statusCode":304,"duration":1,"requestId":"cbfd0956-6b95-499b-b1bf-04063cb372a8","ip":"::1"},"duration":null,"error":null}

[90mstdout[2m | tests/visual/visual.test.js[2m > [22m[2mVisual Tests[2m > [22m[2mDesktop (1280x800)[2m > [22m[2m3. Quote card has no border[22m[39m
[INFO] {"timestamp":"2026-02-20T23:38:55.525Z","level":"info","category":"api","action":"request_complete","requestId":null,"ip":null,"details":{"method":"GET","path":"/js/settings.js","statusCode":304,"duration":0,"requestId":"c9da2eac-6d53-44e2-a9db-6650c21a8a72","ip":"::1"},"duration":null,"error":null}

[90mstdout[2m | tests/visual/visual.test.js[2m > [22m[2mVisual Tests[2m > [22m[2mDesktop (1280x800)[2m > [22m[2m3. Quote card has no border[22m[39m
[INFO] {"timestamp":"2026-02-20T23:38:55.526Z","level":"info","category":"api","action":"request_complete","requestId":null,"ip":null,"details":{"method":"GET","path":"/js/review.js","statusCode":304,"duration":0,"requestId":"fa06c251-5b28-4f83-9201-b39c4e067787","ip":"::1"},"duration":null,"error":null}

[90mstdout[2m | tests/visual/visual.test.js[2m > [22m[2mVisual Tests[2m > [22m[2mDesktop (1280x800)[2m > [22m[2m3. Quote card has no border[22m[39m
[INFO] {"timestamp":"2026-02-20T23:38:55.527Z","level":"info","category":"api","action":"request_complete","requestId":null,"ip":null,"details":{"method":"GET","path":"/js/logs.js","statusCode":304,"duration":0,"requestId":"bba43d20-419b-497e-86eb-5c5a12d6e45c","ip":"::1"},"duration":null,"error":null}

[90mstdout[2m | tests/visual/visual.test.js[2m > [22m[2mVisual Tests[2m > [22m[2mDesktop (1280x800)[2m > [22m[2m3. Quote card has no border[22m[39m
[INFO] {"timestamp":"2026-02-20T23:38:55.529Z","level":"info","category":"api","action":"request_complete","requestId":null,"ip":null,"details":{"method":"GET","path":"/js/login.js","statusCode":304,"duration":1,"requestId":"c8d520d2-2ffd-480c-b9fb-dd37fda18329","ip":"::1"},"duration":null,"error":null}

[90mstdout[2m | tests/visual/visual.test.js[2m > [22m[2mVisual Tests[2m > [22m[2mDesktop (1280x800)[2m > [22m[2m3. Quote card has no border[22m[39m
[INFO] {"timestamp":"2026-02-20T23:38:55.530Z","level":"info","category":"api","action":"request_complete","requestId":null,"ip":null,"details":{"method":"GET","path":"/js/resetPassword.js","statusCode":304,"duration":0,"requestId":"d286b638-4bd3-454d-98a6-016866a688d9","ip":"::1"},"duration":null,"error":null}

[90mstdout[2m | tests/visual/visual.test.js[2m > [22m[2mVisual Tests[2m > [22m[2mDesktop (1280x800)[2m > [22m[2m3. Quote card has no border[22m[39m
[INFO] {"timestamp":"2026-02-20T23:38:55.531Z","level":"info","category":"api","action":"request_complete","requestId":null,"ip":null,"details":{"method":"GET","path":"/js/bug-report.js","statusCode":304,"duration":0,"requestId":"42ccbfce-c617-45a5-8d0e-aa8768f510c1","ip":"::1"},"duration":null,"error":null}

[90mstdout[2m | tests/visual/visual.test.js[2m > [22m[2mVisual Tests[2m > [22m[2mDesktop (1280x800)[2m > [22m[2m3. Quote card has no border[22m[39m
[INFO] {"timestamp":"2026-02-20T23:38:55.532Z","level":"info","category":"api","action":"request_complete","requestId":null,"ip":null,"details":{"method":"GET","path":"/js/donate.js","statusCode":304,"duration":1,"requestId":"b14b10ee-aa45-480c-9eaf-3cad6876f47f","ip":"::1"},"duration":null,"error":null}

[90mstdout[2m | tests/visual/visual.test.js[2m > [22m[2mVisual Tests[2m > [22m[2mDesktop (1280x800)[2m > [22m[2m3. Quote card has no border[22m[39m
[INFO] {"timestamp":"2026-02-20T23:38:55.534Z","level":"info","category":"api","action":"request_complete","requestId":null,"ip":null,"details":{"method":"GET","path":"/js/app.js","statusCode":304,"duration":1,"requestId":"2c37586a-f119-4866-9f84-86737bd97e87","ip":"::1"},"duration":null,"error":null}

[90mstdout[2m | tests/visual/visual.test.js[2m > [22m[2mVisual Tests[2m > [22m[2mDesktop (1280x800)[2m > [22m[2m3. Quote card has no border[22m[39m
[INFO] {"timestamp":"2026-02-20T23:38:55.560Z","level":"info","category":"api","action":"request_complete","requestId":null,"ip":null,"details":{"method":"GET","path":"/me","statusCode":304,"duration":1,"requestId":"4e29dac9-d440-4206-84be-d986824f5371","ip":"::1"},"duration":null,"error":null}

[90mstdout[2m | tests/visual/visual.test.js[2m > [22m[2mVisual Tests[2m > [22m[2mDesktop (1280x800)[2m > [22m[2m3. Quote card has no border[22m[39m
[INFO] {"timestamp":"2026-02-20T23:38:55.561Z","level":"info","category":"api","action":"request_complete","requestId":null,"ip":null,"details":{"method":"GET","path":"/manifest.json","statusCode":304,"duration":1,"requestId":"1f658a77-c85c-455e-b9fe-3ee73121a872","ip":"::1"},"duration":null,"error":null}

[90mstdout[2m | tests/visual/visual.test.js[2m > [22m[2mVisual Tests[2m > [22m[2mDesktop (1280x800)[2m > [22m[2m3. Quote card has no border[22m[39m
[INFO] {"timestamp":"2026-02-20T23:38:55.566Z","level":"info","category":"api","action":"request_complete","requestId":null,"ip":null,"details":{"method":"GET","path":"/noteworthy","statusCode":304,"duration":1,"requestId":"212d0ee9-df4a-4bff-a10e-f5398535523e","ip":"::1"},"duration":null,"error":null}

[90mstdout[2m | tests/visual/visual.test.js[2m > [22m[2mVisual Tests[2m > [22m[2mDesktop (1280x800)[2m > [22m[2m3. Quote card has no border[22m[39m
[INFO] {"timestamp":"2026-02-20T23:38:55.568Z","level":"info","category":"api","action":"request_complete","requestId":null,"ip":null,"details":{"method":"GET","path":"/top-authors","statusCode":304,"duration":1,"requestId":"9ac836b2-06b2-47a8-8be5-c91ddc0b97d2","ip":"::1"},"duration":null,"error":null}

[90mstdout[2m | tests/visual/visual.test.js[2m > [22m[2mVisual Tests[2m > [22m[2mDesktop (1280x800)[2m > [22m[2m3. Quote card has no border[22m[39m
[INFO] {"timestamp":"2026-02-20T23:38:55.599Z","level":"info","category":"api","action":"request_complete","requestId":null,"ip":null,"details":{"method":"GET","path":"/trending-authors","statusCode":304,"duration":2,"requestId":"b91f9e7f-5e03-4612-aa8c-c7f8625ff7a5","ip":"::1"},"duration":null,"error":null}

[90mstdout[2m | tests/visual/visual.test.js[2m > [22m[2mVisual Tests[2m > [22m[2mDesktop (1280x800)[2m > [22m[2m3. Quote card has no border[22m[39m
[INFO] {"timestamp":"2026-02-20T23:38:56.553Z","level":"info","category":"test","action":"test_complete","requestId":null,"ip":null,"details":{"test":"3. Quote card has no border","file":"visual/visual.test.js","durationMs":1118,"slow":false},"duration":1118,"error":null}

[90mstdout[2m | tests/visual/visual.test.js[2m > [22m[2mVisual Tests[2m > [22m[2mDesktop (1280x800)[2m > [22m[2m4. Quote dividers exist between quotes[22m[39m
[INFO] {"timestamp":"2026-02-20T23:38:56.599Z","level":"info","category":"api","action":"request_complete","requestId":null,"ip":null,"details":{"method":"GET","path":"/","statusCode":304,"duration":1,"requestId":"f6fa4db0-e788-40d3-8e5e-e7ac23128f87","ip":"::1"},"duration":null,"error":null}

[90mstdout[2m | tests/visual/visual.test.js[2m > [22m[2mVisual Tests[2m > [22m[2mDesktop (1280x800)[2m > [22m[2m4. Quote dividers exist between quotes[22m[39m
[INFO] {"timestamp":"2026-02-20T23:38:56.625Z","level":"info","category":"api","action":"request_complete","requestId":null,"ip":null,"details":{"method":"GET","path":"/css/styles.css","statusCode":304,"duration":1,"requestId":"c76b08a1-ed8b-428c-a4f8-75b714c37434","ip":"::1"},"duration":null,"error":null}

[90mstdout[2m | tests/visual/visual.test.js[2m > [22m[2mVisual Tests[2m > [22m[2mDesktop (1280x800)[2m > [22m[2m4. Quote dividers exist between quotes[22m[39m
[INFO] {"timestamp":"2026-02-20T23:38:56.626Z","level":"info","category":"api","action":"request_complete","requestId":null,"ip":null,"details":{"method":"GET","path":"/css/fact-check-widget.css","statusCode":304,"duration":1,"requestId":"6b036a11-870c-4750-8ced-98aae1b0ceca","ip":"::1"},"duration":null,"error":null}

[90mstdout[2m | tests/visual/visual.test.js[2m > [22m[2mVisual Tests[2m > [22m[2mDesktop (1280x800)[2m > [22m[2m4. Quote dividers exist between quotes[22m[39m
[INFO] {"timestamp":"2026-02-20T23:38:56.628Z","level":"info","category":"api","action":"request_complete","requestId":null,"ip":null,"details":{"method":"GET","path":"/socket.io/socket.io.js","statusCode":304,"duration":1,"requestId":"d7a2019a-1360-46c8-ba00-67ae084c80a5","ip":"::1"},"duration":null,"error":null}

[90mstdout[2m | tests/visual/visual.test.js[2m > [22m[2mVisual Tests[2m > [22m[2mDesktop (1280x800)[2m > [22m[2m4. Quote dividers exist between quotes[22m[39m
[INFO] {"timestamp":"2026-02-20T23:38:56.629Z","level":"info","category":"api","action":"request_complete","requestId":null,"ip":null,"details":{"method":"GET","path":"/js/api.js","statusCode":304,"duration":0,"requestId":"09c9db5d-e77e-4ff3-9c6c-98bdb4c2741f","ip":"::1"},"duration":null,"error":null}

[90mstdout[2m | tests/visual/visual.test.js[2m > [22m[2mVisual Tests[2m > [22m[2mDesktop (1280x800)[2m > [22m[2m4. Quote dividers exist between quotes[22m[39m
[INFO] {"timestamp":"2026-02-20T23:38:56.631Z","level":"info","category":"api","action":"request_complete","requestId":null,"ip":null,"details":{"method":"GET","path":"/js/admin-actions.js","statusCode":304,"duration":0,"requestId":"ad8db0e8-f375-4d9b-b2d8-3f020a91c619","ip":"::1"},"duration":null,"error":null}

[90mstdout[2m | tests/visual/visual.test.js[2m > [22m[2mVisual Tests[2m > [22m[2mDesktop (1280x800)[2m > [22m[2m4. Quote dividers exist between quotes[22m[39m
[INFO] {"timestamp":"2026-02-20T23:38:56.632Z","level":"info","category":"api","action":"request_complete","requestId":null,"ip":null,"details":{"method":"GET","path":"/js/charts.js","statusCode":304,"duration":1,"requestId":"25f20543-d43d-4764-b64a-d9d10094ce43","ip":"::1"},"duration":null,"error":null}

[90mstdout[2m | tests/visual/visual.test.js[2m > [22m[2mVisual Tests[2m > [22m[2mDesktop (1280x800)[2m > [22m[2m4. Quote dividers exist between quotes[22m[39m
[INFO] {"timestamp":"2026-02-20T23:38:56.638Z","level":"info","category":"api","action":"request_complete","requestId":null,"ip":null,"details":{"method":"GET","path":"/js/analytics.js","statusCode":304,"duration":4,"requestId":"0175ab73-1588-4d67-8bfc-dc50575d1106","ip":"::1"},"duration":null,"error":null}
[INFO] {"timestamp":"2026-02-20T23:38:56.638Z","level":"info","category":"api","action":"request_complete","requestId":null,"ip":null,"details":{"method":"GET","path":"/js/important.js","statusCode":304,"duration":1,"requestId":"9a1616da-0d07-43f7-b901-c6bfbbe7b2f6","ip":"::1"},"duration":null,"error":null}

[90mstdout[2m | tests/visual/visual.test.js[2m > [22m[2mVisual Tests[2m > [22m[2mDesktop (1280x800)[2m > [22m[2m4. Quote dividers exist between quotes[22m[39m
[INFO] {"timestamp":"2026-02-20T23:38:56.639Z","level":"info","category":"api","action":"request_complete","requestId":null,"ip":null,"details":{"method":"GET","path":"/js/home.js","statusCode":304,"duration":2,"requestId":"5ffc1367-5420-4ee3-8646-7b7841d4dd73","ip":"::1"},"duration":null,"error":null}
[INFO] {"timestamp":"2026-02-20T23:38:56.640Z","level":"info","category":"api","action":"request_complete","requestId":null,"ip":null,"details":{"method":"GET","path":"/js/quote.js","statusCode":304,"duration":1,"requestId":"5d475199-72b3-4f10-97eb-1c3b1b72f0f1","ip":"::1"},"duration":null,"error":null}

[90mstdout[2m | tests/visual/visual.test.js[2m > [22m[2mVisual Tests[2m > [22m[2mDesktop (1280x800)[2m > [22m[2m4. Quote dividers exist between quotes[22m[39m
[INFO] {"timestamp":"2026-02-20T23:38:56.642Z","level":"info","category":"api","action":"request_complete","requestId":null,"ip":null,"details":{"method":"GET","path":"/js/article.js","statusCode":304,"duration":1,"requestId":"bcb98001-6b29-46de-b5f6-574e9e282ad0","ip":"::1"},"duration":null,"error":null}
[INFO] {"timestamp":"2026-02-20T23:38:56.642Z","level":"info","category":"api","action":"request_complete","requestId":null,"ip":null,"details":{"method":"GET","path":"/js/author.js","statusCode":304,"duration":1,"requestId":"2ba2bc17-8b8d-476a-8f0c-c5c05ebc45c9","ip":"::1"},"duration":null,"error":null}

[90mstdout[2m | tests/visual/visual.test.js[2m > [22m[2mVisual Tests[2m > [22m[2mDesktop (1280x800)[2m > [22m[2m4. Quote dividers exist between quotes[22m[39m
[INFO] {"timestamp":"2026-02-20T23:38:56.643Z","level":"info","category":"api","action":"request_complete","requestId":null,"ip":null,"details":{"method":"GET","path":"/js/topic.js","statusCode":304,"duration":2,"requestId":"8aca0097-1046-4d58-8907-42c565e1f13f","ip":"::1"},"duration":null,"error":null}
[INFO] {"timestamp":"2026-02-20T23:38:56.644Z","level":"info","category":"api","action":"request_complete","requestId":null,"ip":null,"details":{"method":"GET","path":"/js/category.js","statusCode":304,"duration":1,"requestId":"02b65efd-0aa8-4163-b286-51855ab62864","ip":"::1"},"duration":null,"error":null}
[INFO] {"timestamp":"2026-02-20T23:38:56.644Z","level":"info","category":"api","action":"request_complete","requestId":null,"ip":null,"details":{"method":"GET","path":"/js/settings.js","statusCode":304,"duration":0,"requestId":"5af4b878-301e-48df-b6d6-7c539762aaa9","ip":"::1"},"duration":null,"error":null}

[90mstdout[2m | tests/visual/visual.test.js[2m > [22m[2mVisual Tests[2m > [22m[2mDesktop (1280x800)[2m > [22m[2m4. Quote dividers exist between quotes[22m[39m
[INFO] {"timestamp":"2026-02-20T23:38:56.646Z","level":"info","category":"api","action":"request_complete","requestId":null,"ip":null,"details":{"method":"GET","path":"/js/review.js","statusCode":304,"duration":1,"requestId":"a7a5ce76-5ce4-4520-acde-8022444d0aa8","ip":"::1"},"duration":null,"error":null}

[90mstdout[2m | tests/visual/visual.test.js[2m > [22m[2mVisual Tests[2m > [22m[2mDesktop (1280x800)[2m > [22m[2m4. Quote dividers exist between quotes[22m[39m
[INFO] {"timestamp":"2026-02-20T23:38:56.647Z","level":"info","category":"api","action":"request_complete","requestId":null,"ip":null,"details":{"method":"GET","path":"/js/logs.js","statusCode":304,"duration":1,"requestId":"5ca2bdb3-fd7f-425d-a314-345554bb3453","ip":"::1"},"duration":null,"error":null}

[90mstdout[2m | tests/visual/visual.test.js[2m > [22m[2mVisual Tests[2m > [22m[2mDesktop (1280x800)[2m > [22m[2m4. Quote dividers exist between quotes[22m[39m
[INFO] {"timestamp":"2026-02-20T23:38:56.648Z","level":"info","category":"api","action":"request_complete","requestId":null,"ip":null,"details":{"method":"GET","path":"/js/login.js","statusCode":304,"duration":1,"requestId":"d2cc1538-a5f4-4e4c-8929-8771b3f36076","ip":"::1"},"duration":null,"error":null}

[90mstdout[2m | tests/visual/visual.test.js[2m > [22m[2mVisual Tests[2m > [22m[2mDesktop (1280x800)[2m > [22m[2m4. Quote dividers exist between quotes[22m[39m
[INFO] {"timestamp":"2026-02-20T23:38:56.649Z","level":"info","category":"api","action":"request_complete","requestId":null,"ip":null,"details":{"method":"GET","path":"/js/resetPassword.js","statusCode":304,"duration":1,"requestId":"a53e147a-8c41-4d01-937b-a569f6bb27b1","ip":"::1"},"duration":null,"error":null}

[90mstdout[2m | tests/visual/visual.test.js[2m > [22m[2mVisual Tests[2m > [22m[2mDesktop (1280x800)[2m > [22m[2m4. Quote dividers exist between quotes[22m[39m
[INFO] {"timestamp":"2026-02-20T23:38:56.651Z","level":"info","category":"api","action":"request_complete","requestId":null,"ip":null,"details":{"method":"GET","path":"/js/bug-report.js","statusCode":304,"duration":1,"requestId":"df602cef-9370-4bab-9097-23622d20feb1","ip":"::1"},"duration":null,"error":null}

[90mstdout[2m | tests/visual/visual.test.js[2m > [22m[2mVisual Tests[2m > [22m[2mDesktop (1280x800)[2m > [22m[2m4. Quote dividers exist between quotes[22m[39m
[INFO] {"timestamp":"2026-02-20T23:38:56.652Z","level":"info","category":"api","action":"request_complete","requestId":null,"ip":null,"details":{"method":"GET","path":"/js/donate.js","statusCode":304,"duration":1,"requestId":"f7c49e85-23f8-4846-87e5-d93428b64ef5","ip":"::1"},"duration":null,"error":null}

[90mstdout[2m | tests/visual/visual.test.js[2m > [22m[2mVisual Tests[2m > [22m[2mDesktop (1280x800)[2m > [22m[2m4. Quote dividers exist between quotes[22m[39m
[INFO] {"timestamp":"2026-02-20T23:38:56.653Z","level":"info","category":"api","action":"request_complete","requestId":null,"ip":null,"details":{"method":"GET","path":"/js/app.js","statusCode":304,"duration":0,"requestId":"015fa6ff-7113-4398-91b7-712b2f25ac89","ip":"::1"},"duration":null,"error":null}

[90mstdout[2m | tests/visual/visual.test.js[2m > [22m[2mVisual Tests[2m > [22m[2mDesktop (1280x800)[2m > [22m[2m4. Quote dividers exist between quotes[22m[39m
[INFO] {"timestamp":"2026-02-20T23:38:56.654Z","level":"info","category":"api","action":"request_complete","requestId":null,"ip":null,"details":{"method":"GET","path":"/manifest.json","statusCode":304,"duration":0,"requestId":"e61209a7-473a-4b79-9f40-6838dfbe7379","ip":"::1"},"duration":null,"error":null}

[90mstdout[2m | tests/visual/visual.test.js[2m > [22m[2mVisual Tests[2m > [22m[2mDesktop (1280x800)[2m > [22m[2m4. Quote dividers exist between quotes[22m[39m
[INFO] {"timestamp":"2026-02-20T23:38:56.680Z","level":"info","category":"api","action":"request_complete","requestId":null,"ip":null,"details":{"method":"GET","path":"/me","statusCode":304,"duration":1,"requestId":"c16dad7c-d08f-4c3f-94a8-de804678152c","ip":"::1"},"duration":null,"error":null}

[90mstdout[2m | tests/visual/visual.test.js[2m > [22m[2mVisual Tests[2m > [22m[2mDesktop (1280x800)[2m > [22m[2m4. Quote dividers exist between quotes[22m[39m
[INFO] {"timestamp":"2026-02-20T23:38:56.706Z","level":"info","category":"api","action":"request_complete","requestId":null,"ip":null,"details":{"method":"GET","path":"/noteworthy","statusCode":304,"duration":1,"requestId":"c30c0b8b-3cad-47e6-8ae7-ef1aab8bc76a","ip":"::1"},"duration":null,"error":null}

[90mstdout[2m | tests/visual/visual.test.js[2m > [22m[2mVisual Tests[2m > [22m[2mDesktop (1280x800)[2m > [22m[2m4. Quote dividers exist between quotes[22m[39m
[INFO] {"timestamp":"2026-02-20T23:38:56.707Z","level":"info","category":"api","action":"request_complete","requestId":null,"ip":null,"details":{"method":"GET","path":"/top-authors","statusCode":304,"duration":1,"requestId":"aa273c19-26e3-4784-8b54-cb3744f3236f","ip":"::1"},"duration":null,"error":null}

[90mstdout[2m | tests/visual/visual.test.js[2m > [22m[2mVisual Tests[2m > [22m[2mDesktop (1280x800)[2m > [22m[2m4. Quote dividers exist between quotes[22m[39m
[INFO] {"timestamp":"2026-02-20T23:38:56.718Z","level":"info","category":"api","action":"request_complete","requestId":null,"ip":null,"details":{"method":"GET","path":"/trending-authors","statusCode":304,"duration":1,"requestId":"63a42238-f17c-4b24-a4a4-a62fc4ecec33","ip":"::1"},"duration":null,"error":null}

[90mstdout[2m | tests/visual/visual.test.js[2m > [22m[2mVisual Tests[2m > [22m[2mDesktop (1280x800)[2m > [22m[2m4. Quote dividers exist between quotes[22m[39m
[INFO] {"timestamp":"2026-02-20T23:38:57.673Z","level":"info","category":"test","action":"test_complete","requestId":null,"ip":null,"details":{"test":"4. Quote dividers exist between quotes","file":"visual/visual.test.js","durationMs":1120,"slow":false},"duration":1120,"error":null}

[90mstdout[2m | tests/visual/visual.test.js[2m > [22m[2mVisual Tests[2m > [22m[2mDesktop (1280x800)[2m > [22m[2m5. Byline contains em dash[22m[39m
[INFO] {"timestamp":"2026-02-20T23:38:57.720Z","level":"info","category":"api","action":"request_complete","requestId":null,"ip":null,"details":{"method":"GET","path":"/","statusCode":304,"duration":1,"requestId":"dceed575-57b6-48ec-8928-b2ef000a6131","ip":"::1"},"duration":null,"error":null}

[90mstdout[2m | tests/visual/visual.test.js[2m > [22m[2mVisual Tests[2m > [22m[2mDesktop (1280x800)[2m > [22m[2m5. Byline contains em dash[22m[39m
[INFO] {"timestamp":"2026-02-20T23:38:57.751Z","level":"info","category":"api","action":"request_complete","requestId":null,"ip":null,"details":{"method":"GET","path":"/css/styles.css","statusCode":304,"duration":0,"requestId":"103863ae-3802-4c3c-9898-b6e0462a33b5","ip":"::1"},"duration":null,"error":null}

[90mstdout[2m | tests/visual/visual.test.js[2m > [22m[2mVisual Tests[2m > [22m[2mDesktop (1280x800)[2m > [22m[2m5. Byline contains em dash[22m[39m
[INFO] {"timestamp":"2026-02-20T23:38:57.754Z","level":"info","category":"api","action":"request_complete","requestId":null,"ip":null,"details":{"method":"GET","path":"/socket.io/socket.io.js","statusCode":304,"duration":2,"requestId":"09d9a4ae-a5b1-4bd5-8545-63be749ffb87","ip":"::1"},"duration":null,"error":null}
[INFO] {"timestamp":"2026-02-20T23:38:57.755Z","level":"info","category":"api","action":"request_complete","requestId":null,"ip":null,"details":{"method":"GET","path":"/css/fact-check-widget.css","statusCode":304,"duration":2,"requestId":"6dd32faa-22db-44d2-902b-7dd42f0604d8","ip":"::1"},"duration":null,"error":null}

[90mstdout[2m | tests/visual/visual.test.js[2m > [22m[2mVisual Tests[2m > [22m[2mDesktop (1280x800)[2m > [22m[2m5. Byline contains em dash[22m[39m
[INFO] {"timestamp":"2026-02-20T23:38:57.756Z","level":"info","category":"api","action":"request_complete","requestId":null,"ip":null,"details":{"method":"GET","path":"/js/api.js","statusCode":304,"duration":1,"requestId":"88f365a8-bc56-4b9a-9b3d-e8a09ef8321e","ip":"::1"},"duration":null,"error":null}

[90mstdout[2m | tests/visual/visual.test.js[2m > [22m[2mVisual Tests[2m > [22m[2mDesktop (1280x800)[2m > [22m[2m5. Byline contains em dash[22m[39m
[INFO] {"timestamp":"2026-02-20T23:38:57.758Z","level":"info","category":"api","action":"request_complete","requestId":null,"ip":null,"details":{"method":"GET","path":"/js/admin-actions.js","statusCode":304,"duration":0,"requestId":"ff0ec5f8-93f4-40a3-b969-a4df23a878ec","ip":"::1"},"duration":null,"error":null}

[90mstdout[2m | tests/visual/visual.test.js[2m > [22m[2mVisual Tests[2m > [22m[2mDesktop (1280x800)[2m > [22m[2m5. Byline contains em dash[22m[39m
[INFO] {"timestamp":"2026-02-20T23:38:57.759Z","level":"info","category":"api","action":"request_complete","requestId":null,"ip":null,"details":{"method":"GET","path":"/js/important.js","statusCode":304,"duration":0,"requestId":"4b74142a-2603-42d4-9332-b74c3d438180","ip":"::1"},"duration":null,"error":null}

[90mstdout[2m | tests/visual/visual.test.js[2m > [22m[2mVisual Tests[2m > [22m[2mDesktop (1280x800)[2m > [22m[2m5. Byline contains em dash[22m[39m
[INFO] {"timestamp":"2026-02-20T23:38:57.760Z","level":"info","category":"api","action":"request_complete","requestId":null,"ip":null,"details":{"method":"GET","path":"/js/charts.js","statusCode":304,"duration":0,"requestId":"46a09c91-0770-4c21-b78b-e0a25792597e","ip":"::1"},"duration":null,"error":null}

[90mstdout[2m | tests/visual/visual.test.js[2m > [22m[2mVisual Tests[2m > [22m[2mDesktop (1280x800)[2m > [22m[2m5. Byline contains em dash[22m[39m
[INFO] {"timestamp":"2026-02-20T23:38:57.762Z","level":"info","category":"api","action":"request_complete","requestId":null,"ip":null,"details":{"method":"GET","path":"/js/analytics.js","statusCode":304,"duration":1,"requestId":"2d808f95-33c2-4bdd-be5b-836a081b907b","ip":"::1"},"duration":null,"error":null}

[90mstdout[2m | tests/visual/visual.test.js[2m > [22m[2mVisual Tests[2m > [22m[2mDesktop (1280x800)[2m > [22m[2m5. Byline contains em dash[22m[39m
[INFO] {"timestamp":"2026-02-20T23:38:57.764Z","level":"info","category":"api","action":"request_complete","requestId":null,"ip":null,"details":{"method":"GET","path":"/js/quote.js","statusCode":304,"duration":0,"requestId":"9fdba425-6c80-416d-9e0a-920af2fe37ae","ip":"::1"},"duration":null,"error":null}

[90mstdout[2m | tests/visual/visual.test.js[2m > [22m[2mVisual Tests[2m > [22m[2mDesktop (1280x800)[2m > [22m[2m5. Byline contains em dash[22m[39m
[INFO] {"timestamp":"2026-02-20T23:38:57.765Z","level":"info","category":"api","action":"request_complete","requestId":null,"ip":null,"details":{"method":"GET","path":"/js/home.js","statusCode":304,"duration":0,"requestId":"bce6373a-cdc6-4ca5-86be-0ae692a0c748","ip":"::1"},"duration":null,"error":null}

[90mstdout[2m | tests/visual/visual.test.js[2m > [22m[2mVisual Tests[2m > [22m[2mDesktop (1280x800)[2m > [22m[2m5. Byline contains em dash[22m[39m
[INFO] {"timestamp":"2026-02-20T23:38:57.767Z","level":"info","category":"api","action":"request_complete","requestId":null,"ip":null,"details":{"method":"GET","path":"/js/author.js","statusCode":304,"duration":1,"requestId":"e8952ef0-6812-4a33-9794-55b178782d9d","ip":"::1"},"duration":null,"error":null}
[INFO] {"timestamp":"2026-02-20T23:38:57.767Z","level":"info","category":"api","action":"request_complete","requestId":null,"ip":null,"details":{"method":"GET","path":"/js/topic.js","statusCode":304,"duration":1,"requestId":"1b510eef-383b-456d-aef7-e3de756ffc43","ip":"::1"},"duration":null,"error":null}

[90mstdout[2m | tests/visual/visual.test.js[2m > [22m[2mVisual Tests[2m > [22m[2mDesktop (1280x800)[2m > [22m[2m5. Byline contains em dash[22m[39m
[INFO] {"timestamp":"2026-02-20T23:38:57.768Z","level":"info","category":"api","action":"request_complete","requestId":null,"ip":null,"details":{"method":"GET","path":"/js/article.js","statusCode":304,"duration":0,"requestId":"24b6ba69-bc7d-459f-809c-2174e0b7b1ab","ip":"::1"},"duration":null,"error":null}

[90mstdout[2m | tests/visual/visual.test.js[2m > [22m[2mVisual Tests[2m > [22m[2mDesktop (1280x800)[2m > [22m[2m5. Byline contains em dash[22m[39m
[INFO] {"timestamp":"2026-02-20T23:38:57.770Z","level":"info","category":"api","action":"request_complete","requestId":null,"ip":null,"details":{"method":"GET","path":"/js/category.js","statusCode":304,"duration":0,"requestId":"f5a4eb0b-9485-45f2-b732-06afc4370f4f","ip":"::1"},"duration":null,"error":null}

[90mstdout[2m | tests/visual/visual.test.js[2m > [22m[2mVisual Tests[2m > [22m[2mDesktop (1280x800)[2m > [22m[2m5. Byline contains em dash[22m[39m
[INFO] {"timestamp":"2026-02-20T23:38:57.772Z","level":"info","category":"api","action":"request_complete","requestId":null,"ip":null,"details":{"method":"GET","path":"/js/settings.js","statusCode":304,"duration":1,"requestId":"e21294f4-20f8-40e0-9a02-fdf54dfd3331","ip":"::1"},"duration":null,"error":null}
[INFO] {"timestamp":"2026-02-20T23:38:57.772Z","level":"info","category":"api","action":"request_complete","requestId":null,"ip":null,"details":{"method":"GET","path":"/js/review.js","statusCode":304,"duration":0,"requestId":"5b383e56-2eda-4cfe-b7c0-1ee8ba1ae0bb","ip":"::1"},"duration":null,"error":null}
[INFO] {"timestamp":"2026-02-20T23:38:57.773Z","level":"info","category":"api","action":"request_complete","requestId":null,"ip":null,"details":{"method":"GET","path":"/js/logs.js","statusCode":304,"duration":0,"requestId":"6cc95586-ba06-4069-a156-03ef4ad4e813","ip":"::1"},"duration":null,"error":null}

[90mstdout[2m | tests/visual/visual.test.js[2m > [22m[2mVisual Tests[2m > [22m[2mDesktop (1280x800)[2m > [22m[2m5. Byline contains em dash[22m[39m
[INFO] {"timestamp":"2026-02-20T23:38:57.776Z","level":"info","category":"api","action":"request_complete","requestId":null,"ip":null,"details":{"method":"GET","path":"/js/login.js","statusCode":304,"duration":0,"requestId":"0173e972-f974-4b03-97bb-5d230cd6b093","ip":"::1"},"duration":null,"error":null}

[90mstdout[2m | tests/visual/visual.test.js[2m > [22m[2mVisual Tests[2m > [22m[2mDesktop (1280x800)[2m > [22m[2m5. Byline contains em dash[22m[39m
[INFO] {"timestamp":"2026-02-20T23:38:57.778Z","level":"info","category":"api","action":"request_complete","requestId":null,"ip":null,"details":{"method":"GET","path":"/js/resetPassword.js","statusCode":304,"duration":1,"requestId":"68a67ba3-d710-424a-9a62-52a4e29eb4ac","ip":"::1"},"duration":null,"error":null}
[INFO] {"timestamp":"2026-02-20T23:38:57.778Z","level":"info","category":"api","action":"request_complete","requestId":null,"ip":null,"details":{"method":"GET","path":"/js/bug-report.js","statusCode":304,"duration":1,"requestId":"26ff1e86-565a-4307-a9dc-49d77825e731","ip":"::1"},"duration":null,"error":null}

[90mstdout[2m | tests/visual/visual.test.js[2m > [22m[2mVisual Tests[2m > [22m[2mDesktop (1280x800)[2m > [22m[2m5. Byline contains em dash[22m[39m
[INFO] {"timestamp":"2026-02-20T23:38:57.779Z","level":"info","category":"api","action":"request_complete","requestId":null,"ip":null,"details":{"method":"GET","path":"/js/donate.js","statusCode":304,"duration":0,"requestId":"55ce5ea9-63f9-4dea-99c1-12385fef080c","ip":"::1"},"duration":null,"error":null}

[90mstdout[2m | tests/visual/visual.test.js[2m > [22m[2mVisual Tests[2m > [22m[2mDesktop (1280x800)[2m > [22m[2m5. Byline contains em dash[22m[39m
[INFO] {"timestamp":"2026-02-20T23:38:57.781Z","level":"info","category":"api","action":"request_complete","requestId":null,"ip":null,"details":{"method":"GET","path":"/js/app.js","statusCode":304,"duration":0,"requestId":"854821b5-ee31-4f58-a5c3-91874a73b438","ip":"::1"},"duration":null,"error":null}

[90mstdout[2m | tests/visual/visual.test.js[2m > [22m[2mVisual Tests[2m > [22m[2mDesktop (1280x800)[2m > [22m[2m5. Byline contains em dash[22m[39m
[INFO] {"timestamp":"2026-02-20T23:38:57.811Z","level":"info","category":"api","action":"request_complete","requestId":null,"ip":null,"details":{"method":"GET","path":"/me","statusCode":304,"duration":1,"requestId":"cae0f88b-8bc9-4be9-8159-3aada682099d","ip":"::1"},"duration":null,"error":null}

[90mstdout[2m | tests/visual/visual.test.js[2m > [22m[2mVisual Tests[2m > [22m[2mDesktop (1280x800)[2m > [22m[2m5. Byline contains em dash[22m[39m
[INFO] {"timestamp":"2026-02-20T23:38:57.817Z","level":"info","category":"api","action":"request_complete","requestId":null,"ip":null,"details":{"method":"GET","path":"/noteworthy","statusCode":304,"duration":1,"requestId":"30f41436-de4c-4bad-a7df-c89b45a0fec4","ip":"::1"},"duration":null,"error":null}

[90mstdout[2m | tests/visual/visual.test.js[2m > [22m[2mVisual Tests[2m > [22m[2mDesktop (1280x800)[2m > [22m[2m5. Byline contains em dash[22m[39m
[INFO] {"timestamp":"2026-02-20T23:38:57.819Z","level":"info","category":"api","action":"request_complete","requestId":null,"ip":null,"details":{"method":"GET","path":"/top-authors","statusCode":304,"duration":1,"requestId":"4e776d00-3f7a-43b5-a0a9-81cfc610d3e6","ip":"::1"},"duration":null,"error":null}

[90mstdout[2m | tests/visual/visual.test.js[2m > [22m[2mVisual Tests[2m > [22m[2mDesktop (1280x800)[2m > [22m[2m5. Byline contains em dash[22m[39m
[INFO] {"timestamp":"2026-02-20T23:38:57.825Z","level":"info","category":"api","action":"request_complete","requestId":null,"ip":null,"details":{"method":"GET","path":"/manifest.json","statusCode":304,"duration":0,"requestId":"f43251b0-5ab3-47c5-ac61-c8ff86136208","ip":"::1"},"duration":null,"error":null}

[90mstdout[2m | tests/visual/visual.test.js[2m > [22m[2mVisual Tests[2m > [22m[2mDesktop (1280x800)[2m > [22m[2m5. Byline contains em dash[22m[39m
[INFO] {"timestamp":"2026-02-20T23:38:57.831Z","level":"info","category":"api","action":"request_complete","requestId":null,"ip":null,"details":{"method":"GET","path":"/trending-authors","statusCode":304,"duration":1,"requestId":"32ed7c2b-cf44-4889-927b-6f27037ddbbf","ip":"::1"},"duration":null,"error":null}

[90mstdout[2m | tests/visual/visual.test.js[2m > [22m[2mVisual Tests[2m > [22m[2mDesktop (1280x800)[2m > [22m[2m5. Byline contains em dash[22m[39m
[INFO] {"timestamp":"2026-02-20T23:38:58.791Z","level":"info","category":"test","action":"test_complete","requestId":null,"ip":null,"details":{"test":"5. Byline contains em dash","file":"visual/visual.test.js","durationMs":1118,"slow":false},"duration":1118,"error":null}

[90mstdout[2m | tests/visual/visual.test.js[2m > [22m[2mVisual Tests[2m > [22m[2mDesktop (1280x800)[2m > [22m[2m6. Footer hover elements hidden by default[22m[39m
[INFO] {"timestamp":"2026-02-20T23:38:58.843Z","level":"info","category":"api","action":"request_complete","requestId":null,"ip":null,"details":{"method":"GET","path":"/","statusCode":304,"duration":0,"requestId":"7da737eb-39c2-4124-9f95-38674bb8d431","ip":"::1"},"duration":null,"error":null}

[90mstdout[2m | tests/visual/visual.test.js[2m > [22m[2mVisual Tests[2m > [22m[2mDesktop (1280x800)[2m > [22m[2m6. Footer hover elements hidden by default[22m[39m
[INFO] {"timestamp":"2026-02-20T23:38:58.867Z","level":"info","category":"api","action":"request_complete","requestId":null,"ip":null,"details":{"method":"GET","path":"/css/styles.css","statusCode":304,"duration":1,"requestId":"cc9cd82d-a26b-4459-b1cd-5d18572d08d9","ip":"::1"},"duration":null,"error":null}

[90mstdout[2m | tests/visual/visual.test.js[2m > [22m[2mVisual Tests[2m > [22m[2mDesktop (1280x800)[2m > [22m[2m6. Footer hover elements hidden by default[22m[39m
[INFO] {"timestamp":"2026-02-20T23:38:58.869Z","level":"info","category":"api","action":"request_complete","requestId":null,"ip":null,"details":{"method":"GET","path":"/css/fact-check-widget.css","statusCode":304,"duration":1,"requestId":"16b6b50a-f9da-4982-aac6-4bb35fb86c05","ip":"::1"},"duration":null,"error":null}

[90mstdout[2m | tests/visual/visual.test.js[2m > [22m[2mVisual Tests[2m > [22m[2mDesktop (1280x800)[2m > [22m[2m6. Footer hover elements hidden by default[22m[39m
[INFO] {"timestamp":"2026-02-20T23:38:58.871Z","level":"info","category":"api","action":"request_complete","requestId":null,"ip":null,"details":{"method":"GET","path":"/socket.io/socket.io.js","statusCode":304,"duration":1,"requestId":"34c63d3e-8603-4a4d-90ca-cd8c9b9b5411","ip":"::1"},"duration":null,"error":null}

[90mstdout[2m | tests/visual/visual.test.js[2m > [22m[2mVisual Tests[2m > [22m[2mDesktop (1280x800)[2m > [22m[2m6. Footer hover elements hidden by default[22m[39m
[INFO] {"timestamp":"2026-02-20T23:38:58.872Z","level":"info","category":"api","action":"request_complete","requestId":null,"ip":null,"details":{"method":"GET","path":"/js/api.js","statusCode":304,"duration":0,"requestId":"ffba5f00-cef4-475e-b207-442e5500524a","ip":"::1"},"duration":null,"error":null}

[90mstdout[2m | tests/visual/visual.test.js[2m > [22m[2mVisual Tests[2m > [22m[2mDesktop (1280x800)[2m > [22m[2m6. Footer hover elements hidden by default[22m[39m
[INFO] {"timestamp":"2026-02-20T23:38:58.875Z","level":"info","category":"api","action":"request_complete","requestId":null,"ip":null,"details":{"method":"GET","path":"/js/admin-actions.js","statusCode":304,"duration":1,"requestId":"b2a0ba36-11fb-4799-879e-34cef2164dc7","ip":"::1"},"duration":null,"error":null}
[INFO] {"timestamp":"2026-02-20T23:38:58.875Z","level":"info","category":"api","action":"request_complete","requestId":null,"ip":null,"details":{"method":"GET","path":"/js/important.js","statusCode":304,"duration":0,"requestId":"25790070-269e-4e44-b8a3-bc439f649b03","ip":"::1"},"duration":null,"error":null}

[90mstdout[2m | tests/visual/visual.test.js[2m > [22m[2mVisual Tests[2m > [22m[2mDesktop (1280x800)[2m > [22m[2m6. Footer hover elements hidden by default[22m[39m
[INFO] {"timestamp":"2026-02-20T23:38:58.877Z","level":"info","category":"api","action":"request_complete","requestId":null,"ip":null,"details":{"method":"GET","path":"/js/charts.js","statusCode":304,"duration":0,"requestId":"22f0616b-f058-413c-a9ae-5267a0db2e58","ip":"::1"},"duration":null,"error":null}

[90mstdout[2m | tests/visual/visual.test.js[2m > [22m[2mVisual Tests[2m > [22m[2mDesktop (1280x800)[2m > [22m[2m6. Footer hover elements hidden by default[22m[39m
[INFO] {"timestamp":"2026-02-20T23:38:58.878Z","level":"info","category":"api","action":"request_complete","requestId":null,"ip":null,"details":{"method":"GET","path":"/js/analytics.js","statusCode":304,"duration":0,"requestId":"9531e6b4-bccf-4db2-81fe-02163d253590","ip":"::1"},"duration":null,"error":null}

[90mstdout[2m | tests/visual/visual.test.js[2m > [22m[2mVisual Tests[2m > [22m[2mDesktop (1280x800)[2m > [22m[2m6. Footer hover elements hidden by default[22m[39m
[INFO] {"timestamp":"2026-02-20T23:38:58.879Z","level":"info","category":"api","action":"request_complete","requestId":null,"ip":null,"details":{"method":"GET","path":"/js/home.js","statusCode":304,"duration":0,"requestId":"a5f9966d-7603-4d17-a130-b7149c2f5548","ip":"::1"},"duration":null,"error":null}

[90mstdout[2m | tests/visual/visual.test.js[2m > [22m[2mVisual Tests[2m > [22m[2mDesktop (1280x800)[2m > [22m[2m6. Footer hover elements hidden by default[22m[39m
[INFO] {"timestamp":"2026-02-20T23:38:58.882Z","level":"info","category":"api","action":"request_complete","requestId":null,"ip":null,"details":{"method":"GET","path":"/js/quote.js","statusCode":304,"duration":1,"requestId":"7db0a38f-2544-4382-922d-8ae5c2aaf9d5","ip":"::1"},"duration":null,"error":null}

[90mstdout[2m | tests/visual/visual.test.js[2m > [22m[2mVisual Tests[2m > [22m[2mDesktop (1280x800)[2m > [22m[2m6. Footer hover elements hidden by default[22m[39m
[INFO] {"timestamp":"2026-02-20T23:38:58.883Z","level":"info","category":"api","action":"request_complete","requestId":null,"ip":null,"details":{"method":"GET","path":"/js/article.js","statusCode":304,"duration":0,"requestId":"3540cd56-37d3-477b-a648-a181fb98d624","ip":"::1"},"duration":null,"error":null}

[90mstdout[2m | tests/visual/visual.test.js[2m > [22m[2mVisual Tests[2m > [22m[2mDesktop (1280x800)[2m > [22m[2m6. Footer hover elements hidden by default[22m[39m
[INFO] {"timestamp":"2026-02-20T23:38:58.885Z","level":"info","category":"api","action":"request_complete","requestId":null,"ip":null,"details":{"method":"GET","path":"/js/author.js","statusCode":304,"duration":1,"requestId":"88460095-cb06-4502-9e03-7c8ed1f43488","ip":"::1"},"duration":null,"error":null}

[90mstdout[2m | tests/visual/visual.test.js[2m > [22m[2mVisual Tests[2m > [22m[2mDesktop (1280x800)[2m > [22m[2m6. Footer hover elements hidden by default[22m[39m
[INFO] {"timestamp":"2026-02-20T23:38:58.887Z","level":"info","category":"api","action":"request_complete","requestId":null,"ip":null,"details":{"method":"GET","path":"/js/topic.js","statusCode":304,"duration":1,"requestId":"08b5a37a-e97f-49d7-92f3-6bbcc90909ea","ip":"::1"},"duration":null,"error":null}

[90mstdout[2m | tests/visual/visual.test.js[2m > [22m[2mVisual Tests[2m > [22m[2mDesktop (1280x800)[2m > [22m[2m6. Footer hover elements hidden by default[22m[39m
[INFO] {"timestamp":"2026-02-20T23:38:58.889Z","level":"info","category":"api","action":"request_complete","requestId":null,"ip":null,"details":{"method":"GET","path":"/js/category.js","statusCode":304,"duration":1,"requestId":"3ef3c18b-201d-4dfb-8fb6-a7ec14fe11f9","ip":"::1"},"duration":null,"error":null}

[90mstdout[2m | tests/visual/visual.test.js[2m > [22m[2mVisual Tests[2m > [22m[2mDesktop (1280x800)[2m > [22m[2m6. Footer hover elements hidden by default[22m[39m
[INFO] {"timestamp":"2026-02-20T23:38:58.890Z","level":"info","category":"api","action":"request_complete","requestId":null,"ip":null,"details":{"method":"GET","path":"/js/review.js","statusCode":304,"duration":0,"requestId":"73e7630e-c54a-46ba-b081-824c3a14052c","ip":"::1"},"duration":null,"error":null}
[INFO] {"timestamp":"2026-02-20T23:38:58.892Z","level":"info","category":"api","action":"request_complete","requestId":null,"ip":null,"details":{"method":"GET","path":"/js/logs.js","statusCode":304,"duration":0,"requestId":"928163a4-53a9-4c8d-84e1-d60a26f107c3","ip":"::1"},"duration":null,"error":null}

[90mstdout[2m | tests/visual/visual.test.js[2m > [22m[2mVisual Tests[2m > [22m[2mDesktop (1280x800)[2m > [22m[2m6. Footer hover elements hidden by default[22m[39m
[INFO] {"timestamp":"2026-02-20T23:38:58.893Z","level":"info","category":"api","action":"request_complete","requestId":null,"ip":null,"details":{"method":"GET","path":"/js/settings.js","statusCode":304,"duration":1,"requestId":"87d00bf0-bfa1-4ed3-9b7c-bf5becc2a5d0","ip":"::1"},"duration":null,"error":null}

[90mstdout[2m | tests/visual/visual.test.js[2m > [22m[2mVisual Tests[2m > [22m[2mDesktop (1280x800)[2m > [22m[2m6. Footer hover elements hidden by default[22m[39m
[INFO] {"timestamp":"2026-02-20T23:38:58.894Z","level":"info","category":"api","action":"request_complete","requestId":null,"ip":null,"details":{"method":"GET","path":"/js/login.js","statusCode":304,"duration":1,"requestId":"28a7a374-83b9-4a0d-ad08-d980cf376cfb","ip":"::1"},"duration":null,"error":null}

[90mstdout[2m | tests/visual/visual.test.js[2m > [22m[2mVisual Tests[2m > [22m[2mDesktop (1280x800)[2m > [22m[2m6. Footer hover elements hidden by default[22m[39m
[INFO] {"timestamp":"2026-02-20T23:38:58.895Z","level":"info","category":"api","action":"request_complete","requestId":null,"ip":null,"details":{"method":"GET","path":"/js/resetPassword.js","statusCode":304,"duration":1,"requestId":"9d6e6ada-f21f-4a4d-ba88-7b1ea3580370","ip":"::1"},"duration":null,"error":null}

[90mstdout[2m | tests/visual/visual.test.js[2m > [22m[2mVisual Tests[2m > [22m[2mDesktop (1280x800)[2m > [22m[2m6. Footer hover elements hidden by default[22m[39m
[INFO] {"timestamp":"2026-02-20T23:38:58.896Z","level":"info","category":"api","action":"request_complete","requestId":null,"ip":null,"details":{"method":"GET","path":"/js/bug-report.js","statusCode":304,"duration":1,"requestId":"06859337-dcc6-4ef4-a042-550c17442822","ip":"::1"},"duration":null,"error":null}

[90mstdout[2m | tests/visual/visual.test.js[2m > [22m[2mVisual Tests[2m > [22m[2mDesktop (1280x800)[2m > [22m[2m6. Footer hover elements hidden by default[22m[39m
[INFO] {"timestamp":"2026-02-20T23:38:58.897Z","level":"info","category":"api","action":"request_complete","requestId":null,"ip":null,"details":{"method":"GET","path":"/js/donate.js","statusCode":304,"duration":1,"requestId":"49bcb407-d625-4cd4-9050-534ed7f22493","ip":"::1"},"duration":null,"error":null}

[90mstdout[2m | tests/visual/visual.test.js[2m > [22m[2mVisual Tests[2m > [22m[2mDesktop (1280x800)[2m > [22m[2m6. Footer hover elements hidden by default[22m[39m
[INFO] {"timestamp":"2026-02-20T23:38:58.899Z","level":"info","category":"api","action":"request_complete","requestId":null,"ip":null,"details":{"method":"GET","path":"/js/app.js","statusCode":304,"duration":0,"requestId":"172c199e-44a5-47dc-80df-2a077e7c4dfb","ip":"::1"},"duration":null,"error":null}

[90mstdout[2m | tests/visual/visual.test.js[2m > [22m[2mVisual Tests[2m > [22m[2mDesktop (1280x800)[2m > [22m[2m6. Footer hover elements hidden by default[22m[39m
[INFO] {"timestamp":"2026-02-20T23:38:58.900Z","level":"info","category":"api","action":"request_complete","requestId":null,"ip":null,"details":{"method":"GET","path":"/manifest.json","statusCode":304,"duration":1,"requestId":"b6bce73f-14a5-408f-a6d3-70c2931761a8","ip":"::1"},"duration":null,"error":null}

[90mstdout[2m | tests/visual/visual.test.js[2m > [22m[2mVisual Tests[2m > [22m[2mDesktop (1280x800)[2m > [22m[2m6. Footer hover elements hidden by default[22m[39m
[INFO] {"timestamp":"2026-02-20T23:38:58.924Z","level":"info","category":"api","action":"request_complete","requestId":null,"ip":null,"details":{"method":"GET","path":"/me","statusCode":304,"duration":1,"requestId":"bfb1de94-9e9b-43e9-ac10-bd255bb39a89","ip":"::1"},"duration":null,"error":null}

[90mstdout[2m | tests/visual/visual.test.js[2m > [22m[2mVisual Tests[2m > [22m[2mDesktop (1280x800)[2m > [22m[2m6. Footer hover elements hidden by default[22m[39m
[INFO] {"timestamp":"2026-02-20T23:38:58.949Z","level":"info","category":"api","action":"request_complete","requestId":null,"ip":null,"details":{"method":"GET","path":"/noteworthy","statusCode":304,"duration":1,"requestId":"aa991da6-9ed3-47ed-b289-6364c6fbd3eb","ip":"::1"},"duration":null,"error":null}

[90mstdout[2m | tests/visual/visual.test.js[2m > [22m[2mVisual Tests[2m > [22m[2mDesktop (1280x800)[2m > [22m[2m6. Footer hover elements hidden by default[22m[39m
[INFO] {"timestamp":"2026-02-20T23:38:58.951Z","level":"info","category":"api","action":"request_complete","requestId":null,"ip":null,"details":{"method":"GET","path":"/top-authors","statusCode":304,"duration":1,"requestId":"dba435c7-73f4-4529-b1cb-d564dea03422","ip":"::1"},"duration":null,"error":null}

[90mstdout[2m | tests/visual/visual.test.js[2m > [22m[2mVisual Tests[2m > [22m[2mDesktop (1280x800)[2m > [22m[2m6. Footer hover elements hidden by default[22m[39m
[INFO] {"timestamp":"2026-02-20T23:38:58.962Z","level":"info","category":"api","action":"request_complete","requestId":null,"ip":null,"details":{"method":"GET","path":"/trending-authors","statusCode":304,"duration":1,"requestId":"cffdcb1f-18b5-4bdc-812d-9fd04864e325","ip":"::1"},"duration":null,"error":null}

[90mstdout[2m | tests/visual/visual.test.js[2m > [22m[2mVisual Tests[2m > [22m[2mDesktop (1280x800)[2m > [22m[2m6. Footer hover elements hidden by default[22m[39m
[INFO] {"timestamp":"2026-02-20T23:38:59.915Z","level":"info","category":"test","action":"test_complete","requestId":null,"ip":null,"details":{"test":"6. Footer hover elements hidden by default","file":"visual/visual.test.js","durationMs":1124,"slow":false},"duration":1124,"error":null}

[90mstdout[2m | tests/visual/visual.test.js[2m > [22m[2mVisual Tests[2m > [22m[2mDesktop (1280x800)[2m > [22m[2m7. AI summary has left border accent[22m[39m
[INFO] {"timestamp":"2026-02-20T23:38:59.964Z","level":"info","category":"api","action":"request_complete","requestId":null,"ip":null,"details":{"method":"GET","path":"/","statusCode":304,"duration":1,"requestId":"a166f3e0-6bd7-4ff2-9fb9-2b3eee0fb587","ip":"::1"},"duration":null,"error":null}

[90mstdout[2m | tests/visual/visual.test.js[2m > [22m[2mVisual Tests[2m > [22m[2mDesktop (1280x800)[2m > [22m[2m7. AI summary has left border accent[22m[39m
[INFO] {"timestamp":"2026-02-20T23:38:59.990Z","level":"info","category":"api","action":"request_complete","requestId":null,"ip":null,"details":{"method":"GET","path":"/css/styles.css","statusCode":304,"duration":1,"requestId":"5aaf55d1-ff9c-471a-a66e-f55f6a0a4fa2","ip":"::1"},"duration":null,"error":null}

[90mstdout[2m | tests/visual/visual.test.js[2m > [22m[2mVisual Tests[2m > [22m[2mDesktop (1280x800)[2m > [22m[2m7. AI summary has left border accent[22m[39m
[INFO] {"timestamp":"2026-02-20T23:38:59.991Z","level":"info","category":"api","action":"request_complete","requestId":null,"ip":null,"details":{"method":"GET","path":"/socket.io/socket.io.js","statusCode":304,"duration":1,"requestId":"773760b1-ab8e-4143-9adb-393253ee03c4","ip":"::1"},"duration":null,"error":null}

[90mstdout[2m | tests/visual/visual.test.js[2m > [22m[2mVisual Tests[2m > [22m[2mDesktop (1280x800)[2m > [22m[2m7. AI summary has left border accent[22m[39m
[INFO] {"timestamp":"2026-02-20T23:38:59.993Z","level":"info","category":"api","action":"request_complete","requestId":null,"ip":null,"details":{"method":"GET","path":"/css/fact-check-widget.css","statusCode":304,"duration":1,"requestId":"dd847445-927c-4926-8f61-0096e579ab79","ip":"::1"},"duration":null,"error":null}
[INFO] {"timestamp":"2026-02-20T23:38:59.994Z","level":"info","category":"api","action":"request_complete","requestId":null,"ip":null,"details":{"method":"GET","path":"/js/api.js","statusCode":304,"duration":1,"requestId":"c28b6117-5101-47b8-a901-0c0fa0698dc4","ip":"::1"},"duration":null,"error":null}

[90mstdout[2m | tests/visual/visual.test.js[2m > [22m[2mVisual Tests[2m > [22m[2mDesktop (1280x800)[2m > [22m[2m7. AI summary has left border accent[22m[39m
[INFO] {"timestamp":"2026-02-20T23:38:59.996Z","level":"info","category":"api","action":"request_complete","requestId":null,"ip":null,"details":{"method":"GET","path":"/js/charts.js","statusCode":304,"duration":1,"requestId":"6c5f7e4a-031f-473f-8081-ade93fbdaa59","ip":"::1"},"duration":null,"error":null}

[90mstdout[2m | tests/visual/visual.test.js[2m > [22m[2mVisual Tests[2m > [22m[2mDesktop (1280x800)[2m > [22m[2m7. AI summary has left border accent[22m[39m
[INFO] {"timestamp":"2026-02-20T23:38:59.998Z","level":"info","category":"api","action":"request_complete","requestId":null,"ip":null,"details":{"method":"GET","path":"/js/admin-actions.js","statusCode":304,"duration":0,"requestId":"3e764f57-2c29-4520-83f2-87a210189038","ip":"::1"},"duration":null,"error":null}

[90mstdout[2m | tests/visual/visual.test.js[2m > [22m[2mVisual Tests[2m > [22m[2mDesktop (1280x800)[2m > [22m[2m7. AI summary has left border accent[22m[39m
[INFO] {"timestamp":"2026-02-20T23:38:59.999Z","level":"info","category":"api","action":"request_complete","requestId":null,"ip":null,"details":{"method":"GET","path":"/js/important.js","statusCode":304,"duration":1,"requestId":"243ebaa9-528f-4127-943e-49561ba87cdf","ip":"::1"},"duration":null,"error":null}
[INFO] {"timestamp":"2026-02-20T23:38:59.999Z","level":"info","category":"api","action":"request_complete","requestId":null,"ip":null,"details":{"method":"GET","path":"/js/analytics.js","statusCode":304,"duration":1,"requestId":"c5fd7a98-2e31-4cbe-8ec0-292badbcda42","ip":"::1"},"duration":null,"error":null}

[90mstdout[2m | tests/visual/visual.test.js[2m > [22m[2mVisual Tests[2m > [22m[2mDesktop (1280x800)[2m > [22m[2m7. AI summary has left border accent[22m[39m
[INFO] {"timestamp":"2026-02-20T23:39:00.004Z","level":"info","category":"api","action":"request_complete","requestId":null,"ip":null,"details":{"method":"GET","path":"/js/home.js","statusCode":304,"duration":1,"requestId":"9ed4f933-9a80-4252-89b5-4239ac48a82a","ip":"::1"},"duration":null,"error":null}

[90mstdout[2m | tests/visual/visual.test.js[2m > [22m[2mVisual Tests[2m > [22m[2mDesktop (1280x800)[2m > [22m[2m7. AI summary has left border accent[22m[39m
[INFO] {"timestamp":"2026-02-20T23:39:00.005Z","level":"info","category":"api","action":"request_complete","requestId":null,"ip":null,"details":{"method":"GET","path":"/js/quote.js","statusCode":304,"duration":1,"requestId":"3c1b5047-ac57-41ff-96b8-fd06bae92c0e","ip":"::1"},"duration":null,"error":null}

[90mstdout[2m | tests/visual/visual.test.js[2m > [22m[2mVisual Tests[2m > [22m[2mDesktop (1280x800)[2m > [22m[2m7. AI summary has left border accent[22m[39m
[INFO] {"timestamp":"2026-02-20T23:39:00.006Z","level":"info","category":"api","action":"request_complete","requestId":null,"ip":null,"details":{"method":"GET","path":"/js/article.js","statusCode":304,"duration":0,"requestId":"12475487-761d-43e6-8e3d-b0f31fd299fe","ip":"::1"},"duration":null,"error":null}

[90mstdout[2m | tests/visual/visual.test.js[2m > [22m[2mVisual Tests[2m > [22m[2mDesktop (1280x800)[2m > [22m[2m7. AI summary has left border accent[22m[39m
[INFO] {"timestamp":"2026-02-20T23:39:00.008Z","level":"info","category":"api","action":"request_complete","requestId":null,"ip":null,"details":{"method":"GET","path":"/js/author.js","statusCode":304,"duration":1,"requestId":"8d46f517-2bf3-4ca2-8e44-8d0f0036df22","ip":"::1"},"duration":null,"error":null}
[INFO] {"timestamp":"2026-02-20T23:39:00.009Z","level":"info","category":"api","action":"request_complete","requestId":null,"ip":null,"details":{"method":"GET","path":"/js/topic.js","statusCode":304,"duration":2,"requestId":"c1bf289a-e47f-41ed-a228-7cbf28739537","ip":"::1"},"duration":null,"error":null}

[90mstdout[2m | tests/visual/visual.test.js[2m > [22m[2mVisual Tests[2m > [22m[2mDesktop (1280x800)[2m > [22m[2m7. AI summary has left border accent[22m[39m
[INFO] {"timestamp":"2026-02-20T23:39:00.015Z","level":"info","category":"api","action":"request_complete","requestId":null,"ip":null,"details":{"method":"GET","path":"/js/category.js","statusCode":304,"duration":1,"requestId":"a00408d5-98fe-42f4-8e9d-46d13417f8ba","ip":"::1"},"duration":null,"error":null}
[INFO] {"timestamp":"2026-02-20T23:39:00.016Z","level":"info","category":"api","action":"request_complete","requestId":null,"ip":null,"details":{"method":"GET","path":"/js/settings.js","statusCode":304,"duration":2,"requestId":"5b5c2a77-877e-4818-83c8-9f730dbeafc6","ip":"::1"},"duration":null,"error":null}

[90mstdout[2m | tests/visual/visual.test.js[2m > [22m[2mVisual Tests[2m > [22m[2mDesktop (1280x800)[2m > [22m[2m7. AI summary has left border accent[22m[39m
[INFO] {"timestamp":"2026-02-20T23:39:00.017Z","level":"info","category":"api","action":"request_complete","requestId":null,"ip":null,"details":{"method":"GET","path":"/js/review.js","statusCode":304,"duration":3,"requestId":"e718d811-daec-44d6-a16c-a83b83577fdd","ip":"::1"},"duration":null,"error":null}

[90mstdout[2m | tests/visual/visual.test.js[2m > [22m[2mVisual Tests[2m > [22m[2mDesktop (1280x800)[2m > [22m[2m7. AI summary has left border accent[22m[39m
[INFO] {"timestamp":"2026-02-20T23:39:00.019Z","level":"info","category":"api","action":"request_complete","requestId":null,"ip":null,"details":{"method":"GET","path":"/js/logs.js","statusCode":304,"duration":1,"requestId":"8980fda0-e13e-4d28-855d-a1833309f56a","ip":"::1"},"duration":null,"error":null}
[INFO] {"timestamp":"2026-02-20T23:39:00.019Z","level":"info","category":"api","action":"request_complete","requestId":null,"ip":null,"details":{"method":"GET","path":"/js/login.js","statusCode":304,"duration":1,"requestId":"e7acf53b-16c5-42ea-8367-d9b5f3c4e700","ip":"::1"},"duration":null,"error":null}

[90mstdout[2m | tests/visual/visual.test.js[2m > [22m[2mVisual Tests[2m > [22m[2mDesktop (1280x800)[2m > [22m[2m7. AI summary has left border accent[22m[39m
[INFO] {"timestamp":"2026-02-20T23:39:00.020Z","level":"info","category":"api","action":"request_complete","requestId":null,"ip":null,"details":{"method":"GET","path":"/js/resetPassword.js","statusCode":304,"duration":2,"requestId":"19c3de98-c676-4634-ae8c-6cc3e068fc31","ip":"::1"},"duration":null,"error":null}

[90mstdout[2m | tests/visual/visual.test.js[2m > [22m[2mVisual Tests[2m > [22m[2mDesktop (1280x800)[2m > [22m[2m7. AI summary has left border accent[22m[39m
[INFO] {"timestamp":"2026-02-20T23:39:00.021Z","level":"info","category":"api","action":"request_complete","requestId":null,"ip":null,"details":{"method":"GET","path":"/js/bug-report.js","statusCode":304,"duration":1,"requestId":"8f3c633a-feae-4ba4-9343-c692e3eb34b0","ip":"::1"},"duration":null,"error":null}
[INFO] {"timestamp":"2026-02-20T23:39:00.021Z","level":"info","category":"api","action":"request_complete","requestId":null,"ip":null,"details":{"method":"GET","path":"/js/donate.js","statusCode":304,"duration":0,"requestId":"23410c24-b3ad-4db6-84e3-d0b0d4584fe4","ip":"::1"},"duration":null,"error":null}

[90mstdout[2m | tests/visual/visual.test.js[2m > [22m[2mVisual Tests[2m > [22m[2mDesktop (1280x800)[2m > [22m[2m7. AI summary has left border accent[22m[39m
[INFO] {"timestamp":"2026-02-20T23:39:00.025Z","level":"info","category":"api","action":"request_complete","requestId":null,"ip":null,"details":{"method":"GET","path":"/js/app.js","statusCode":304,"duration":1,"requestId":"07c01658-bfac-4226-b91d-6a67e0fc224f","ip":"::1"},"duration":null,"error":null}
[INFO] {"timestamp":"2026-02-20T23:39:00.026Z","level":"info","category":"api","action":"request_complete","requestId":null,"ip":null,"details":{"method":"GET","path":"/manifest.json","statusCode":304,"duration":1,"requestId":"e082f654-66b5-40f7-8f3b-975a33b1f95e","ip":"::1"},"duration":null,"error":null}

[90mstdout[2m | tests/visual/visual.test.js[2m > [22m[2mVisual Tests[2m > [22m[2mDesktop (1280x800)[2m > [22m[2m7. AI summary has left border accent[22m[39m
[INFO] {"timestamp":"2026-02-20T23:39:00.048Z","level":"info","category":"api","action":"request_complete","requestId":null,"ip":null,"details":{"method":"GET","path":"/me","statusCode":304,"duration":1,"requestId":"0fc8cef5-73cd-4f8c-b62a-e98db936105f","ip":"::1"},"duration":null,"error":null}

[90mstdout[2m | tests/visual/visual.test.js[2m > [22m[2mVisual Tests[2m > [22m[2mDesktop (1280x800)[2m > [22m[2m7. AI summary has left border accent[22m[39m
[INFO] {"timestamp":"2026-02-20T23:39:00.055Z","level":"info","category":"api","action":"request_complete","requestId":null,"ip":null,"details":{"method":"GET","path":"/noteworthy","statusCode":304,"duration":1,"requestId":"bca6b8ff-f61c-4206-afc8-f5be62dfa786","ip":"::1"},"duration":null,"error":null}

[90mstdout[2m | tests/visual/visual.test.js[2m > [22m[2mVisual Tests[2m > [22m[2mDesktop (1280x800)[2m > [22m[2m7. AI summary has left border accent[22m[39m
[INFO] {"timestamp":"2026-02-20T23:39:00.057Z","level":"info","category":"api","action":"request_complete","requestId":null,"ip":null,"details":{"method":"GET","path":"/top-authors","statusCode":304,"duration":1,"requestId":"deb309dd-666d-421b-8356-f56d05efd82e","ip":"::1"},"duration":null,"error":null}

[90mstdout[2m | tests/visual/visual.test.js[2m > [22m[2mVisual Tests[2m > [22m[2mDesktop (1280x800)[2m > [22m[2m7. AI summary has left border accent[22m[39m
[INFO] {"timestamp":"2026-02-20T23:39:00.087Z","level":"info","category":"api","action":"request_complete","requestId":null,"ip":null,"details":{"method":"GET","path":"/trending-authors","statusCode":304,"duration":1,"requestId":"4ac9a23a-2bbb-4df6-bfe3-8752190dc39c","ip":"::1"},"duration":null,"error":null}

[90mstdout[2m | tests/visual/visual.test.js[2m > [22m[2mVisual Tests[2m > [22m[2mDesktop (1280x800)[2m > [22m[2m7. AI summary has left border accent[22m[39m
[INFO] {"timestamp":"2026-02-20T23:39:01.031Z","level":"info","category":"test","action":"test_complete","requestId":null,"ip":null,"details":{"test":"7. AI summary has left border accent","file":"visual/visual.test.js","durationMs":1115,"slow":false},"duration":1115,"error":null}

[90mstdout[2m | tests/visual/visual.test.js[2m > [22m[2mVisual Tests[2m > [22m[2mDesktop (1280x800)[2m > [22m[2m8. Source name uses small-caps[22m[39m
[INFO] {"timestamp":"2026-02-20T23:39:01.081Z","level":"info","category":"api","action":"request_complete","requestId":null,"ip":null,"details":{"method":"GET","path":"/","statusCode":304,"duration":1,"requestId":"d7299760-5d9d-4dd9-a234-e3defd36c666","ip":"::1"},"duration":null,"error":null}

[90mstdout[2m | tests/visual/visual.test.js[2m > [22m[2mVisual Tests[2m > [22m[2mDesktop (1280x800)[2m > [22m[2m8. Source name uses small-caps[22m[39m
[INFO] {"timestamp":"2026-02-20T23:39:01.110Z","level":"info","category":"api","action":"request_complete","requestId":null,"ip":null,"details":{"method":"GET","path":"/css/styles.css","statusCode":304,"duration":0,"requestId":"6c1929c8-eb03-4e86-8497-07773dd25a45","ip":"::1"},"duration":null,"error":null}

[90mstdout[2m | tests/visual/visual.test.js[2m > [22m[2mVisual Tests[2m > [22m[2mDesktop (1280x800)[2m > [22m[2m8. Source name uses small-caps[22m[39m
[INFO] {"timestamp":"2026-02-20T23:39:01.113Z","level":"info","category":"api","action":"request_complete","requestId":null,"ip":null,"details":{"method":"GET","path":"/css/fact-check-widget.css","statusCode":304,"duration":1,"requestId":"a08a5513-ef67-4782-9d5f-293b0394ee2a","ip":"::1"},"duration":null,"error":null}

[90mstdout[2m | tests/visual/visual.test.js[2m > [22m[2mVisual Tests[2m > [22m[2mDesktop (1280x800)[2m > [22m[2m8. Source name uses small-caps[22m[39m
[INFO] {"timestamp":"2026-02-20T23:39:01.115Z","level":"info","category":"api","action":"request_complete","requestId":null,"ip":null,"details":{"method":"GET","path":"/socket.io/socket.io.js","statusCode":304,"duration":1,"requestId":"2384661c-e2bc-418c-9b32-254adb1d3d1f","ip":"::1"},"duration":null,"error":null}

[90mstdout[2m | tests/visual/visual.test.js[2m > [22m[2mVisual Tests[2m > [22m[2mDesktop (1280x800)[2m > [22m[2m8. Source name uses small-caps[22m[39m
[INFO] {"timestamp":"2026-02-20T23:39:01.116Z","level":"info","category":"api","action":"request_complete","requestId":null,"ip":null,"details":{"method":"GET","path":"/js/api.js","statusCode":304,"duration":0,"requestId":"f211a168-5999-46b6-97a1-d3bcc6ce3336","ip":"::1"},"duration":null,"error":null}

[90mstdout[2m | tests/visual/visual.test.js[2m > [22m[2mVisual Tests[2m > [22m[2mDesktop (1280x800)[2m > [22m[2m8. Source name uses small-caps[22m[39m
[INFO] {"timestamp":"2026-02-20T23:39:01.118Z","level":"info","category":"api","action":"request_complete","requestId":null,"ip":null,"details":{"method":"GET","path":"/js/admin-actions.js","statusCode":304,"duration":1,"requestId":"1eb4d0f0-4b4b-434e-b704-13c4f987a241","ip":"::1"},"duration":null,"error":null}

[90mstdout[2m | tests/visual/visual.test.js[2m > [22m[2mVisual Tests[2m > [22m[2mDesktop (1280x800)[2m > [22m[2m8. Source name uses small-caps[22m[39m
[INFO] {"timestamp":"2026-02-20T23:39:01.120Z","level":"info","category":"api","action":"request_complete","requestId":null,"ip":null,"details":{"method":"GET","path":"/js/important.js","statusCode":304,"duration":0,"requestId":"bce2641e-d47c-47db-9faf-2e1995a994ac","ip":"::1"},"duration":null,"error":null}

[90mstdout[2m | tests/visual/visual.test.js[2m > [22m[2mVisual Tests[2m > [22m[2mDesktop (1280x800)[2m > [22m[2m8. Source name uses small-caps[22m[39m
[INFO] {"timestamp":"2026-02-20T23:39:01.123Z","level":"info","category":"api","action":"request_complete","requestId":null,"ip":null,"details":{"method":"GET","path":"/js/analytics.js","statusCode":304,"duration":1,"requestId":"2bc748ac-ee97-4d12-8601-252e41f36731","ip":"::1"},"duration":null,"error":null}

[90mstdout[2m | tests/visual/visual.test.js[2m > [22m[2mVisual Tests[2m > [22m[2mDesktop (1280x800)[2m > [22m[2m8. Source name uses small-caps[22m[39m
[INFO] {"timestamp":"2026-02-20T23:39:01.124Z","level":"info","category":"api","action":"request_complete","requestId":null,"ip":null,"details":{"method":"GET","path":"/js/charts.js","statusCode":304,"duration":1,"requestId":"140896c6-1c89-4053-b1ff-ba71378ba5fa","ip":"::1"},"duration":null,"error":null}

[90mstdout[2m | tests/visual/visual.test.js[2m > [22m[2mVisual Tests[2m > [22m[2mDesktop (1280x800)[2m > [22m[2m8. Source name uses small-caps[22m[39m
[INFO] {"timestamp":"2026-02-20T23:39:01.125Z","level":"info","category":"api","action":"request_complete","requestId":null,"ip":null,"details":{"method":"GET","path":"/js/home.js","statusCode":304,"duration":1,"requestId":"0f4bdbbd-c524-436c-a26c-75f1bee5e9da","ip":"::1"},"duration":null,"error":null}

[90mstdout[2m | tests/visual/visual.test.js[2m > [22m[2mVisual Tests[2m > [22m[2mDesktop (1280x800)[2m > [22m[2m8. Source name uses small-caps[22m[39m
[INFO] {"timestamp":"2026-02-20T23:39:01.127Z","level":"info","category":"api","action":"request_complete","requestId":null,"ip":null,"details":{"method":"GET","path":"/js/quote.js","statusCode":304,"duration":1,"requestId":"b8afa0b1-8f73-46a9-bf8a-d518a2c05055","ip":"::1"},"duration":null,"error":null}

[90mstdout[2m | tests/visual/visual.test.js[2m > [22m[2mVisual Tests[2m > [22m[2mDesktop (1280x800)[2m > [22m[2m8. Source name uses small-caps[22m[39m
[INFO] {"timestamp":"2026-02-20T23:39:01.128Z","level":"info","category":"api","action":"request_complete","requestId":null,"ip":null,"details":{"method":"GET","path":"/js/article.js","statusCode":304,"duration":0,"requestId":"37860c77-130a-4109-82a2-7222ec511558","ip":"::1"},"duration":null,"error":null}

[90mstdout[2m | tests/visual/visual.test.js[2m > [22m[2mVisual Tests[2m > [22m[2mDesktop (1280x800)[2m > [22m[2m8. Source name uses small-caps[22m[39m
[INFO] {"timestamp":"2026-02-20T23:39:01.129Z","level":"info","category":"api","action":"request_complete","requestId":null,"ip":null,"details":{"method":"GET","path":"/js/author.js","statusCode":304,"duration":0,"requestId":"55b6eaf3-3485-410f-9a57-ac551ae157af","ip":"::1"},"duration":null,"error":null}

[90mstdout[2m | tests/visual/visual.test.js[2m > [22m[2mVisual Tests[2m > [22m[2mDesktop (1280x800)[2m > [22m[2m8. Source name uses small-caps[22m[39m
[INFO] {"timestamp":"2026-02-20T23:39:01.130Z","level":"info","category":"api","action":"request_complete","requestId":null,"ip":null,"details":{"method":"GET","path":"/js/topic.js","statusCode":304,"duration":0,"requestId":"47935060-d3aa-41a2-8464-5c2080b25fc0","ip":"::1"},"duration":null,"error":null}

[90mstdout[2m | tests/visual/visual.test.js[2m > [22m[2mVisual Tests[2m > [22m[2mDesktop (1280x800)[2m > [22m[2m8. Source name uses small-caps[22m[39m
[INFO] {"timestamp":"2026-02-20T23:39:01.132Z","level":"info","category":"api","action":"request_complete","requestId":null,"ip":null,"details":{"method":"GET","path":"/js/category.js","statusCode":304,"duration":0,"requestId":"3210b76e-8229-4e9e-9e98-5d5f7910bc66","ip":"::1"},"duration":null,"error":null}

[90mstdout[2m | tests/visual/visual.test.js[2m > [22m[2mVisual Tests[2m > [22m[2mDesktop (1280x800)[2m > [22m[2m8. Source name uses small-caps[22m[39m
[INFO] {"timestamp":"2026-02-20T23:39:01.134Z","level":"info","category":"api","action":"request_complete","requestId":null,"ip":null,"details":{"method":"GET","path":"/js/settings.js","statusCode":304,"duration":1,"requestId":"dd32a661-c50d-414e-8388-e0e4b3efacef","ip":"::1"},"duration":null,"error":null}
[INFO] {"timestamp":"2026-02-20T23:39:01.135Z","level":"info","category":"api","action":"request_complete","requestId":null,"ip":null,"details":{"method":"GET","path":"/js/review.js","statusCode":304,"duration":1,"requestId":"df50c0bc-5ec1-46cf-9537-1474a250a4f3","ip":"::1"},"duration":null,"error":null}

[90mstdout[2m | tests/visual/visual.test.js[2m > [22m[2mVisual Tests[2m > [22m[2mDesktop (1280x800)[2m > [22m[2m8. Source name uses small-caps[22m[39m
[INFO] {"timestamp":"2026-02-20T23:39:01.136Z","level":"info","category":"api","action":"request_complete","requestId":null,"ip":null,"details":{"method":"GET","path":"/js/logs.js","statusCode":304,"duration":0,"requestId":"71b80642-f541-49fe-9b52-70d96f0162df","ip":"::1"},"duration":null,"error":null}

[90mstdout[2m | tests/visual/visual.test.js[2m > [22m[2mVisual Tests[2m > [22m[2mDesktop (1280x800)[2m > [22m[2m8. Source name uses small-caps[22m[39m
[INFO] {"timestamp":"2026-02-20T23:39:01.140Z","level":"info","category":"api","action":"request_complete","requestId":null,"ip":null,"details":{"method":"GET","path":"/js/login.js","statusCode":304,"duration":0,"requestId":"28574b1b-c569-443c-9bfb-4c9bc5d6a3da","ip":"::1"},"duration":null,"error":null}

[90mstdout[2m | tests/visual/visual.test.js[2m > [22m[2mVisual Tests[2m > [22m[2mDesktop (1280x800)[2m > [22m[2m8. Source name uses small-caps[22m[39m
[INFO] {"timestamp":"2026-02-20T23:39:01.141Z","level":"info","category":"api","action":"request_complete","requestId":null,"ip":null,"details":{"method":"GET","path":"/js/resetPassword.js","statusCode":304,"duration":1,"requestId":"502bd904-3897-4c80-87e0-802f31ff5263","ip":"::1"},"duration":null,"error":null}

[90mstdout[2m | tests/visual/visual.test.js[2m > [22m[2mVisual Tests[2m > [22m[2mDesktop (1280x800)[2m > [22m[2m8. Source name uses small-caps[22m[39m
[INFO] {"timestamp":"2026-02-20T23:39:01.142Z","level":"info","category":"api","action":"request_complete","requestId":null,"ip":null,"details":{"method":"GET","path":"/js/app.js","statusCode":304,"duration":0,"requestId":"1e456a28-c776-4a40-aeae-7dda58f8e883","ip":"::1"},"duration":null,"error":null}

[90mstdout[2m | tests/visual/visual.test.js[2m > [22m[2mVisual Tests[2m > [22m[2mDesktop (1280x800)[2m > [22m[2m8. Source name uses small-caps[22m[39m
[INFO] {"timestamp":"2026-02-20T23:39:01.144Z","level":"info","category":"api","action":"request_complete","requestId":null,"ip":null,"details":{"method":"GET","path":"/js/donate.js","statusCode":304,"duration":0,"requestId":"50ffec96-de43-464e-94ea-d3b721c8ab50","ip":"::1"},"duration":null,"error":null}
[INFO] {"timestamp":"2026-02-20T23:39:01.145Z","level":"info","category":"api","action":"request_complete","requestId":null,"ip":null,"details":{"method":"GET","path":"/js/bug-report.js","statusCode":304,"duration":0,"requestId":"3d25e970-acdf-4999-9e7a-4e14eec5ec76","ip":"::1"},"duration":null,"error":null}
[INFO] {"timestamp":"2026-02-20T23:39:01.146Z","level":"info","category":"api","action":"request_complete","requestId":null,"ip":null,"details":{"method":"GET","path":"/manifest.json","statusCode":304,"duration":0,"requestId":"a5119105-1df2-4578-8f47-9d3ac4ead41d","ip":"::1"},"duration":null,"error":null}

[90mstdout[2m | tests/visual/visual.test.js[2m > [22m[2mVisual Tests[2m > [22m[2mDesktop (1280x800)[2m > [22m[2m8. Source name uses small-caps[22m[39m
[INFO] {"timestamp":"2026-02-20T23:39:01.172Z","level":"info","category":"api","action":"request_complete","requestId":null,"ip":null,"details":{"method":"GET","path":"/me","statusCode":304,"duration":1,"requestId":"6daebead-0a5a-4c8a-bc2b-05275bdc5b6c","ip":"::1"},"duration":null,"error":null}

[90mstdout[2m | tests/visual/visual.test.js[2m > [22m[2mVisual Tests[2m > [22m[2mDesktop (1280x800)[2m > [22m[2m8. Source name uses small-caps[22m[39m
[INFO] {"timestamp":"2026-02-20T23:39:01.203Z","level":"info","category":"api","action":"request_complete","requestId":null,"ip":null,"details":{"method":"GET","path":"/noteworthy","statusCode":304,"duration":2,"requestId":"d5a03318-6794-4c0f-884a-5af52e32e479","ip":"::1"},"duration":null,"error":null}
[INFO] {"timestamp":"2026-02-20T23:39:01.204Z","level":"info","category":"api","action":"request_complete","requestId":null,"ip":null,"details":{"method":"GET","path":"/top-authors","statusCode":304,"duration":1,"requestId":"8e9bad48-daff-4772-a8ca-7cd8ead30a08","ip":"::1"},"duration":null,"error":null}

[90mstdout[2m | tests/visual/visual.test.js[2m > [22m[2mVisual Tests[2m > [22m[2mDesktop (1280x800)[2m > [22m[2m8. Source name uses small-caps[22m[39m
[INFO] {"timestamp":"2026-02-20T23:39:01.216Z","level":"info","category":"api","action":"request_complete","requestId":null,"ip":null,"details":{"method":"GET","path":"/trending-authors","statusCode":304,"duration":1,"requestId":"087fe184-c249-4e9d-b814-a696d63fa00d","ip":"::1"},"duration":null,"error":null}

[90mstdout[2m | tests/visual/visual.test.js[2m > [22m[2mVisual Tests[2m > [22m[2mDesktop (1280x800)[2m > [22m[2m8. Source name uses small-caps[22m[39m
[INFO] {"timestamp":"2026-02-20T23:39:02.161Z","level":"info","category":"test","action":"test_complete","requestId":null,"ip":null,"details":{"test":"8. Source name uses small-caps","file":"visual/visual.test.js","durationMs":1130,"slow":false},"duration":1130,"error":null}

[90mstdout[2m | tests/visual/visual.test.js[2m > [22m[2mVisual Tests[2m > [22m[2mDesktop (1280x800)[2m > [22m[2m9. New quotes snackbar has dark background (not accent)[22m[39m
[INFO] {"timestamp":"2026-02-20T23:39:02.212Z","level":"info","category":"api","action":"request_complete","requestId":null,"ip":null,"details":{"method":"GET","path":"/","statusCode":304,"duration":1,"requestId":"93d5629e-78e9-457b-8a86-f871255ca3d1","ip":"::1"},"duration":null,"error":null}

[90mstdout[2m | tests/visual/visual.test.js[2m > [22m[2mVisual Tests[2m > [22m[2mDesktop (1280x800)[2m > [22m[2m9. New quotes snackbar has dark background (not accent)[22m[39m
[INFO] {"timestamp":"2026-02-20T23:39:02.243Z","level":"info","category":"api","action":"request_complete","requestId":null,"ip":null,"details":{"method":"GET","path":"/css/fact-check-widget.css","statusCode":304,"duration":1,"requestId":"bf7cef8c-ff60-4879-8b34-a7dfee50ae38","ip":"::1"},"duration":null,"error":null}

[90mstdout[2m | tests/visual/visual.test.js[2m > [22m[2mVisual Tests[2m > [22m[2mDesktop (1280x800)[2m > [22m[2m9. New quotes snackbar has dark background (not accent)[22m[39m
[INFO] {"timestamp":"2026-02-20T23:39:02.244Z","level":"info","category":"api","action":"request_complete","requestId":null,"ip":null,"details":{"method":"GET","path":"/css/styles.css","statusCode":304,"duration":1,"requestId":"5cb9d860-ae9c-4bef-bdd7-6afacd0ef807","ip":"::1"},"duration":null,"error":null}

[90mstdout[2m | tests/visual/visual.test.js[2m > [22m[2mVisual Tests[2m > [22m[2mDesktop (1280x800)[2m > [22m[2m9. New quotes snackbar has dark background (not accent)[22m[39m
[INFO] {"timestamp":"2026-02-20T23:39:02.246Z","level":"info","category":"api","action":"request_complete","requestId":null,"ip":null,"details":{"method":"GET","path":"/socket.io/socket.io.js","statusCode":304,"duration":1,"requestId":"986fa926-55c1-4401-8c08-ff0c3af5ef89","ip":"::1"},"duration":null,"error":null}

[90mstdout[2m | tests/visual/visual.test.js[2m > [22m[2mVisual Tests[2m > [22m[2mDesktop (1280x800)[2m > [22m[2m9. New quotes snackbar has dark background (not accent)[22m[39m
[INFO] {"timestamp":"2026-02-20T23:39:02.248Z","level":"info","category":"api","action":"request_complete","requestId":null,"ip":null,"details":{"method":"GET","path":"/js/api.js","statusCode":304,"duration":1,"requestId":"db6e85b0-a1fa-486b-916b-189a9e3c6e1f","ip":"::1"},"duration":null,"error":null}

[90mstdout[2m | tests/visual/visual.test.js[2m > [22m[2mVisual Tests[2m > [22m[2mDesktop (1280x800)[2m > [22m[2m9. New quotes snackbar has dark background (not accent)[22m[39m
[INFO] {"timestamp":"2026-02-20T23:39:02.250Z","level":"info","category":"api","action":"request_complete","requestId":null,"ip":null,"details":{"method":"GET","path":"/js/admin-actions.js","statusCode":304,"duration":1,"requestId":"f5b1edae-490b-4064-bdd1-674db650c38e","ip":"::1"},"duration":null,"error":null}

[90mstdout[2m | tests/visual/visual.test.js[2m > [22m[2mVisual Tests[2m > [22m[2mDesktop (1280x800)[2m > [22m[2m9. New quotes snackbar has dark background (not accent)[22m[39m
[INFO] {"timestamp":"2026-02-20T23:39:02.252Z","level":"info","category":"api","action":"request_complete","requestId":null,"ip":null,"details":{"method":"GET","path":"/js/important.js","statusCode":304,"duration":1,"requestId":"31736f0f-b63b-4fc1-8db0-7fdf577bf626","ip":"::1"},"duration":null,"error":null}

[90mstdout[2m | tests/visual/visual.test.js[2m > [22m[2mVisual Tests[2m > [22m[2mDesktop (1280x800)[2m > [22m[2m9. New quotes snackbar has dark background (not accent)[22m[39m
[INFO] {"timestamp":"2026-02-20T23:39:02.255Z","level":"info","category":"api","action":"request_complete","requestId":null,"ip":null,"details":{"method":"GET","path":"/js/analytics.js","statusCode":304,"duration":1,"requestId":"6cf5c581-5c8b-4261-b079-2a682ecbc732","ip":"::1"},"duration":null,"error":null}

[90mstdout[2m | tests/visual/visual.test.js[2m > [22m[2mVisual Tests[2m > [22m[2mDesktop (1280x800)[2m > [22m[2m9. New quotes snackbar has dark background (not accent)[22m[39m
[INFO] {"timestamp":"2026-02-20T23:39:02.256Z","level":"info","category":"api","action":"request_complete","requestId":null,"ip":null,"details":{"method":"GET","path":"/js/charts.js","statusCode":304,"duration":1,"requestId":"32d60c93-ab08-4443-9c40-5e1f0fa21a82","ip":"::1"},"duration":null,"error":null}

[90mstdout[2m | tests/visual/visual.test.js[2m > [22m[2mVisual Tests[2m > [22m[2mDesktop (1280x800)[2m > [22m[2m9. New quotes snackbar has dark background (not accent)[22m[39m
[INFO] {"timestamp":"2026-02-20T23:39:02.257Z","level":"info","category":"api","action":"request_complete","requestId":null,"ip":null,"details":{"method":"GET","path":"/js/home.js","statusCode":304,"duration":0,"requestId":"46b43afe-f76c-464f-b8bc-d31fab4d9e43","ip":"::1"},"duration":null,"error":null}

[90mstdout[2m | tests/visual/visual.test.js[2m > [22m[2mVisual Tests[2m > [22m[2mDesktop (1280x800)[2m > [22m[2m9. New quotes snackbar has dark background (not accent)[22m[39m
[INFO] {"timestamp":"2026-02-20T23:39:02.259Z","level":"info","category":"api","action":"request_complete","requestId":null,"ip":null,"details":{"method":"GET","path":"/js/quote.js","statusCode":304,"duration":0,"requestId":"670c3f36-a8b7-4214-9e89-a86049017ba9","ip":"::1"},"duration":null,"error":null}

[90mstdout[2m | tests/visual/visual.test.js[2m > [22m[2mVisual Tests[2m > [22m[2mDesktop (1280x800)[2m > [22m[2m9. New quotes snackbar has dark background (not accent)[22m[39m
[INFO] {"timestamp":"2026-02-20T23:39:02.261Z","level":"info","category":"api","action":"request_complete","requestId":null,"ip":null,"details":{"method":"GET","path":"/js/category.js","statusCode":304,"duration":1,"requestId":"de4e06c7-a2b2-48c8-b62e-1e67daa2aa6c","ip":"::1"},"duration":null,"error":null}

[90mstdout[2m | tests/visual/visual.test.js[2m > [22m[2mVisual Tests[2m > [22m[2mDesktop (1280x800)[2m > [22m[2m9. New quotes snackbar has dark background (not accent)[22m[39m
[INFO] {"timestamp":"2026-02-20T23:39:02.262Z","level":"info","category":"api","action":"request_complete","requestId":null,"ip":null,"details":{"method":"GET","path":"/js/topic.js","statusCode":304,"duration":0,"requestId":"76f9a143-9c72-423b-9799-ac110f6f1343","ip":"::1"},"duration":null,"error":null}

[90mstdout[2m | tests/visual/visual.test.js[2m > [22m[2mVisual Tests[2m > [22m[2mDesktop (1280x800)[2m > [22m[2m9. New quotes snackbar has dark background (not accent)[22m[39m
[INFO] {"timestamp":"2026-02-20T23:39:02.263Z","level":"info","category":"api","action":"request_complete","requestId":null,"ip":null,"details":{"method":"GET","path":"/js/article.js","statusCode":304,"duration":0,"requestId":"aa273182-33eb-4b21-8fbd-a8079d198dfd","ip":"::1"},"duration":null,"error":null}

[90mstdout[2m | tests/visual/visual.test.js[2m > [22m[2mVisual Tests[2m > [22m[2mDesktop (1280x800)[2m > [22m[2m9. New quotes snackbar has dark background (not accent)[22m[39m
[INFO] {"timestamp":"2026-02-20T23:39:02.265Z","level":"info","category":"api","action":"request_complete","requestId":null,"ip":null,"details":{"method":"GET","path":"/js/author.js","statusCode":304,"duration":0,"requestId":"f3eea690-6574-4a79-8678-6cf789b45e59","ip":"::1"},"duration":null,"error":null}

[90mstdout[2m | tests/visual/visual.test.js[2m > [22m[2mVisual Tests[2m > [22m[2mDesktop (1280x800)[2m > [22m[2m9. New quotes snackbar has dark background (not accent)[22m[39m
[INFO] {"timestamp":"2026-02-20T23:39:02.267Z","level":"info","category":"api","action":"request_complete","requestId":null,"ip":null,"details":{"method":"GET","path":"/js/settings.js","statusCode":304,"duration":1,"requestId":"e7162b72-e4bc-4639-bc36-c34c2cd86cbd","ip":"::1"},"duration":null,"error":null}

[90mstdout[2m | tests/visual/visual.test.js[2m > [22m[2mVisual Tests[2m > [22m[2mDesktop (1280x800)[2m > [22m[2m9. New quotes snackbar has dark background (not accent)[22m[39m
[INFO] {"timestamp":"2026-02-20T23:39:02.268Z","level":"info","category":"api","action":"request_complete","requestId":null,"ip":null,"details":{"method":"GET","path":"/js/review.js","statusCode":304,"duration":0,"requestId":"c9fc04dc-1ea1-441a-8a66-a4c97a46e8ba","ip":"::1"},"duration":null,"error":null}

[90mstdout[2m | tests/visual/visual.test.js[2m > [22m[2mVisual Tests[2m > [22m[2mDesktop (1280x800)[2m > [22m[2m9. New quotes snackbar has dark background (not accent)[22m[39m
[INFO] {"timestamp":"2026-02-20T23:39:02.271Z","level":"info","category":"api","action":"request_complete","requestId":null,"ip":null,"details":{"method":"GET","path":"/js/logs.js","statusCode":304,"duration":1,"requestId":"0e721423-df7b-4efc-aa18-bcc2ee7a555b","ip":"::1"},"duration":null,"error":null}

[90mstdout[2m | tests/visual/visual.test.js[2m > [22m[2mVisual Tests[2m > [22m[2mDesktop (1280x800)[2m > [22m[2m9. New quotes snackbar has dark background (not accent)[22m[39m
[INFO] {"timestamp":"2026-02-20T23:39:02.272Z","level":"info","category":"api","action":"request_complete","requestId":null,"ip":null,"details":{"method":"GET","path":"/js/login.js","statusCode":304,"duration":0,"requestId":"a894ab14-a8d6-4c5f-92e9-3f5716b9205b","ip":"::1"},"duration":null,"error":null}
[INFO] {"timestamp":"2026-02-20T23:39:02.273Z","level":"info","category":"api","action":"request_complete","requestId":null,"ip":null,"details":{"method":"GET","path":"/js/resetPassword.js","statusCode":304,"duration":0,"requestId":"24aef491-1d86-40ab-9b59-eb695dffbe28","ip":"::1"},"duration":null,"error":null}

[90mstdout[2m | tests/visual/visual.test.js[2m > [22m[2mVisual Tests[2m > [22m[2mDesktop (1280x800)[2m > [22m[2m9. New quotes snackbar has dark background (not accent)[22m[39m
[INFO] {"timestamp":"2026-02-20T23:39:02.275Z","level":"info","category":"api","action":"request_complete","requestId":null,"ip":null,"details":{"method":"GET","path":"/js/bug-report.js","statusCode":304,"duration":0,"requestId":"af6ca237-b026-4a89-89e7-7f815cd805d8","ip":"::1"},"duration":null,"error":null}

[90mstdout[2m | tests/visual/visual.test.js[2m > [22m[2mVisual Tests[2m > [22m[2mDesktop (1280x800)[2m > [22m[2m9. New quotes snackbar has dark background (not accent)[22m[39m
[INFO] {"timestamp":"2026-02-20T23:39:02.277Z","level":"info","category":"api","action":"request_complete","requestId":null,"ip":null,"details":{"method":"GET","path":"/js/donate.js","statusCode":304,"duration":1,"requestId":"da87afcb-d45f-4549-9c74-5c7cb0f47797","ip":"::1"},"duration":null,"error":null}

[90mstdout[2m | tests/visual/visual.test.js[2m > [22m[2mVisual Tests[2m > [22m[2mDesktop (1280x800)[2m > [22m[2m9. New quotes snackbar has dark background (not accent)[22m[39m
[INFO] {"timestamp":"2026-02-20T23:39:02.278Z","level":"info","category":"api","action":"request_complete","requestId":null,"ip":null,"details":{"method":"GET","path":"/js/app.js","statusCode":304,"duration":0,"requestId":"a204dbc5-66b4-4a22-964b-531a1ef8b5e2","ip":"::1"},"duration":null,"error":null}

[90mstdout[2m | tests/visual/visual.test.js[2m > [22m[2mVisual Tests[2m > [22m[2mDesktop (1280x800)[2m > [22m[2m9. New quotes snackbar has dark background (not accent)[22m[39m
[INFO] {"timestamp":"2026-02-20T23:39:02.292Z","level":"info","category":"api","action":"request_complete","requestId":null,"ip":null,"details":{"method":"GET","path":"/manifest.json","statusCode":304,"duration":1,"requestId":"bdc5da20-5841-47e2-8da0-9d29d6105e66","ip":"::1"},"duration":null,"error":null}

[90mstdout[2m | tests/visual/visual.test.js[2m > [22m[2mVisual Tests[2m > [22m[2mDesktop (1280x800)[2m > [22m[2m9. New quotes snackbar has dark background (not accent)[22m[39m
[INFO] {"timestamp":"2026-02-20T23:39:02.293Z","level":"info","category":"api","action":"request_complete","requestId":null,"ip":null,"details":{"method":"GET","path":"/me","statusCode":304,"duration":1,"requestId":"08c91aeb-8047-43d3-ac40-2e112dd85b6e","ip":"::1"},"duration":null,"error":null}

[90mstdout[2m | tests/visual/visual.test.js[2m > [22m[2mVisual Tests[2m > [22m[2mDesktop (1280x800)[2m > [22m[2m9. New quotes snackbar has dark background (not accent)[22m[39m
[INFO] {"timestamp":"2026-02-20T23:39:02.300Z","level":"info","category":"api","action":"request_complete","requestId":null,"ip":null,"details":{"method":"GET","path":"/noteworthy","statusCode":304,"duration":1,"requestId":"49398cb5-9f12-4f96-9ab4-ee576207154c","ip":"::1"},"duration":null,"error":null}

[90mstdout[2m | tests/visual/visual.test.js[2m > [22m[2mVisual Tests[2m > [22m[2mDesktop (1280x800)[2m > [22m[2m9. New quotes snackbar has dark background (not accent)[22m[39m
[INFO] {"timestamp":"2026-02-20T23:39:02.301Z","level":"info","category":"api","action":"request_complete","requestId":null,"ip":null,"details":{"method":"GET","path":"/top-authors","statusCode":304,"duration":1,"requestId":"add6c674-9962-432b-9733-48e077e2db10","ip":"::1"},"duration":null,"error":null}

[90mstdout[2m | tests/visual/visual.test.js[2m > [22m[2mVisual Tests[2m > [22m[2mDesktop (1280x800)[2m > [22m[2m9. New quotes snackbar has dark background (not accent)[22m[39m
[INFO] {"timestamp":"2026-02-20T23:39:02.331Z","level":"info","category":"api","action":"request_complete","requestId":null,"ip":null,"details":{"method":"GET","path":"/trending-authors","statusCode":304,"duration":1,"requestId":"4b9880b0-2cde-4f14-b9c9-c959b6b0624f","ip":"::1"},"duration":null,"error":null}

[90mstdout[2m | tests/visual/visual.test.js[2m > [22m[2mVisual Tests[2m > [22m[2mDesktop (1280x800)[2m > [22m[2m9. New quotes snackbar has dark background (not accent)[22m[39m
[INFO] {"timestamp":"2026-02-20T23:39:03.259Z","level":"info","category":"test","action":"test_complete","requestId":null,"ip":null,"details":{"test":"9. New quotes snackbar has dark background (not accent)","file":"visual/visual.test.js","durationMs":1097,"slow":false},"duration":1097,"error":null}

[90mstdout[2m | tests/visual/visual.test.js[2m > [22m[2mVisual Tests[2m > [22m[2mDesktop (1280x800)[2m > [22m[2m10. Content max-width is 780px[22m[39m
[INFO] {"timestamp":"2026-02-20T23:39:03.310Z","level":"info","category":"api","action":"request_complete","requestId":null,"ip":null,"details":{"method":"GET","path":"/","statusCode":304,"duration":1,"requestId":"efc17fa1-1f24-4afb-823b-7935a1b4374f","ip":"::1"},"duration":null,"error":null}

[90mstdout[2m | tests/visual/visual.test.js[2m > [22m[2mVisual Tests[2m > [22m[2mDesktop (1280x800)[2m > [22m[2m10. Content max-width is 780px[22m[39m
[INFO] {"timestamp":"2026-02-20T23:39:03.333Z","level":"info","category":"api","action":"request_complete","requestId":null,"ip":null,"details":{"method":"GET","path":"/css/styles.css","statusCode":304,"duration":1,"requestId":"17ffe683-5e54-4eb7-9f24-0bd5ac95ff17","ip":"::1"},"duration":null,"error":null}

[90mstdout[2m | tests/visual/visual.test.js[2m > [22m[2mVisual Tests[2m > [22m[2mDesktop (1280x800)[2m > [22m[2m10. Content max-width is 780px[22m[39m
[INFO] {"timestamp":"2026-02-20T23:39:03.335Z","level":"info","category":"api","action":"request_complete","requestId":null,"ip":null,"details":{"method":"GET","path":"/css/fact-check-widget.css","statusCode":304,"duration":1,"requestId":"d08fb013-edbf-411b-afed-1a0141f2b3b1","ip":"::1"},"duration":null,"error":null}

[90mstdout[2m | tests/visual/visual.test.js[2m > [22m[2mVisual Tests[2m > [22m[2mDesktop (1280x800)[2m > [22m[2m10. Content max-width is 780px[22m[39m
[INFO] {"timestamp":"2026-02-20T23:39:03.337Z","level":"info","category":"api","action":"request_complete","requestId":null,"ip":null,"details":{"method":"GET","path":"/socket.io/socket.io.js","statusCode":304,"duration":1,"requestId":"6d90bc92-6863-4ec7-9cc9-f1c55d1e3fb0","ip":"::1"},"duration":null,"error":null}

[90mstdout[2m | tests/visual/visual.test.js[2m > [22m[2mVisual Tests[2m > [22m[2mDesktop (1280x800)[2m > [22m[2m10. Content max-width is 780px[22m[39m
[INFO] {"timestamp":"2026-02-20T23:39:03.339Z","level":"info","category":"api","action":"request_complete","requestId":null,"ip":null,"details":{"method":"GET","path":"/js/api.js","statusCode":304,"duration":0,"requestId":"765b03eb-1c2c-4eed-9563-65952bbbab68","ip":"::1"},"duration":null,"error":null}

[90mstdout[2m | tests/visual/visual.test.js[2m > [22m[2mVisual Tests[2m > [22m[2mDesktop (1280x800)[2m > [22m[2m10. Content max-width is 780px[22m[39m
[INFO] {"timestamp":"2026-02-20T23:39:03.341Z","level":"info","category":"api","action":"request_complete","requestId":null,"ip":null,"details":{"method":"GET","path":"/js/admin-actions.js","statusCode":304,"duration":1,"requestId":"e0e744c5-1a7e-42cb-a2ca-57e91c1c19e9","ip":"::1"},"duration":null,"error":null}

[90mstdout[2m | tests/visual/visual.test.js[2m > [22m[2mVisual Tests[2m > [22m[2mDesktop (1280x800)[2m > [22m[2m10. Content max-width is 780px[22m[39m
[INFO] {"timestamp":"2026-02-20T23:39:03.342Z","level":"info","category":"api","action":"request_complete","requestId":null,"ip":null,"details":{"method":"GET","path":"/js/important.js","statusCode":304,"duration":0,"requestId":"eecfb489-3d1e-4489-81d5-5a9404f235ad","ip":"::1"},"duration":null,"error":null}

[90mstdout[2m | tests/visual/visual.test.js[2m > [22m[2mVisual Tests[2m > [22m[2mDesktop (1280x800)[2m > [22m[2m10. Content max-width is 780px[22m[39m
[INFO] {"timestamp":"2026-02-20T23:39:03.345Z","level":"info","category":"api","action":"request_complete","requestId":null,"ip":null,"details":{"method":"GET","path":"/js/charts.js","statusCode":304,"duration":1,"requestId":"195a27d2-279f-43ca-acc1-e4ddf489561e","ip":"::1"},"duration":null,"error":null}

[90mstdout[2m | tests/visual/visual.test.js[2m > [22m[2mVisual Tests[2m > [22m[2mDesktop (1280x800)[2m > [22m[2m10. Content max-width is 780px[22m[39m
[INFO] {"timestamp":"2026-02-20T23:39:03.346Z","level":"info","category":"api","action":"request_complete","requestId":null,"ip":null,"details":{"method":"GET","path":"/js/analytics.js","statusCode":304,"duration":0,"requestId":"f1b66726-8201-4c9c-a785-4447661e069e","ip":"::1"},"duration":null,"error":null}

[90mstdout[2m | tests/visual/visual.test.js[2m > [22m[2mVisual Tests[2m > [22m[2mDesktop (1280x800)[2m > [22m[2m10. Content max-width is 780px[22m[39m
[INFO] {"timestamp":"2026-02-20T23:39:03.348Z","level":"info","category":"api","action":"request_complete","requestId":null,"ip":null,"details":{"method":"GET","path":"/js/home.js","statusCode":304,"duration":1,"requestId":"0b70444a-8174-4cf1-a937-341db2b3d74f","ip":"::1"},"duration":null,"error":null}

[90mstdout[2m | tests/visual/visual.test.js[2m > [22m[2mVisual Tests[2m > [22m[2mDesktop (1280x800)[2m > [22m[2m10. Content max-width is 780px[22m[39m
[INFO] {"timestamp":"2026-02-20T23:39:03.349Z","level":"info","category":"api","action":"request_complete","requestId":null,"ip":null,"details":{"method":"GET","path":"/js/quote.js","statusCode":304,"duration":1,"requestId":"7c22e159-8fcc-4513-aaf5-b8035fedc8fb","ip":"::1"},"duration":null,"error":null}

[90mstdout[2m | tests/visual/visual.test.js[2m > [22m[2mVisual Tests[2m > [22m[2mDesktop (1280x800)[2m > [22m[2m10. Content max-width is 780px[22m[39m
[INFO] {"timestamp":"2026-02-20T23:39:03.351Z","level":"info","category":"api","action":"request_complete","requestId":null,"ip":null,"details":{"method":"GET","path":"/js/article.js","statusCode":304,"duration":0,"requestId":"a597384a-be6e-49e8-93ec-ae7fee3cad71","ip":"::1"},"duration":null,"error":null}

[90mstdout[2m | tests/visual/visual.test.js[2m > [22m[2mVisual Tests[2m > [22m[2mDesktop (1280x800)[2m > [22m[2m10. Content max-width is 780px[22m[39m
[INFO] {"timestamp":"2026-02-20T23:39:03.353Z","level":"info","category":"api","action":"request_complete","requestId":null,"ip":null,"details":{"method":"GET","path":"/js/author.js","statusCode":304,"duration":0,"requestId":"f9051419-4b95-4c50-829f-833b561ab2d5","ip":"::1"},"duration":null,"error":null}

[90mstdout[2m | tests/visual/visual.test.js[2m > [22m[2mVisual Tests[2m > [22m[2mDesktop (1280x800)[2m > [22m[2m10. Content max-width is 780px[22m[39m
[INFO] {"timestamp":"2026-02-20T23:39:03.354Z","level":"info","category":"api","action":"request_complete","requestId":null,"ip":null,"details":{"method":"GET","path":"/js/topic.js","statusCode":304,"duration":0,"requestId":"2055f485-5506-4889-867c-ac95a97c4e8e","ip":"::1"},"duration":null,"error":null}

[90mstdout[2m | tests/visual/visual.test.js[2m > [22m[2mVisual Tests[2m > [22m[2mDesktop (1280x800)[2m > [22m[2m10. Content max-width is 780px[22m[39m
[INFO] {"timestamp":"2026-02-20T23:39:03.356Z","level":"info","category":"api","action":"request_complete","requestId":null,"ip":null,"details":{"method":"GET","path":"/js/category.js","statusCode":304,"duration":0,"requestId":"a6a2c77c-a2f0-432e-928d-c84ea4f4895c","ip":"::1"},"duration":null,"error":null}

[90mstdout[2m | tests/visual/visual.test.js[2m > [22m[2mVisual Tests[2m > [22m[2mDesktop (1280x800)[2m > [22m[2m10. Content max-width is 780px[22m[39m
[INFO] {"timestamp":"2026-02-20T23:39:03.358Z","level":"info","category":"api","action":"request_complete","requestId":null,"ip":null,"details":{"method":"GET","path":"/js/settings.js","statusCode":304,"duration":0,"requestId":"f7a27aa1-e860-4755-9411-0cd6dea089f4","ip":"::1"},"duration":null,"error":null}

[90mstdout[2m | tests/visual/visual.test.js[2m > [22m[2mVisual Tests[2m > [22m[2mDesktop (1280x800)[2m > [22m[2m10. Content max-width is 780px[22m[39m
[INFO] {"timestamp":"2026-02-20T23:39:03.359Z","level":"info","category":"api","action":"request_complete","requestId":null,"ip":null,"details":{"method":"GET","path":"/js/review.js","statusCode":304,"duration":0,"requestId":"b431cefe-44a5-4b6f-82ae-95f9b9b368e1","ip":"::1"},"duration":null,"error":null}

[90mstdout[2m | tests/visual/visual.test.js[2m > [22m[2mVisual Tests[2m > [22m[2mDesktop (1280x800)[2m > [22m[2m10. Content max-width is 780px[22m[39m
[INFO] {"timestamp":"2026-02-20T23:39:03.361Z","level":"info","category":"api","action":"request_complete","requestId":null,"ip":null,"details":{"method":"GET","path":"/js/logs.js","statusCode":304,"duration":0,"requestId":"0a185c10-acdd-4e7f-94b9-517f8526fd8f","ip":"::1"},"duration":null,"error":null}

[90mstdout[2m | tests/visual/visual.test.js[2m > [22m[2mVisual Tests[2m > [22m[2mDesktop (1280x800)[2m > [22m[2m10. Content max-width is 780px[22m[39m
[INFO] {"timestamp":"2026-02-20T23:39:03.363Z","level":"info","category":"api","action":"request_complete","requestId":null,"ip":null,"details":{"method":"GET","path":"/js/login.js","statusCode":304,"duration":1,"requestId":"7a345e96-fc77-4c8e-934d-9b1c3a364c4f","ip":"::1"},"duration":null,"error":null}

[90mstdout[2m | tests/visual/visual.test.js[2m > [22m[2mVisual Tests[2m > [22m[2mDesktop (1280x800)[2m > [22m[2m10. Content max-width is 780px[22m[39m
[INFO] {"timestamp":"2026-02-20T23:39:03.364Z","level":"info","category":"api","action":"request_complete","requestId":null,"ip":null,"details":{"method":"GET","path":"/js/resetPassword.js","statusCode":304,"duration":1,"requestId":"19724ddd-0853-41f9-a3cc-46d1a9507f4f","ip":"::1"},"duration":null,"error":null}

[90mstdout[2m | tests/visual/visual.test.js[2m > [22m[2mVisual Tests[2m > [22m[2mDesktop (1280x800)[2m > [22m[2m10. Content max-width is 780px[22m[39m
[INFO] {"timestamp":"2026-02-20T23:39:03.366Z","level":"info","category":"api","action":"request_complete","requestId":null,"ip":null,"details":{"method":"GET","path":"/js/bug-report.js","statusCode":304,"duration":0,"requestId":"13003d0d-6467-44f8-a0e7-142428021539","ip":"::1"},"duration":null,"error":null}

[90mstdout[2m | tests/visual/visual.test.js[2m > [22m[2mVisual Tests[2m > [22m[2mDesktop (1280x800)[2m > [22m[2m10. Content max-width is 780px[22m[39m
[INFO] {"timestamp":"2026-02-20T23:39:03.368Z","level":"info","category":"api","action":"request_complete","requestId":null,"ip":null,"details":{"method":"GET","path":"/js/donate.js","statusCode":304,"duration":0,"requestId":"92558f86-c8ab-4855-8165-e7b988fa825c","ip":"::1"},"duration":null,"error":null}

[90mstdout[2m | tests/visual/visual.test.js[2m > [22m[2mVisual Tests[2m > [22m[2mDesktop (1280x800)[2m > [22m[2m10. Content max-width is 780px[22m[39m
[INFO] {"timestamp":"2026-02-20T23:39:03.369Z","level":"info","category":"api","action":"request_complete","requestId":null,"ip":null,"details":{"method":"GET","path":"/js/app.js","statusCode":304,"duration":0,"requestId":"bbfb842b-3e8c-47c3-8d78-42bf1b245031","ip":"::1"},"duration":null,"error":null}

[90mstdout[2m | tests/visual/visual.test.js[2m > [22m[2mVisual Tests[2m > [22m[2mDesktop (1280x800)[2m > [22m[2m10. Content max-width is 780px[22m[39m
[INFO] {"timestamp":"2026-02-20T23:39:03.384Z","level":"info","category":"api","action":"request_complete","requestId":null,"ip":null,"details":{"method":"GET","path":"/me","statusCode":304,"duration":0,"requestId":"679f9b6a-9d22-44f5-840a-8e0963212ad8","ip":"::1"},"duration":null,"error":null}

[90mstdout[2m | tests/visual/visual.test.js[2m > [22m[2mVisual Tests[2m > [22m[2mDesktop (1280x800)[2m > [22m[2m10. Content max-width is 780px[22m[39m
[INFO] {"timestamp":"2026-02-20T23:39:03.385Z","level":"info","category":"api","action":"request_complete","requestId":null,"ip":null,"details":{"method":"GET","path":"/manifest.json","statusCode":304,"duration":1,"requestId":"9e79d03f-3487-4312-895a-fbc6cdc57cb6","ip":"::1"},"duration":null,"error":null}

[90mstdout[2m | tests/visual/visual.test.js[2m > [22m[2mVisual Tests[2m > [22m[2mDesktop (1280x800)[2m > [22m[2m10. Content max-width is 780px[22m[39m
[INFO] {"timestamp":"2026-02-20T23:39:03.391Z","level":"info","category":"api","action":"request_complete","requestId":null,"ip":null,"details":{"method":"GET","path":"/noteworthy","statusCode":304,"duration":1,"requestId":"49d3031e-e048-45e2-aa1f-40f3687ca760","ip":"::1"},"duration":null,"error":null}

[90mstdout[2m | tests/visual/visual.test.js[2m > [22m[2mVisual Tests[2m > [22m[2mDesktop (1280x800)[2m > [22m[2m10. Content max-width is 780px[22m[39m
[INFO] {"timestamp":"2026-02-20T23:39:03.392Z","level":"info","category":"api","action":"request_complete","requestId":null,"ip":null,"details":{"method":"GET","path":"/top-authors","statusCode":304,"duration":1,"requestId":"d479c925-ad16-4be8-96fe-f6d9cf6a4071","ip":"::1"},"duration":null,"error":null}

[90mstdout[2m | tests/visual/visual.test.js[2m > [22m[2mVisual Tests[2m > [22m[2mDesktop (1280x800)[2m > [22m[2m10. Content max-width is 780px[22m[39m
[INFO] {"timestamp":"2026-02-20T23:39:03.422Z","level":"info","category":"api","action":"request_complete","requestId":null,"ip":null,"details":{"method":"GET","path":"/trending-authors","statusCode":304,"duration":4,"requestId":"7aaba969-b34c-4de0-9d5d-5a66cb650dc7","ip":"::1"},"duration":null,"error":null}

[90mstdout[2m | tests/visual/visual.test.js[2m > [22m[2mVisual Tests[2m > [22m[2mDesktop (1280x800)[2m > [22m[2m10. Content max-width is 780px[22m[39m
[INFO] {"timestamp":"2026-02-20T23:39:04.282Z","level":"info","category":"test","action":"test_complete","requestId":null,"ip":null,"details":{"test":"10. Content max-width is 780px","file":"visual/visual.test.js","durationMs":1023,"slow":false},"duration":1023,"error":null}

[90mstdout[2m | tests/visual/visual.test.js[2m > [22m[2mVisual Tests[2m > [22m[2mDesktop (1280x800)[2m > [22m[2m12. WCAG AA contrast for primary text[22m[39m
[INFO] {"timestamp":"2026-02-20T23:39:04.333Z","level":"info","category":"api","action":"request_complete","requestId":null,"ip":null,"details":{"method":"GET","path":"/","statusCode":304,"duration":0,"requestId":"f9bb9247-c593-4815-8aeb-0bd4920b2701","ip":"::1"},"duration":null,"error":null}

[90mstdout[2m | tests/visual/visual.test.js[2m > [22m[2mVisual Tests[2m > [22m[2mDesktop (1280x800)[2m > [22m[2m12. WCAG AA contrast for primary text[22m[39m
[INFO] {"timestamp":"2026-02-20T23:39:04.362Z","level":"info","category":"api","action":"request_complete","requestId":null,"ip":null,"details":{"method":"GET","path":"/css/styles.css","statusCode":304,"duration":1,"requestId":"cea8c368-76f9-4034-a7f7-c9501d4890a4","ip":"::1"},"duration":null,"error":null}
[INFO] {"timestamp":"2026-02-20T23:39:04.363Z","level":"info","category":"api","action":"request_complete","requestId":null,"ip":null,"details":{"method":"GET","path":"/css/fact-check-widget.css","statusCode":304,"duration":2,"requestId":"ded3b4c2-25ad-49a4-b947-01984c48003a","ip":"::1"},"duration":null,"error":null}

[90mstdout[2m | tests/visual/visual.test.js[2m > [22m[2mVisual Tests[2m > [22m[2mDesktop (1280x800)[2m > [22m[2m12. WCAG AA contrast for primary text[22m[39m
[INFO] {"timestamp":"2026-02-20T23:39:04.364Z","level":"info","category":"api","action":"request_complete","requestId":null,"ip":null,"details":{"method":"GET","path":"/js/api.js","statusCode":304,"duration":1,"requestId":"3658c1b3-a0c1-4fc4-ad5b-9b2baa77a2b1","ip":"::1"},"duration":null,"error":null}

[90mstdout[2m | tests/visual/visual.test.js[2m > [22m[2mVisual Tests[2m > [22m[2mDesktop (1280x800)[2m > [22m[2m12. WCAG AA contrast for primary text[22m[39m
[INFO] {"timestamp":"2026-02-20T23:39:04.365Z","level":"info","category":"api","action":"request_complete","requestId":null,"ip":null,"details":{"method":"GET","path":"/socket.io/socket.io.js","statusCode":304,"duration":1,"requestId":"b959597c-a1b6-41c5-ae6c-6afd480b673d","ip":"::1"},"duration":null,"error":null}
[INFO] {"timestamp":"2026-02-20T23:39:04.366Z","level":"info","category":"api","action":"request_complete","requestId":null,"ip":null,"details":{"method":"GET","path":"/js/admin-actions.js","statusCode":304,"duration":0,"requestId":"f57b4eeb-47cc-49f1-b975-8707a87b1e63","ip":"::1"},"duration":null,"error":null}

[90mstdout[2m | tests/visual/visual.test.js[2m > [22m[2mVisual Tests[2m > [22m[2mDesktop (1280x800)[2m > [22m[2m12. WCAG AA contrast for primary text[22m[39m
[INFO] {"timestamp":"2026-02-20T23:39:04.369Z","level":"info","category":"api","action":"request_complete","requestId":null,"ip":null,"details":{"method":"GET","path":"/js/important.js","statusCode":304,"duration":0,"requestId":"c9cf090c-3a3c-450c-8877-abf63ffd20e1","ip":"::1"},"duration":null,"error":null}

[90mstdout[2m | tests/visual/visual.test.js[2m > [22m[2mVisual Tests[2m > [22m[2mDesktop (1280x800)[2m > [22m[2m12. WCAG AA contrast for primary text[22m[39m
[INFO] {"timestamp":"2026-02-20T23:39:04.371Z","level":"info","category":"api","action":"request_complete","requestId":null,"ip":null,"details":{"method":"GET","path":"/js/charts.js","statusCode":304,"duration":1,"requestId":"1a761a32-a06c-4673-8f5a-562d1ec1279e","ip":"::1"},"duration":null,"error":null}

[90mstdout[2m | tests/visual/visual.test.js[2m > [22m[2mVisual Tests[2m > [22m[2mDesktop (1280x800)[2m > [22m[2m12. WCAG AA contrast for primary text[22m[39m
[INFO] {"timestamp":"2026-02-20T23:39:04.372Z","level":"info","category":"api","action":"request_complete","requestId":null,"ip":null,"details":{"method":"GET","path":"/js/analytics.js","statusCode":304,"duration":1,"requestId":"3b6b6c7a-bb99-4b1c-b5b5-9ee46cc7b9b8","ip":"::1"},"duration":null,"error":null}

[90mstdout[2m | tests/visual/visual.test.js[2m > [22m[2mVisual Tests[2m > [22m[2mDesktop (1280x800)[2m > [22m[2m12. WCAG AA contrast for primary text[22m[39m
[INFO] {"timestamp":"2026-02-20T23:39:04.374Z","level":"info","category":"api","action":"request_complete","requestId":null,"ip":null,"details":{"method":"GET","path":"/js/home.js","statusCode":304,"duration":1,"requestId":"974dee97-fb23-4f82-855a-99c8dbb233e8","ip":"::1"},"duration":null,"error":null}

[90mstdout[2m | tests/visual/visual.test.js[2m > [22m[2mVisual Tests[2m > [22m[2mDesktop (1280x800)[2m > [22m[2m12. WCAG AA contrast for primary text[22m[39m
[INFO] {"timestamp":"2026-02-20T23:39:04.376Z","level":"info","category":"api","action":"request_complete","requestId":null,"ip":null,"details":{"method":"GET","path":"/js/quote.js","statusCode":304,"duration":1,"requestId":"2b83962d-10cb-4c8d-87aa-6bcc3dd81ce0","ip":"::1"},"duration":null,"error":null}

[90mstdout[2m | tests/visual/visual.test.js[2m > [22m[2mVisual Tests[2m > [22m[2mDesktop (1280x800)[2m > [22m[2m12. WCAG AA contrast for primary text[22m[39m
[INFO] {"timestamp":"2026-02-20T23:39:04.377Z","level":"info","category":"api","action":"request_complete","requestId":null,"ip":null,"details":{"method":"GET","path":"/js/article.js","statusCode":304,"duration":0,"requestId":"d2b51409-bbbc-4b6d-830b-df9ed5395fc8","ip":"::1"},"duration":null,"error":null}
[INFO] {"timestamp":"2026-02-20T23:39:04.379Z","level":"info","category":"api","action":"request_complete","requestId":null,"ip":null,"details":{"method":"GET","path":"/js/author.js","statusCode":304,"duration":0,"requestId":"7d2a3be2-373a-4d8d-944f-f16349726b56","ip":"::1"},"duration":null,"error":null}

[90mstdout[2m | tests/visual/visual.test.js[2m > [22m[2mVisual Tests[2m > [22m[2mDesktop (1280x800)[2m > [22m[2m12. WCAG AA contrast for primary text[22m[39m
[INFO] {"timestamp":"2026-02-20T23:39:04.381Z","level":"info","category":"api","action":"request_complete","requestId":null,"ip":null,"details":{"method":"GET","path":"/js/topic.js","statusCode":304,"duration":1,"requestId":"a0531623-1011-4b9f-a0e4-2e789b9c1226","ip":"::1"},"duration":null,"error":null}

[90mstdout[2m | tests/visual/visual.test.js[2m > [22m[2mVisual Tests[2m > [22m[2mDesktop (1280x800)[2m > [22m[2m12. WCAG AA contrast for primary text[22m[39m
[INFO] {"timestamp":"2026-02-20T23:39:04.382Z","level":"info","category":"api","action":"request_complete","requestId":null,"ip":null,"details":{"method":"GET","path":"/js/category.js","statusCode":304,"duration":0,"requestId":"5d84f723-01ad-456b-9e52-c0c469f514ab","ip":"::1"},"duration":null,"error":null}

[90mstdout[2m | tests/visual/visual.test.js[2m > [22m[2mVisual Tests[2m > [22m[2mDesktop (1280x800)[2m > [22m[2m12. WCAG AA contrast for primary text[22m[39m
[INFO] {"timestamp":"2026-02-20T23:39:04.383Z","level":"info","category":"api","action":"request_complete","requestId":null,"ip":null,"details":{"method":"GET","path":"/js/settings.js","statusCode":304,"duration":0,"requestId":"eb90a454-db5b-42ca-970d-83115b1e28af","ip":"::1"},"duration":null,"error":null}

[90mstdout[2m | tests/visual/visual.test.js[2m > [22m[2mVisual Tests[2m > [22m[2mDesktop (1280x800)[2m > [22m[2m12. WCAG AA contrast for primary text[22m[39m
[INFO] {"timestamp":"2026-02-20T23:39:04.385Z","level":"info","category":"api","action":"request_complete","requestId":null,"ip":null,"details":{"method":"GET","path":"/js/review.js","statusCode":304,"duration":0,"requestId":"7f4b1300-3c19-4a2a-9f6a-2cb6570aab92","ip":"::1"},"duration":null,"error":null}

[90mstdout[2m | tests/visual/visual.test.js[2m > [22m[2mVisual Tests[2m > [22m[2mDesktop (1280x800)[2m > [22m[2m12. WCAG AA contrast for primary text[22m[39m
[INFO] {"timestamp":"2026-02-20T23:39:04.387Z","level":"info","category":"api","action":"request_complete","requestId":null,"ip":null,"details":{"method":"GET","path":"/js/logs.js","statusCode":304,"duration":1,"requestId":"82e20e13-951b-45e6-821b-c9d33381db55","ip":"::1"},"duration":null,"error":null}

[90mstdout[2m | tests/visual/visual.test.js[2m > [22m[2mVisual Tests[2m > [22m[2mDesktop (1280x800)[2m > [22m[2m12. WCAG AA contrast for primary text[22m[39m
[INFO] {"timestamp":"2026-02-20T23:39:04.388Z","level":"info","category":"api","action":"request_complete","requestId":null,"ip":null,"details":{"method":"GET","path":"/js/login.js","statusCode":304,"duration":1,"requestId":"a00b5152-3fa6-4525-becd-570e145a053f","ip":"::1"},"duration":null,"error":null}

[90mstdout[2m | tests/visual/visual.test.js[2m > [22m[2mVisual Tests[2m > [22m[2mDesktop (1280x800)[2m > [22m[2m12. WCAG AA contrast for primary text[22m[39m
[INFO] {"timestamp":"2026-02-20T23:39:04.389Z","level":"info","category":"api","action":"request_complete","requestId":null,"ip":null,"details":{"method":"GET","path":"/js/resetPassword.js","statusCode":304,"duration":0,"requestId":"49d11437-be9a-4a97-a2e1-c9cdb5a02ffd","ip":"::1"},"duration":null,"error":null}

[90mstdout[2m | tests/visual/visual.test.js[2m > [22m[2mVisual Tests[2m > [22m[2mDesktop (1280x800)[2m > [22m[2m12. WCAG AA contrast for primary text[22m[39m
[INFO] {"timestamp":"2026-02-20T23:39:04.392Z","level":"info","category":"api","action":"request_complete","requestId":null,"ip":null,"details":{"method":"GET","path":"/js/bug-report.js","statusCode":304,"duration":0,"requestId":"878945c2-2e97-4054-8ea3-2f7cfe7b7a2e","ip":"::1"},"duration":null,"error":null}

[90mstdout[2m | tests/visual/visual.test.js[2m > [22m[2mVisual Tests[2m > [22m[2mDesktop (1280x800)[2m > [22m[2m12. WCAG AA contrast for primary text[22m[39m
[INFO] {"timestamp":"2026-02-20T23:39:04.394Z","level":"info","category":"api","action":"request_complete","requestId":null,"ip":null,"details":{"method":"GET","path":"/js/donate.js","statusCode":304,"duration":1,"requestId":"1833658b-ce15-4f6c-9b96-903b93f67438","ip":"::1"},"duration":null,"error":null}

[90mstdout[2m | tests/visual/visual.test.js[2m > [22m[2mVisual Tests[2m > [22m[2mDesktop (1280x800)[2m > [22m[2m12. WCAG AA contrast for primary text[22m[39m
[INFO] {"timestamp":"2026-02-20T23:39:04.395Z","level":"info","category":"api","action":"request_complete","requestId":null,"ip":null,"details":{"method":"GET","path":"/js/app.js","statusCode":304,"duration":1,"requestId":"5f60c7a1-0b1c-406c-bec0-18d58c67902e","ip":"::1"},"duration":null,"error":null}

[90mstdout[2m | tests/visual/visual.test.js[2m > [22m[2mVisual Tests[2m > [22m[2mDesktop (1280x800)[2m > [22m[2m12. WCAG AA contrast for primary text[22m[39m
[INFO] {"timestamp":"2026-02-20T23:39:04.412Z","level":"info","category":"api","action":"request_complete","requestId":null,"ip":null,"details":{"method":"GET","path":"/me","statusCode":304,"duration":1,"requestId":"f8846e1a-30fa-49c1-9e5c-9cfb917dd786","ip":"::1"},"duration":null,"error":null}

[90mstdout[2m | tests/visual/visual.test.js[2m > [22m[2mVisual Tests[2m > [22m[2mDesktop (1280x800)[2m > [22m[2m12. WCAG AA contrast for primary text[22m[39m
[INFO] {"timestamp":"2026-02-20T23:39:04.418Z","level":"info","category":"api","action":"request_complete","requestId":null,"ip":null,"details":{"method":"GET","path":"/manifest.json","statusCode":304,"duration":0,"requestId":"8df9a2a4-b801-425c-914d-69acbcf5db4a","ip":"::1"},"duration":null,"error":null}

[90mstdout[2m | tests/visual/visual.test.js[2m > [22m[2mVisual Tests[2m > [22m[2mDesktop (1280x800)[2m > [22m[2m12. WCAG AA contrast for primary text[22m[39m
[INFO] {"timestamp":"2026-02-20T23:39:04.424Z","level":"info","category":"api","action":"request_complete","requestId":null,"ip":null,"details":{"method":"GET","path":"/noteworthy","statusCode":304,"duration":1,"requestId":"36c7a7b7-c7ad-4c7f-9b83-07c2631a54a0","ip":"::1"},"duration":null,"error":null}

[90mstdout[2m | tests/visual/visual.test.js[2m > [22m[2mVisual Tests[2m > [22m[2mDesktop (1280x800)[2m > [22m[2m12. WCAG AA contrast for primary text[22m[39m
[INFO] {"timestamp":"2026-02-20T23:39:04.425Z","level":"info","category":"api","action":"request_complete","requestId":null,"ip":null,"details":{"method":"GET","path":"/top-authors","statusCode":304,"duration":1,"requestId":"60ca5994-10c5-466c-835a-dc08a3444557","ip":"::1"},"duration":null,"error":null}

[90mstdout[2m | tests/visual/visual.test.js[2m > [22m[2mVisual Tests[2m > [22m[2mDesktop (1280x800)[2m > [22m[2m12. WCAG AA contrast for primary text[22m[39m
[INFO] {"timestamp":"2026-02-20T23:39:04.449Z","level":"info","category":"api","action":"request_complete","requestId":null,"ip":null,"details":{"method":"GET","path":"/trending-authors","statusCode":304,"duration":1,"requestId":"58084251-0c62-4390-9e45-edf0de301dc4","ip":"::1"},"duration":null,"error":null}

[90mstdout[2m | tests/visual/visual.test.js[2m > [22m[2mVisual Tests[2m > [22m[2mDesktop (1280x800)[2m > [22m[2m12. WCAG AA contrast for primary text[22m[39m
[INFO] {"timestamp":"2026-02-20T23:39:05.386Z","level":"info","category":"test","action":"test_complete","requestId":null,"ip":null,"details":{"test":"12. WCAG AA contrast for primary text","file":"visual/visual.test.js","durationMs":1103,"slow":false},"duration":1103,"error":null}

[90mstdout[2m | tests/visual/visual.test.js[2m > [22m[2mVisual Tests[2m > [22m[2mDesktop (1280x800)[2m > [22m[2m13. Design tokens exist in CSS[22m[39m
[INFO] {"timestamp":"2026-02-20T23:39:05.435Z","level":"info","category":"api","action":"request_complete","requestId":null,"ip":null,"details":{"method":"GET","path":"/","statusCode":304,"duration":1,"requestId":"0d2a8a64-2e80-4062-8b35-365e0872721e","ip":"::1"},"duration":null,"error":null}

[90mstdout[2m | tests/visual/visual.test.js[2m > [22m[2mVisual Tests[2m > [22m[2mDesktop (1280x800)[2m > [22m[2m13. Design tokens exist in CSS[22m[39m
[INFO] {"timestamp":"2026-02-20T23:39:05.458Z","level":"info","category":"api","action":"request_complete","requestId":null,"ip":null,"details":{"method":"GET","path":"/css/styles.css","statusCode":304,"duration":0,"requestId":"155c3c4a-5c68-42b0-a3bd-9f3ee87cd249","ip":"::1"},"duration":null,"error":null}
[INFO] {"timestamp":"2026-02-20T23:39:05.459Z","level":"info","category":"api","action":"request_complete","requestId":null,"ip":null,"details":{"method":"GET","path":"/css/fact-check-widget.css","statusCode":304,"duration":0,"requestId":"4fc44c02-a0ed-49d4-9b79-5f4a887f746c","ip":"::1"},"duration":null,"error":null}

[90mstdout[2m | tests/visual/visual.test.js[2m > [22m[2mVisual Tests[2m > [22m[2mDesktop (1280x800)[2m > [22m[2m13. Design tokens exist in CSS[22m[39m
[INFO] {"timestamp":"2026-02-20T23:39:05.462Z","level":"info","category":"api","action":"request_complete","requestId":null,"ip":null,"details":{"method":"GET","path":"/socket.io/socket.io.js","statusCode":304,"duration":2,"requestId":"8813a544-9d11-4625-b779-e3e46274cd18","ip":"::1"},"duration":null,"error":null}

[90mstdout[2m | tests/visual/visual.test.js[2m > [22m[2mVisual Tests[2m > [22m[2mDesktop (1280x800)[2m > [22m[2m13. Design tokens exist in CSS[22m[39m
[INFO] {"timestamp":"2026-02-20T23:39:05.464Z","level":"info","category":"api","action":"request_complete","requestId":null,"ip":null,"details":{"method":"GET","path":"/js/api.js","statusCode":304,"duration":1,"requestId":"3666e7b1-3cfe-4233-8fc9-397b73dd69b6","ip":"::1"},"duration":null,"error":null}

[90mstdout[2m | tests/visual/visual.test.js[2m > [22m[2mVisual Tests[2m > [22m[2mDesktop (1280x800)[2m > [22m[2m13. Design tokens exist in CSS[22m[39m
[INFO] {"timestamp":"2026-02-20T23:39:05.472Z","level":"info","category":"api","action":"request_complete","requestId":null,"ip":null,"details":{"method":"GET","path":"/js/admin-actions.js","statusCode":304,"duration":2,"requestId":"ad272a68-41e3-4157-9101-25698bd97572","ip":"::1"},"duration":null,"error":null}
[INFO] {"timestamp":"2026-02-20T23:39:05.472Z","level":"info","category":"api","action":"request_complete","requestId":null,"ip":null,"details":{"method":"GET","path":"/js/important.js","statusCode":304,"duration":1,"requestId":"c00dfe2b-38b9-4753-b972-a3c127d4b007","ip":"::1"},"duration":null,"error":null}
[INFO] {"timestamp":"2026-02-20T23:39:05.473Z","level":"info","category":"api","action":"request_complete","requestId":null,"ip":null,"details":{"method":"GET","path":"/js/charts.js","statusCode":304,"duration":2,"requestId":"91c70694-e585-40a2-a4e4-55ab4001a330","ip":"::1"},"duration":null,"error":null}
[INFO] {"timestamp":"2026-02-20T23:39:05.473Z","level":"info","category":"api","action":"request_complete","requestId":null,"ip":null,"details":{"method":"GET","path":"/js/analytics.js","statusCode":304,"duration":2,"requestId":"5a431345-5c74-4715-8274-d542db8994e6","ip":"::1"},"duration":null,"error":null}
[INFO] {"timestamp":"2026-02-20T23:39:05.475Z","level":"info","category":"api","action":"request_complete","requestId":null,"ip":null,"details":{"method":"GET","path":"/js/quote.js","statusCode":304,"duration":1,"requestId":"cb5640aa-bc50-4851-befc-c6b1a7dada6c","ip":"::1"},"duration":null,"error":null}
[INFO] {"timestamp":"2026-02-20T23:39:05.475Z","level":"info","category":"api","action":"request_complete","requestId":null,"ip":null,"details":{"method":"GET","path":"/js/home.js","statusCode":304,"duration":1,"requestId":"d2deffa6-7c24-48b5-b0b1-a987f06796b5","ip":"::1"},"duration":null,"error":null}

[90mstdout[2m | tests/visual/visual.test.js[2m > [22m[2mVisual Tests[2m > [22m[2mDesktop (1280x800)[2m > [22m[2m13. Design tokens exist in CSS[22m[39m
[INFO] {"timestamp":"2026-02-20T23:39:05.479Z","level":"info","category":"api","action":"request_complete","requestId":null,"ip":null,"details":{"method":"GET","path":"/js/article.js","statusCode":304,"duration":1,"requestId":"f05d3198-bbf7-4e45-b7c1-2a389481b757","ip":"::1"},"duration":null,"error":null}

[90mstdout[2m | tests/visual/visual.test.js[2m > [22m[2mVisual Tests[2m > [22m[2mDesktop (1280x800)[2m > [22m[2m13. Design tokens exist in CSS[22m[39m
[INFO] {"timestamp":"2026-02-20T23:39:05.480Z","level":"info","category":"api","action":"request_complete","requestId":null,"ip":null,"details":{"method":"GET","path":"/js/author.js","statusCode":304,"duration":0,"requestId":"ffdb4c2e-ee9f-48ce-a508-9aa848d22d97","ip":"::1"},"duration":null,"error":null}

[90mstdout[2m | tests/visual/visual.test.js[2m > [22m[2mVisual Tests[2m > [22m[2mDesktop (1280x800)[2m > [22m[2m13. Design tokens exist in CSS[22m[39m
[INFO] {"timestamp":"2026-02-20T23:39:05.481Z","level":"info","category":"api","action":"request_complete","requestId":null,"ip":null,"details":{"method":"GET","path":"/js/topic.js","statusCode":304,"duration":0,"requestId":"55e6f82c-98a3-4da0-88d8-5022f144153e","ip":"::1"},"duration":null,"error":null}

[90mstdout[2m | tests/visual/visual.test.js[2m > [22m[2mVisual Tests[2m > [22m[2mDesktop (1280x800)[2m > [22m[2m13. Design tokens exist in CSS[22m[39m
[INFO] {"timestamp":"2026-02-20T23:39:05.484Z","level":"info","category":"api","action":"request_complete","requestId":null,"ip":null,"details":{"method":"GET","path":"/js/category.js","statusCode":304,"duration":1,"requestId":"259d1e77-00b1-4901-a825-362a214b5d50","ip":"::1"},"duration":null,"error":null}

[90mstdout[2m | tests/visual/visual.test.js[2m > [22m[2mVisual Tests[2m > [22m[2mDesktop (1280x800)[2m > [22m[2m13. Design tokens exist in CSS[22m[39m
[INFO] {"timestamp":"2026-02-20T23:39:05.487Z","level":"info","category":"api","action":"request_complete","requestId":null,"ip":null,"details":{"method":"GET","path":"/js/settings.js","statusCode":304,"duration":1,"requestId":"17be7dd5-77d9-4267-89ef-23b99b5222f9","ip":"::1"},"duration":null,"error":null}

[90mstdout[2m | tests/visual/visual.test.js[2m > [22m[2mVisual Tests[2m > [22m[2mDesktop (1280x800)[2m > [22m[2m13. Design tokens exist in CSS[22m[39m
[INFO] {"timestamp":"2026-02-20T23:39:05.488Z","level":"info","category":"api","action":"request_complete","requestId":null,"ip":null,"details":{"method":"GET","path":"/js/review.js","statusCode":304,"duration":1,"requestId":"e153192a-1acb-465d-b7bf-e48b1644b98a","ip":"::1"},"duration":null,"error":null}

[90mstdout[2m | tests/visual/visual.test.js[2m > [22m[2mVisual Tests[2m > [22m[2mDesktop (1280x800)[2m > [22m[2m13. Design tokens exist in CSS[22m[39m
[INFO] {"timestamp":"2026-02-20T23:39:05.490Z","level":"info","category":"api","action":"request_complete","requestId":null,"ip":null,"details":{"method":"GET","path":"/js/logs.js","statusCode":304,"duration":0,"requestId":"c10d0729-4c7b-4322-9525-e82fbbd20b49","ip":"::1"},"duration":null,"error":null}

[90mstdout[2m | tests/visual/visual.test.js[2m > [22m[2mVisual Tests[2m > [22m[2mDesktop (1280x800)[2m > [22m[2m13. Design tokens exist in CSS[22m[39m
[INFO] {"timestamp":"2026-02-20T23:39:05.492Z","level":"info","category":"api","action":"request_complete","requestId":null,"ip":null,"details":{"method":"GET","path":"/js/login.js","statusCode":304,"duration":1,"requestId":"a08788d5-3ae0-4e73-ae9a-0c45b86251b9","ip":"::1"},"duration":null,"error":null}

[90mstdout[2m | tests/visual/visual.test.js[2m > [22m[2mVisual Tests[2m > [22m[2mDesktop (1280x800)[2m > [22m[2m13. Design tokens exist in CSS[22m[39m
[INFO] {"timestamp":"2026-02-20T23:39:05.493Z","level":"info","category":"api","action":"request_complete","requestId":null,"ip":null,"details":{"method":"GET","path":"/js/resetPassword.js","statusCode":304,"duration":0,"requestId":"e2277e2b-f42f-41db-a51a-af3a2b4dcf64","ip":"::1"},"duration":null,"error":null}

[90mstdout[2m | tests/visual/visual.test.js[2m > [22m[2mVisual Tests[2m > [22m[2mDesktop (1280x800)[2m > [22m[2m13. Design tokens exist in CSS[22m[39m
[INFO] {"timestamp":"2026-02-20T23:39:05.494Z","level":"info","category":"api","action":"request_complete","requestId":null,"ip":null,"details":{"method":"GET","path":"/js/bug-report.js","statusCode":304,"duration":0,"requestId":"9f97144d-6008-4f55-b4e1-354ac96a84fb","ip":"::1"},"duration":null,"error":null}

[90mstdout[2m | tests/visual/visual.test.js[2m > [22m[2mVisual Tests[2m > [22m[2mDesktop (1280x800)[2m > [22m[2m13. Design tokens exist in CSS[22m[39m
[INFO] {"timestamp":"2026-02-20T23:39:05.497Z","level":"info","category":"api","action":"request_complete","requestId":null,"ip":null,"details":{"method":"GET","path":"/js/donate.js","statusCode":304,"duration":0,"requestId":"879b3022-3f50-4485-8d0c-04c8120bdcaa","ip":"::1"},"duration":null,"error":null}

[90mstdout[2m | tests/visual/visual.test.js[2m > [22m[2mVisual Tests[2m > [22m[2mDesktop (1280x800)[2m > [22m[2m13. Design tokens exist in CSS[22m[39m
[INFO] {"timestamp":"2026-02-20T23:39:05.498Z","level":"info","category":"api","action":"request_complete","requestId":null,"ip":null,"details":{"method":"GET","path":"/js/app.js","statusCode":304,"duration":0,"requestId":"5cccd5c5-6b45-4a8d-a24b-f6bc0c2bd2d0","ip":"::1"},"duration":null,"error":null}
[INFO] {"timestamp":"2026-02-20T23:39:05.500Z","level":"info","category":"api","action":"request_complete","requestId":null,"ip":null,"details":{"method":"GET","path":"/manifest.json","statusCode":304,"duration":0,"requestId":"3ea250f1-4760-4015-9eaf-ac34fe054213","ip":"::1"},"duration":null,"error":null}

[90mstdout[2m | tests/visual/visual.test.js[2m > [22m[2mVisual Tests[2m > [22m[2mDesktop (1280x800)[2m > [22m[2m13. Design tokens exist in CSS[22m[39m
[INFO] {"timestamp":"2026-02-20T23:39:05.510Z","level":"info","category":"api","action":"request_complete","requestId":null,"ip":null,"details":{"method":"GET","path":"/me","statusCode":304,"duration":1,"requestId":"0fcf8162-7e68-4f63-9456-4b7adec5dfb7","ip":"::1"},"duration":null,"error":null}

[90mstdout[2m | tests/visual/visual.test.js[2m > [22m[2mVisual Tests[2m > [22m[2mDesktop (1280x800)[2m > [22m[2m13. Design tokens exist in CSS[22m[39m
[INFO] {"timestamp":"2026-02-20T23:39:05.517Z","level":"info","category":"api","action":"request_complete","requestId":null,"ip":null,"details":{"method":"GET","path":"/noteworthy","statusCode":304,"duration":1,"requestId":"fb9d79df-cbc5-4a8a-a06d-cad16afa527c","ip":"::1"},"duration":null,"error":null}

[90mstdout[2m | tests/visual/visual.test.js[2m > [22m[2mVisual Tests[2m > [22m[2mDesktop (1280x800)[2m > [22m[2m13. Design tokens exist in CSS[22m[39m
[INFO] {"timestamp":"2026-02-20T23:39:05.518Z","level":"info","category":"api","action":"request_complete","requestId":null,"ip":null,"details":{"method":"GET","path":"/top-authors","statusCode":304,"duration":1,"requestId":"005896a7-830d-4c16-b294-adbdca744a81","ip":"::1"},"duration":null,"error":null}

[90mstdout[2m | tests/visual/visual.test.js[2m > [22m[2mVisual Tests[2m > [22m[2mDesktop (1280x800)[2m > [22m[2m13. Design tokens exist in CSS[22m[39m
[INFO] {"timestamp":"2026-02-20T23:39:05.548Z","level":"info","category":"api","action":"request_complete","requestId":null,"ip":null,"details":{"method":"GET","path":"/trending-authors","statusCode":304,"duration":1,"requestId":"0213045d-1c28-40ba-800d-c8f06a2ee615","ip":"::1"},"duration":null,"error":null}

[90mstdout[2m | tests/visual/visual.test.js[2m > [22m[2mVisual Tests[2m > [22m[2mDesktop (1280x800)[2m > [22m[2m13. Design tokens exist in CSS[22m[39m
[INFO] {"timestamp":"2026-02-20T23:39:06.481Z","level":"info","category":"test","action":"test_complete","requestId":null,"ip":null,"details":{"test":"13. Design tokens exist in CSS","file":"visual/visual.test.js","durationMs":1095,"slow":false},"duration":1095,"error":null}

[90mstdout[2m | tests/visual/visual.test.js[2m > [22m[2mVisual Tests[2m > [22m[2mDesktop (1280x800)[2m > [22m[2m14. Quote hero decorative mark CSS exists[22m[39m
[INFO] {"timestamp":"2026-02-20T23:39:06.534Z","level":"info","category":"api","action":"request_complete","requestId":null,"ip":null,"details":{"method":"GET","path":"/","statusCode":304,"duration":1,"requestId":"fce64c3a-0b65-414d-9106-db893482b9dc","ip":"::1"},"duration":null,"error":null}

[90mstdout[2m | tests/visual/visual.test.js[2m > [22m[2mVisual Tests[2m > [22m[2mDesktop (1280x800)[2m > [22m[2m14. Quote hero decorative mark CSS exists[22m[39m
[INFO] {"timestamp":"2026-02-20T23:39:06.557Z","level":"info","category":"api","action":"request_complete","requestId":null,"ip":null,"details":{"method":"GET","path":"/css/styles.css","statusCode":304,"duration":1,"requestId":"a7d3c144-9d4c-479b-996a-04c44bb9347d","ip":"::1"},"duration":null,"error":null}

[90mstdout[2m | tests/visual/visual.test.js[2m > [22m[2mVisual Tests[2m > [22m[2mDesktop (1280x800)[2m > [22m[2m14. Quote hero decorative mark CSS exists[22m[39m
[INFO] {"timestamp":"2026-02-20T23:39:06.559Z","level":"info","category":"api","action":"request_complete","requestId":null,"ip":null,"details":{"method":"GET","path":"/css/fact-check-widget.css","statusCode":304,"duration":1,"requestId":"6a845a55-231a-4265-a5ea-f3b3969cd0d2","ip":"::1"},"duration":null,"error":null}

[90mstdout[2m | tests/visual/visual.test.js[2m > [22m[2mVisual Tests[2m > [22m[2mDesktop (1280x800)[2m > [22m[2m14. Quote hero decorative mark CSS exists[22m[39m
[INFO] {"timestamp":"2026-02-20T23:39:06.561Z","level":"info","category":"api","action":"request_complete","requestId":null,"ip":null,"details":{"method":"GET","path":"/socket.io/socket.io.js","statusCode":304,"duration":1,"requestId":"474c6212-e2d7-4cb7-a5c5-77bf5e7621e3","ip":"::1"},"duration":null,"error":null}

[90mstdout[2m | tests/visual/visual.test.js[2m > [22m[2mVisual Tests[2m > [22m[2mDesktop (1280x800)[2m > [22m[2m14. Quote hero decorative mark CSS exists[22m[39m
[INFO] {"timestamp":"2026-02-20T23:39:06.564Z","level":"info","category":"api","action":"request_complete","requestId":null,"ip":null,"details":{"method":"GET","path":"/js/api.js","statusCode":304,"duration":0,"requestId":"a9e135a7-9749-48ce-88dd-1c5c142a4f0d","ip":"::1"},"duration":null,"error":null}
[INFO] {"timestamp":"2026-02-20T23:39:06.565Z","level":"info","category":"api","action":"request_complete","requestId":null,"ip":null,"details":{"method":"GET","path":"/js/admin-actions.js","statusCode":304,"duration":0,"requestId":"058dc468-0f92-4ccc-889a-e4a551084a7e","ip":"::1"},"duration":null,"error":null}

[90mstdout[2m | tests/visual/visual.test.js[2m > [22m[2mVisual Tests[2m > [22m[2mDesktop (1280x800)[2m > [22m[2m14. Quote hero decorative mark CSS exists[22m[39m
[INFO] {"timestamp":"2026-02-20T23:39:06.567Z","level":"info","category":"api","action":"request_complete","requestId":null,"ip":null,"details":{"method":"GET","path":"/js/important.js","statusCode":304,"duration":1,"requestId":"babb3190-17d9-4c22-935a-c784f78c737f","ip":"::1"},"duration":null,"error":null}

[90mstdout[2m | tests/visual/visual.test.js[2m > [22m[2mVisual Tests[2m > [22m[2mDesktop (1280x800)[2m > [22m[2m14. Quote hero decorative mark CSS exists[22m[39m
[INFO] {"timestamp":"2026-02-20T23:39:06.568Z","level":"info","category":"api","action":"request_complete","requestId":null,"ip":null,"details":{"method":"GET","path":"/js/charts.js","statusCode":304,"duration":0,"requestId":"91827dbc-227a-4801-809b-f65a28ed800f","ip":"::1"},"duration":null,"error":null}

[90mstdout[2m | tests/visual/visual.test.js[2m > [22m[2mVisual Tests[2m > [22m[2mDesktop (1280x800)[2m > [22m[2m14. Quote hero decorative mark CSS exists[22m[39m
[INFO] {"timestamp":"2026-02-20T23:39:06.570Z","level":"info","category":"api","action":"request_complete","requestId":null,"ip":null,"details":{"method":"GET","path":"/js/analytics.js","statusCode":304,"duration":0,"requestId":"d9056db7-4b3e-4eae-890b-ef0ccc21a42d","ip":"::1"},"duration":null,"error":null}

[90mstdout[2m | tests/visual/visual.test.js[2m > [22m[2mVisual Tests[2m > [22m[2mDesktop (1280x800)[2m > [22m[2m14. Quote hero decorative mark CSS exists[22m[39m
[INFO] {"timestamp":"2026-02-20T23:39:06.574Z","level":"info","category":"api","action":"request_complete","requestId":null,"ip":null,"details":{"method":"GET","path":"/js/home.js","statusCode":304,"duration":1,"requestId":"22ce2436-72ed-4c03-b03f-dd3addbacb34","ip":"::1"},"duration":null,"error":null}

[90mstdout[2m | tests/visual/visual.test.js[2m > [22m[2mVisual Tests[2m > [22m[2mDesktop (1280x800)[2m > [22m[2m14. Quote hero decorative mark CSS exists[22m[39m
[INFO] {"timestamp":"2026-02-20T23:39:06.576Z","level":"info","category":"api","action":"request_complete","requestId":null,"ip":null,"details":{"method":"GET","path":"/js/quote.js","statusCode":304,"duration":1,"requestId":"715523ef-5a29-40ff-83df-4a1176d5bfc5","ip":"::1"},"duration":null,"error":null}

[90mstdout[2m | tests/visual/visual.test.js[2m > [22m[2mVisual Tests[2m > [22m[2mDesktop (1280x800)[2m > [22m[2m14. Quote hero decorative mark CSS exists[22m[39m
[INFO] {"timestamp":"2026-02-20T23:39:06.577Z","level":"info","category":"api","action":"request_complete","requestId":null,"ip":null,"details":{"method":"GET","path":"/js/article.js","statusCode":304,"duration":1,"requestId":"f94ca146-b89e-45a9-9b09-734cfb5f4478","ip":"::1"},"duration":null,"error":null}

[90mstdout[2m | tests/visual/visual.test.js[2m > [22m[2mVisual Tests[2m > [22m[2mDesktop (1280x800)[2m > [22m[2m14. Quote hero decorative mark CSS exists[22m[39m
[INFO] {"timestamp":"2026-02-20T23:39:06.578Z","level":"info","category":"api","action":"request_complete","requestId":null,"ip":null,"details":{"method":"GET","path":"/js/author.js","statusCode":304,"duration":0,"requestId":"c02b595e-4bfa-4365-96a0-ff71f4d9bc55","ip":"::1"},"duration":null,"error":null}

[90mstdout[2m | tests/visual/visual.test.js[2m > [22m[2mVisual Tests[2m > [22m[2mDesktop (1280x800)[2m > [22m[2m14. Quote hero decorative mark CSS exists[22m[39m
[INFO] {"timestamp":"2026-02-20T23:39:06.582Z","level":"info","category":"api","action":"request_complete","requestId":null,"ip":null,"details":{"method":"GET","path":"/js/topic.js","statusCode":304,"duration":1,"requestId":"227654f5-50e6-4028-96f9-a21aa669e34e","ip":"::1"},"duration":null,"error":null}

[90mstdout[2m | tests/visual/visual.test.js[2m > [22m[2mVisual Tests[2m > [22m[2mDesktop (1280x800)[2m > [22m[2m14. Quote hero decorative mark CSS exists[22m[39m
[INFO] {"timestamp":"2026-02-20T23:39:06.583Z","level":"info","category":"api","action":"request_complete","requestId":null,"ip":null,"details":{"method":"GET","path":"/js/category.js","statusCode":304,"duration":0,"requestId":"e6ce540c-5e78-4d76-a592-6dd06e91b80c","ip":"::1"},"duration":null,"error":null}

[90mstdout[2m | tests/visual/visual.test.js[2m > [22m[2mVisual Tests[2m > [22m[2mDesktop (1280x800)[2m > [22m[2m14. Quote hero decorative mark CSS exists[22m[39m
[INFO] {"timestamp":"2026-02-20T23:39:06.584Z","level":"info","category":"api","action":"request_complete","requestId":null,"ip":null,"details":{"method":"GET","path":"/js/settings.js","statusCode":304,"duration":0,"requestId":"4d090b19-c698-4b04-8324-a6eb04d512f8","ip":"::1"},"duration":null,"error":null}

[90mstdout[2m | tests/visual/visual.test.js[2m > [22m[2mVisual Tests[2m > [22m[2mDesktop (1280x800)[2m > [22m[2m14. Quote hero decorative mark CSS exists[22m[39m
[INFO] {"timestamp":"2026-02-20T23:39:06.586Z","level":"info","category":"api","action":"request_complete","requestId":null,"ip":null,"details":{"method":"GET","path":"/js/review.js","statusCode":304,"duration":1,"requestId":"ca9705b8-d075-4bc7-a536-0a1caddc1686","ip":"::1"},"duration":null,"error":null}

[90mstdout[2m | tests/visual/visual.test.js[2m > [22m[2mVisual Tests[2m > [22m[2mDesktop (1280x800)[2m > [22m[2m14. Quote hero decorative mark CSS exists[22m[39m
[INFO] {"timestamp":"2026-02-20T23:39:06.589Z","level":"info","category":"api","action":"request_complete","requestId":null,"ip":null,"details":{"method":"GET","path":"/js/logs.js","statusCode":304,"duration":1,"requestId":"c647571f-9844-46c4-89f7-596c9701f496","ip":"::1"},"duration":null,"error":null}

[90mstdout[2m | tests/visual/visual.test.js[2m > [22m[2mVisual Tests[2m > [22m[2mDesktop (1280x800)[2m > [22m[2m14. Quote hero decorative mark CSS exists[22m[39m
[INFO] {"timestamp":"2026-02-20T23:39:06.590Z","level":"info","category":"api","action":"request_complete","requestId":null,"ip":null,"details":{"method":"GET","path":"/js/login.js","statusCode":304,"duration":0,"requestId":"440c5d34-f91d-4606-aa8d-571ac2a34ada","ip":"::1"},"duration":null,"error":null}

[90mstdout[2m | tests/visual/visual.test.js[2m > [22m[2mVisual Tests[2m > [22m[2mDesktop (1280x800)[2m > [22m[2m14. Quote hero decorative mark CSS exists[22m[39m
[INFO] {"timestamp":"2026-02-20T23:39:06.592Z","level":"info","category":"api","action":"request_complete","requestId":null,"ip":null,"details":{"method":"GET","path":"/js/resetPassword.js","statusCode":304,"duration":1,"requestId":"60c813e3-b411-4836-a108-c8c4c1df841d","ip":"::1"},"duration":null,"error":null}

[90mstdout[2m | tests/visual/visual.test.js[2m > [22m[2mVisual Tests[2m > [22m[2mDesktop (1280x800)[2m > [22m[2m14. Quote hero decorative mark CSS exists[22m[39m
[INFO] {"timestamp":"2026-02-20T23:39:06.594Z","level":"info","category":"api","action":"request_complete","requestId":null,"ip":null,"details":{"method":"GET","path":"/js/bug-report.js","statusCode":304,"duration":0,"requestId":"2b7c2272-3c35-4356-b125-6292c0b553b4","ip":"::1"},"duration":null,"error":null}

[90mstdout[2m | tests/visual/visual.test.js[2m > [22m[2mVisual Tests[2m > [22m[2mDesktop (1280x800)[2m > [22m[2m14. Quote hero decorative mark CSS exists[22m[39m
[INFO] {"timestamp":"2026-02-20T23:39:06.596Z","level":"info","category":"api","action":"request_complete","requestId":null,"ip":null,"details":{"method":"GET","path":"/js/donate.js","statusCode":304,"duration":1,"requestId":"17717c05-bb0e-4dd8-80b1-87dd690b5ae0","ip":"::1"},"duration":null,"error":null}

[90mstdout[2m | tests/visual/visual.test.js[2m > [22m[2mVisual Tests[2m > [22m[2mDesktop (1280x800)[2m > [22m[2m14. Quote hero decorative mark CSS exists[22m[39m
[INFO] {"timestamp":"2026-02-20T23:39:06.597Z","level":"info","category":"api","action":"request_complete","requestId":null,"ip":null,"details":{"method":"GET","path":"/js/app.js","statusCode":304,"duration":0,"requestId":"a8c62b76-bdbf-4e2d-a9ae-af8b9314204d","ip":"::1"},"duration":null,"error":null}

[90mstdout[2m | tests/visual/visual.test.js[2m > [22m[2mVisual Tests[2m > [22m[2mDesktop (1280x800)[2m > [22m[2m14. Quote hero decorative mark CSS exists[22m[39m
[INFO] {"timestamp":"2026-02-20T23:39:06.599Z","level":"info","category":"api","action":"request_complete","requestId":null,"ip":null,"details":{"method":"GET","path":"/manifest.json","statusCode":304,"duration":1,"requestId":"a041fb22-e830-4852-8d35-26f8a2e5a64a","ip":"::1"},"duration":null,"error":null}

[90mstdout[2m | tests/visual/visual.test.js[2m > [22m[2mVisual Tests[2m > [22m[2mDesktop (1280x800)[2m > [22m[2m14. Quote hero decorative mark CSS exists[22m[39m
[INFO] {"timestamp":"2026-02-20T23:39:06.613Z","level":"info","category":"api","action":"request_complete","requestId":null,"ip":null,"details":{"method":"GET","path":"/me","statusCode":304,"duration":2,"requestId":"ef31df1a-8446-4fb8-bb08-adee2a91fa02","ip":"::1"},"duration":null,"error":null}

[90mstdout[2m | tests/visual/visual.test.js[2m > [22m[2mVisual Tests[2m > [22m[2mDesktop (1280x800)[2m > [22m[2m14. Quote hero decorative mark CSS exists[22m[39m
[INFO] {"timestamp":"2026-02-20T23:39:06.636Z","level":"info","category":"api","action":"request_complete","requestId":null,"ip":null,"details":{"method":"GET","path":"/noteworthy","statusCode":304,"duration":1,"requestId":"146cc33b-1c18-4318-b292-00d57304a978","ip":"::1"},"duration":null,"error":null}

[90mstdout[2m | tests/visual/visual.test.js[2m > [22m[2mVisual Tests[2m > [22m[2mDesktop (1280x800)[2m > [22m[2m14. Quote hero decorative mark CSS exists[22m[39m
[INFO] {"timestamp":"2026-02-20T23:39:06.638Z","level":"info","category":"api","action":"request_complete","requestId":null,"ip":null,"details":{"method":"GET","path":"/top-authors","statusCode":304,"duration":1,"requestId":"6d2074d5-ee92-4ef2-9721-5449029f07fd","ip":"::1"},"duration":null,"error":null}

[90mstdout[2m | tests/visual/visual.test.js[2m > [22m[2mVisual Tests[2m > [22m[2mDesktop (1280x800)[2m > [22m[2m14. Quote hero decorative mark CSS exists[22m[39m
[INFO] {"timestamp":"2026-02-20T23:39:06.651Z","level":"info","category":"api","action":"request_complete","requestId":null,"ip":null,"details":{"method":"GET","path":"/trending-authors","statusCode":304,"duration":1,"requestId":"bc9fafe5-ac01-4dbe-865c-36e8ea809f1c","ip":"::1"},"duration":null,"error":null}

[90mstdout[2m | tests/visual/visual.test.js[2m > [22m[2mVisual Tests[2m > [22m[2mDesktop (1280x800)[2m > [22m[2m14. Quote hero decorative mark CSS exists[22m[39m
[INFO] {"timestamp":"2026-02-20T23:39:07.583Z","level":"info","category":"test","action":"test_complete","requestId":null,"ip":null,"details":{"test":"14. Quote hero decorative mark CSS exists","file":"visual/visual.test.js","durationMs":1102,"slow":false},"duration":1102,"error":null}

[90mstdout[2m | tests/visual/visual.test.js[2m > [22m[2mVisual Tests[2m > [22m[2mDesktop (1280x800)[2m > [22m[2m15. Speaker group CSS exists[22m[39m
[INFO] {"timestamp":"2026-02-20T23:39:07.643Z","level":"info","category":"api","action":"request_complete","requestId":null,"ip":null,"details":{"method":"GET","path":"/","statusCode":304,"duration":1,"requestId":"c23c08be-ec12-4395-91d0-70e9ea7441b2","ip":"::1"},"duration":null,"error":null}

[90mstdout[2m | tests/visual/visual.test.js[2m > [22m[2mVisual Tests[2m > [22m[2mDesktop (1280x800)[2m > [22m[2m15. Speaker group CSS exists[22m[39m
[INFO] {"timestamp":"2026-02-20T23:39:07.664Z","level":"info","category":"api","action":"request_complete","requestId":null,"ip":null,"details":{"method":"GET","path":"/css/styles.css","statusCode":304,"duration":1,"requestId":"a70c6aba-8ecc-4ede-be77-af5ced58e811","ip":"::1"},"duration":null,"error":null}

[90mstdout[2m | tests/visual/visual.test.js[2m > [22m[2mVisual Tests[2m > [22m[2mDesktop (1280x800)[2m > [22m[2m15. Speaker group CSS exists[22m[39m
[INFO] {"timestamp":"2026-02-20T23:39:07.666Z","level":"info","category":"api","action":"request_complete","requestId":null,"ip":null,"details":{"method":"GET","path":"/css/fact-check-widget.css","statusCode":304,"duration":1,"requestId":"271adbb3-6262-4057-bb87-a9659956fbb0","ip":"::1"},"duration":null,"error":null}

[90mstdout[2m | tests/visual/visual.test.js[2m > [22m[2mVisual Tests[2m > [22m[2mDesktop (1280x800)[2m > [22m[2m15. Speaker group CSS exists[22m[39m
[INFO] {"timestamp":"2026-02-20T23:39:07.667Z","level":"info","category":"api","action":"request_complete","requestId":null,"ip":null,"details":{"method":"GET","path":"/socket.io/socket.io.js","statusCode":304,"duration":1,"requestId":"f39a9ba1-c924-453e-8427-682d826f12d8","ip":"::1"},"duration":null,"error":null}

[90mstdout[2m | tests/visual/visual.test.js[2m > [22m[2mVisual Tests[2m > [22m[2mDesktop (1280x800)[2m > [22m[2m15. Speaker group CSS exists[22m[39m
[INFO] {"timestamp":"2026-02-20T23:39:07.669Z","level":"info","category":"api","action":"request_complete","requestId":null,"ip":null,"details":{"method":"GET","path":"/js/api.js","statusCode":304,"duration":0,"requestId":"d9c630eb-4ab7-4bb1-9e27-9cc824d28b21","ip":"::1"},"duration":null,"error":null}

[90mstdout[2m | tests/visual/visual.test.js[2m > [22m[2mVisual Tests[2m > [22m[2mDesktop (1280x800)[2m > [22m[2m15. Speaker group CSS exists[22m[39m
[INFO] {"timestamp":"2026-02-20T23:39:07.673Z","level":"info","category":"api","action":"request_complete","requestId":null,"ip":null,"details":{"method":"GET","path":"/js/admin-actions.js","statusCode":304,"duration":1,"requestId":"a6c08945-fc9c-4a8f-9b03-9714381a0610","ip":"::1"},"duration":null,"error":null}

[90mstdout[2m | tests/visual/visual.test.js[2m > [22m[2mVisual Tests[2m > [22m[2mDesktop (1280x800)[2m > [22m[2m15. Speaker group CSS exists[22m[39m
[INFO] {"timestamp":"2026-02-20T23:39:07.679Z","level":"info","category":"api","action":"request_complete","requestId":null,"ip":null,"details":{"method":"GET","path":"/js/important.js","statusCode":304,"duration":3,"requestId":"de045e41-c2d8-4a42-9ba4-b0ff2eef70d6","ip":"::1"},"duration":null,"error":null}
[INFO] {"timestamp":"2026-02-20T23:39:07.680Z","level":"info","category":"api","action":"request_complete","requestId":null,"ip":null,"details":{"method":"GET","path":"/js/analytics.js","statusCode":304,"duration":2,"requestId":"dab340a8-9d92-4b0b-90f0-c6084bb607d4","ip":"::1"},"duration":null,"error":null}

[90mstdout[2m | tests/visual/visual.test.js[2m > [22m[2mVisual Tests[2m > [22m[2mDesktop (1280x800)[2m > [22m[2m15. Speaker group CSS exists[22m[39m
[INFO] {"timestamp":"2026-02-20T23:39:07.681Z","level":"info","category":"api","action":"request_complete","requestId":null,"ip":null,"details":{"method":"GET","path":"/js/charts.js","statusCode":304,"duration":1,"requestId":"4d523900-e7a3-4b21-9ef7-167899f3677f","ip":"::1"},"duration":null,"error":null}
[INFO] {"timestamp":"2026-02-20T23:39:07.682Z","level":"info","category":"api","action":"request_complete","requestId":null,"ip":null,"details":{"method":"GET","path":"/js/home.js","statusCode":304,"duration":1,"requestId":"878fe58a-cdbd-4fa3-8d55-245944740303","ip":"::1"},"duration":null,"error":null}

[90mstdout[2m | tests/visual/visual.test.js[2m > [22m[2mVisual Tests[2m > [22m[2mDesktop (1280x800)[2m > [22m[2m15. Speaker group CSS exists[22m[39m
[INFO] {"timestamp":"2026-02-20T23:39:07.684Z","level":"info","category":"api","action":"request_complete","requestId":null,"ip":null,"details":{"method":"GET","path":"/js/quote.js","statusCode":304,"duration":1,"requestId":"dbf203a4-39d2-4acd-af05-8c6f8bf70915","ip":"::1"},"duration":null,"error":null}

[90mstdout[2m | tests/visual/visual.test.js[2m > [22m[2mVisual Tests[2m > [22m[2mDesktop (1280x800)[2m > [22m[2m15. Speaker group CSS exists[22m[39m
[INFO] {"timestamp":"2026-02-20T23:39:07.686Z","level":"info","category":"api","action":"request_complete","requestId":null,"ip":null,"details":{"method":"GET","path":"/js/article.js","statusCode":304,"duration":1,"requestId":"8dd25f60-9723-48c8-8f96-8c9122dee08f","ip":"::1"},"duration":null,"error":null}

[90mstdout[2m | tests/visual/visual.test.js[2m > [22m[2mVisual Tests[2m > [22m[2mDesktop (1280x800)[2m > [22m[2m15. Speaker group CSS exists[22m[39m
[INFO] {"timestamp":"2026-02-20T23:39:07.687Z","level":"info","category":"api","action":"request_complete","requestId":null,"ip":null,"details":{"method":"GET","path":"/js/author.js","statusCode":304,"duration":0,"requestId":"2a6971fd-dde4-406e-8883-2b49953f9050","ip":"::1"},"duration":null,"error":null}

[90mstdout[2m | tests/visual/visual.test.js[2m > [22m[2mVisual Tests[2m > [22m[2mDesktop (1280x800)[2m > [22m[2m15. Speaker group CSS exists[22m[39m
[INFO] {"timestamp":"2026-02-20T23:39:07.690Z","level":"info","category":"api","action":"request_complete","requestId":null,"ip":null,"details":{"method":"GET","path":"/js/topic.js","statusCode":304,"duration":0,"requestId":"a099dfd9-a219-4f60-9f49-d469dcfda8d0","ip":"::1"},"duration":null,"error":null}

[90mstdout[2m | tests/visual/visual.test.js[2m > [22m[2mVisual Tests[2m > [22m[2mDesktop (1280x800)[2m > [22m[2m15. Speaker group CSS exists[22m[39m
[INFO] {"timestamp":"2026-02-20T23:39:07.692Z","level":"info","category":"api","action":"request_complete","requestId":null,"ip":null,"details":{"method":"GET","path":"/js/category.js","statusCode":304,"duration":1,"requestId":"3087f9cf-d2f5-4cf1-a2d1-639d48353658","ip":"::1"},"duration":null,"error":null}

[90mstdout[2m | tests/visual/visual.test.js[2m > [22m[2mVisual Tests[2m > [22m[2mDesktop (1280x800)[2m > [22m[2m15. Speaker group CSS exists[22m[39m
[INFO] {"timestamp":"2026-02-20T23:39:07.694Z","level":"info","category":"api","action":"request_complete","requestId":null,"ip":null,"details":{"method":"GET","path":"/js/settings.js","statusCode":304,"duration":0,"requestId":"135a3268-f75d-42f5-870d-d1a65047293a","ip":"::1"},"duration":null,"error":null}

[90mstdout[2m | tests/visual/visual.test.js[2m > [22m[2mVisual Tests[2m > [22m[2mDesktop (1280x800)[2m > [22m[2m15. Speaker group CSS exists[22m[39m
[INFO] {"timestamp":"2026-02-20T23:39:07.695Z","level":"info","category":"api","action":"request_complete","requestId":null,"ip":null,"details":{"method":"GET","path":"/js/logs.js","statusCode":304,"duration":0,"requestId":"31985e67-0df0-46b9-88e8-7d089c281ced","ip":"::1"},"duration":null,"error":null}

[90mstdout[2m | tests/visual/visual.test.js[2m > [22m[2mVisual Tests[2m > [22m[2mDesktop (1280x800)[2m > [22m[2m15. Speaker group CSS exists[22m[39m
[INFO] {"timestamp":"2026-02-20T23:39:07.697Z","level":"info","category":"api","action":"request_complete","requestId":null,"ip":null,"details":{"method":"GET","path":"/js/review.js","statusCode":304,"duration":0,"requestId":"26dd5479-4e5d-42ab-b049-1bbac2ca2740","ip":"::1"},"duration":null,"error":null}

[90mstdout[2m | tests/visual/visual.test.js[2m > [22m[2mVisual Tests[2m > [22m[2mDesktop (1280x800)[2m > [22m[2m15. Speaker group CSS exists[22m[39m
[INFO] {"timestamp":"2026-02-20T23:39:07.698Z","level":"info","category":"api","action":"request_complete","requestId":null,"ip":null,"details":{"method":"GET","path":"/js/login.js","statusCode":304,"duration":0,"requestId":"14615d26-74ae-42f9-9b7b-830ab70c343d","ip":"::1"},"duration":null,"error":null}

[90mstdout[2m | tests/visual/visual.test.js[2m > [22m[2mVisual Tests[2m > [22m[2mDesktop (1280x800)[2m > [22m[2m15. Speaker group CSS exists[22m[39m
[INFO] {"timestamp":"2026-02-20T23:39:07.700Z","level":"info","category":"api","action":"request_complete","requestId":null,"ip":null,"details":{"method":"GET","path":"/js/resetPassword.js","statusCode":304,"duration":0,"requestId":"b27b414f-1b60-4dc3-b753-8672e04ac814","ip":"::1"},"duration":null,"error":null}

[90mstdout[2m | tests/visual/visual.test.js[2m > [22m[2mVisual Tests[2m > [22m[2mDesktop (1280x800)[2m > [22m[2m15. Speaker group CSS exists[22m[39m
[INFO] {"timestamp":"2026-02-20T23:39:07.704Z","level":"info","category":"api","action":"request_complete","requestId":null,"ip":null,"details":{"method":"GET","path":"/js/bug-report.js","statusCode":304,"duration":1,"requestId":"07ec386c-bfab-4dc8-922e-fc82836bd4e1","ip":"::1"},"duration":null,"error":null}

[90mstdout[2m | tests/visual/visual.test.js[2m > [22m[2mVisual Tests[2m > [22m[2mDesktop (1280x800)[2m > [22m[2m15. Speaker group CSS exists[22m[39m
[INFO] {"timestamp":"2026-02-20T23:39:07.706Z","level":"info","category":"api","action":"request_complete","requestId":null,"ip":null,"details":{"method":"GET","path":"/js/donate.js","statusCode":304,"duration":1,"requestId":"daa8cbf5-d6a8-4c00-ab6b-f674460433b1","ip":"::1"},"duration":null,"error":null}

[90mstdout[2m | tests/visual/visual.test.js[2m > [22m[2mVisual Tests[2m > [22m[2mDesktop (1280x800)[2m > [22m[2m15. Speaker group CSS exists[22m[39m
[INFO] {"timestamp":"2026-02-20T23:39:07.707Z","level":"info","category":"api","action":"request_complete","requestId":null,"ip":null,"details":{"method":"GET","path":"/js/app.js","statusCode":304,"duration":0,"requestId":"4aa341e7-a244-405d-aa40-c8de08ec995d","ip":"::1"},"duration":null,"error":null}

[90mstdout[2m | tests/visual/visual.test.js[2m > [22m[2mVisual Tests[2m > [22m[2mDesktop (1280x800)[2m > [22m[2m15. Speaker group CSS exists[22m[39m
[INFO] {"timestamp":"2026-02-20T23:39:07.709Z","level":"info","category":"api","action":"request_complete","requestId":null,"ip":null,"details":{"method":"GET","path":"/manifest.json","statusCode":304,"duration":1,"requestId":"b4eeb8e8-001e-422c-a03a-039eb8f6dfe3","ip":"::1"},"duration":null,"error":null}

[90mstdout[2m | tests/visual/visual.test.js[2m > [22m[2mVisual Tests[2m > [22m[2mDesktop (1280x800)[2m > [22m[2m15. Speaker group CSS exists[22m[39m
[INFO] {"timestamp":"2026-02-20T23:39:07.720Z","level":"info","category":"api","action":"request_complete","requestId":null,"ip":null,"details":{"method":"GET","path":"/me","statusCode":304,"duration":1,"requestId":"6c389b5b-62f3-4df7-b8a4-3221ee27c6b3","ip":"::1"},"duration":null,"error":null}

[90mstdout[2m | tests/visual/visual.test.js[2m > [22m[2mVisual Tests[2m > [22m[2mDesktop (1280x800)[2m > [22m[2m15. Speaker group CSS exists[22m[39m
[INFO] {"timestamp":"2026-02-20T23:39:07.748Z","level":"info","category":"api","action":"request_complete","requestId":null,"ip":null,"details":{"method":"GET","path":"/noteworthy","statusCode":304,"duration":1,"requestId":"5c4580f1-a975-4a55-b2bb-299e72d29910","ip":"::1"},"duration":null,"error":null}

[90mstdout[2m | tests/visual/visual.test.js[2m > [22m[2mVisual Tests[2m > [22m[2mDesktop (1280x800)[2m > [22m[2m15. Speaker group CSS exists[22m[39m
[INFO] {"timestamp":"2026-02-20T23:39:07.749Z","level":"info","category":"api","action":"request_complete","requestId":null,"ip":null,"details":{"method":"GET","path":"/top-authors","statusCode":304,"duration":1,"requestId":"eab69c82-9550-4b7e-902e-c090a70695ab","ip":"::1"},"duration":null,"error":null}

[90mstdout[2m | tests/visual/visual.test.js[2m > [22m[2mVisual Tests[2m > [22m[2mDesktop (1280x800)[2m > [22m[2m15. Speaker group CSS exists[22m[39m
[INFO] {"timestamp":"2026-02-20T23:39:07.763Z","level":"info","category":"api","action":"request_complete","requestId":null,"ip":null,"details":{"method":"GET","path":"/trending-authors","statusCode":304,"duration":1,"requestId":"1d6a9611-a485-4e2f-9c91-1c2ae3e3b6dd","ip":"::1"},"duration":null,"error":null}

[90mstdout[2m | tests/visual/visual.test.js[2m > [22m[2mVisual Tests[2m > [22m[2mDesktop (1280x800)[2m > [22m[2m15. Speaker group CSS exists[22m[39m
[INFO] {"timestamp":"2026-02-20T23:39:08.703Z","level":"info","category":"test","action":"test_complete","requestId":null,"ip":null,"details":{"test":"15. Speaker group CSS exists","file":"visual/visual.test.js","durationMs":1115,"slow":false},"duration":1115,"error":null}

[90mstdout[2m | tests/visual/visual.test.js[2m > [22m[2mVisual Tests[2m > [22m[2mDesktop (1280x800)[2m > [22m[2m16. Headshot is 30px on quote blocks[22m[39m
[INFO] {"timestamp":"2026-02-20T23:39:08.756Z","level":"info","category":"api","action":"request_complete","requestId":null,"ip":null,"details":{"method":"GET","path":"/","statusCode":304,"duration":0,"requestId":"d34da791-2684-4fb9-a4bc-64057708dca8","ip":"::1"},"duration":null,"error":null}

[90mstdout[2m | tests/visual/visual.test.js[2m > [22m[2mVisual Tests[2m > [22m[2mDesktop (1280x800)[2m > [22m[2m16. Headshot is 30px on quote blocks[22m[39m
[INFO] {"timestamp":"2026-02-20T23:39:08.781Z","level":"info","category":"api","action":"request_complete","requestId":null,"ip":null,"details":{"method":"GET","path":"/css/styles.css","statusCode":304,"duration":1,"requestId":"8a763da2-c287-47a1-847a-46fd7efc1b70","ip":"::1"},"duration":null,"error":null}

[90mstdout[2m | tests/visual/visual.test.js[2m > [22m[2mVisual Tests[2m > [22m[2mDesktop (1280x800)[2m > [22m[2m16. Headshot is 30px on quote blocks[22m[39m
[INFO] {"timestamp":"2026-02-20T23:39:08.783Z","level":"info","category":"api","action":"request_complete","requestId":null,"ip":null,"details":{"method":"GET","path":"/css/fact-check-widget.css","statusCode":304,"duration":1,"requestId":"4e1cfb6d-4675-4cf9-8120-1bb5999451db","ip":"::1"},"duration":null,"error":null}

[90mstdout[2m | tests/visual/visual.test.js[2m > [22m[2mVisual Tests[2m > [22m[2mDesktop (1280x800)[2m > [22m[2m16. Headshot is 30px on quote blocks[22m[39m
[INFO] {"timestamp":"2026-02-20T23:39:08.786Z","level":"info","category":"api","action":"request_complete","requestId":null,"ip":null,"details":{"method":"GET","path":"/socket.io/socket.io.js","statusCode":304,"duration":2,"requestId":"103b319b-926e-441f-a43a-7192e4bc4bf1","ip":"::1"},"duration":null,"error":null}

[90mstdout[2m | tests/visual/visual.test.js[2m > [22m[2mVisual Tests[2m > [22m[2mDesktop (1280x800)[2m > [22m[2m16. Headshot is 30px on quote blocks[22m[39m
[INFO] {"timestamp":"2026-02-20T23:39:08.787Z","level":"info","category":"api","action":"request_complete","requestId":null,"ip":null,"details":{"method":"GET","path":"/js/admin-actions.js","statusCode":304,"duration":0,"requestId":"6f6c44ac-b3e9-4c39-9a33-4f0ea9ca959a","ip":"::1"},"duration":null,"error":null}

[90mstdout[2m | tests/visual/visual.test.js[2m > [22m[2mVisual Tests[2m > [22m[2mDesktop (1280x800)[2m > [22m[2m16. Headshot is 30px on quote blocks[22m[39m
[INFO] {"timestamp":"2026-02-20T23:39:08.791Z","level":"info","category":"api","action":"request_complete","requestId":null,"ip":null,"details":{"method":"GET","path":"/js/api.js","statusCode":304,"duration":1,"requestId":"2727abf6-0f3e-4160-aabc-a968809b91ae","ip":"::1"},"duration":null,"error":null}

[90mstdout[2m | tests/visual/visual.test.js[2m > [22m[2mVisual Tests[2m > [22m[2mDesktop (1280x800)[2m > [22m[2m16. Headshot is 30px on quote blocks[22m[39m
[INFO] {"timestamp":"2026-02-20T23:39:08.793Z","level":"info","category":"api","action":"request_complete","requestId":null,"ip":null,"details":{"method":"GET","path":"/js/important.js","statusCode":304,"duration":1,"requestId":"add7b102-e7ae-4972-93a4-20d91f3e0def","ip":"::1"},"duration":null,"error":null}

[90mstdout[2m | tests/visual/visual.test.js[2m > [22m[2mVisual Tests[2m > [22m[2mDesktop (1280x800)[2m > [22m[2m16. Headshot is 30px on quote blocks[22m[39m
[INFO] {"timestamp":"2026-02-20T23:39:08.795Z","level":"info","category":"api","action":"request_complete","requestId":null,"ip":null,"details":{"method":"GET","path":"/js/charts.js","statusCode":304,"duration":1,"requestId":"305f5ce1-3f07-46c0-bb43-c568717bf44e","ip":"::1"},"duration":null,"error":null}

[90mstdout[2m | tests/visual/visual.test.js[2m > [22m[2mVisual Tests[2m > [22m[2mDesktop (1280x800)[2m > [22m[2m16. Headshot is 30px on quote blocks[22m[39m
[INFO] {"timestamp":"2026-02-20T23:39:08.799Z","level":"info","category":"api","action":"request_complete","requestId":null,"ip":null,"details":{"method":"GET","path":"/js/analytics.js","statusCode":304,"duration":2,"requestId":"47950840-87c1-4539-888b-105995ab0909","ip":"::1"},"duration":null,"error":null}

[90mstdout[2m | tests/visual/visual.test.js[2m > [22m[2mVisual Tests[2m > [22m[2mDesktop (1280x800)[2m > [22m[2m16. Headshot is 30px on quote blocks[22m[39m
[INFO] {"timestamp":"2026-02-20T23:39:08.805Z","level":"info","category":"api","action":"request_complete","requestId":null,"ip":null,"details":{"method":"GET","path":"/js/home.js","statusCode":304,"duration":2,"requestId":"668beb0a-8a78-4966-b0e2-1bf2c5df768f","ip":"::1"},"duration":null,"error":null}
[INFO] {"timestamp":"2026-02-20T23:39:08.805Z","level":"info","category":"api","action":"request_complete","requestId":null,"ip":null,"details":{"method":"GET","path":"/js/quote.js","statusCode":304,"duration":1,"requestId":"feeddb7f-774b-4464-9540-533a73ab9f1d","ip":"::1"},"duration":null,"error":null}

[90mstdout[2m | tests/visual/visual.test.js[2m > [22m[2mVisual Tests[2m > [22m[2mDesktop (1280x800)[2m > [22m[2m16. Headshot is 30px on quote blocks[22m[39m
[INFO] {"timestamp":"2026-02-20T23:39:08.807Z","level":"info","category":"api","action":"request_complete","requestId":null,"ip":null,"details":{"method":"GET","path":"/js/article.js","statusCode":304,"duration":1,"requestId":"65620d1f-3398-40dc-a453-094d44d15b79","ip":"::1"},"duration":null,"error":null}

[90mstdout[2m | tests/visual/visual.test.js[2m > [22m[2mVisual Tests[2m > [22m[2mDesktop (1280x800)[2m > [22m[2m16. Headshot is 30px on quote blocks[22m[39m
[INFO] {"timestamp":"2026-02-20T23:39:08.808Z","level":"info","category":"api","action":"request_complete","requestId":null,"ip":null,"details":{"method":"GET","path":"/js/author.js","statusCode":304,"duration":1,"requestId":"96f9b480-ec33-4f4e-9d60-ac395134bc46","ip":"::1"},"duration":null,"error":null}

[90mstdout[2m | tests/visual/visual.test.js[2m > [22m[2mVisual Tests[2m > [22m[2mDesktop (1280x800)[2m > [22m[2m16. Headshot is 30px on quote blocks[22m[39m
[INFO] {"timestamp":"2026-02-20T23:39:08.810Z","level":"info","category":"api","action":"request_complete","requestId":null,"ip":null,"details":{"method":"GET","path":"/js/topic.js","statusCode":304,"duration":1,"requestId":"b8b46e95-5b33-4feb-aedf-6d858e4e816a","ip":"::1"},"duration":null,"error":null}

[90mstdout[2m | tests/visual/visual.test.js[2m > [22m[2mVisual Tests[2m > [22m[2mDesktop (1280x800)[2m > [22m[2m16. Headshot is 30px on quote blocks[22m[39m
[INFO] {"timestamp":"2026-02-20T23:39:08.811Z","level":"info","category":"api","action":"request_complete","requestId":null,"ip":null,"details":{"method":"GET","path":"/js/category.js","statusCode":304,"duration":0,"requestId":"f8854e72-b521-4863-8d02-a6d7d3d6882f","ip":"::1"},"duration":null,"error":null}

[90mstdout[2m | tests/visual/visual.test.js[2m > [22m[2mVisual Tests[2m > [22m[2mDesktop (1280x800)[2m > [22m[2m16. Headshot is 30px on quote blocks[22m[39m
[INFO] {"timestamp":"2026-02-20T23:39:08.818Z","level":"info","category":"api","action":"request_complete","requestId":null,"ip":null,"details":{"method":"GET","path":"/js/logs.js","statusCode":304,"duration":4,"requestId":"0b8d1f64-4e8f-43fe-b32f-96bd350628d0","ip":"::1"},"duration":null,"error":null}

[90mstdout[2m | tests/visual/visual.test.js[2m > [22m[2mVisual Tests[2m > [22m[2mDesktop (1280x800)[2m > [22m[2m16. Headshot is 30px on quote blocks[22m[39m
[INFO] {"timestamp":"2026-02-20T23:39:08.819Z","level":"info","category":"api","action":"request_complete","requestId":null,"ip":null,"details":{"method":"GET","path":"/js/settings.js","statusCode":304,"duration":1,"requestId":"402d94a6-c48a-4daa-8b08-0c160970b454","ip":"::1"},"duration":null,"error":null}
[INFO] {"timestamp":"2026-02-20T23:39:08.819Z","level":"info","category":"api","action":"request_complete","requestId":null,"ip":null,"details":{"method":"GET","path":"/js/review.js","statusCode":304,"duration":1,"requestId":"350d8855-fec9-4a93-a2c5-c4978f30a067","ip":"::1"},"duration":null,"error":null}

[90mstdout[2m | tests/visual/visual.test.js[2m > [22m[2mVisual Tests[2m > [22m[2mDesktop (1280x800)[2m > [22m[2m16. Headshot is 30px on quote blocks[22m[39m
[INFO] {"timestamp":"2026-02-20T23:39:08.821Z","level":"info","category":"api","action":"request_complete","requestId":null,"ip":null,"details":{"method":"GET","path":"/js/login.js","statusCode":304,"duration":1,"requestId":"999db517-5f12-4404-b844-4cb3bf9640e9","ip":"::1"},"duration":null,"error":null}

[90mstdout[2m | tests/visual/visual.test.js[2m > [22m[2mVisual Tests[2m > [22m[2mDesktop (1280x800)[2m > [22m[2m16. Headshot is 30px on quote blocks[22m[39m
[INFO] {"timestamp":"2026-02-20T23:39:08.825Z","level":"info","category":"api","action":"request_complete","requestId":null,"ip":null,"details":{"method":"GET","path":"/js/resetPassword.js","statusCode":304,"duration":1,"requestId":"a56117e2-41be-4470-8644-a95205e903d0","ip":"::1"},"duration":null,"error":null}

[90mstdout[2m | tests/visual/visual.test.js[2m > [22m[2mVisual Tests[2m > [22m[2mDesktop (1280x800)[2m > [22m[2m16. Headshot is 30px on quote blocks[22m[39m
[INFO] {"timestamp":"2026-02-20T23:39:08.826Z","level":"info","category":"api","action":"request_complete","requestId":null,"ip":null,"details":{"method":"GET","path":"/js/bug-report.js","statusCode":304,"duration":0,"requestId":"dfec346f-be27-4db3-860d-3e4fba190ecf","ip":"::1"},"duration":null,"error":null}

[90mstdout[2m | tests/visual/visual.test.js[2m > [22m[2mVisual Tests[2m > [22m[2mDesktop (1280x800)[2m > [22m[2m16. Headshot is 30px on quote blocks[22m[39m
[INFO] {"timestamp":"2026-02-20T23:39:08.828Z","level":"info","category":"api","action":"request_complete","requestId":null,"ip":null,"details":{"method":"GET","path":"/js/donate.js","statusCode":304,"duration":0,"requestId":"1b508b11-fc70-4302-98dc-8495cf44c7fd","ip":"::1"},"duration":null,"error":null}

[90mstdout[2m | tests/visual/visual.test.js[2m > [22m[2mVisual Tests[2m > [22m[2mDesktop (1280x800)[2m > [22m[2m16. Headshot is 30px on quote blocks[22m[39m
[INFO] {"timestamp":"2026-02-20T23:39:08.831Z","level":"info","category":"api","action":"request_complete","requestId":null,"ip":null,"details":{"method":"GET","path":"/js/app.js","statusCode":304,"duration":0,"requestId":"9fc0dff2-a3e5-4dfd-b2f6-3eefebbb1b19","ip":"::1"},"duration":null,"error":null}

[90mstdout[2m | tests/visual/visual.test.js[2m > [22m[2mVisual Tests[2m > [22m[2mDesktop (1280x800)[2m > [22m[2m16. Headshot is 30px on quote blocks[22m[39m
[INFO] {"timestamp":"2026-02-20T23:39:08.832Z","level":"info","category":"api","action":"request_complete","requestId":null,"ip":null,"details":{"method":"GET","path":"/manifest.json","statusCode":304,"duration":0,"requestId":"970943ef-1330-49f3-9638-7cd5e0240517","ip":"::1"},"duration":null,"error":null}

[90mstdout[2m | tests/visual/visual.test.js[2m > [22m[2mVisual Tests[2m > [22m[2mDesktop (1280x800)[2m > [22m[2m16. Headshot is 30px on quote blocks[22m[39m
[INFO] {"timestamp":"2026-02-20T23:39:08.836Z","level":"info","category":"api","action":"request_complete","requestId":null,"ip":null,"details":{"method":"GET","path":"/me","statusCode":304,"duration":1,"requestId":"0fba0981-cb6f-4342-bce4-1dde6319caca","ip":"::1"},"duration":null,"error":null}

[90mstdout[2m | tests/visual/visual.test.js[2m > [22m[2mVisual Tests[2m > [22m[2mDesktop (1280x800)[2m > [22m[2m16. Headshot is 30px on quote blocks[22m[39m
[INFO] {"timestamp":"2026-02-20T23:39:08.868Z","level":"info","category":"api","action":"request_complete","requestId":null,"ip":null,"details":{"method":"GET","path":"/noteworthy","statusCode":304,"duration":1,"requestId":"f7aa559e-ca9b-46c6-8286-511efaf0a84b","ip":"::1"},"duration":null,"error":null}

[90mstdout[2m | tests/visual/visual.test.js[2m > [22m[2mVisual Tests[2m > [22m[2mDesktop (1280x800)[2m > [22m[2m16. Headshot is 30px on quote blocks[22m[39m
[INFO] {"timestamp":"2026-02-20T23:39:08.869Z","level":"info","category":"api","action":"request_complete","requestId":null,"ip":null,"details":{"method":"GET","path":"/top-authors","statusCode":304,"duration":1,"requestId":"04df6957-0918-44e5-8fbc-a93a368c6267","ip":"::1"},"duration":null,"error":null}

[90mstdout[2m | tests/visual/visual.test.js[2m > [22m[2mVisual Tests[2m > [22m[2mDesktop (1280x800)[2m > [22m[2m16. Headshot is 30px on quote blocks[22m[39m
[INFO] {"timestamp":"2026-02-20T23:39:08.880Z","level":"info","category":"api","action":"request_complete","requestId":null,"ip":null,"details":{"method":"GET","path":"/trending-authors","statusCode":304,"duration":1,"requestId":"ea0734e4-ec03-466d-a241-940ef43cfad0","ip":"::1"},"duration":null,"error":null}

[90mstdout[2m | tests/visual/visual.test.js[2m > [22m[2mVisual Tests[2m > [22m[2mDesktop (1280x800)[2m > [22m[2m16. Headshot is 30px on quote blocks[22m[39m
[INFO] {"timestamp":"2026-02-20T23:39:09.827Z","level":"info","category":"test","action":"test_complete","requestId":null,"ip":null,"details":{"test":"16. Headshot is 30px on quote blocks","file":"visual/visual.test.js","durationMs":1123,"slow":false},"duration":1123,"error":null}

[90mstdout[2m | tests/visual/visual.test.js[2m > [22m[2mVisual Tests[2m > [22m[2mMobile (375x812)[2m > [22m[2m17. No horizontal scrollbar[22m[39m
[INFO] {"timestamp":"2026-02-20T23:39:09.881Z","level":"info","category":"api","action":"request_complete","requestId":null,"ip":null,"details":{"method":"GET","path":"/","statusCode":304,"duration":1,"requestId":"2a910662-f234-492c-be55-796a19093a7e","ip":"::1"},"duration":null,"error":null}

[90mstdout[2m | tests/visual/visual.test.js[2m > [22m[2mVisual Tests[2m > [22m[2mMobile (375x812)[2m > [22m[2m17. No horizontal scrollbar[22m[39m
[INFO] {"timestamp":"2026-02-20T23:39:09.903Z","level":"info","category":"api","action":"request_complete","requestId":null,"ip":null,"details":{"method":"GET","path":"/css/styles.css","statusCode":304,"duration":0,"requestId":"4b8336d6-0c0b-41af-9fba-7131010cfde0","ip":"::1"},"duration":null,"error":null}

[90mstdout[2m | tests/visual/visual.test.js[2m > [22m[2mVisual Tests[2m > [22m[2mMobile (375x812)[2m > [22m[2m17. No horizontal scrollbar[22m[39m
[INFO] {"timestamp":"2026-02-20T23:39:09.906Z","level":"info","category":"api","action":"request_complete","requestId":null,"ip":null,"details":{"method":"GET","path":"/css/fact-check-widget.css","statusCode":304,"duration":0,"requestId":"3cf4bb52-f1fc-4966-86d4-e2f2d94a0274","ip":"::1"},"duration":null,"error":null}

[90mstdout[2m | tests/visual/visual.test.js[2m > [22m[2mVisual Tests[2m > [22m[2mMobile (375x812)[2m > [22m[2m17. No horizontal scrollbar[22m[39m
[INFO] {"timestamp":"2026-02-20T23:39:09.910Z","level":"info","category":"api","action":"request_complete","requestId":null,"ip":null,"details":{"method":"GET","path":"/socket.io/socket.io.js","statusCode":304,"duration":2,"requestId":"b8d1eb38-b227-451b-8d84-6ed0d7c086bd","ip":"::1"},"duration":null,"error":null}

[90mstdout[2m | tests/visual/visual.test.js[2m > [22m[2mVisual Tests[2m > [22m[2mMobile (375x812)[2m > [22m[2m17. No horizontal scrollbar[22m[39m
[INFO] {"timestamp":"2026-02-20T23:39:09.911Z","level":"info","category":"api","action":"request_complete","requestId":null,"ip":null,"details":{"method":"GET","path":"/js/api.js","statusCode":304,"duration":1,"requestId":"85f8f17a-3238-4a5a-a9ed-20dab7a9a864","ip":"::1"},"duration":null,"error":null}

[90mstdout[2m | tests/visual/visual.test.js[2m > [22m[2mVisual Tests[2m > [22m[2mMobile (375x812)[2m > [22m[2m17. No horizontal scrollbar[22m[39m
[INFO] {"timestamp":"2026-02-20T23:39:09.914Z","level":"info","category":"api","action":"request_complete","requestId":null,"ip":null,"details":{"method":"GET","path":"/js/admin-actions.js","statusCode":304,"duration":1,"requestId":"09aea945-9496-4aff-9504-d066674b8cb6","ip":"::1"},"duration":null,"error":null}

[90mstdout[2m | tests/visual/visual.test.js[2m > [22m[2mVisual Tests[2m > [22m[2mMobile (375x812)[2m > [22m[2m17. No horizontal scrollbar[22m[39m
[INFO] {"timestamp":"2026-02-20T23:39:09.916Z","level":"info","category":"api","action":"request_complete","requestId":null,"ip":null,"details":{"method":"GET","path":"/js/important.js","statusCode":304,"duration":1,"requestId":"da90dfa9-c7ac-40e9-bdd3-451ddcc1ff7a","ip":"::1"},"duration":null,"error":null}

[90mstdout[2m | tests/visual/visual.test.js[2m > [22m[2mVisual Tests[2m > [22m[2mMobile (375x812)[2m > [22m[2m17. No horizontal scrollbar[22m[39m
[INFO] {"timestamp":"2026-02-20T23:39:09.919Z","level":"info","category":"api","action":"request_complete","requestId":null,"ip":null,"details":{"method":"GET","path":"/js/charts.js","statusCode":304,"duration":1,"requestId":"1b989400-06a3-4232-8e7a-6a6e329fa9eb","ip":"::1"},"duration":null,"error":null}

[90mstdout[2m | tests/visual/visual.test.js[2m > [22m[2mVisual Tests[2m > [22m[2mMobile (375x812)[2m > [22m[2m17. No horizontal scrollbar[22m[39m
[INFO] {"timestamp":"2026-02-20T23:39:09.920Z","level":"info","category":"api","action":"request_complete","requestId":null,"ip":null,"details":{"method":"GET","path":"/js/analytics.js","statusCode":304,"duration":0,"requestId":"4eb0bc60-03b6-4d77-8d8e-6b585fbe8210","ip":"::1"},"duration":null,"error":null}

[90mstdout[2m | tests/visual/visual.test.js[2m > [22m[2mVisual Tests[2m > [22m[2mMobile (375x812)[2m > [22m[2m17. No horizontal scrollbar[22m[39m
[INFO] {"timestamp":"2026-02-20T23:39:09.922Z","level":"info","category":"api","action":"request_complete","requestId":null,"ip":null,"details":{"method":"GET","path":"/js/home.js","statusCode":304,"duration":0,"requestId":"8ccf7d04-3043-4132-bd2e-753c1dfe7290","ip":"::1"},"duration":null,"error":null}

[90mstdout[2m | tests/visual/visual.test.js[2m > [22m[2mVisual Tests[2m > [22m[2mMobile (375x812)[2m > [22m[2m17. No horizontal scrollbar[22m[39m
[INFO] {"timestamp":"2026-02-20T23:39:09.925Z","level":"info","category":"api","action":"request_complete","requestId":null,"ip":null,"details":{"method":"GET","path":"/js/article.js","statusCode":304,"duration":0,"requestId":"f6ebc8b1-19a2-4e0d-b408-819e231e4294","ip":"::1"},"duration":null,"error":null}

[90mstdout[2m | tests/visual/visual.test.js[2m > [22m[2mVisual Tests[2m > [22m[2mMobile (375x812)[2m > [22m[2m17. No horizontal scrollbar[22m[39m
[INFO] {"timestamp":"2026-02-20T23:39:09.927Z","level":"info","category":"api","action":"request_complete","requestId":null,"ip":null,"details":{"method":"GET","path":"/js/quote.js","statusCode":304,"duration":1,"requestId":"03feda18-6e5b-429a-bf8f-f1a8481499a2","ip":"::1"},"duration":null,"error":null}

[90mstdout[2m | tests/visual/visual.test.js[2m > [22m[2mVisual Tests[2m > [22m[2mMobile (375x812)[2m > [22m[2m17. No horizontal scrollbar[22m[39m
[INFO] {"timestamp":"2026-02-20T23:39:09.929Z","level":"info","category":"api","action":"request_complete","requestId":null,"ip":null,"details":{"method":"GET","path":"/js/author.js","statusCode":304,"duration":1,"requestId":"b0b9d349-dd62-4422-9be0-6fd6464ebe87","ip":"::1"},"duration":null,"error":null}

[90mstdout[2m | tests/visual/visual.test.js[2m > [22m[2mVisual Tests[2m > [22m[2mMobile (375x812)[2m > [22m[2m17. No horizontal scrollbar[22m[39m
[INFO] {"timestamp":"2026-02-20T23:39:09.931Z","level":"info","category":"api","action":"request_complete","requestId":null,"ip":null,"details":{"method":"GET","path":"/js/topic.js","statusCode":304,"duration":1,"requestId":"ff632c61-632a-4af8-bb1b-bd54383e66cd","ip":"::1"},"duration":null,"error":null}

[90mstdout[2m | tests/visual/visual.test.js[2m > [22m[2mVisual Tests[2m > [22m[2mMobile (375x812)[2m > [22m[2m17. No horizontal scrollbar[22m[39m
[INFO] {"timestamp":"2026-02-20T23:39:09.932Z","level":"info","category":"api","action":"request_complete","requestId":null,"ip":null,"details":{"method":"GET","path":"/js/settings.js","statusCode":304,"duration":0,"requestId":"5eaa91da-8da9-480a-99e8-dfc6059d7544","ip":"::1"},"duration":null,"error":null}

[90mstdout[2m | tests/visual/visual.test.js[2m > [22m[2mVisual Tests[2m > [22m[2mMobile (375x812)[2m > [22m[2m17. No horizontal scrollbar[22m[39m
[INFO] {"timestamp":"2026-02-20T23:39:09.934Z","level":"info","category":"api","action":"request_complete","requestId":null,"ip":null,"details":{"method":"GET","path":"/js/category.js","statusCode":304,"duration":1,"requestId":"72923c1a-5a8d-47f9-9cb0-cd5997320d4e","ip":"::1"},"duration":null,"error":null}

[90mstdout[2m | tests/visual/visual.test.js[2m > [22m[2mVisual Tests[2m > [22m[2mMobile (375x812)[2m > [22m[2m17. No horizontal scrollbar[22m[39m
[INFO] {"timestamp":"2026-02-20T23:39:09.935Z","level":"info","category":"api","action":"request_complete","requestId":null,"ip":null,"details":{"method":"GET","path":"/js/review.js","statusCode":304,"duration":0,"requestId":"3a89370f-2814-40d8-aa54-b6bd5d7b9893","ip":"::1"},"duration":null,"error":null}

[90mstdout[2m | tests/visual/visual.test.js[2m > [22m[2mVisual Tests[2m > [22m[2mMobile (375x812)[2m > [22m[2m17. No horizontal scrollbar[22m[39m
[INFO] {"timestamp":"2026-02-20T23:39:09.939Z","level":"info","category":"api","action":"request_complete","requestId":null,"ip":null,"details":{"method":"GET","path":"/js/logs.js","statusCode":304,"duration":0,"requestId":"b812b182-d6b4-49ef-bd6b-2b7f9f38d559","ip":"::1"},"duration":null,"error":null}

[90mstdout[2m | tests/visual/visual.test.js[2m > [22m[2mVisual Tests[2m > [22m[2mMobile (375x812)[2m > [22m[2m17. No horizontal scrollbar[22m[39m
[INFO] {"timestamp":"2026-02-20T23:39:09.941Z","level":"info","category":"api","action":"request_complete","requestId":null,"ip":null,"details":{"method":"GET","path":"/js/login.js","statusCode":304,"duration":0,"requestId":"e2e8f463-541b-42bf-90d5-afb353f656e1","ip":"::1"},"duration":null,"error":null}

[90mstdout[2m | tests/visual/visual.test.js[2m > [22m[2mVisual Tests[2m > [22m[2mMobile (375x812)[2m > [22m[2m17. No horizontal scrollbar[22m[39m
[INFO] {"timestamp":"2026-02-20T23:39:09.943Z","level":"info","category":"api","action":"request_complete","requestId":null,"ip":null,"details":{"method":"GET","path":"/js/resetPassword.js","statusCode":304,"duration":1,"requestId":"2f732864-2699-44e0-878a-9c6c8f18bda5","ip":"::1"},"duration":null,"error":null}

[90mstdout[2m | tests/visual/visual.test.js[2m > [22m[2mVisual Tests[2m > [22m[2mMobile (375x812)[2m > [22m[2m17. No horizontal scrollbar[22m[39m
[INFO] {"timestamp":"2026-02-20T23:39:09.945Z","level":"info","category":"api","action":"request_complete","requestId":null,"ip":null,"details":{"method":"GET","path":"/js/bug-report.js","statusCode":304,"duration":0,"requestId":"6d1d9fd0-7cc2-4b55-9aae-07c4f7312a5e","ip":"::1"},"duration":null,"error":null}

[90mstdout[2m | tests/visual/visual.test.js[2m > [22m[2mVisual Tests[2m > [22m[2mMobile (375x812)[2m > [22m[2m17. No horizontal scrollbar[22m[39m
[INFO] {"timestamp":"2026-02-20T23:39:09.947Z","level":"info","category":"api","action":"request_complete","requestId":null,"ip":null,"details":{"method":"GET","path":"/js/donate.js","statusCode":304,"duration":0,"requestId":"9abf0663-4154-48c9-9336-c93239466f1b","ip":"::1"},"duration":null,"error":null}

[90mstdout[2m | tests/visual/visual.test.js[2m > [22m[2mVisual Tests[2m > [22m[2mMobile (375x812)[2m > [22m[2m17. No horizontal scrollbar[22m[39m
[INFO] {"timestamp":"2026-02-20T23:39:09.948Z","level":"info","category":"api","action":"request_complete","requestId":null,"ip":null,"details":{"method":"GET","path":"/js/app.js","statusCode":304,"duration":0,"requestId":"9423148c-58e4-4496-8bb8-94b7b04e0211","ip":"::1"},"duration":null,"error":null}

[90mstdout[2m | tests/visual/visual.test.js[2m > [22m[2mVisual Tests[2m > [22m[2mMobile (375x812)[2m > [22m[2m17. No horizontal scrollbar[22m[39m
[INFO] {"timestamp":"2026-02-20T23:39:09.964Z","level":"info","category":"api","action":"request_complete","requestId":null,"ip":null,"details":{"method":"GET","path":"/me","statusCode":304,"duration":1,"requestId":"be1570d5-1ec9-47ef-aa49-c65e0bd6e531","ip":"::1"},"duration":null,"error":null}

[90mstdout[2m | tests/visual/visual.test.js[2m > [22m[2mVisual Tests[2m > [22m[2mMobile (375x812)[2m > [22m[2m17. No horizontal scrollbar[22m[39m
[INFO] {"timestamp":"2026-02-20T23:39:09.966Z","level":"info","category":"api","action":"request_complete","requestId":null,"ip":null,"details":{"method":"GET","path":"/manifest.json","statusCode":304,"duration":1,"requestId":"c1daacb7-3000-4664-b5aa-8f2765ed4274","ip":"::1"},"duration":null,"error":null}

[90mstdout[2m | tests/visual/visual.test.js[2m > [22m[2mVisual Tests[2m > [22m[2mMobile (375x812)[2m > [22m[2m17. No horizontal scrollbar[22m[39m
[INFO] {"timestamp":"2026-02-20T23:39:09.976Z","level":"info","category":"api","action":"request_complete","requestId":null,"ip":null,"details":{"method":"GET","path":"/noteworthy","statusCode":304,"duration":1,"requestId":"3328263a-c21e-49ac-8fa9-947704157f05","ip":"::1"},"duration":null,"error":null}

[90mstdout[2m | tests/visual/visual.test.js[2m > [22m[2mVisual Tests[2m > [22m[2mMobile (375x812)[2m > [22m[2m17. No horizontal scrollbar[22m[39m
[INFO] {"timestamp":"2026-02-20T23:39:09.977Z","level":"info","category":"api","action":"request_complete","requestId":null,"ip":null,"details":{"method":"GET","path":"/top-authors","statusCode":304,"duration":0,"requestId":"cbb32f6e-d13b-4fa7-977c-663cef4bb73a","ip":"::1"},"duration":null,"error":null}

[90mstdout[2m | tests/visual/visual.test.js[2m > [22m[2mVisual Tests[2m > [22m[2mMobile (375x812)[2m > [22m[2m17. No horizontal scrollbar[22m[39m
[INFO] {"timestamp":"2026-02-20T23:39:10.006Z","level":"info","category":"api","action":"request_complete","requestId":null,"ip":null,"details":{"method":"GET","path":"/trending-authors","statusCode":304,"duration":1,"requestId":"9cf56205-33d5-409c-a1e1-47ae8f497531","ip":"::1"},"duration":null,"error":null}

[90mstdout[2m | tests/visual/visual.test.js[2m > [22m[2mVisual Tests[2m > [22m[2mMobile (375x812)[2m > [22m[2m17. No horizontal scrollbar[22m[39m
[INFO] {"timestamp":"2026-02-20T23:39:10.930Z","level":"info","category":"test","action":"test_complete","requestId":null,"ip":null,"details":{"test":"17. No horizontal scrollbar","file":"visual/visual.test.js","durationMs":1103,"slow":false},"duration":1103,"error":null}

[90mstdout[2m | tests/visual/visual.test.js[2m > [22m[2mVisual Tests[2m > [22m[2mMobile (375x812)[2m > [22m[2m18. Footer-hover always visible on mobile (touch)[22m[39m
[INFO] {"timestamp":"2026-02-20T23:39:10.995Z","level":"info","category":"api","action":"request_complete","requestId":null,"ip":null,"details":{"method":"GET","path":"/","statusCode":304,"duration":1,"requestId":"3c44ae6f-ccb1-4e77-9083-4555fa607900","ip":"::1"},"duration":null,"error":null}

[90mstdout[2m | tests/visual/visual.test.js[2m > [22m[2mVisual Tests[2m > [22m[2mMobile (375x812)[2m > [22m[2m18. Footer-hover always visible on mobile (touch)[22m[39m
[INFO] {"timestamp":"2026-02-20T23:39:11.020Z","level":"info","category":"api","action":"request_complete","requestId":null,"ip":null,"details":{"method":"GET","path":"/css/styles.css","statusCode":304,"duration":1,"requestId":"bba6c7cb-3982-4446-a070-37e173a95b1b","ip":"::1"},"duration":null,"error":null}

[90mstdout[2m | tests/visual/visual.test.js[2m > [22m[2mVisual Tests[2m > [22m[2mMobile (375x812)[2m > [22m[2m18. Footer-hover always visible on mobile (touch)[22m[39m
[INFO] {"timestamp":"2026-02-20T23:39:11.021Z","level":"info","category":"api","action":"request_complete","requestId":null,"ip":null,"details":{"method":"GET","path":"/css/fact-check-widget.css","statusCode":304,"duration":0,"requestId":"5793eff1-7a89-41f9-8d2d-c75be8d00f5d","ip":"::1"},"duration":null,"error":null}

[90mstdout[2m | tests/visual/visual.test.js[2m > [22m[2mVisual Tests[2m > [22m[2mMobile (375x812)[2m > [22m[2m18. Footer-hover always visible on mobile (touch)[22m[39m
[INFO] {"timestamp":"2026-02-20T23:39:11.024Z","level":"info","category":"api","action":"request_complete","requestId":null,"ip":null,"details":{"method":"GET","path":"/socket.io/socket.io.js","statusCode":304,"duration":1,"requestId":"13d65a66-64dd-4eba-a3cf-2b4f3a214c31","ip":"::1"},"duration":null,"error":null}

[90mstdout[2m | tests/visual/visual.test.js[2m > [22m[2mVisual Tests[2m > [22m[2mMobile (375x812)[2m > [22m[2m18. Footer-hover always visible on mobile (touch)[22m[39m
[INFO] {"timestamp":"2026-02-20T23:39:11.026Z","level":"info","category":"api","action":"request_complete","requestId":null,"ip":null,"details":{"method":"GET","path":"/js/analytics.js","statusCode":304,"duration":0,"requestId":"27f98162-678c-4888-9016-7d10563f79f0","ip":"::1"},"duration":null,"error":null}

[90mstdout[2m | tests/visual/visual.test.js[2m > [22m[2mVisual Tests[2m > [22m[2mMobile (375x812)[2m > [22m[2m18. Footer-hover always visible on mobile (touch)[22m[39m
[INFO] {"timestamp":"2026-02-20T23:39:11.028Z","level":"info","category":"api","action":"request_complete","requestId":null,"ip":null,"details":{"method":"GET","path":"/js/api.js","statusCode":304,"duration":0,"requestId":"69eb63bc-e4bd-494a-9478-1305e6fbc1e0","ip":"::1"},"duration":null,"error":null}

[90mstdout[2m | tests/visual/visual.test.js[2m > [22m[2mVisual Tests[2m > [22m[2mMobile (375x812)[2m > [22m[2m18. Footer-hover always visible on mobile (touch)[22m[39m
[INFO] {"timestamp":"2026-02-20T23:39:11.030Z","level":"info","category":"api","action":"request_complete","requestId":null,"ip":null,"details":{"method":"GET","path":"/js/admin-actions.js","statusCode":304,"duration":0,"requestId":"29f166d7-436f-41b4-a7b2-1b28738a3cd7","ip":"::1"},"duration":null,"error":null}

[90mstdout[2m | tests/visual/visual.test.js[2m > [22m[2mVisual Tests[2m > [22m[2mMobile (375x812)[2m > [22m[2m18. Footer-hover always visible on mobile (touch)[22m[39m
[INFO] {"timestamp":"2026-02-20T23:39:11.032Z","level":"info","category":"api","action":"request_complete","requestId":null,"ip":null,"details":{"method":"GET","path":"/js/important.js","statusCode":304,"duration":1,"requestId":"761a757a-2bc5-4e29-976e-9ee0aabb676f","ip":"::1"},"duration":null,"error":null}

[90mstdout[2m | tests/visual/visual.test.js[2m > [22m[2mVisual Tests[2m > [22m[2mMobile (375x812)[2m > [22m[2m18. Footer-hover always visible on mobile (touch)[22m[39m
[INFO] {"timestamp":"2026-02-20T23:39:11.034Z","level":"info","category":"api","action":"request_complete","requestId":null,"ip":null,"details":{"method":"GET","path":"/js/charts.js","statusCode":304,"duration":0,"requestId":"f26278c2-26ae-4a92-9608-fed867d457b4","ip":"::1"},"duration":null,"error":null}

[90mstdout[2m | tests/visual/visual.test.js[2m > [22m[2mVisual Tests[2m > [22m[2mMobile (375x812)[2m > [22m[2m18. Footer-hover always visible on mobile (touch)[22m[39m
[INFO] {"timestamp":"2026-02-20T23:39:11.039Z","level":"info","category":"api","action":"request_complete","requestId":null,"ip":null,"details":{"method":"GET","path":"/js/quote.js","statusCode":304,"duration":2,"requestId":"5b9fa068-c198-43ba-aac1-0ce2caa6bb4e","ip":"::1"},"duration":null,"error":null}

[90mstdout[2m | tests/visual/visual.test.js[2m > [22m[2mVisual Tests[2m > [22m[2mMobile (375x812)[2m > [22m[2m18. Footer-hover always visible on mobile (touch)[22m[39m
[INFO] {"timestamp":"2026-02-20T23:39:11.040Z","level":"info","category":"api","action":"request_complete","requestId":null,"ip":null,"details":{"method":"GET","path":"/js/article.js","statusCode":304,"duration":1,"requestId":"010e57e5-f633-4eac-995c-7d2e64a265e5","ip":"::1"},"duration":null,"error":null}

[90mstdout[2m | tests/visual/visual.test.js[2m > [22m[2mVisual Tests[2m > [22m[2mMobile (375x812)[2m > [22m[2m18. Footer-hover always visible on mobile (touch)[22m[39m
[INFO] {"timestamp":"2026-02-20T23:39:11.041Z","level":"info","category":"api","action":"request_complete","requestId":null,"ip":null,"details":{"method":"GET","path":"/js/home.js","statusCode":304,"duration":1,"requestId":"057fd38c-b46b-472a-a512-a698e56ff089","ip":"::1"},"duration":null,"error":null}

[90mstdout[2m | tests/visual/visual.test.js[2m > [22m[2mVisual Tests[2m > [22m[2mMobile (375x812)[2m > [22m[2m18. Footer-hover always visible on mobile (touch)[22m[39m
[INFO] {"timestamp":"2026-02-20T23:39:11.044Z","level":"info","category":"api","action":"request_complete","requestId":null,"ip":null,"details":{"method":"GET","path":"/js/category.js","statusCode":304,"duration":1,"requestId":"361a7182-ead0-42f0-9225-fe9c6890c343","ip":"::1"},"duration":null,"error":null}

[90mstdout[2m | tests/visual/visual.test.js[2m > [22m[2mVisual Tests[2m > [22m[2mMobile (375x812)[2m > [22m[2m18. Footer-hover always visible on mobile (touch)[22m[39m
[INFO] {"timestamp":"2026-02-20T23:39:11.047Z","level":"info","category":"api","action":"request_complete","requestId":null,"ip":null,"details":{"method":"GET","path":"/js/author.js","statusCode":304,"duration":2,"requestId":"832234a4-50de-4551-a6ed-1ba8f3ef4683","ip":"::1"},"duration":null,"error":null}

[90mstdout[2m | tests/visual/visual.test.js[2m > [22m[2mVisual Tests[2m > [22m[2mMobile (375x812)[2m > [22m[2m18. Footer-hover always visible on mobile (touch)[22m[39m
[INFO] {"timestamp":"2026-02-20T23:39:11.049Z","level":"info","category":"api","action":"request_complete","requestId":null,"ip":null,"details":{"method":"GET","path":"/js/topic.js","statusCode":304,"duration":1,"requestId":"8e1d8212-82bd-4796-afda-ae022705d03c","ip":"::1"},"duration":null,"error":null}
[INFO] {"timestamp":"2026-02-20T23:39:11.050Z","level":"info","category":"api","action":"request_complete","requestId":null,"ip":null,"details":{"method":"GET","path":"/js/settings.js","statusCode":304,"duration":0,"requestId":"a564d3ec-17ea-4adc-ba93-75229b3474b1","ip":"::1"},"duration":null,"error":null}

[90mstdout[2m | tests/visual/visual.test.js[2m > [22m[2mVisual Tests[2m > [22m[2mMobile (375x812)[2m > [22m[2m18. Footer-hover always visible on mobile (touch)[22m[39m
[INFO] {"timestamp":"2026-02-20T23:39:11.052Z","level":"info","category":"api","action":"request_complete","requestId":null,"ip":null,"details":{"method":"GET","path":"/js/review.js","statusCode":304,"duration":0,"requestId":"309b2156-ff0e-4dfd-9c12-89ccc3723496","ip":"::1"},"duration":null,"error":null}

[90mstdout[2m | tests/visual/visual.test.js[2m > [22m[2mVisual Tests[2m > [22m[2mMobile (375x812)[2m > [22m[2m18. Footer-hover always visible on mobile (touch)[22m[39m
[INFO] {"timestamp":"2026-02-20T23:39:11.054Z","level":"info","category":"api","action":"request_complete","requestId":null,"ip":null,"details":{"method":"GET","path":"/js/logs.js","statusCode":304,"duration":0,"requestId":"e3b31b3b-b4c4-46f8-b36f-278354cbbc57","ip":"::1"},"duration":null,"error":null}

[90mstdout[2m | tests/visual/visual.test.js[2m > [22m[2mVisual Tests[2m > [22m[2mMobile (375x812)[2m > [22m[2m18. Footer-hover always visible on mobile (touch)[22m[39m
[INFO] {"timestamp":"2026-02-20T23:39:11.057Z","level":"info","category":"api","action":"request_complete","requestId":null,"ip":null,"details":{"method":"GET","path":"/js/login.js","statusCode":304,"duration":0,"requestId":"71a27cab-4079-4c62-9ad5-38d962721f2f","ip":"::1"},"duration":null,"error":null}

[90mstdout[2m | tests/visual/visual.test.js[2m > [22m[2mVisual Tests[2m > [22m[2mMobile (375x812)[2m > [22m[2m18. Footer-hover always visible on mobile (touch)[22m[39m
[INFO] {"timestamp":"2026-02-20T23:39:11.059Z","level":"info","category":"api","action":"request_complete","requestId":null,"ip":null,"details":{"method":"GET","path":"/js/donate.js","statusCode":304,"duration":1,"requestId":"6adc2c25-ea60-4a6c-851a-57f47b8fc2ea","ip":"::1"},"duration":null,"error":null}

[90mstdout[2m | tests/visual/visual.test.js[2m > [22m[2mVisual Tests[2m > [22m[2mMobile (375x812)[2m > [22m[2m18. Footer-hover always visible on mobile (touch)[22m[39m
[INFO] {"timestamp":"2026-02-20T23:39:11.061Z","level":"info","category":"api","action":"request_complete","requestId":null,"ip":null,"details":{"method":"GET","path":"/js/resetPassword.js","statusCode":304,"duration":1,"requestId":"056e69f6-0ed2-43a0-8bdf-e43441ab0e1f","ip":"::1"},"duration":null,"error":null}

[90mstdout[2m | tests/visual/visual.test.js[2m > [22m[2mVisual Tests[2m > [22m[2mMobile (375x812)[2m > [22m[2m18. Footer-hover always visible on mobile (touch)[22m[39m
[INFO] {"timestamp":"2026-02-20T23:39:11.062Z","level":"info","category":"api","action":"request_complete","requestId":null,"ip":null,"details":{"method":"GET","path":"/js/bug-report.js","statusCode":304,"duration":0,"requestId":"439431ef-cd01-4934-bcec-376a38a04100","ip":"::1"},"duration":null,"error":null}

[90mstdout[2m | tests/visual/visual.test.js[2m > [22m[2mVisual Tests[2m > [22m[2mMobile (375x812)[2m > [22m[2m18. Footer-hover always visible on mobile (touch)[22m[39m
[INFO] {"timestamp":"2026-02-20T23:39:11.066Z","level":"info","category":"api","action":"request_complete","requestId":null,"ip":null,"details":{"method":"GET","path":"/js/app.js","statusCode":304,"duration":1,"requestId":"05681338-e345-4571-a9cd-f564927de96b","ip":"::1"},"duration":null,"error":null}

[90mstdout[2m | tests/visual/visual.test.js[2m > [22m[2mVisual Tests[2m > [22m[2mMobile (375x812)[2m > [22m[2m18. Footer-hover always visible on mobile (touch)[22m[39m
[INFO] {"timestamp":"2026-02-20T23:39:11.067Z","level":"info","category":"api","action":"request_complete","requestId":null,"ip":null,"details":{"method":"GET","path":"/manifest.json","statusCode":304,"duration":1,"requestId":"ac4a803c-2d00-4f7f-89db-1c74faebbd11","ip":"::1"},"duration":null,"error":null}

[90mstdout[2m | tests/visual/visual.test.js[2m > [22m[2mVisual Tests[2m > [22m[2mMobile (375x812)[2m > [22m[2m18. Footer-hover always visible on mobile (touch)[22m[39m
[INFO] {"timestamp":"2026-02-20T23:39:11.076Z","level":"info","category":"api","action":"request_complete","requestId":null,"ip":null,"details":{"method":"GET","path":"/me","statusCode":304,"duration":5,"requestId":"2680a6bc-fc02-473a-8deb-2b413b417774","ip":"::1"},"duration":null,"error":null}

[90mstdout[2m | tests/visual/visual.test.js[2m > [22m[2mVisual Tests[2m > [22m[2mMobile (375x812)[2m > [22m[2m18. Footer-hover always visible on mobile (touch)[22m[39m
[INFO] {"timestamp":"2026-02-20T23:39:11.093Z","level":"info","category":"api","action":"request_complete","requestId":null,"ip":null,"details":{"method":"GET","path":"/noteworthy","statusCode":304,"duration":1,"requestId":"4b296547-93c9-443a-9d65-0df6c71d5280","ip":"::1"},"duration":null,"error":null}

[90mstdout[2m | tests/visual/visual.test.js[2m > [22m[2mVisual Tests[2m > [22m[2mMobile (375x812)[2m > [22m[2m18. Footer-hover always visible on mobile (touch)[22m[39m
[INFO] {"timestamp":"2026-02-20T23:39:11.096Z","level":"info","category":"api","action":"request_complete","requestId":null,"ip":null,"details":{"method":"GET","path":"/top-authors","statusCode":304,"duration":2,"requestId":"5c12f01f-aaf2-4bb5-bbe3-727604813b5a","ip":"::1"},"duration":null,"error":null}

[90mstdout[2m | tests/visual/visual.test.js[2m > [22m[2mVisual Tests[2m > [22m[2mMobile (375x812)[2m > [22m[2m18. Footer-hover always visible on mobile (touch)[22m[39m
[INFO] {"timestamp":"2026-02-20T23:39:11.105Z","level":"info","category":"api","action":"request_complete","requestId":null,"ip":null,"details":{"method":"GET","path":"/trending-authors","statusCode":304,"duration":1,"requestId":"363ea227-1c75-4393-8a2d-bece78ab44e3","ip":"::1"},"duration":null,"error":null}

[90mstdout[2m | tests/visual/visual.test.js[2m > [22m[2mVisual Tests[2m > [22m[2mMobile (375x812)[2m > [22m[2m18. Footer-hover always visible on mobile (touch)[22m[39m
[INFO] {"timestamp":"2026-02-20T23:39:12.045Z","level":"info","category":"test","action":"test_complete","requestId":null,"ip":null,"details":{"test":"18. Footer-hover always visible on mobile (touch)","file":"visual/visual.test.js","durationMs":1115,"slow":false},"duration":1115,"error":null}

[90mstdout[2m | tests/visual/visual.test.js[2m > [22m[2mVisual Tests[2m > [22m[2mMobile (375x812)[2m > [22m[2m19. Quote text wraps properly[22m[39m
[INFO] {"timestamp":"2026-02-20T23:39:12.100Z","level":"info","category":"api","action":"request_complete","requestId":null,"ip":null,"details":{"method":"GET","path":"/","statusCode":304,"duration":1,"requestId":"61538771-430f-4b7b-9e62-72fdba2f7f0f","ip":"::1"},"duration":null,"error":null}

[90mstdout[2m | tests/visual/visual.test.js[2m > [22m[2mVisual Tests[2m > [22m[2mMobile (375x812)[2m > [22m[2m19. Quote text wraps properly[22m[39m
[INFO] {"timestamp":"2026-02-20T23:39:12.123Z","level":"info","category":"api","action":"request_complete","requestId":null,"ip":null,"details":{"method":"GET","path":"/css/fact-check-widget.css","statusCode":304,"duration":1,"requestId":"2f260b1b-cd16-4126-b1ca-65554a37cefc","ip":"::1"},"duration":null,"error":null}

[90mstdout[2m | tests/visual/visual.test.js[2m > [22m[2mVisual Tests[2m > [22m[2mMobile (375x812)[2m > [22m[2m19. Quote text wraps properly[22m[39m
[INFO] {"timestamp":"2026-02-20T23:39:12.125Z","level":"info","category":"api","action":"request_complete","requestId":null,"ip":null,"details":{"method":"GET","path":"/css/styles.css","statusCode":304,"duration":0,"requestId":"310fec37-f0d4-48d2-b464-5aecb3cf3910","ip":"::1"},"duration":null,"error":null}

[90mstdout[2m | tests/visual/visual.test.js[2m > [22m[2mVisual Tests[2m > [22m[2mMobile (375x812)[2m > [22m[2m19. Quote text wraps properly[22m[39m
[INFO] {"timestamp":"2026-02-20T23:39:12.127Z","level":"info","category":"api","action":"request_complete","requestId":null,"ip":null,"details":{"method":"GET","path":"/socket.io/socket.io.js","statusCode":304,"duration":1,"requestId":"c3b90e01-486a-40d3-b135-f42f6fd2c4b4","ip":"::1"},"duration":null,"error":null}

[90mstdout[2m | tests/visual/visual.test.js[2m > [22m[2mVisual Tests[2m > [22m[2mMobile (375x812)[2m > [22m[2m19. Quote text wraps properly[22m[39m
[INFO] {"timestamp":"2026-02-20T23:39:12.129Z","level":"info","category":"api","action":"request_complete","requestId":null,"ip":null,"details":{"method":"GET","path":"/js/api.js","statusCode":304,"duration":0,"requestId":"6e21239b-9d8f-4360-8813-4ecc2af155ad","ip":"::1"},"duration":null,"error":null}

[90mstdout[2m | tests/visual/visual.test.js[2m > [22m[2mVisual Tests[2m > [22m[2mMobile (375x812)[2m > [22m[2m19. Quote text wraps properly[22m[39m
[INFO] {"timestamp":"2026-02-20T23:39:12.134Z","level":"info","category":"api","action":"request_complete","requestId":null,"ip":null,"details":{"method":"GET","path":"/js/important.js","statusCode":304,"duration":0,"requestId":"0f703972-0041-408d-ba2d-b8914789138a","ip":"::1"},"duration":null,"error":null}

[90mstdout[2m | tests/visual/visual.test.js[2m > [22m[2mVisual Tests[2m > [22m[2mMobile (375x812)[2m > [22m[2m19. Quote text wraps properly[22m[39m
[INFO] {"timestamp":"2026-02-20T23:39:12.136Z","level":"info","category":"api","action":"request_complete","requestId":null,"ip":null,"details":{"method":"GET","path":"/js/charts.js","statusCode":304,"duration":0,"requestId":"bb812b13-b9e0-4fbf-992f-f3d2c21de0f6","ip":"::1"},"duration":null,"error":null}

[90mstdout[2m | tests/visual/visual.test.js[2m > [22m[2mVisual Tests[2m > [22m[2mMobile (375x812)[2m > [22m[2m19. Quote text wraps properly[22m[39m
[INFO] {"timestamp":"2026-02-20T23:39:12.138Z","level":"info","category":"api","action":"request_complete","requestId":null,"ip":null,"details":{"method":"GET","path":"/js/admin-actions.js","statusCode":304,"duration":0,"requestId":"1237153d-7613-4e1c-a43e-63368e5f6541","ip":"::1"},"duration":null,"error":null}

[90mstdout[2m | tests/visual/visual.test.js[2m > [22m[2mVisual Tests[2m > [22m[2mMobile (375x812)[2m > [22m[2m19. Quote text wraps properly[22m[39m
[INFO] {"timestamp":"2026-02-20T23:39:12.141Z","level":"info","category":"api","action":"request_complete","requestId":null,"ip":null,"details":{"method":"GET","path":"/js/analytics.js","statusCode":304,"duration":0,"requestId":"fd06467d-f0f9-4a66-a135-3cdd7aaf6be9","ip":"::1"},"duration":null,"error":null}

[90mstdout[2m | tests/visual/visual.test.js[2m > [22m[2mVisual Tests[2m > [22m[2mMobile (375x812)[2m > [22m[2m19. Quote text wraps properly[22m[39m
[INFO] {"timestamp":"2026-02-20T23:39:12.143Z","level":"info","category":"api","action":"request_complete","requestId":null,"ip":null,"details":{"method":"GET","path":"/js/home.js","statusCode":304,"duration":0,"requestId":"57a88951-deae-41fd-9204-34d4aa6cf0f1","ip":"::1"},"duration":null,"error":null}

[90mstdout[2m | tests/visual/visual.test.js[2m > [22m[2mVisual Tests[2m > [22m[2mMobile (375x812)[2m > [22m[2m19. Quote text wraps properly[22m[39m
[INFO] {"timestamp":"2026-02-20T23:39:12.145Z","level":"info","category":"api","action":"request_complete","requestId":null,"ip":null,"details":{"method":"GET","path":"/js/quote.js","statusCode":304,"duration":0,"requestId":"6fc5ac7d-b821-4a11-911a-4e24c256ff97","ip":"::1"},"duration":null,"error":null}

[90mstdout[2m | tests/visual/visual.test.js[2m > [22m[2mVisual Tests[2m > [22m[2mMobile (375x812)[2m > [22m[2m19. Quote text wraps properly[22m[39m
[INFO] {"timestamp":"2026-02-20T23:39:12.148Z","level":"info","category":"api","action":"request_complete","requestId":null,"ip":null,"details":{"method":"GET","path":"/js/article.js","statusCode":304,"duration":0,"requestId":"3e7057c6-f5d0-4e86-bd02-ef16f2a569a2","ip":"::1"},"duration":null,"error":null}

[90mstdout[2m | tests/visual/visual.test.js[2m > [22m[2mVisual Tests[2m > [22m[2mMobile (375x812)[2m > [22m[2m19. Quote text wraps properly[22m[39m
[INFO] {"timestamp":"2026-02-20T23:39:12.150Z","level":"info","category":"api","action":"request_complete","requestId":null,"ip":null,"details":{"method":"GET","path":"/js/author.js","statusCode":304,"duration":0,"requestId":"50a4687b-28a2-4c4e-9451-a14edd87946b","ip":"::1"},"duration":null,"error":null}

[90mstdout[2m | tests/visual/visual.test.js[2m > [22m[2mVisual Tests[2m > [22m[2mMobile (375x812)[2m > [22m[2m19. Quote text wraps properly[22m[39m
[INFO] {"timestamp":"2026-02-20T23:39:12.152Z","level":"info","category":"api","action":"request_complete","requestId":null,"ip":null,"details":{"method":"GET","path":"/js/topic.js","statusCode":304,"duration":0,"requestId":"d4f9bb82-7d0e-45e6-a42b-b4d2394c1b45","ip":"::1"},"duration":null,"error":null}

[90mstdout[2m | tests/visual/visual.test.js[2m > [22m[2mVisual Tests[2m > [22m[2mMobile (375x812)[2m > [22m[2m19. Quote text wraps properly[22m[39m
[INFO] {"timestamp":"2026-02-20T23:39:12.154Z","level":"info","category":"api","action":"request_complete","requestId":null,"ip":null,"details":{"method":"GET","path":"/js/category.js","statusCode":304,"duration":0,"requestId":"896c7457-d51e-4fab-9e93-561979204867","ip":"::1"},"duration":null,"error":null}

[90mstdout[2m | tests/visual/visual.test.js[2m > [22m[2mVisual Tests[2m > [22m[2mMobile (375x812)[2m > [22m[2m19. Quote text wraps properly[22m[39m
[INFO] {"timestamp":"2026-02-20T23:39:12.157Z","level":"info","category":"api","action":"request_complete","requestId":null,"ip":null,"details":{"method":"GET","path":"/js/resetPassword.js","statusCode":304,"duration":1,"requestId":"604eb471-f6c2-4539-9402-5c5a3a233112","ip":"::1"},"duration":null,"error":null}

[90mstdout[2m | tests/visual/visual.test.js[2m > [22m[2mVisual Tests[2m > [22m[2mMobile (375x812)[2m > [22m[2m19. Quote text wraps properly[22m[39m
[INFO] {"timestamp":"2026-02-20T23:39:12.158Z","level":"info","category":"api","action":"request_complete","requestId":null,"ip":null,"details":{"method":"GET","path":"/js/settings.js","statusCode":304,"duration":0,"requestId":"50144131-f470-4def-a03e-921556c84295","ip":"::1"},"duration":null,"error":null}

[90mstdout[2m | tests/visual/visual.test.js[2m > [22m[2mVisual Tests[2m > [22m[2mMobile (375x812)[2m > [22m[2m19. Quote text wraps properly[22m[39m
[INFO] {"timestamp":"2026-02-20T23:39:12.162Z","level":"info","category":"api","action":"request_complete","requestId":null,"ip":null,"details":{"method":"GET","path":"/js/review.js","statusCode":304,"duration":1,"requestId":"8871a948-352a-423d-a757-485cc8178013","ip":"::1"},"duration":null,"error":null}

[90mstdout[2m | tests/visual/visual.test.js[2m > [22m[2mVisual Tests[2m > [22m[2mMobile (375x812)[2m > [22m[2m19. Quote text wraps properly[22m[39m
[INFO] {"timestamp":"2026-02-20T23:39:12.164Z","level":"info","category":"api","action":"request_complete","requestId":null,"ip":null,"details":{"method":"GET","path":"/js/logs.js","statusCode":304,"duration":1,"requestId":"5ea31877-17ef-4b13-8ff2-a8063bd79141","ip":"::1"},"duration":null,"error":null}

[90mstdout[2m | tests/visual/visual.test.js[2m > [22m[2mVisual Tests[2m > [22m[2mMobile (375x812)[2m > [22m[2m19. Quote text wraps properly[22m[39m
[INFO] {"timestamp":"2026-02-20T23:39:12.165Z","level":"info","category":"api","action":"request_complete","requestId":null,"ip":null,"details":{"method":"GET","path":"/js/login.js","statusCode":304,"duration":0,"requestId":"8000dfe4-bd70-435d-b1b7-20901ab7b12a","ip":"::1"},"duration":null,"error":null}

[90mstdout[2m | tests/visual/visual.test.js[2m > [22m[2mVisual Tests[2m > [22m[2mMobile (375x812)[2m > [22m[2m19. Quote text wraps properly[22m[39m
[INFO] {"timestamp":"2026-02-20T23:39:12.167Z","level":"info","category":"api","action":"request_complete","requestId":null,"ip":null,"details":{"method":"GET","path":"/js/bug-report.js","statusCode":304,"duration":0,"requestId":"6f3095f5-3cad-4db0-aa3f-791960256bc3","ip":"::1"},"duration":null,"error":null}

[90mstdout[2m | tests/visual/visual.test.js[2m > [22m[2mVisual Tests[2m > [22m[2mMobile (375x812)[2m > [22m[2m19. Quote text wraps properly[22m[39m
[INFO] {"timestamp":"2026-02-20T23:39:12.170Z","level":"info","category":"api","action":"request_complete","requestId":null,"ip":null,"details":{"method":"GET","path":"/js/app.js","statusCode":304,"duration":0,"requestId":"9329e785-ca71-4071-9ab5-c6a0f114fa53","ip":"::1"},"duration":null,"error":null}

[90mstdout[2m | tests/visual/visual.test.js[2m > [22m[2mVisual Tests[2m > [22m[2mMobile (375x812)[2m > [22m[2m19. Quote text wraps properly[22m[39m
[INFO] {"timestamp":"2026-02-20T23:39:12.172Z","level":"info","category":"api","action":"request_complete","requestId":null,"ip":null,"details":{"method":"GET","path":"/js/donate.js","statusCode":304,"duration":0,"requestId":"c8289eee-84de-458a-a512-e9c46a47ed56","ip":"::1"},"duration":null,"error":null}
[INFO] {"timestamp":"2026-02-20T23:39:12.173Z","level":"info","category":"api","action":"request_complete","requestId":null,"ip":null,"details":{"method":"GET","path":"/manifest.json","statusCode":304,"duration":0,"requestId":"0a94f19e-7c7f-4a0e-9069-9d16728ec869","ip":"::1"},"duration":null,"error":null}

[90mstdout[2m | tests/visual/visual.test.js[2m > [22m[2mVisual Tests[2m > [22m[2mMobile (375x812)[2m > [22m[2m19. Quote text wraps properly[22m[39m
[INFO] {"timestamp":"2026-02-20T23:39:12.176Z","level":"info","category":"api","action":"request_complete","requestId":null,"ip":null,"details":{"method":"GET","path":"/me","statusCode":304,"duration":1,"requestId":"7d6a6720-f27d-497d-b18f-08b4be83e13d","ip":"::1"},"duration":null,"error":null}

[90mstdout[2m | tests/visual/visual.test.js[2m > [22m[2mVisual Tests[2m > [22m[2mMobile (375x812)[2m > [22m[2m19. Quote text wraps properly[22m[39m
[INFO] {"timestamp":"2026-02-20T23:39:12.203Z","level":"info","category":"api","action":"request_complete","requestId":null,"ip":null,"details":{"method":"GET","path":"/noteworthy","statusCode":304,"duration":1,"requestId":"0d5b9b6c-4f56-490d-b727-0fa351543062","ip":"::1"},"duration":null,"error":null}

[90mstdout[2m | tests/visual/visual.test.js[2m > [22m[2mVisual Tests[2m > [22m[2mMobile (375x812)[2m > [22m[2m19. Quote text wraps properly[22m[39m
[INFO] {"timestamp":"2026-02-20T23:39:12.205Z","level":"info","category":"api","action":"request_complete","requestId":null,"ip":null,"details":{"method":"GET","path":"/top-authors","statusCode":304,"duration":1,"requestId":"19d8861f-93a8-4070-b831-9262aff7262b","ip":"::1"},"duration":null,"error":null}

[90mstdout[2m | tests/visual/visual.test.js[2m > [22m[2mVisual Tests[2m > [22m[2mMobile (375x812)[2m > [22m[2m19. Quote text wraps properly[22m[39m
[INFO] {"timestamp":"2026-02-20T23:39:12.215Z","level":"info","category":"api","action":"request_complete","requestId":null,"ip":null,"details":{"method":"GET","path":"/trending-authors","statusCode":304,"duration":1,"requestId":"abcd8b29-17bb-4c9a-875d-3f000aa4f686","ip":"::1"},"duration":null,"error":null}

[90mstdout[2m | tests/visual/visual.test.js[2m > [22m[2mVisual Tests[2m > [22m[2mMobile (375x812)[2m > [22m[2m19. Quote text wraps properly[22m[39m
[INFO] {"timestamp":"2026-02-20T23:39:13.162Z","level":"info","category":"test","action":"test_complete","requestId":null,"ip":null,"details":{"test":"19. Quote text wraps properly","file":"visual/visual.test.js","durationMs":1117,"slow":false},"duration":1117,"error":null}

[90mstdout[2m | tests/visual/visual.test.js[2m > [22m[2mVisual Tests[2m > [22m[2mMobile (375x812)[2m > [22m[2m20. Tab bar is visible on mobile[22m[39m
[INFO] {"timestamp":"2026-02-20T23:39:13.214Z","level":"info","category":"api","action":"request_complete","requestId":null,"ip":null,"details":{"method":"GET","path":"/","statusCode":304,"duration":0,"requestId":"b9ab0649-7525-496c-9c64-d94694359f79","ip":"::1"},"duration":null,"error":null}

[90mstdout[2m | tests/visual/visual.test.js[2m > [22m[2mVisual Tests[2m > [22m[2mMobile (375x812)[2m > [22m[2m20. Tab bar is visible on mobile[22m[39m
[INFO] {"timestamp":"2026-02-20T23:39:13.236Z","level":"info","category":"api","action":"request_complete","requestId":null,"ip":null,"details":{"method":"GET","path":"/css/styles.css","statusCode":304,"duration":0,"requestId":"1f72275e-d770-4fcf-b80c-3627277707a3","ip":"::1"},"duration":null,"error":null}

[90mstdout[2m | tests/visual/visual.test.js[2m > [22m[2mVisual Tests[2m > [22m[2mMobile (375x812)[2m > [22m[2m20. Tab bar is visible on mobile[22m[39m
[INFO] {"timestamp":"2026-02-20T23:39:13.239Z","level":"info","category":"api","action":"request_complete","requestId":null,"ip":null,"details":{"method":"GET","path":"/js/admin-actions.js","statusCode":304,"duration":1,"requestId":"ee750a29-4be3-4d1d-90b1-c1eb01bfb3c0","ip":"::1"},"duration":null,"error":null}

[90mstdout[2m | tests/visual/visual.test.js[2m > [22m[2mVisual Tests[2m > [22m[2mMobile (375x812)[2m > [22m[2m20. Tab bar is visible on mobile[22m[39m
[INFO] {"timestamp":"2026-02-20T23:39:13.243Z","level":"info","category":"api","action":"request_complete","requestId":null,"ip":null,"details":{"method":"GET","path":"/css/fact-check-widget.css","statusCode":304,"duration":1,"requestId":"1e6e2ac0-2624-4ef6-b641-bc9e8ffca572","ip":"::1"},"duration":null,"error":null}

[90mstdout[2m | tests/visual/visual.test.js[2m > [22m[2mVisual Tests[2m > [22m[2mMobile (375x812)[2m > [22m[2m20. Tab bar is visible on mobile[22m[39m
[INFO] {"timestamp":"2026-02-20T23:39:13.244Z","level":"info","category":"api","action":"request_complete","requestId":null,"ip":null,"details":{"method":"GET","path":"/socket.io/socket.io.js","statusCode":304,"duration":1,"requestId":"a84de8d2-a4a5-4605-ad5b-3c0f50a065ab","ip":"::1"},"duration":null,"error":null}
[INFO] {"timestamp":"2026-02-20T23:39:13.245Z","level":"info","category":"api","action":"request_complete","requestId":null,"ip":null,"details":{"method":"GET","path":"/js/api.js","statusCode":304,"duration":0,"requestId":"c340bef2-d049-4d5b-bdb9-e61cd6d8af32","ip":"::1"},"duration":null,"error":null}

[90mstdout[2m | tests/visual/visual.test.js[2m > [22m[2mVisual Tests[2m > [22m[2mMobile (375x812)[2m > [22m[2m20. Tab bar is visible on mobile[22m[39m
[INFO] {"timestamp":"2026-02-20T23:39:13.247Z","level":"info","category":"api","action":"request_complete","requestId":null,"ip":null,"details":{"method":"GET","path":"/js/important.js","statusCode":304,"duration":0,"requestId":"a669e0cb-9e4c-4e23-9460-f5c8e13a479f","ip":"::1"},"duration":null,"error":null}

[90mstdout[2m | tests/visual/visual.test.js[2m > [22m[2mVisual Tests[2m > [22m[2mMobile (375x812)[2m > [22m[2m20. Tab bar is visible on mobile[22m[39m
[INFO] {"timestamp":"2026-02-20T23:39:13.251Z","level":"info","category":"api","action":"request_complete","requestId":null,"ip":null,"details":{"method":"GET","path":"/js/charts.js","statusCode":304,"duration":0,"requestId":"c67c3996-d546-47a6-b304-1c2daa843485","ip":"::1"},"duration":null,"error":null}

[90mstdout[2m | tests/visual/visual.test.js[2m > [22m[2mVisual Tests[2m > [22m[2mMobile (375x812)[2m > [22m[2m20. Tab bar is visible on mobile[22m[39m
[INFO] {"timestamp":"2026-02-20T23:39:13.253Z","level":"info","category":"api","action":"request_complete","requestId":null,"ip":null,"details":{"method":"GET","path":"/js/analytics.js","statusCode":304,"duration":0,"requestId":"5ff27722-2252-408f-b295-ae0447dbe1bc","ip":"::1"},"duration":null,"error":null}

[90mstdout[2m | tests/visual/visual.test.js[2m > [22m[2mVisual Tests[2m > [22m[2mMobile (375x812)[2m > [22m[2m20. Tab bar is visible on mobile[22m[39m
[INFO] {"timestamp":"2026-02-20T23:39:13.255Z","level":"info","category":"api","action":"request_complete","requestId":null,"ip":null,"details":{"method":"GET","path":"/js/home.js","statusCode":304,"duration":1,"requestId":"b98d8114-0d5e-4f7f-bffd-0d86e1b25e41","ip":"::1"},"duration":null,"error":null}

[90mstdout[2m | tests/visual/visual.test.js[2m > [22m[2mVisual Tests[2m > [22m[2mMobile (375x812)[2m > [22m[2m20. Tab bar is visible on mobile[22m[39m
[INFO] {"timestamp":"2026-02-20T23:39:13.257Z","level":"info","category":"api","action":"request_complete","requestId":null,"ip":null,"details":{"method":"GET","path":"/js/quote.js","statusCode":304,"duration":1,"requestId":"fa2b3e37-8c59-4121-a038-24471869d0f5","ip":"::1"},"duration":null,"error":null}

[90mstdout[2m | tests/visual/visual.test.js[2m > [22m[2mVisual Tests[2m > [22m[2mMobile (375x812)[2m > [22m[2m20. Tab bar is visible on mobile[22m[39m
[INFO] {"timestamp":"2026-02-20T23:39:13.260Z","level":"info","category":"api","action":"request_complete","requestId":null,"ip":null,"details":{"method":"GET","path":"/js/article.js","statusCode":304,"duration":0,"requestId":"c02ca1c3-6e8d-47a2-8261-1918dad133b1","ip":"::1"},"duration":null,"error":null}

[90mstdout[2m | tests/visual/visual.test.js[2m > [22m[2mVisual Tests[2m > [22m[2mMobile (375x812)[2m > [22m[2m20. Tab bar is visible on mobile[22m[39m
[INFO] {"timestamp":"2026-02-20T23:39:13.262Z","level":"info","category":"api","action":"request_complete","requestId":null,"ip":null,"details":{"method":"GET","path":"/js/author.js","statusCode":304,"duration":0,"requestId":"6e2897d8-7b5c-45c3-8188-ebc9c0951e1f","ip":"::1"},"duration":null,"error":null}

[90mstdout[2m | tests/visual/visual.test.js[2m > [22m[2mVisual Tests[2m > [22m[2mMobile (375x812)[2m > [22m[2m20. Tab bar is visible on mobile[22m[39m
[INFO] {"timestamp":"2026-02-20T23:39:13.264Z","level":"info","category":"api","action":"request_complete","requestId":null,"ip":null,"details":{"method":"GET","path":"/js/topic.js","statusCode":304,"duration":0,"requestId":"4a0cfd4e-2586-4a31-b3ec-f55b0ba662e4","ip":"::1"},"duration":null,"error":null}

[90mstdout[2m | tests/visual/visual.test.js[2m > [22m[2mVisual Tests[2m > [22m[2mMobile (375x812)[2m > [22m[2m20. Tab bar is visible on mobile[22m[39m
[INFO] {"timestamp":"2026-02-20T23:39:13.266Z","level":"info","category":"api","action":"request_complete","requestId":null,"ip":null,"details":{"method":"GET","path":"/js/category.js","statusCode":304,"duration":0,"requestId":"caafaf0e-7439-4c04-926e-5d9322558412","ip":"::1"},"duration":null,"error":null}

[90mstdout[2m | tests/visual/visual.test.js[2m > [22m[2mVisual Tests[2m > [22m[2mMobile (375x812)[2m > [22m[2m20. Tab bar is visible on mobile[22m[39m
[INFO] {"timestamp":"2026-02-20T23:39:13.269Z","level":"info","category":"api","action":"request_complete","requestId":null,"ip":null,"details":{"method":"GET","path":"/js/settings.js","statusCode":304,"duration":0,"requestId":"ec8d5b6c-49b5-4954-a656-275f6b714001","ip":"::1"},"duration":null,"error":null}

[90mstdout[2m | tests/visual/visual.test.js[2m > [22m[2mVisual Tests[2m > [22m[2mMobile (375x812)[2m > [22m[2m20. Tab bar is visible on mobile[22m[39m
[INFO] {"timestamp":"2026-02-20T23:39:13.271Z","level":"info","category":"api","action":"request_complete","requestId":null,"ip":null,"details":{"method":"GET","path":"/js/logs.js","statusCode":304,"duration":0,"requestId":"17fb98e2-9032-44e2-9c1f-0cb98fd33ab8","ip":"::1"},"duration":null,"error":null}

[90mstdout[2m | tests/visual/visual.test.js[2m > [22m[2mVisual Tests[2m > [22m[2mMobile (375x812)[2m > [22m[2m20. Tab bar is visible on mobile[22m[39m
[INFO] {"timestamp":"2026-02-20T23:39:13.274Z","level":"info","category":"api","action":"request_complete","requestId":null,"ip":null,"details":{"method":"GET","path":"/js/review.js","statusCode":304,"duration":1,"requestId":"313d491a-44b8-4e63-b58b-ba0c23ed286e","ip":"::1"},"duration":null,"error":null}

[90mstdout[2m | tests/visual/visual.test.js[2m > [22m[2mVisual Tests[2m > [22m[2mMobile (375x812)[2m > [22m[2m20. Tab bar is visible on mobile[22m[39m
[INFO] {"timestamp":"2026-02-20T23:39:13.276Z","level":"info","category":"api","action":"request_complete","requestId":null,"ip":null,"details":{"method":"GET","path":"/js/login.js","statusCode":304,"duration":0,"requestId":"449266c4-6492-4cde-bf57-365b5065362c","ip":"::1"},"duration":null,"error":null}

[90mstdout[2m | tests/visual/visual.test.js[2m > [22m[2mVisual Tests[2m > [22m[2mMobile (375x812)[2m > [22m[2m20. Tab bar is visible on mobile[22m[39m
[INFO] {"timestamp":"2026-02-20T23:39:13.278Z","level":"info","category":"api","action":"request_complete","requestId":null,"ip":null,"details":{"method":"GET","path":"/js/resetPassword.js","statusCode":304,"duration":0,"requestId":"417d3a84-3e73-4a73-9976-b5c60ec9f20b","ip":"::1"},"duration":null,"error":null}

[90mstdout[2m | tests/visual/visual.test.js[2m > [22m[2mVisual Tests[2m > [22m[2mMobile (375x812)[2m > [22m[2m20. Tab bar is visible on mobile[22m[39m
[INFO] {"timestamp":"2026-02-20T23:39:13.280Z","level":"info","category":"api","action":"request_complete","requestId":null,"ip":null,"details":{"method":"GET","path":"/js/bug-report.js","statusCode":304,"duration":0,"requestId":"1262c05c-0a59-4d97-b9e8-0f31899d9a26","ip":"::1"},"duration":null,"error":null}

[90mstdout[2m | tests/visual/visual.test.js[2m > [22m[2mVisual Tests[2m > [22m[2mMobile (375x812)[2m > [22m[2m20. Tab bar is visible on mobile[22m[39m
[INFO] {"timestamp":"2026-02-20T23:39:13.283Z","level":"info","category":"api","action":"request_complete","requestId":null,"ip":null,"details":{"method":"GET","path":"/js/donate.js","statusCode":304,"duration":0,"requestId":"2b32e7c5-2a2f-473f-8c7e-1ef54198741a","ip":"::1"},"duration":null,"error":null}

[90mstdout[2m | tests/visual/visual.test.js[2m > [22m[2mVisual Tests[2m > [22m[2mMobile (375x812)[2m > [22m[2m20. Tab bar is visible on mobile[22m[39m
[INFO] {"timestamp":"2026-02-20T23:39:13.286Z","level":"info","category":"api","action":"request_complete","requestId":null,"ip":null,"details":{"method":"GET","path":"/js/app.js","statusCode":304,"duration":1,"requestId":"6377e7d1-fd3d-4ceb-adc1-715f014c8565","ip":"::1"},"duration":null,"error":null}

[90mstdout[2m | tests/visual/visual.test.js[2m > [22m[2mVisual Tests[2m > [22m[2mMobile (375x812)[2m > [22m[2m20. Tab bar is visible on mobile[22m[39m
[INFO] {"timestamp":"2026-02-20T23:39:13.291Z","level":"info","category":"api","action":"request_complete","requestId":null,"ip":null,"details":{"method":"GET","path":"/me","statusCode":304,"duration":1,"requestId":"f5d581b2-fbb9-4304-a3cd-48f73ca1b5c6","ip":"::1"},"duration":null,"error":null}

[90mstdout[2m | tests/visual/visual.test.js[2m > [22m[2mVisual Tests[2m > [22m[2mMobile (375x812)[2m > [22m[2m20. Tab bar is visible on mobile[22m[39m
[INFO] {"timestamp":"2026-02-20T23:39:13.300Z","level":"info","category":"api","action":"request_complete","requestId":null,"ip":null,"details":{"method":"GET","path":"/noteworthy","statusCode":304,"duration":1,"requestId":"10db3968-baa9-4570-b148-28149159bfa9","ip":"::1"},"duration":null,"error":null}
[INFO] {"timestamp":"2026-02-20T23:39:13.301Z","level":"info","category":"api","action":"request_complete","requestId":null,"ip":null,"details":{"method":"GET","path":"/manifest.json","statusCode":304,"duration":1,"requestId":"0f5dabb1-9eda-4244-81bb-9fb5505d1cfd","ip":"::1"},"duration":null,"error":null}

[90mstdout[2m | tests/visual/visual.test.js[2m > [22m[2mVisual Tests[2m > [22m[2mMobile (375x812)[2m > [22m[2m20. Tab bar is visible on mobile[22m[39m
[INFO] {"timestamp":"2026-02-20T23:39:13.302Z","level":"info","category":"api","action":"request_complete","requestId":null,"ip":null,"details":{"method":"GET","path":"/top-authors","statusCode":304,"duration":0,"requestId":"3f93e066-c726-4a2b-9577-809004123ccc","ip":"::1"},"duration":null,"error":null}

[90mstdout[2m | tests/visual/visual.test.js[2m > [22m[2mVisual Tests[2m > [22m[2mMobile (375x812)[2m > [22m[2m20. Tab bar is visible on mobile[22m[39m
[INFO] {"timestamp":"2026-02-20T23:39:13.334Z","level":"info","category":"api","action":"request_complete","requestId":null,"ip":null,"details":{"method":"GET","path":"/trending-authors","statusCode":304,"duration":1,"requestId":"603312c5-5ae7-44f6-ad91-e2f0b6fbab48","ip":"::1"},"duration":null,"error":null}

[90mstdout[2m | tests/visual/visual.test.js[2m > [22m[2mVisual Tests[2m > [22m[2mMobile (375x812)[2m > [22m[2m20. Tab bar is visible on mobile[22m[39m
[INFO] {"timestamp":"2026-02-20T23:39:14.280Z","level":"info","category":"test","action":"test_complete","requestId":null,"ip":null,"details":{"test":"20. Tab bar is visible on mobile","file":"visual/visual.test.js","durationMs":1118,"slow":false},"duration":1118,"error":null}

[90mstdout[2m | tests/visual/visual.test.js[2m > [22m[2mVisual Tests[2m > [22m[2mMobile (375x812)[2m > [22m[2m21. Sort controls accessible on mobile[22m[39m
[INFO] {"timestamp":"2026-02-20T23:39:14.336Z","level":"info","category":"api","action":"request_complete","requestId":null,"ip":null,"details":{"method":"GET","path":"/","statusCode":304,"duration":0,"requestId":"c6ecb77b-c970-44c2-9ea0-0fcde8cad545","ip":"::1"},"duration":null,"error":null}

[90mstdout[2m | tests/visual/visual.test.js[2m > [22m[2mVisual Tests[2m > [22m[2mMobile (375x812)[2m > [22m[2m21. Sort controls accessible on mobile[22m[39m
[INFO] {"timestamp":"2026-02-20T23:39:14.358Z","level":"info","category":"api","action":"request_complete","requestId":null,"ip":null,"details":{"method":"GET","path":"/css/styles.css","statusCode":304,"duration":1,"requestId":"6c28951c-81b1-4949-9b08-fead8487ce28","ip":"::1"},"duration":null,"error":null}

[90mstdout[2m | tests/visual/visual.test.js[2m > [22m[2mVisual Tests[2m > [22m[2mMobile (375x812)[2m > [22m[2m21. Sort controls accessible on mobile[22m[39m
[INFO] {"timestamp":"2026-02-20T23:39:14.361Z","level":"info","category":"api","action":"request_complete","requestId":null,"ip":null,"details":{"method":"GET","path":"/css/fact-check-widget.css","statusCode":304,"duration":1,"requestId":"2cf00bc7-c09c-4364-a241-bcce9d27710d","ip":"::1"},"duration":null,"error":null}

[90mstdout[2m | tests/visual/visual.test.js[2m > [22m[2mVisual Tests[2m > [22m[2mMobile (375x812)[2m > [22m[2m21. Sort controls accessible on mobile[22m[39m
[INFO] {"timestamp":"2026-02-20T23:39:14.363Z","level":"info","category":"api","action":"request_complete","requestId":null,"ip":null,"details":{"method":"GET","path":"/socket.io/socket.io.js","statusCode":304,"duration":0,"requestId":"88869352-6b99-4d01-8afa-72f6fd16e749","ip":"::1"},"duration":null,"error":null}

[90mstdout[2m | tests/visual/visual.test.js[2m > [22m[2mVisual Tests[2m > [22m[2mMobile (375x812)[2m > [22m[2m21. Sort controls accessible on mobile[22m[39m
[INFO] {"timestamp":"2026-02-20T23:39:14.366Z","level":"info","category":"api","action":"request_complete","requestId":null,"ip":null,"details":{"method":"GET","path":"/js/api.js","statusCode":304,"duration":1,"requestId":"5c562d28-1e35-44dd-9fca-63f02a31c7c3","ip":"::1"},"duration":null,"error":null}

[90mstdout[2m | tests/visual/visual.test.js[2m > [22m[2mVisual Tests[2m > [22m[2mMobile (375x812)[2m > [22m[2m21. Sort controls accessible on mobile[22m[39m
[INFO] {"timestamp":"2026-02-20T23:39:14.368Z","level":"info","category":"api","action":"request_complete","requestId":null,"ip":null,"details":{"method":"GET","path":"/js/admin-actions.js","statusCode":304,"duration":1,"requestId":"a2d5358c-6d35-4815-a664-c6080ad9b247","ip":"::1"},"duration":null,"error":null}

[90mstdout[2m | tests/visual/visual.test.js[2m > [22m[2mVisual Tests[2m > [22m[2mMobile (375x812)[2m > [22m[2m21. Sort controls accessible on mobile[22m[39m
[INFO] {"timestamp":"2026-02-20T23:39:14.371Z","level":"info","category":"api","action":"request_complete","requestId":null,"ip":null,"details":{"method":"GET","path":"/js/important.js","statusCode":304,"duration":1,"requestId":"fffa77a2-c81e-473b-ad1a-3d0a49b4ea06","ip":"::1"},"duration":null,"error":null}

[90mstdout[2m | tests/visual/visual.test.js[2m > [22m[2mVisual Tests[2m > [22m[2mMobile (375x812)[2m > [22m[2m21. Sort controls accessible on mobile[22m[39m
[INFO] {"timestamp":"2026-02-20T23:39:14.375Z","level":"info","category":"api","action":"request_complete","requestId":null,"ip":null,"details":{"method":"GET","path":"/js/charts.js","statusCode":304,"duration":1,"requestId":"06d841b6-f7e6-4266-962b-9bda03b7c2ae","ip":"::1"},"duration":null,"error":null}

[90mstdout[2m | tests/visual/visual.test.js[2m > [22m[2mVisual Tests[2m > [22m[2mMobile (375x812)[2m > [22m[2m21. Sort controls accessible on mobile[22m[39m
[INFO] {"timestamp":"2026-02-20T23:39:14.377Z","level":"info","category":"api","action":"request_complete","requestId":null,"ip":null,"details":{"method":"GET","path":"/js/analytics.js","statusCode":304,"duration":0,"requestId":"eb449ac5-618a-4a74-a021-e5c0edb1d2e4","ip":"::1"},"duration":null,"error":null}

[90mstdout[2m | tests/visual/visual.test.js[2m > [22m[2mVisual Tests[2m > [22m[2mMobile (375x812)[2m > [22m[2m21. Sort controls accessible on mobile[22m[39m
[INFO] {"timestamp":"2026-02-20T23:39:14.379Z","level":"info","category":"api","action":"request_complete","requestId":null,"ip":null,"details":{"method":"GET","path":"/js/home.js","statusCode":304,"duration":0,"requestId":"0eec59af-30f7-4956-bdf9-fed4494349e8","ip":"::1"},"duration":null,"error":null}

[90mstdout[2m | tests/visual/visual.test.js[2m > [22m[2mVisual Tests[2m > [22m[2mMobile (375x812)[2m > [22m[2m21. Sort controls accessible on mobile[22m[39m
[INFO] {"timestamp":"2026-02-20T23:39:14.382Z","level":"info","category":"api","action":"request_complete","requestId":null,"ip":null,"details":{"method":"GET","path":"/js/quote.js","statusCode":304,"duration":0,"requestId":"25431dcf-89fc-4d0a-a8c2-0ef6ae5d672c","ip":"::1"},"duration":null,"error":null}

[90mstdout[2m | tests/visual/visual.test.js[2m > [22m[2mVisual Tests[2m > [22m[2mMobile (375x812)[2m > [22m[2m21. Sort controls accessible on mobile[22m[39m
[INFO] {"timestamp":"2026-02-20T23:39:14.385Z","level":"info","category":"api","action":"request_complete","requestId":null,"ip":null,"details":{"method":"GET","path":"/js/article.js","statusCode":304,"duration":1,"requestId":"e9f23221-d429-4181-9b81-6b483bb1ebd9","ip":"::1"},"duration":null,"error":null}

[90mstdout[2m | tests/visual/visual.test.js[2m > [22m[2mVisual Tests[2m > [22m[2mMobile (375x812)[2m > [22m[2m21. Sort controls accessible on mobile[22m[39m
[INFO] {"timestamp":"2026-02-20T23:39:14.387Z","level":"info","category":"api","action":"request_complete","requestId":null,"ip":null,"details":{"method":"GET","path":"/js/author.js","statusCode":304,"duration":1,"requestId":"11c06d4d-d9ab-420b-9d10-0756f0dee525","ip":"::1"},"duration":null,"error":null}

[90mstdout[2m | tests/visual/visual.test.js[2m > [22m[2mVisual Tests[2m > [22m[2mMobile (375x812)[2m > [22m[2m21. Sort controls accessible on mobile[22m[39m
[INFO] {"timestamp":"2026-02-20T23:39:14.389Z","level":"info","category":"api","action":"request_complete","requestId":null,"ip":null,"details":{"method":"GET","path":"/js/topic.js","statusCode":304,"duration":1,"requestId":"cb3e2104-56cc-4a74-a9d7-f6405186f9cb","ip":"::1"},"duration":null,"error":null}

[90mstdout[2m | tests/visual/visual.test.js[2m > [22m[2mVisual Tests[2m > [22m[2mMobile (375x812)[2m > [22m[2m21. Sort controls accessible on mobile[22m[39m
[INFO] {"timestamp":"2026-02-20T23:39:14.392Z","level":"info","category":"api","action":"request_complete","requestId":null,"ip":null,"details":{"method":"GET","path":"/js/category.js","statusCode":304,"duration":0,"requestId":"33da62ae-b248-4e68-85e3-42ddc9c39356","ip":"::1"},"duration":null,"error":null}

[90mstdout[2m | tests/visual/visual.test.js[2m > [22m[2mVisual Tests[2m > [22m[2mMobile (375x812)[2m > [22m[2m21. Sort controls accessible on mobile[22m[39m
[INFO] {"timestamp":"2026-02-20T23:39:14.396Z","level":"info","category":"api","action":"request_complete","requestId":null,"ip":null,"details":{"method":"GET","path":"/js/settings.js","statusCode":304,"duration":0,"requestId":"ca56bdce-a723-415e-b19a-79129704ce79","ip":"::1"},"duration":null,"error":null}

[90mstdout[2m | tests/visual/visual.test.js[2m > [22m[2mVisual Tests[2m > [22m[2mMobile (375x812)[2m > [22m[2m21. Sort controls accessible on mobile[22m[39m
[INFO] {"timestamp":"2026-02-20T23:39:14.397Z","level":"info","category":"api","action":"request_complete","requestId":null,"ip":null,"details":{"method":"GET","path":"/js/review.js","statusCode":304,"duration":0,"requestId":"89dd9a82-0974-4074-8262-e22f627f1085","ip":"::1"},"duration":null,"error":null}

[90mstdout[2m | tests/visual/visual.test.js[2m > [22m[2mVisual Tests[2m > [22m[2mMobile (375x812)[2m > [22m[2m21. Sort controls accessible on mobile[22m[39m
[INFO] {"timestamp":"2026-02-20T23:39:14.400Z","level":"info","category":"api","action":"request_complete","requestId":null,"ip":null,"details":{"method":"GET","path":"/js/logs.js","statusCode":304,"duration":1,"requestId":"b4b317ca-c1b7-439f-94ed-a170abf68d88","ip":"::1"},"duration":null,"error":null}

[90mstdout[2m | tests/visual/visual.test.js[2m > [22m[2mVisual Tests[2m > [22m[2mMobile (375x812)[2m > [22m[2m21. Sort controls accessible on mobile[22m[39m
[INFO] {"timestamp":"2026-02-20T23:39:14.402Z","level":"info","category":"api","action":"request_complete","requestId":null,"ip":null,"details":{"method":"GET","path":"/js/login.js","statusCode":304,"duration":0,"requestId":"252cfb24-2d94-4f1c-a2d2-ce8900b5f4c3","ip":"::1"},"duration":null,"error":null}

[90mstdout[2m | tests/visual/visual.test.js[2m > [22m[2mVisual Tests[2m > [22m[2mMobile (375x812)[2m > [22m[2m21. Sort controls accessible on mobile[22m[39m
[INFO] {"timestamp":"2026-02-20T23:39:14.404Z","level":"info","category":"api","action":"request_complete","requestId":null,"ip":null,"details":{"method":"GET","path":"/js/resetPassword.js","statusCode":304,"duration":0,"requestId":"79f782bc-60f3-4d26-bc67-b1da6946082a","ip":"::1"},"duration":null,"error":null}

[90mstdout[2m | tests/visual/visual.test.js[2m > [22m[2mVisual Tests[2m > [22m[2mMobile (375x812)[2m > [22m[2m21. Sort controls accessible on mobile[22m[39m
[INFO] {"timestamp":"2026-02-20T23:39:14.408Z","level":"info","category":"api","action":"request_complete","requestId":null,"ip":null,"details":{"method":"GET","path":"/js/bug-report.js","statusCode":304,"duration":0,"requestId":"d1027cf2-334c-471f-9b77-e4bc1e671c53","ip":"::1"},"duration":null,"error":null}

[90mstdout[2m | tests/visual/visual.test.js[2m > [22m[2mVisual Tests[2m > [22m[2mMobile (375x812)[2m > [22m[2m21. Sort controls accessible on mobile[22m[39m
[INFO] {"timestamp":"2026-02-20T23:39:14.410Z","level":"info","category":"api","action":"request_complete","requestId":null,"ip":null,"details":{"method":"GET","path":"/js/donate.js","statusCode":304,"duration":0,"requestId":"c5b4b22b-5ec6-4e0d-87de-2197ec931793","ip":"::1"},"duration":null,"error":null}

[90mstdout[2m | tests/visual/visual.test.js[2m > [22m[2mVisual Tests[2m > [22m[2mMobile (375x812)[2m > [22m[2m21. Sort controls accessible on mobile[22m[39m
[INFO] {"timestamp":"2026-02-20T23:39:14.413Z","level":"info","category":"api","action":"request_complete","requestId":null,"ip":null,"details":{"method":"GET","path":"/js/app.js","statusCode":304,"duration":1,"requestId":"3ffda9d6-7fe8-4848-89a7-1a2039e06241","ip":"::1"},"duration":null,"error":null}

[90mstdout[2m | tests/visual/visual.test.js[2m > [22m[2mVisual Tests[2m > [22m[2mMobile (375x812)[2m > [22m[2m21. Sort controls accessible on mobile[22m[39m
[INFO] {"timestamp":"2026-02-20T23:39:14.415Z","level":"info","category":"api","action":"request_complete","requestId":null,"ip":null,"details":{"method":"GET","path":"/manifest.json","statusCode":304,"duration":1,"requestId":"c1b43f2d-d0f5-4f40-9da5-981e2c149882","ip":"::1"},"duration":null,"error":null}

[90mstdout[2m | tests/visual/visual.test.js[2m > [22m[2mVisual Tests[2m > [22m[2mMobile (375x812)[2m > [22m[2m21. Sort controls accessible on mobile[22m[39m
[INFO] {"timestamp":"2026-02-20T23:39:14.418Z","level":"info","category":"api","action":"request_complete","requestId":null,"ip":null,"details":{"method":"GET","path":"/me","statusCode":304,"duration":1,"requestId":"567bbd28-fc36-4cb4-a70d-838cdf7148fb","ip":"::1"},"duration":null,"error":null}

[90mstdout[2m | tests/visual/visual.test.js[2m > [22m[2mVisual Tests[2m > [22m[2mMobile (375x812)[2m > [22m[2m21. Sort controls accessible on mobile[22m[39m
[INFO] {"timestamp":"2026-02-20T23:39:14.439Z","level":"info","category":"api","action":"request_complete","requestId":null,"ip":null,"details":{"method":"GET","path":"/noteworthy","statusCode":304,"duration":1,"requestId":"aa36fc8b-f96a-4d80-94e7-e7a7522e492c","ip":"::1"},"duration":null,"error":null}

[90mstdout[2m | tests/visual/visual.test.js[2m > [22m[2mVisual Tests[2m > [22m[2mMobile (375x812)[2m > [22m[2m21. Sort controls accessible on mobile[22m[39m
[INFO] {"timestamp":"2026-02-20T23:39:14.441Z","level":"info","category":"api","action":"request_complete","requestId":null,"ip":null,"details":{"method":"GET","path":"/top-authors","statusCode":304,"duration":1,"requestId":"08d016db-e209-4112-8774-148ec2e649e7","ip":"::1"},"duration":null,"error":null}

[90mstdout[2m | tests/visual/visual.test.js[2m > [22m[2mVisual Tests[2m > [22m[2mMobile (375x812)[2m > [22m[2m21. Sort controls accessible on mobile[22m[39m
[INFO] {"timestamp":"2026-02-20T23:39:14.452Z","level":"info","category":"api","action":"request_complete","requestId":null,"ip":null,"details":{"method":"GET","path":"/trending-authors","statusCode":304,"duration":1,"requestId":"7fc19c50-6f6f-42c8-becc-7c423dd6c527","ip":"::1"},"duration":null,"error":null}

[90mstdout[2m | tests/visual/visual.test.js[2m > [22m[2mVisual Tests[2m > [22m[2mMobile (375x812)[2m > [22m[2m21. Sort controls accessible on mobile[22m[39m
[INFO] {"timestamp":"2026-02-20T23:39:15.396Z","level":"info","category":"test","action":"test_complete","requestId":null,"ip":null,"details":{"test":"21. Sort controls accessible on mobile","file":"visual/visual.test.js","durationMs":1116,"slow":false},"duration":1116,"error":null}

[90mstdout[2m | tests/visual/visual.test.js[2m > [22m[2mVisual Tests[2m > [22m[2mMobile (375x812)[2m > [22m[2m22. Content fits within viewport width[22m[39m
[INFO] {"timestamp":"2026-02-20T23:39:15.447Z","level":"info","category":"api","action":"request_complete","requestId":null,"ip":null,"details":{"method":"GET","path":"/","statusCode":304,"duration":1,"requestId":"237f8d93-df7c-4423-a048-1f2c0ce36668","ip":"::1"},"duration":null,"error":null}

[90mstdout[2m | tests/visual/visual.test.js[2m > [22m[2mVisual Tests[2m > [22m[2mMobile (375x812)[2m > [22m[2m22. Content fits within viewport width[22m[39m
[INFO] {"timestamp":"2026-02-20T23:39:15.473Z","level":"info","category":"api","action":"request_complete","requestId":null,"ip":null,"details":{"method":"GET","path":"/css/styles.css","statusCode":304,"duration":1,"requestId":"df1271d3-075d-4a94-bb20-55338f90ed05","ip":"::1"},"duration":null,"error":null}

[90mstdout[2m | tests/visual/visual.test.js[2m > [22m[2mVisual Tests[2m > [22m[2mMobile (375x812)[2m > [22m[2m22. Content fits within viewport width[22m[39m
[INFO] {"timestamp":"2026-02-20T23:39:15.475Z","level":"info","category":"api","action":"request_complete","requestId":null,"ip":null,"details":{"method":"GET","path":"/css/fact-check-widget.css","statusCode":304,"duration":1,"requestId":"ca4b30ff-c745-4f6f-8be8-6cbf54a35679","ip":"::1"},"duration":null,"error":null}

[90mstdout[2m | tests/visual/visual.test.js[2m > [22m[2mVisual Tests[2m > [22m[2mMobile (375x812)[2m > [22m[2m22. Content fits within viewport width[22m[39m
[INFO] {"timestamp":"2026-02-20T23:39:15.477Z","level":"info","category":"api","action":"request_complete","requestId":null,"ip":null,"details":{"method":"GET","path":"/socket.io/socket.io.js","statusCode":304,"duration":1,"requestId":"9dda2d3d-8a9e-4de0-848b-9e689c5e2582","ip":"::1"},"duration":null,"error":null}

[90mstdout[2m | tests/visual/visual.test.js[2m > [22m[2mVisual Tests[2m > [22m[2mMobile (375x812)[2m > [22m[2m22. Content fits within viewport width[22m[39m
[INFO] {"timestamp":"2026-02-20T23:39:15.480Z","level":"info","category":"api","action":"request_complete","requestId":null,"ip":null,"details":{"method":"GET","path":"/js/api.js","statusCode":304,"duration":0,"requestId":"3638806b-84de-435c-a4e8-a7920c7e5004","ip":"::1"},"duration":null,"error":null}

[90mstdout[2m | tests/visual/visual.test.js[2m > [22m[2mVisual Tests[2m > [22m[2mMobile (375x812)[2m > [22m[2m22. Content fits within viewport width[22m[39m
[INFO] {"timestamp":"2026-02-20T23:39:15.483Z","level":"info","category":"api","action":"request_complete","requestId":null,"ip":null,"details":{"method":"GET","path":"/js/admin-actions.js","statusCode":304,"duration":1,"requestId":"934134cc-0596-4a1d-b573-4425d8da59ad","ip":"::1"},"duration":null,"error":null}

[90mstdout[2m | tests/visual/visual.test.js[2m > [22m[2mVisual Tests[2m > [22m[2mMobile (375x812)[2m > [22m[2m22. Content fits within viewport width[22m[39m
[INFO] {"timestamp":"2026-02-20T23:39:15.485Z","level":"info","category":"api","action":"request_complete","requestId":null,"ip":null,"details":{"method":"GET","path":"/js/important.js","statusCode":304,"duration":0,"requestId":"e7dde28f-12b1-41df-833f-001b78335ec9","ip":"::1"},"duration":null,"error":null}

[90mstdout[2m | tests/visual/visual.test.js[2m > [22m[2mVisual Tests[2m > [22m[2mMobile (375x812)[2m > [22m[2m22. Content fits within viewport width[22m[39m
[INFO] {"timestamp":"2026-02-20T23:39:15.488Z","level":"info","category":"api","action":"request_complete","requestId":null,"ip":null,"details":{"method":"GET","path":"/js/charts.js","statusCode":304,"duration":1,"requestId":"06dd0205-3b6b-4e91-9503-2f410a5423f5","ip":"::1"},"duration":null,"error":null}

[90mstdout[2m | tests/visual/visual.test.js[2m > [22m[2mVisual Tests[2m > [22m[2mMobile (375x812)[2m > [22m[2m22. Content fits within viewport width[22m[39m
[INFO] {"timestamp":"2026-02-20T23:39:15.491Z","level":"info","category":"api","action":"request_complete","requestId":null,"ip":null,"details":{"method":"GET","path":"/js/analytics.js","statusCode":304,"duration":0,"requestId":"6a23ef32-06de-4834-a174-873960468343","ip":"::1"},"duration":null,"error":null}

[90mstdout[2m | tests/visual/visual.test.js[2m > [22m[2mVisual Tests[2m > [22m[2mMobile (375x812)[2m > [22m[2m22. Content fits within viewport width[22m[39m
[INFO] {"timestamp":"2026-02-20T23:39:15.494Z","level":"info","category":"api","action":"request_complete","requestId":null,"ip":null,"details":{"method":"GET","path":"/js/home.js","statusCode":304,"duration":0,"requestId":"866d92a4-1476-4bd0-8cae-da5dff4b8fea","ip":"::1"},"duration":null,"error":null}

[90mstdout[2m | tests/visual/visual.test.js[2m > [22m[2mVisual Tests[2m > [22m[2mMobile (375x812)[2m > [22m[2m22. Content fits within viewport width[22m[39m
[INFO] {"timestamp":"2026-02-20T23:39:15.496Z","level":"info","category":"api","action":"request_complete","requestId":null,"ip":null,"details":{"method":"GET","path":"/js/quote.js","statusCode":304,"duration":1,"requestId":"bb618c75-bb49-4628-bdf3-33a234cc12cf","ip":"::1"},"duration":null,"error":null}

[90mstdout[2m | tests/visual/visual.test.js[2m > [22m[2mVisual Tests[2m > [22m[2mMobile (375x812)[2m > [22m[2m22. Content fits within viewport width[22m[39m
[INFO] {"timestamp":"2026-02-20T23:39:15.499Z","level":"info","category":"api","action":"request_complete","requestId":null,"ip":null,"details":{"method":"GET","path":"/js/article.js","statusCode":304,"duration":0,"requestId":"8a4f250c-218e-4897-a50d-b5dc42fdb0cc","ip":"::1"},"duration":null,"error":null}

[90mstdout[2m | tests/visual/visual.test.js[2m > [22m[2mVisual Tests[2m > [22m[2mMobile (375x812)[2m > [22m[2m22. Content fits within viewport width[22m[39m
[INFO] {"timestamp":"2026-02-20T23:39:15.501Z","level":"info","category":"api","action":"request_complete","requestId":null,"ip":null,"details":{"method":"GET","path":"/js/author.js","statusCode":304,"duration":0,"requestId":"7b954c79-80eb-4334-9d2f-ee6befbfd481","ip":"::1"},"duration":null,"error":null}

[90mstdout[2m | tests/visual/visual.test.js[2m > [22m[2mVisual Tests[2m > [22m[2mMobile (375x812)[2m > [22m[2m22. Content fits within viewport width[22m[39m
[INFO] {"timestamp":"2026-02-20T23:39:15.504Z","level":"info","category":"api","action":"request_complete","requestId":null,"ip":null,"details":{"method":"GET","path":"/js/topic.js","statusCode":304,"duration":1,"requestId":"17eddc9a-3f51-44af-aa5b-20112a998f15","ip":"::1"},"duration":null,"error":null}

[90mstdout[2m | tests/visual/visual.test.js[2m > [22m[2mVisual Tests[2m > [22m[2mMobile (375x812)[2m > [22m[2m22. Content fits within viewport width[22m[39m
[INFO] {"timestamp":"2026-02-20T23:39:15.507Z","level":"info","category":"api","action":"request_complete","requestId":null,"ip":null,"details":{"method":"GET","path":"/js/category.js","statusCode":304,"duration":1,"requestId":"8b6ff641-d7fb-4c68-8d84-22539833f3e0","ip":"::1"},"duration":null,"error":null}

[90mstdout[2m | tests/visual/visual.test.js[2m > [22m[2mVisual Tests[2m > [22m[2mMobile (375x812)[2m > [22m[2m22. Content fits within viewport width[22m[39m
[INFO] {"timestamp":"2026-02-20T23:39:15.509Z","level":"info","category":"api","action":"request_complete","requestId":null,"ip":null,"details":{"method":"GET","path":"/js/settings.js","statusCode":304,"duration":0,"requestId":"9d242c5a-54f0-4fa3-bcfd-a9ee946422b4","ip":"::1"},"duration":null,"error":null}

[90mstdout[2m | tests/visual/visual.test.js[2m > [22m[2mVisual Tests[2m > [22m[2mMobile (375x812)[2m > [22m[2m22. Content fits within viewport width[22m[39m
[INFO] {"timestamp":"2026-02-20T23:39:15.512Z","level":"info","category":"api","action":"request_complete","requestId":null,"ip":null,"details":{"method":"GET","path":"/js/review.js","statusCode":304,"duration":1,"requestId":"7a09ad8c-9dc7-42d9-a28e-0c8a9e814fc8","ip":"::1"},"duration":null,"error":null}

[90mstdout[2m | tests/visual/visual.test.js[2m > [22m[2mVisual Tests[2m > [22m[2mMobile (375x812)[2m > [22m[2m22. Content fits within viewport width[22m[39m
[INFO] {"timestamp":"2026-02-20T23:39:15.514Z","level":"info","category":"api","action":"request_complete","requestId":null,"ip":null,"details":{"method":"GET","path":"/js/logs.js","statusCode":304,"duration":1,"requestId":"a44169a4-15d2-4a31-9922-e1d33a208829","ip":"::1"},"duration":null,"error":null}

[90mstdout[2m | tests/visual/visual.test.js[2m > [22m[2mVisual Tests[2m > [22m[2mMobile (375x812)[2m > [22m[2m22. Content fits within viewport width[22m[39m
[INFO] {"timestamp":"2026-02-20T23:39:15.517Z","level":"info","category":"api","action":"request_complete","requestId":null,"ip":null,"details":{"method":"GET","path":"/js/login.js","statusCode":304,"duration":0,"requestId":"4b3cc938-a511-4f1a-a336-ce42147cf460","ip":"::1"},"duration":null,"error":null}

[90mstdout[2m | tests/visual/visual.test.js[2m > [22m[2mVisual Tests[2m > [22m[2mMobile (375x812)[2m > [22m[2m22. Content fits within viewport width[22m[39m
[INFO] {"timestamp":"2026-02-20T23:39:15.519Z","level":"info","category":"api","action":"request_complete","requestId":null,"ip":null,"details":{"method":"GET","path":"/js/resetPassword.js","statusCode":304,"duration":0,"requestId":"f723a8c6-de49-49d8-a0ab-6b1651603937","ip":"::1"},"duration":null,"error":null}

[90mstdout[2m | tests/visual/visual.test.js[2m > [22m[2mVisual Tests[2m > [22m[2mMobile (375x812)[2m > [22m[2m22. Content fits within viewport width[22m[39m
[INFO] {"timestamp":"2026-02-20T23:39:15.522Z","level":"info","category":"api","action":"request_complete","requestId":null,"ip":null,"details":{"method":"GET","path":"/js/bug-report.js","statusCode":304,"duration":1,"requestId":"235fc09c-e820-4b0d-a186-c4b82ee50e86","ip":"::1"},"duration":null,"error":null}

[90mstdout[2m | tests/visual/visual.test.js[2m > [22m[2mVisual Tests[2m > [22m[2mMobile (375x812)[2m > [22m[2m22. Content fits within viewport width[22m[39m
[INFO] {"timestamp":"2026-02-20T23:39:15.525Z","level":"info","category":"api","action":"request_complete","requestId":null,"ip":null,"details":{"method":"GET","path":"/js/app.js","statusCode":304,"duration":0,"requestId":"eaee0a07-d9ef-4d2f-80c1-15530323d9a9","ip":"::1"},"duration":null,"error":null}

[90mstdout[2m | tests/visual/visual.test.js[2m > [22m[2mVisual Tests[2m > [22m[2mMobile (375x812)[2m > [22m[2m22. Content fits within viewport width[22m[39m
[INFO] {"timestamp":"2026-02-20T23:39:15.528Z","level":"info","category":"api","action":"request_complete","requestId":null,"ip":null,"details":{"method":"GET","path":"/js/donate.js","statusCode":304,"duration":1,"requestId":"223a885d-2fb2-47fd-b71f-e53be07b6f6d","ip":"::1"},"duration":null,"error":null}

[90mstdout[2m | tests/visual/visual.test.js[2m > [22m[2mVisual Tests[2m > [22m[2mMobile (375x812)[2m > [22m[2m22. Content fits within viewport width[22m[39m
[INFO] {"timestamp":"2026-02-20T23:39:15.531Z","level":"info","category":"api","action":"request_complete","requestId":null,"ip":null,"details":{"method":"GET","path":"/me","statusCode":304,"duration":1,"requestId":"d6753c6a-7fa2-445f-94a8-feafbd8b4703","ip":"::1"},"duration":null,"error":null}

[90mstdout[2m | tests/visual/visual.test.js[2m > [22m[2mVisual Tests[2m > [22m[2mMobile (375x812)[2m > [22m[2m22. Content fits within viewport width[22m[39m
[INFO] {"timestamp":"2026-02-20T23:39:15.532Z","level":"info","category":"api","action":"request_complete","requestId":null,"ip":null,"details":{"method":"GET","path":"/manifest.json","statusCode":304,"duration":0,"requestId":"0a33efde-b228-422c-989f-faef37c85e4f","ip":"::1"},"duration":null,"error":null}

[90mstdout[2m | tests/visual/visual.test.js[2m > [22m[2mVisual Tests[2m > [22m[2mMobile (375x812)[2m > [22m[2m22. Content fits within viewport width[22m[39m
[INFO] {"timestamp":"2026-02-20T23:39:15.552Z","level":"info","category":"api","action":"request_complete","requestId":null,"ip":null,"details":{"method":"GET","path":"/noteworthy","statusCode":304,"duration":1,"requestId":"d45707e5-3ba3-44ab-a1cf-edefdaae7896","ip":"::1"},"duration":null,"error":null}

[90mstdout[2m | tests/visual/visual.test.js[2m > [22m[2mVisual Tests[2m > [22m[2mMobile (375x812)[2m > [22m[2m22. Content fits within viewport width[22m[39m
[INFO] {"timestamp":"2026-02-20T23:39:15.554Z","level":"info","category":"api","action":"request_complete","requestId":null,"ip":null,"details":{"method":"GET","path":"/top-authors","statusCode":304,"duration":1,"requestId":"b1440a68-8e3f-412b-aded-49777f7fa3d7","ip":"::1"},"duration":null,"error":null}

[90mstdout[2m | tests/visual/visual.test.js[2m > [22m[2mVisual Tests[2m > [22m[2mMobile (375x812)[2m > [22m[2m22. Content fits within viewport width[22m[39m
[INFO] {"timestamp":"2026-02-20T23:39:15.565Z","level":"info","category":"api","action":"request_complete","requestId":null,"ip":null,"details":{"method":"GET","path":"/trending-authors","statusCode":304,"duration":1,"requestId":"160fce20-8138-40c6-9a8c-814fdd96ea33","ip":"::1"},"duration":null,"error":null}

[90mstdout[2m | tests/visual/visual.test.js[2m > [22m[2mVisual Tests[2m > [22m[2mMobile (375x812)[2m > [22m[2m22. Content fits within viewport width[22m[39m
[INFO] {"timestamp":"2026-02-20T23:39:16.499Z","level":"info","category":"test","action":"test_complete","requestId":null,"ip":null,"details":{"test":"22. Content fits within viewport width","file":"visual/visual.test.js","durationMs":1103,"slow":false},"duration":1103,"error":null}

[90mstdout[2m | tests/visual/visual.test.js[2m > [22m[2mVisual Tests[2m > [22m[2mMobile (375x812)[2m > [22m[2m23. Dark theme uses correct background color[22m[39m
[INFO] {"timestamp":"2026-02-20T23:39:16.553Z","level":"info","category":"api","action":"request_complete","requestId":null,"ip":null,"details":{"method":"GET","path":"/","statusCode":304,"duration":1,"requestId":"037c0131-c24f-42c9-96e6-36c32f884a13","ip":"::1"},"duration":null,"error":null}

[90mstdout[2m | tests/visual/visual.test.js[2m > [22m[2mVisual Tests[2m > [22m[2mMobile (375x812)[2m > [22m[2m23. Dark theme uses correct background color[22m[39m
[INFO] {"timestamp":"2026-02-20T23:39:16.576Z","level":"info","category":"api","action":"request_complete","requestId":null,"ip":null,"details":{"method":"GET","path":"/css/styles.css","statusCode":304,"duration":0,"requestId":"1a881c46-c1bb-40b0-bc9b-a33e09b7e355","ip":"::1"},"duration":null,"error":null}

[90mstdout[2m | tests/visual/visual.test.js[2m > [22m[2mVisual Tests[2m > [22m[2mMobile (375x812)[2m > [22m[2m23. Dark theme uses correct background color[22m[39m
[INFO] {"timestamp":"2026-02-20T23:39:16.579Z","level":"info","category":"api","action":"request_complete","requestId":null,"ip":null,"details":{"method":"GET","path":"/socket.io/socket.io.js","statusCode":304,"duration":1,"requestId":"3320f6ab-167c-46a5-9e80-f7911b15e0f4","ip":"::1"},"duration":null,"error":null}

[90mstdout[2m | tests/visual/visual.test.js[2m > [22m[2mVisual Tests[2m > [22m[2mMobile (375x812)[2m > [22m[2m23. Dark theme uses correct background color[22m[39m
[INFO] {"timestamp":"2026-02-20T23:39:16.580Z","level":"info","category":"api","action":"request_complete","requestId":null,"ip":null,"details":{"method":"GET","path":"/css/fact-check-widget.css","statusCode":304,"duration":0,"requestId":"c3e04cf5-477f-4a35-8332-24e5223f97f3","ip":"::1"},"duration":null,"error":null}

[90mstdout[2m | tests/visual/visual.test.js[2m > [22m[2mVisual Tests[2m > [22m[2mMobile (375x812)[2m > [22m[2m23. Dark theme uses correct background color[22m[39m
[INFO] {"timestamp":"2026-02-20T23:39:16.584Z","level":"info","category":"api","action":"request_complete","requestId":null,"ip":null,"details":{"method":"GET","path":"/js/api.js","statusCode":304,"duration":1,"requestId":"9839a476-f492-4387-9888-6f7e31b4bf2d","ip":"::1"},"duration":null,"error":null}

[90mstdout[2m | tests/visual/visual.test.js[2m > [22m[2mVisual Tests[2m > [22m[2mMobile (375x812)[2m > [22m[2m23. Dark theme uses correct background color[22m[39m
[INFO] {"timestamp":"2026-02-20T23:39:16.587Z","level":"info","category":"api","action":"request_complete","requestId":null,"ip":null,"details":{"method":"GET","path":"/js/important.js","statusCode":304,"duration":1,"requestId":"f57ddbd7-33ab-47f4-96cd-a6783f30bec6","ip":"::1"},"duration":null,"error":null}

[90mstdout[2m | tests/visual/visual.test.js[2m > [22m[2mVisual Tests[2m > [22m[2mMobile (375x812)[2m > [22m[2m23. Dark theme uses correct background color[22m[39m
[INFO] {"timestamp":"2026-02-20T23:39:16.591Z","level":"info","category":"api","action":"request_complete","requestId":null,"ip":null,"details":{"method":"GET","path":"/js/admin-actions.js","statusCode":304,"duration":2,"requestId":"f2a9ffa1-352c-4282-bcfc-3c40444a8bec","ip":"::1"},"duration":null,"error":null}

[90mstdout[2m | tests/visual/visual.test.js[2m > [22m[2mVisual Tests[2m > [22m[2mMobile (375x812)[2m > [22m[2m23. Dark theme uses correct background color[22m[39m
[INFO] {"timestamp":"2026-02-20T23:39:16.594Z","level":"info","category":"api","action":"request_complete","requestId":null,"ip":null,"details":{"method":"GET","path":"/js/charts.js","statusCode":304,"duration":1,"requestId":"ec3969da-a409-400e-bebb-07da0553d195","ip":"::1"},"duration":null,"error":null}

[90mstdout[2m | tests/visual/visual.test.js[2m > [22m[2mVisual Tests[2m > [22m[2mMobile (375x812)[2m > [22m[2m23. Dark theme uses correct background color[22m[39m
[INFO] {"timestamp":"2026-02-20T23:39:16.596Z","level":"info","category":"api","action":"request_complete","requestId":null,"ip":null,"details":{"method":"GET","path":"/js/analytics.js","statusCode":304,"duration":0,"requestId":"04a8c192-ff4b-4d32-8db0-062691e42a23","ip":"::1"},"duration":null,"error":null}

[90mstdout[2m | tests/visual/visual.test.js[2m > [22m[2mVisual Tests[2m > [22m[2mMobile (375x812)[2m > [22m[2m23. Dark theme uses correct background color[22m[39m
[INFO] {"timestamp":"2026-02-20T23:39:16.598Z","level":"info","category":"api","action":"request_complete","requestId":null,"ip":null,"details":{"method":"GET","path":"/js/quote.js","statusCode":304,"duration":0,"requestId":"6b88dde9-627d-4a33-8269-5ea2ec50139c","ip":"::1"},"duration":null,"error":null}

[90mstdout[2m | tests/visual/visual.test.js[2m > [22m[2mVisual Tests[2m > [22m[2mMobile (375x812)[2m > [22m[2m23. Dark theme uses correct background color[22m[39m
[INFO] {"timestamp":"2026-02-20T23:39:16.600Z","level":"info","category":"api","action":"request_complete","requestId":null,"ip":null,"details":{"method":"GET","path":"/js/article.js","statusCode":304,"duration":0,"requestId":"978da90e-202e-415f-b752-e5b15ce6a8f4","ip":"::1"},"duration":null,"error":null}

[90mstdout[2m | tests/visual/visual.test.js[2m > [22m[2mVisual Tests[2m > [22m[2mMobile (375x812)[2m > [22m[2m23. Dark theme uses correct background color[22m[39m
[INFO] {"timestamp":"2026-02-20T23:39:16.602Z","level":"info","category":"api","action":"request_complete","requestId":null,"ip":null,"details":{"method":"GET","path":"/js/home.js","statusCode":304,"duration":0,"requestId":"0ad26c5e-8f8d-424d-a43e-f7fecac06f4e","ip":"::1"},"duration":null,"error":null}

[90mstdout[2m | tests/visual/visual.test.js[2m > [22m[2mVisual Tests[2m > [22m[2mMobile (375x812)[2m > [22m[2m23. Dark theme uses correct background color[22m[39m
[INFO] {"timestamp":"2026-02-20T23:39:16.606Z","level":"info","category":"api","action":"request_complete","requestId":null,"ip":null,"details":{"method":"GET","path":"/js/author.js","statusCode":304,"duration":0,"requestId":"8d558bb9-82cc-4dc0-88de-638d5efdf416","ip":"::1"},"duration":null,"error":null}

[90mstdout[2m | tests/visual/visual.test.js[2m > [22m[2mVisual Tests[2m > [22m[2mMobile (375x812)[2m > [22m[2m23. Dark theme uses correct background color[22m[39m
[INFO] {"timestamp":"2026-02-20T23:39:16.609Z","level":"info","category":"api","action":"request_complete","requestId":null,"ip":null,"details":{"method":"GET","path":"/js/topic.js","statusCode":304,"duration":0,"requestId":"09c1a9f5-be6a-4066-82e8-8d31947ad0c7","ip":"::1"},"duration":null,"error":null}

[90mstdout[2m | tests/visual/visual.test.js[2m > [22m[2mVisual Tests[2m > [22m[2mMobile (375x812)[2m > [22m[2m23. Dark theme uses correct background color[22m[39m
[INFO] {"timestamp":"2026-02-20T23:39:16.611Z","level":"info","category":"api","action":"request_complete","requestId":null,"ip":null,"details":{"method":"GET","path":"/js/category.js","statusCode":304,"duration":0,"requestId":"1949df88-1760-4cae-b9aa-2661a9676c01","ip":"::1"},"duration":null,"error":null}

[90mstdout[2m | tests/visual/visual.test.js[2m > [22m[2mVisual Tests[2m > [22m[2mMobile (375x812)[2m > [22m[2m23. Dark theme uses correct background color[22m[39m
[INFO] {"timestamp":"2026-02-20T23:39:16.615Z","level":"info","category":"api","action":"request_complete","requestId":null,"ip":null,"details":{"method":"GET","path":"/js/settings.js","statusCode":304,"duration":1,"requestId":"b6c8171a-887a-4038-8560-99b4fe9e804a","ip":"::1"},"duration":null,"error":null}

[90mstdout[2m | tests/visual/visual.test.js[2m > [22m[2mVisual Tests[2m > [22m[2mMobile (375x812)[2m > [22m[2m23. Dark theme uses correct background color[22m[39m
[INFO] {"timestamp":"2026-02-20T23:39:16.617Z","level":"info","category":"api","action":"request_complete","requestId":null,"ip":null,"details":{"method":"GET","path":"/js/review.js","statusCode":304,"duration":0,"requestId":"2d585178-e061-4184-8f00-b7a687dcfc3b","ip":"::1"},"duration":null,"error":null}

[90mstdout[2m | tests/visual/visual.test.js[2m > [22m[2mVisual Tests[2m > [22m[2mMobile (375x812)[2m > [22m[2m23. Dark theme uses correct background color[22m[39m
[INFO] {"timestamp":"2026-02-20T23:39:16.619Z","level":"info","category":"api","action":"request_complete","requestId":null,"ip":null,"details":{"method":"GET","path":"/js/logs.js","statusCode":304,"duration":0,"requestId":"9a545652-e679-4eec-92f2-43fd1bc29cb3","ip":"::1"},"duration":null,"error":null}

[90mstdout[2m | tests/visual/visual.test.js[2m > [22m[2mVisual Tests[2m > [22m[2mMobile (375x812)[2m > [22m[2m23. Dark theme uses correct background color[22m[39m
[INFO] {"timestamp":"2026-02-20T23:39:16.622Z","level":"info","category":"api","action":"request_complete","requestId":null,"ip":null,"details":{"method":"GET","path":"/js/bug-report.js","statusCode":304,"duration":1,"requestId":"6931c26f-a805-457a-8207-5fdf1d4f3249","ip":"::1"},"duration":null,"error":null}

[90mstdout[2m | tests/visual/visual.test.js[2m > [22m[2mVisual Tests[2m > [22m[2mMobile (375x812)[2m > [22m[2m23. Dark theme uses correct background color[22m[39m
[INFO] {"timestamp":"2026-02-20T23:39:16.625Z","level":"info","category":"api","action":"request_complete","requestId":null,"ip":null,"details":{"method":"GET","path":"/js/login.js","statusCode":304,"duration":0,"requestId":"549e350d-1e6f-4cae-baea-f573f2446502","ip":"::1"},"duration":null,"error":null}

[90mstdout[2m | tests/visual/visual.test.js[2m > [22m[2mVisual Tests[2m > [22m[2mMobile (375x812)[2m > [22m[2m23. Dark theme uses correct background color[22m[39m
[INFO] {"timestamp":"2026-02-20T23:39:16.628Z","level":"info","category":"api","action":"request_complete","requestId":null,"ip":null,"details":{"method":"GET","path":"/js/resetPassword.js","statusCode":304,"duration":1,"requestId":"e84bcf9e-5fc2-444c-8b5c-2ba06751f207","ip":"::1"},"duration":null,"error":null}

[90mstdout[2m | tests/visual/visual.test.js[2m > [22m[2mVisual Tests[2m > [22m[2mMobile (375x812)[2m > [22m[2m23. Dark theme uses correct background color[22m[39m
[INFO] {"timestamp":"2026-02-20T23:39:16.630Z","level":"info","category":"api","action":"request_complete","requestId":null,"ip":null,"details":{"method":"GET","path":"/js/donate.js","statusCode":304,"duration":1,"requestId":"bbc3ce6d-e967-4827-889c-8917cc55d8c0","ip":"::1"},"duration":null,"error":null}

[90mstdout[2m | tests/visual/visual.test.js[2m > [22m[2mVisual Tests[2m > [22m[2mMobile (375x812)[2m > [22m[2m23. Dark theme uses correct background color[22m[39m
[INFO] {"timestamp":"2026-02-20T23:39:16.633Z","level":"info","category":"api","action":"request_complete","requestId":null,"ip":null,"details":{"method":"GET","path":"/js/app.js","statusCode":304,"duration":0,"requestId":"b97719c2-1e95-4bd0-a6e4-1ca0de2803a4","ip":"::1"},"duration":null,"error":null}

[90mstdout[2m | tests/visual/visual.test.js[2m > [22m[2mVisual Tests[2m > [22m[2mMobile (375x812)[2m > [22m[2m23. Dark theme uses correct background color[22m[39m
[INFO] {"timestamp":"2026-02-20T23:39:16.635Z","level":"info","category":"api","action":"request_complete","requestId":null,"ip":null,"details":{"method":"GET","path":"/manifest.json","statusCode":304,"duration":0,"requestId":"8b7959d7-f8cc-47c8-86b6-4f2be58d36cf","ip":"::1"},"duration":null,"error":null}

[90mstdout[2m | tests/visual/visual.test.js[2m > [22m[2mVisual Tests[2m > [22m[2mMobile (375x812)[2m > [22m[2m23. Dark theme uses correct background color[22m[39m
[INFO] {"timestamp":"2026-02-20T23:39:16.636Z","level":"info","category":"api","action":"request_complete","requestId":null,"ip":null,"details":{"method":"GET","path":"/me","statusCode":304,"duration":0,"requestId":"e3b08ece-86be-4eb2-9cdb-aac48b9b63a0","ip":"::1"},"duration":null,"error":null}

[90mstdout[2m | tests/visual/visual.test.js[2m > [22m[2mVisual Tests[2m > [22m[2mMobile (375x812)[2m > [22m[2m23. Dark theme uses correct background color[22m[39m
[INFO] {"timestamp":"2026-02-20T23:39:16.660Z","level":"info","category":"api","action":"request_complete","requestId":null,"ip":null,"details":{"method":"GET","path":"/noteworthy","statusCode":304,"duration":1,"requestId":"136aa4bf-56c4-4cc2-8ffc-70f60d63591c","ip":"::1"},"duration":null,"error":null}

[90mstdout[2m | tests/visual/visual.test.js[2m > [22m[2mVisual Tests[2m > [22m[2mMobile (375x812)[2m > [22m[2m23. Dark theme uses correct background color[22m[39m
[INFO] {"timestamp":"2026-02-20T23:39:16.662Z","level":"info","category":"api","action":"request_complete","requestId":null,"ip":null,"details":{"method":"GET","path":"/top-authors","statusCode":304,"duration":1,"requestId":"f6ed8a8c-fa0a-4b3d-8741-94e0b520aff2","ip":"::1"},"duration":null,"error":null}

[90mstdout[2m | tests/visual/visual.test.js[2m > [22m[2mVisual Tests[2m > [22m[2mMobile (375x812)[2m > [22m[2m23. Dark theme uses correct background color[22m[39m
[INFO] {"timestamp":"2026-02-20T23:39:16.672Z","level":"info","category":"api","action":"request_complete","requestId":null,"ip":null,"details":{"method":"GET","path":"/trending-authors","statusCode":304,"duration":1,"requestId":"fb149f3d-6c87-4a24-b376-2c65f839630a","ip":"::1"},"duration":null,"error":null}

[90mstdout[2m | tests/visual/visual.test.js[2m > [22m[2mVisual Tests[2m > [22m[2mMobile (375x812)[2m > [22m[2m23. Dark theme uses correct background color[22m[39m
[INFO] {"timestamp":"2026-02-20T23:39:17.613Z","level":"info","category":"test","action":"test_complete","requestId":null,"ip":null,"details":{"test":"23. Dark theme uses correct background color","file":"visual/visual.test.js","durationMs":1113,"slow":false},"duration":1113,"error":null}

[90mstdout[2m | tests/visual/visual.test.js[22m[39m
[INFO] {"timestamp":"2026-02-20T23:39:18.003Z","level":"info","category":"test","action":"slow_file","requestId":null,"ip":null,"details":{"file":"visual/visual.test.js","durationMs":25271,"slow":true},"duration":25271,"error":null}

[90mstderr[2m | tests/visual/visual.test.js[22m[39m
[SLOW FILE] visual/visual.test.js — 25271ms

 [33m❯[39m tests/visual/visual.test.js [2m ([22m[2m22 tests[22m [2m|[22m [31m1 failed[39m[2m)[22m[33m 25633[2mms[22m[39m
[31m   [33m❯[31m tests/visual/visual.test.js[2m > [22mVisual Tests[2m > [22mDesktop (1280x800)[2m > [22m9. New quotes snackbar has dark background (not accent)[39m
[31m     → expected false to be true // Object.is equality[39m
 [32m✓[39m tests/unit/classification-pipeline.test.js [2m ([22m[2m12 tests[22m[2m)[22m[90m 52[2mms[22m[39m
[90mstdout[2m | tests/unit/classification-pipeline.test.js[2m > [22m[2mClassification Pipeline[2m > [22m[2mclassifyQuote[2m > [22m[2mmatches entities, stores keywords, and resolves topics[22m[39m
[INFO] {"timestamp":"2026-02-20T23:39:18.904Z","level":"info","category":"test","action":"test_complete","requestId":null,"ip":null,"details":{"test":"matches entities, stores keywords, and resolves topics","file":"unit/classification-pipeline.test.js","durationMs":20,"slow":false},"duration":20,"error":null}

[90mstdout[2m | tests/unit/classification-pipeline.test.js[2m > [22m[2mClassification Pipeline[2m > [22m[2mclassifyQuote[2m > [22m[2mqueues unmatched entities as taxonomy suggestions[22m[39m
[INFO] {"timestamp":"2026-02-20T23:39:18.907Z","level":"info","category":"test","action":"test_complete","requestId":null,"ip":null,"details":{"test":"queues unmatched entities as taxonomy suggestions","file":"unit/classification-pipeline.test.js","durationMs":2,"slow":false},"duration":2,"error":null}

[90mstdout[2m | tests/unit/classification-pipeline.test.js[2m > [22m[2mClassification Pipeline[2m > [22m[2mclassifyQuote[2m > [22m[2mreturns empty results for empty entities array[22m[39m
[INFO] {"timestamp":"2026-02-20T23:39:18.909Z","level":"info","category":"test","action":"test_complete","requestId":null,"ip":null,"details":{"test":"returns empty results for empty entities array","file":"unit/classification-pipeline.test.js","durationMs":2,"slow":false},"duration":2,"error":null}

[90mstdout[2m | tests/unit/classification-pipeline.test.js[2m > [22m[2mClassification Pipeline[2m > [22m[2mclassifyQuote[2m > [22m[2mreturns empty results for null entities[22m[39m
[INFO] {"timestamp":"2026-02-20T23:39:18.911Z","level":"info","category":"test","action":"test_complete","requestId":null,"ip":null,"details":{"test":"returns empty results for null entities","file":"unit/classification-pipeline.test.js","durationMs":1,"slow":false},"duration":1,"error":null}

[90mstdout[2m | tests/unit/classification-pipeline.test.js[2m > [22m[2mClassification Pipeline[2m > [22m[2mclassifyQuote[2m > [22m[2mreturns empty results for undefined entities[22m[39m
[INFO] {"timestamp":"2026-02-20T23:39:18.912Z","level":"info","category":"test","action":"test_complete","requestId":null,"ip":null,"details":{"test":"returns empty results for undefined entities","file":"unit/classification-pipeline.test.js","durationMs":1,"slow":false},"duration":1,"error":null}

[90mstdout[2m | tests/unit/classification-pipeline.test.js[2m > [22m[2mClassification Pipeline[2m > [22m[2mclassifyQuote[2m > [22m[2mcorrectly applies temporal scoping for topic resolution[22m[39m
[INFO] {"timestamp":"2026-02-20T23:39:18.914Z","level":"info","category":"test","action":"test_complete","requestId":null,"ip":null,"details":{"test":"correctly applies temporal scoping for topic resolution","file":"unit/classification-pipeline.test.js","durationMs":2,"slow":false},"duration":2,"error":null}

[90mstdout[2m | tests/unit/classification-pipeline.test.js[2m > [22m[2mClassification Pipeline[2m > [22m[2mclassifyQuote[2m > [22m[2mhandles mix of matched and unmatched entities[22m[39m
[INFO] {"timestamp":"2026-02-20T23:39:18.916Z","level":"info","category":"test","action":"test_complete","requestId":null,"ip":null,"details":{"test":"handles mix of matched and unmatched entities","file":"unit/classification-pipeline.test.js","durationMs":2,"slow":false},"duration":2,"error":null}

[90mstdout[2m | tests/unit/classification-pipeline.test.js[2m > [22m[2mClassification Pipeline[2m > [22m[2mclassifyQuote[2m > [22m[2mpopulates flagged array for medium-confidence fuzzy matches[22m[39m
[INFO] {"timestamp":"2026-02-20T23:39:18.917Z","level":"info","category":"test","action":"test_complete","requestId":null,"ip":null,"details":{"test":"populates flagged array for medium-confidence fuzzy matches","file":"unit/classification-pipeline.test.js","durationMs":1,"slow":false},"duration":1,"error":null}

[90mstdout[2m | tests/unit/classification-pipeline.test.js[2m > [22m[2mClassification Pipeline[2m > [22m[2mclassifyQuote[2m > [22m[2mclassifyQuote with topics matches and links directly[22m[39m
[INFO] {"timestamp":"2026-02-20T23:39:18.919Z","level":"info","category":"test","action":"test_complete","requestId":null,"ip":null,"details":{"test":"classifyQuote with topics matches and links directly","file":"unit/classification-pipeline.test.js","durationMs":2,"slow":false},"duration":2,"error":null}

[90mstdout[2m | tests/unit/classification-pipeline.test.js[2m > [22m[2mClassification Pipeline[2m > [22m[2mclassifyQuote[2m > [22m[2mclassifyQuote with topics queues unmatched topics[22m[39m
[INFO] {"timestamp":"2026-02-20T23:39:18.921Z","level":"info","category":"test","action":"test_complete","requestId":null,"ip":null,"details":{"test":"classifyQuote with topics queues unmatched topics","file":"unit/classification-pipeline.test.js","durationMs":2,"slow":false},"duration":2,"error":null}

[90mstdout[2m | tests/unit/classification-pipeline.test.js[2m > [22m[2mClassification Pipeline[2m > [22m[2mclassifyQuote[2m > [22m[2mclassifyQuote without topics param works unchanged (backward compat)[22m[39m
[INFO] {"timestamp":"2026-02-20T23:39:18.923Z","level":"info","category":"test","action":"test_complete","requestId":null,"ip":null,"details":{"test":"classifyQuote without topics param works unchanged (backward compat)","file":"unit/classification-pipeline.test.js","durationMs":1,"slow":false},"duration":1,"error":null}

[90mstdout[2m | tests/unit/classification-pipeline.test.js[2m > [22m[2mClassification Pipeline[2m > [22m[2mclassifyQuote[2m > [22m[2mclassifyQuote processes topics even with empty entities[22m[39m
[INFO] {"timestamp":"2026-02-20T23:39:18.924Z","level":"info","category":"test","action":"test_complete","requestId":null,"ip":null,"details":{"test":"classifyQuote processes topics even with empty entities","file":"unit/classification-pipeline.test.js","durationMs":1,"slow":false},"duration":1,"error":null}

[90mstdout[2m | tests/unit/classification-pipeline.test.js[22m[39m
[INFO] {"timestamp":"2026-02-20T23:39:18.925Z","level":"info","category":"test","action":"file_complete","requestId":null,"ip":null,"details":{"file":"unit/classification-pipeline.test.js","durationMs":52,"slow":false},"duration":52,"error":null}

[90mstdout[2m | tests/integration/importants.test.js[2m > [22m[2mImportants API[22m[39m
[startup] Database state: 0 sources, 0 persons, 0 quotes, 0 articles
[startup] Database path: E:\Github Repos\QuoteLog02\data\database.sqlite
[startup] Seeded 219 sources from sources-seed.json
[startup] Linked 219 sources to source_authors

[90mstderr[2m | tests/integration/importants.test.js[2m > [22m[2mImportants API[22m[39m
[startup] WARNING: 0 sources detected — auto-seeding from sources-seed.json

[90mstdout[2m | tests/integration/importants.test.js[2m > [22m[2mImportants API[2m > [22m[2mPOST /api/importants/toggle[2m > [22m[2mcreates record and increments count on first toggle[22m[39m
[INFO] {"timestamp":"2026-02-20T23:39:23.669Z","level":"info","category":"api","action":"request_complete","requestId":null,"ip":null,"details":{"method":"POST","path":"/toggle","statusCode":200,"duration":8,"requestId":"6c685f3f-92ea-4a1a-8a77-50bb9736506d","ip":"::ffff:127.0.0.1"},"duration":null,"error":null}

[90mstdout[2m | tests/integration/importants.test.js[2m > [22m[2mImportants API[2m > [22m[2mPOST /api/importants/toggle[2m > [22m[2mcreates record and increments count on first toggle[22m[39m
[INFO] {"timestamp":"2026-02-20T23:39:23.674Z","level":"info","category":"test","action":"test_complete","requestId":null,"ip":null,"details":{"test":"creates record and increments count on first toggle","file":"integration/importants.test.js","durationMs":40,"slow":false},"duration":40,"error":null}

[90mstdout[2m | tests/integration/importants.test.js[2m > [22m[2mImportants API[2m > [22m[2mPOST /api/importants/toggle[2m > [22m[2mremoves record and decrements count on second toggle[22m[39m
[INFO] {"timestamp":"2026-02-20T23:39:23.679Z","level":"info","category":"api","action":"request_complete","requestId":null,"ip":null,"details":{"method":"POST","path":"/toggle","statusCode":200,"duration":1,"requestId":"695b2a90-d2f9-4ede-8508-73368b29b977","ip":"::ffff:127.0.0.1"},"duration":null,"error":null}
[INFO] {"timestamp":"2026-02-20T23:39:23.681Z","level":"info","category":"test","action":"test_complete","requestId":null,"ip":null,"details":{"test":"removes record and decrements count on second toggle","file":"integration/importants.test.js","durationMs":6,"slow":false},"duration":6,"error":null}

[90mstdout[2m | tests/integration/importants.test.js[2m > [22m[2mImportants API[2m > [22m[2mPOST /api/importants/toggle[2m > [22m[2mcount never goes below 0[22m[39m
[INFO] {"timestamp":"2026-02-20T23:39:23.686Z","level":"info","category":"api","action":"request_complete","requestId":null,"ip":null,"details":{"method":"POST","path":"/toggle","statusCode":200,"duration":2,"requestId":"94cbdb87-a72a-4da2-91d8-8dbe097766ab","ip":"::ffff:127.0.0.1"},"duration":null,"error":null}
[INFO] {"timestamp":"2026-02-20T23:39:23.687Z","level":"info","category":"test","action":"test_complete","requestId":null,"ip":null,"details":{"test":"count never goes below 0","file":"integration/importants.test.js","durationMs":6,"slow":false},"duration":6,"error":null}

[90mstdout[2m | tests/integration/importants.test.js[2m > [22m[2mImportants API[2m > [22m[2mPOST /api/importants/toggle[2m > [22m[2mreturns 400 for invalid entity_type[22m[39m
[INFO] {"timestamp":"2026-02-20T23:39:23.691Z","level":"info","category":"api","action":"request_complete","requestId":null,"ip":null,"details":{"method":"POST","path":"/toggle","statusCode":400,"duration":1,"requestId":"72261c7e-183a-4cc4-a8fe-d215250f7f0a","ip":"::ffff:127.0.0.1"},"duration":null,"error":null}
[INFO] {"timestamp":"2026-02-20T23:39:23.692Z","level":"info","category":"test","action":"test_complete","requestId":null,"ip":null,"details":{"test":"returns 400 for invalid entity_type","file":"integration/importants.test.js","durationMs":5,"slow":false},"duration":5,"error":null}

[90mstdout[2m | tests/integration/importants.test.js[2m > [22m[2mImportants API[2m > [22m[2mPOST /api/importants/toggle[2m > [22m[2mreturns 400 for missing entity_id[22m[39m
[INFO] {"timestamp":"2026-02-20T23:39:23.696Z","level":"info","category":"api","action":"request_complete","requestId":null,"ip":null,"details":{"method":"POST","path":"/toggle","statusCode":400,"duration":0,"requestId":"89651a63-4c53-420b-8578-176ad9ddae2e","ip":"::ffff:127.0.0.1"},"duration":null,"error":null}
[INFO] {"timestamp":"2026-02-20T23:39:23.698Z","level":"info","category":"test","action":"test_complete","requestId":null,"ip":null,"details":{"test":"returns 400 for missing entity_id","file":"integration/importants.test.js","durationMs":5,"slow":false},"duration":5,"error":null}

[90mstdout[2m | tests/integration/importants.test.js[2m > [22m[2mImportants API[2m > [22m[2mPOST /api/importants/toggle[2m > [22m[2mreturns 404 for nonexistent entity[22m[39m
[INFO] {"timestamp":"2026-02-20T23:39:23.701Z","level":"info","category":"api","action":"request_complete","requestId":null,"ip":null,"details":{"method":"POST","path":"/toggle","statusCode":404,"duration":1,"requestId":"768257dc-8632-4636-86bf-bd4094313a92","ip":"::ffff:127.0.0.1"},"duration":null,"error":null}

[90mstdout[2m | tests/integration/importants.test.js[2m > [22m[2mImportants API[2m > [22m[2mPOST /api/importants/toggle[2m > [22m[2mreturns 404 for nonexistent entity[22m[39m
[INFO] {"timestamp":"2026-02-20T23:39:23.703Z","level":"info","category":"test","action":"test_complete","requestId":null,"ip":null,"details":{"test":"returns 404 for nonexistent entity","file":"integration/importants.test.js","durationMs":5,"slow":false},"duration":5,"error":null}

[90mstdout[2m | tests/integration/importants.test.js[2m > [22m[2mImportants API[2m > [22m[2mPOST /api/importants/toggle[2m > [22m[2mworks for article entity type[22m[39m
[INFO] {"timestamp":"2026-02-20T23:39:23.706Z","level":"info","category":"api","action":"request_complete","requestId":null,"ip":null,"details":{"method":"POST","path":"/toggle","statusCode":200,"duration":1,"requestId":"c28948cd-6e81-492f-bad1-68dc0be0853c","ip":"::ffff:127.0.0.1"},"duration":null,"error":null}
[INFO] {"timestamp":"2026-02-20T23:39:23.707Z","level":"info","category":"test","action":"test_complete","requestId":null,"ip":null,"details":{"test":"works for article entity type","file":"integration/importants.test.js","durationMs":5,"slow":false},"duration":5,"error":null}

[90mstdout[2m | tests/integration/importants.test.js[2m > [22m[2mImportants API[2m > [22m[2mPOST /api/importants/toggle[2m > [22m[2mworks for person entity type[22m[39m
[INFO] {"timestamp":"2026-02-20T23:39:23.711Z","level":"info","category":"api","action":"request_complete","requestId":null,"ip":null,"details":{"method":"POST","path":"/toggle","statusCode":200,"duration":1,"requestId":"1d94e0a6-2043-43ae-8882-9b8862a4cc40","ip":"::ffff:127.0.0.1"},"duration":null,"error":null}
[INFO] {"timestamp":"2026-02-20T23:39:23.712Z","level":"info","category":"test","action":"test_complete","requestId":null,"ip":null,"details":{"test":"works for person entity type","file":"integration/importants.test.js","durationMs":4,"slow":false},"duration":4,"error":null}

[90mstdout[2m | tests/integration/importants.test.js[2m > [22m[2mImportants API[2m > [22m[2mPOST /api/importants/toggle[2m > [22m[2mdifferent voters get independent toggle states[22m[39m
[INFO] {"timestamp":"2026-02-20T23:39:23.718Z","level":"info","category":"api","action":"request_complete","requestId":null,"ip":null,"details":{"method":"POST","path":"/toggle","statusCode":200,"duration":2,"requestId":"d20501c2-11f6-433a-8d64-cab1ff370076","ip":"::ffff:127.0.0.1"},"duration":null,"error":null}

[90mstdout[2m | tests/integration/importants.test.js[2m > [22m[2mImportants API[2m > [22m[2mPOST /api/importants/toggle[2m > [22m[2mdifferent voters get independent toggle states[22m[39m
[INFO] {"timestamp":"2026-02-20T23:39:23.723Z","level":"info","category":"api","action":"request_complete","requestId":null,"ip":null,"details":{"method":"POST","path":"/toggle","statusCode":200,"duration":1,"requestId":"a978fd3c-4c7e-4dc1-b143-7b2e5a7ba656","ip":"::ffff:127.0.0.1"},"duration":null,"error":null}

[90mstdout[2m | tests/integration/importants.test.js[2m > [22m[2mImportants API[2m > [22m[2mPOST /api/importants/toggle[2m > [22m[2mdifferent voters get independent toggle states[22m[39m
[INFO] {"timestamp":"2026-02-20T23:39:23.728Z","level":"info","category":"api","action":"request_complete","requestId":null,"ip":null,"details":{"method":"POST","path":"/toggle","statusCode":200,"duration":0,"requestId":"be780244-a5a8-4009-ad4d-73699168cb53","ip":"::ffff:127.0.0.1"},"duration":null,"error":null}
[INFO] {"timestamp":"2026-02-20T23:39:23.728Z","level":"info","category":"test","action":"test_complete","requestId":null,"ip":null,"details":{"test":"different voters get independent toggle states","file":"integration/importants.test.js","durationMs":16,"slow":false},"duration":16,"error":null}

[90mstdout[2m | tests/integration/importants.test.js[2m > [22m[2mImportants API[2m > [22m[2mGET /api/importants/status[2m > [22m[2mreturns correct boolean map for current voter[22m[39m
[INFO] {"timestamp":"2026-02-20T23:39:23.741Z","level":"info","category":"api","action":"request_complete","requestId":null,"ip":null,"details":{"method":"POST","path":"/toggle","statusCode":200,"duration":1,"requestId":"afa1e648-30c8-4919-bacf-157f1371ca61","ip":"::ffff:127.0.0.1"},"duration":null,"error":null}

[90mstdout[2m | tests/integration/importants.test.js[2m > [22m[2mImportants API[2m > [22m[2mGET /api/importants/status[2m > [22m[2mreturns correct boolean map for current voter[22m[39m
[INFO] {"timestamp":"2026-02-20T23:39:23.747Z","level":"info","category":"api","action":"request_complete","requestId":null,"ip":null,"details":{"method":"GET","path":"/status","statusCode":200,"duration":2,"requestId":"ebe496eb-802e-4793-8a16-b3db96f8dce0","ip":"::ffff:127.0.0.1"},"duration":null,"error":null}
[INFO] {"timestamp":"2026-02-20T23:39:23.748Z","level":"info","category":"test","action":"test_complete","requestId":null,"ip":null,"details":{"test":"returns correct boolean map for current voter","file":"integration/importants.test.js","durationMs":10,"slow":false},"duration":10,"error":null}

[90mstdout[2m | tests/integration/importants.test.js[2m > [22m[2mImportants API[2m > [22m[2mGET /api/importants/status[2m > [22m[2mreturns empty statuses for no entities param[22m[39m
[INFO] {"timestamp":"2026-02-20T23:39:23.751Z","level":"info","category":"api","action":"request_complete","requestId":null,"ip":null,"details":{"method":"GET","path":"/status","statusCode":200,"duration":1,"requestId":"43ee0111-a888-44b9-ad77-5c8fe485b4a2","ip":"::ffff:127.0.0.1"},"duration":null,"error":null}
[INFO] {"timestamp":"2026-02-20T23:39:23.753Z","level":"info","category":"test","action":"test_complete","requestId":null,"ip":null,"details":{"test":"returns empty statuses for no entities param","file":"integration/importants.test.js","durationMs":5,"slow":false},"duration":5,"error":null}

[90mstdout[2m | tests/integration/importants.test.js[2m > [22m[2mImportants API[2m > [22m[2mGET /api/quotes includes importants_count[2m > [22m[2mquote list includes importants_count field[22m[39m
[INFO] {"timestamp":"2026-02-20T23:39:23.757Z","level":"info","category":"api","action":"request_complete","requestId":null,"ip":null,"details":{"method":"GET","path":"/","statusCode":200,"duration":2,"requestId":"c6b29714-0023-48e5-8f1d-1d65a1c24965","ip":"::ffff:127.0.0.1"},"duration":null,"error":null}

[90mstdout[2m | tests/integration/importants.test.js[2m > [22m[2mImportants API[2m > [22m[2mGET /api/quotes includes importants_count[2m > [22m[2mquote list includes importants_count field[22m[39m
[INFO] {"timestamp":"2026-02-20T23:39:23.758Z","level":"info","category":"test","action":"test_complete","requestId":null,"ip":null,"details":{"test":"quote list includes importants_count field","file":"integration/importants.test.js","durationMs":5,"slow":false},"duration":5,"error":null}

[90mstdout[2m | tests/integration/importants.test.js[2m > [22m[2mImportants API[2m > [22m[2mGET /api/quotes includes importants_count[2m > [22m[2msingle quote detail includes importants_count field[22m[39m
[INFO] {"timestamp":"2026-02-20T23:39:23.762Z","level":"info","category":"api","action":"request_complete","requestId":null,"ip":null,"details":{"method":"GET","path":"/1","statusCode":200,"duration":2,"requestId":"85e2dbc2-e63f-43e6-99dc-79d7570eeb84","ip":"::ffff:127.0.0.1"},"duration":null,"error":null}
[INFO] {"timestamp":"2026-02-20T23:39:23.763Z","level":"info","category":"test","action":"test_complete","requestId":null,"ip":null,"details":{"test":"single quote detail includes importants_count field","file":"integration/importants.test.js","durationMs":4,"slow":false},"duration":4,"error":null}

[90mstdout[2m | tests/integration/importants.test.js[2m > [22m[2mImportants API[2m > [22m[2mPOST /api/importants/super-toggle[2m > [22m[2mreturns 401 without auth cookie[22m[39m
[INFO] {"timestamp":"2026-02-20T23:39:23.767Z","level":"info","category":"api","action":"request_complete","requestId":null,"ip":null,"details":{"method":"POST","path":"/super-toggle","statusCode":401,"duration":0,"requestId":"cb2e1ebf-5fc6-4a5d-9f65-8304c1554c18","ip":"::ffff:127.0.0.1"},"duration":null,"error":null}
[INFO] {"timestamp":"2026-02-20T23:39:23.767Z","level":"info","category":"test","action":"test_complete","requestId":null,"ip":null,"details":{"test":"returns 401 without auth cookie","file":"integration/importants.test.js","durationMs":4,"slow":false},"duration":4,"error":null}

[90mstdout[2m | tests/integration/importants.test.js[2m > [22m[2mImportants API[2m > [22m[2mPOST /api/importants/super-toggle[2m > [22m[2mreturns 400 for invalid entity_type[22m[39m
[INFO] {"timestamp":"2026-02-20T23:39:23.773Z","level":"info","category":"api","action":"request_complete","requestId":null,"ip":null,"details":{"method":"POST","path":"/super-toggle","statusCode":400,"duration":3,"requestId":"5bb7bb9e-7c7c-40c9-b098-9618ff18c894","ip":"::ffff:127.0.0.1"},"duration":null,"error":null}
[INFO] {"timestamp":"2026-02-20T23:39:23.775Z","level":"info","category":"test","action":"test_complete","requestId":null,"ip":null,"details":{"test":"returns 400 for invalid entity_type","file":"integration/importants.test.js","durationMs":7,"slow":false},"duration":7,"error":null}

[90mstdout[2m | tests/integration/importants.test.js[2m > [22m[2mImportants API[2m > [22m[2mPOST /api/importants/super-toggle[2m > [22m[2mreturns 400 for missing entity_id[22m[39m
[INFO] {"timestamp":"2026-02-20T23:39:23.779Z","level":"info","category":"api","action":"request_complete","requestId":null,"ip":null,"details":{"method":"POST","path":"/super-toggle","statusCode":400,"duration":2,"requestId":"984e748b-5545-4bd6-a9c6-c18979bfc184","ip":"::ffff:127.0.0.1"},"duration":null,"error":null}
[INFO] {"timestamp":"2026-02-20T23:39:23.780Z","level":"info","category":"test","action":"test_complete","requestId":null,"ip":null,"details":{"test":"returns 400 for missing entity_id","file":"integration/importants.test.js","durationMs":5,"slow":false},"duration":5,"error":null}

[90mstdout[2m | tests/integration/importants.test.js[2m > [22m[2mImportants API[2m > [22m[2mPOST /api/importants/super-toggle[2m > [22m[2mreturns 404 for nonexistent entity[22m[39m
[INFO] {"timestamp":"2026-02-20T23:39:23.784Z","level":"info","category":"api","action":"request_complete","requestId":null,"ip":null,"details":{"method":"POST","path":"/super-toggle","statusCode":404,"duration":2,"requestId":"2d44671c-1ddb-4406-bc66-c005fc70f91d","ip":"::ffff:127.0.0.1"},"duration":null,"error":null}
[INFO] {"timestamp":"2026-02-20T23:39:23.785Z","level":"info","category":"test","action":"test_complete","requestId":null,"ip":null,"details":{"test":"returns 404 for nonexistent entity","file":"integration/importants.test.js","durationMs":5,"slow":false},"duration":5,"error":null}

[90mstdout[2m | tests/integration/importants.test.js[2m > [22m[2mImportants API[2m > [22m[2mPOST /api/importants/super-toggle[2m > [22m[2mincrements importants_count by 100[22m[39m
[INFO] {"timestamp":"2026-02-20T23:39:23.790Z","level":"info","category":"api","action":"request_complete","requestId":null,"ip":null,"details":{"method":"POST","path":"/super-toggle","statusCode":200,"duration":2,"requestId":"e61a5a7b-8729-4094-bbfd-f003332c72d1","ip":"::ffff:127.0.0.1"},"duration":null,"error":null}
[INFO] {"timestamp":"2026-02-20T23:39:23.791Z","level":"info","category":"test","action":"test_complete","requestId":null,"ip":null,"details":{"test":"increments importants_count by 100","file":"integration/importants.test.js","durationMs":6,"slow":false},"duration":6,"error":null}

[90mstdout[2m | tests/integration/importants.test.js[2m > [22m[2mImportants API[2m > [22m[2mPOST /api/importants/super-toggle[2m > [22m[2mis additive — second call adds another 100[22m[39m
[INFO] {"timestamp":"2026-02-20T23:39:23.795Z","level":"info","category":"api","action":"request_complete","requestId":null,"ip":null,"details":{"method":"POST","path":"/super-toggle","statusCode":200,"duration":2,"requestId":"9b7661bb-cbf6-4831-8f3d-58aba2d88014","ip":"::ffff:127.0.0.1"},"duration":null,"error":null}
[INFO] {"timestamp":"2026-02-20T23:39:23.796Z","level":"info","category":"test","action":"test_complete","requestId":null,"ip":null,"details":{"test":"is additive — second call adds another 100","file":"integration/importants.test.js","durationMs":5,"slow":false},"duration":5,"error":null}

[90mstdout[2m | tests/integration/importants.test.js[2m > [22m[2mImportants API[2m > [22m[2mPOST /api/importants/super-toggle[2m > [22m[2mreturns correct response shape[22m[39m
[INFO] {"timestamp":"2026-02-20T23:39:23.801Z","level":"info","category":"api","action":"request_complete","requestId":null,"ip":null,"details":{"method":"POST","path":"/super-toggle","statusCode":200,"duration":2,"requestId":"cc7971c8-cae8-423e-9797-6a53b0d86b1d","ip":"::ffff:127.0.0.1"},"duration":null,"error":null}
[INFO] {"timestamp":"2026-02-20T23:39:23.802Z","level":"info","category":"test","action":"test_complete","requestId":null,"ip":null,"details":{"test":"returns correct response shape","file":"integration/importants.test.js","durationMs":6,"slow":false},"duration":6,"error":null}

[90mstdout[2m | tests/integration/importants.test.js[2m > [22m[2mImportants API[2m > [22m[2mPOST /api/importants/super-toggle[2m > [22m[2memits Socket.IO important_update event[22m[39m
[INFO] {"timestamp":"2026-02-20T23:39:23.807Z","level":"info","category":"api","action":"request_complete","requestId":null,"ip":null,"details":{"method":"POST","path":"/super-toggle","statusCode":200,"duration":2,"requestId":"8d33b57a-e2ef-47c6-84b2-ac74c4e1390f","ip":"::ffff:127.0.0.1"},"duration":null,"error":null}
[INFO] {"timestamp":"2026-02-20T23:39:23.808Z","level":"info","category":"test","action":"test_complete","requestId":null,"ip":null,"details":{"test":"emits Socket.IO important_update event","file":"integration/importants.test.js","durationMs":6,"slow":false},"duration":6,"error":null}

[90mstdout[2m | tests/integration/importants.test.js[2m > [22m[2mImportants API[2m > [22m[2mPOST /api/importants/super-toggle[2m > [22m[2mdoes NOT create an importants table row[22m[39m
[INFO] {"timestamp":"2026-02-20T23:39:23.813Z","level":"info","category":"api","action":"request_complete","requestId":null,"ip":null,"details":{"method":"POST","path":"/super-toggle","statusCode":200,"duration":2,"requestId":"87e174c6-2ebd-4912-abd9-30643b17747d","ip":"::ffff:127.0.0.1"},"duration":null,"error":null}
[INFO] {"timestamp":"2026-02-20T23:39:23.814Z","level":"info","category":"test","action":"test_complete","requestId":null,"ip":null,"details":{"test":"does NOT create an importants table row","file":"integration/importants.test.js","durationMs":5,"slow":false},"duration":5,"error":null}

[90mstdout[2m | tests/integration/importants.test.js[22m[39m
[INFO] {"timestamp":"2026-02-20T23:39:23.825Z","level":"info","category":"test","action":"file_complete","requestId":null,"ip":null,"details":{"file":"integration/importants.test.js","durationMs":4236,"slow":false},"duration":4236,"error":null}

 [32m✓[39m tests/integration/importants.test.js [2m ([22m[2m22 tests[22m[2m)[22m[33m 4599[2mms[22m[39m
[90mstdout[2m | tests/unit/taxonomy-evolution.test.js[2m > [22m[2mTaxonomy Evolution[2m > [22m[2manalyzeUnmatchedEntities[2m > [22m[2mfinds frequently occurring unmatched entities[22m[39m
[INFO] {"timestamp":"2026-02-20T23:39:24.712Z","level":"info","category":"test","action":"test_complete","requestId":null,"ip":null,"details":{"test":"finds frequently occurring unmatched entities","file":"unit/taxonomy-evolution.test.js","durationMs":15,"slow":false},"duration":15,"error":null}

[90mstdout[2m | tests/unit/taxonomy-evolution.test.js[2m > [22m[2mTaxonomy Evolution[2m > [22m[2manalyzeUnmatchedEntities[2m > [22m[2mignores entities with fewer than 3 occurrences[22m[39m
[INFO] {"timestamp":"2026-02-20T23:39:24.715Z","level":"info","category":"test","action":"test_complete","requestId":null,"ip":null,"details":{"test":"ignores entities with fewer than 3 occurrences","file":"unit/taxonomy-evolution.test.js","durationMs":1,"slow":false},"duration":1,"error":null}

[90mstdout[2m | tests/unit/taxonomy-evolution.test.js[2m > [22m[2mTaxonomy Evolution[2m > [22m[2manalyzeUnmatchedEntities[2m > [22m[2mignores suggestions outside the lookback window[22m[39m
[INFO] {"timestamp":"2026-02-20T23:39:24.716Z","level":"info","category":"test","action":"test_complete","requestId":null,"ip":null,"details":{"test":"ignores suggestions outside the lookback window","file":"unit/taxonomy-evolution.test.js","durationMs":1,"slow":false},"duration":1,"error":null}

[90mstdout[2m | tests/unit/taxonomy-evolution.test.js[2m > [22m[2mTaxonomy Evolution[2m > [22m[2manalyzeUnmatchedEntities[2m > [22m[2mignores non-pending suggestions[22m[39m
[INFO] {"timestamp":"2026-02-20T23:39:24.718Z","level":"info","category":"test","action":"test_complete","requestId":null,"ip":null,"details":{"test":"ignores non-pending suggestions","file":"unit/taxonomy-evolution.test.js","durationMs":1,"slow":false},"duration":1,"error":null}

[90mstdout[2m | tests/unit/taxonomy-evolution.test.js[2m > [22m[2mTaxonomy Evolution[2m > [22m[2manalyzeUnmatchedEntities[2m > [22m[2mreturns empty array when no suggestions exist[22m[39m
[INFO] {"timestamp":"2026-02-20T23:39:24.719Z","level":"info","category":"test","action":"test_complete","requestId":null,"ip":null,"details":{"test":"returns empty array when no suggestions exist","file":"unit/taxonomy-evolution.test.js","durationMs":1,"slow":false},"duration":1,"error":null}

[90mstdout[2m | tests/unit/taxonomy-evolution.test.js[2m > [22m[2mTaxonomy Evolution[2m > [22m[2msuggestAliasExpansions[2m > [22m[2mfinds keywords with multiple medium-confidence matches[22m[39m
[INFO] {"timestamp":"2026-02-20T23:39:24.721Z","level":"info","category":"test","action":"test_complete","requestId":null,"ip":null,"details":{"test":"finds keywords with multiple medium-confidence matches","file":"unit/taxonomy-evolution.test.js","durationMs":1,"slow":false},"duration":1,"error":null}

[90mstdout[2m | tests/unit/taxonomy-evolution.test.js[2m > [22m[2mTaxonomy Evolution[2m > [22m[2msuggestAliasExpansions[2m > [22m[2mignores high-confidence matches[22m[39m
[INFO] {"timestamp":"2026-02-20T23:39:24.722Z","level":"info","category":"test","action":"test_complete","requestId":null,"ip":null,"details":{"test":"ignores high-confidence matches","file":"unit/taxonomy-evolution.test.js","durationMs":1,"slow":false},"duration":1,"error":null}

[90mstdout[2m | tests/unit/taxonomy-evolution.test.js[2m > [22m[2mTaxonomy Evolution[2m > [22m[2msuggestAliasExpansions[2m > [22m[2mignores keywords with only one medium-confidence match[22m[39m
[INFO] {"timestamp":"2026-02-20T23:39:24.723Z","level":"info","category":"test","action":"test_complete","requestId":null,"ip":null,"details":{"test":"ignores keywords with only one medium-confidence match","file":"unit/taxonomy-evolution.test.js","durationMs":1,"slow":false},"duration":1,"error":null}

[90mstdout[2m | tests/unit/taxonomy-evolution.test.js[2m > [22m[2mTaxonomy Evolution[2m > [22m[2msuggestAliasExpansions[2m > [22m[2mreturns empty array when no medium-confidence matches exist[22m[39m
[INFO] {"timestamp":"2026-02-20T23:39:24.724Z","level":"info","category":"test","action":"test_complete","requestId":null,"ip":null,"details":{"test":"returns empty array when no medium-confidence matches exist","file":"unit/taxonomy-evolution.test.js","durationMs":1,"slow":false},"duration":1,"error":null}

[90mstdout[2m | tests/unit/taxonomy-evolution.test.js[2m > [22m[2mTaxonomy Evolution[2m > [22m[2mrunTaxonomyEvolution[2m > [22m[2mcreates keyword proposals from frequent unmatched entities[22m[39m
[INFO] {"timestamp":"2026-02-20T23:39:24.727Z","level":"info","category":"test","action":"test_complete","requestId":null,"ip":null,"details":{"test":"creates keyword proposals from frequent unmatched entities","file":"unit/taxonomy-evolution.test.js","durationMs":2,"slow":false},"duration":2,"error":null}

[90mstdout[2m | tests/unit/taxonomy-evolution.test.js[2m > [22m[2mTaxonomy Evolution[2m > [22m[2mrunTaxonomyEvolution[2m > [22m[2mcreates alias expansion suggestions[22m[39m
[INFO] {"timestamp":"2026-02-20T23:39:24.728Z","level":"info","category":"test","action":"test_complete","requestId":null,"ip":null,"details":{"test":"creates alias expansion suggestions","file":"unit/taxonomy-evolution.test.js","durationMs":1,"slow":false},"duration":1,"error":null}

[90mstdout[2m | tests/unit/taxonomy-evolution.test.js[2m > [22m[2mTaxonomy Evolution[2m > [22m[2mrunTaxonomyEvolution[2m > [22m[2mdoes not create duplicate keyword proposals[22m[39m
[INFO] {"timestamp":"2026-02-20T23:39:24.730Z","level":"info","category":"test","action":"test_complete","requestId":null,"ip":null,"details":{"test":"does not create duplicate keyword proposals","file":"unit/taxonomy-evolution.test.js","durationMs":1,"slow":false},"duration":1,"error":null}

[90mstdout[2m | tests/unit/taxonomy-evolution.test.js[2m > [22m[2mTaxonomy Evolution[2m > [22m[2mrunTaxonomyEvolution[2m > [22m[2mreturns zero counts when nothing to process[22m[39m
[INFO] {"timestamp":"2026-02-20T23:39:24.731Z","level":"info","category":"test","action":"test_complete","requestId":null,"ip":null,"details":{"test":"returns zero counts when nothing to process","file":"unit/taxonomy-evolution.test.js","durationMs":1,"slow":false},"duration":1,"error":null}

 [32m✓[39m tests/unit/taxonomy-evolution.test.js [2m ([22m[2m14 tests[22m[2m)[22m[90m 45[2mms[22m[39m
[90mstdout[2m | tests/unit/taxonomy-evolution.test.js[2m > [22m[2mTaxonomy Evolution[2m > [22m[2mrunTaxonomyEvolution[2m > [22m[2mhandles both proposals and expansions in one run[22m[39m
[INFO] {"timestamp":"2026-02-20T23:39:24.732Z","level":"info","category":"test","action":"test_complete","requestId":null,"ip":null,"details":{"test":"handles both proposals and expansions in one run","file":"unit/taxonomy-evolution.test.js","durationMs":1,"slow":false},"duration":1,"error":null}

[90mstdout[2m | tests/unit/taxonomy-evolution.test.js[22m[39m
[INFO] {"timestamp":"2026-02-20T23:39:24.733Z","level":"info","category":"test","action":"file_complete","requestId":null,"ip":null,"details":{"file":"unit/taxonomy-evolution.test.js","durationMs":44,"slow":false},"duration":44,"error":null}

[90mstdout[2m | tests/unit/historical-framework.test.js[2m > [22m[2mHistorical Provider Framework[2m > [22m[2mProviderInterface[2m > [22m[2mconstructor sets key and name[22m[39m
[INFO] {"timestamp":"2026-02-20T23:39:25.221Z","level":"info","category":"test","action":"test_complete","requestId":null,"ip":null,"details":{"test":"constructor sets key and name","file":"unit/historical-framework.test.js","durationMs":1,"slow":false},"duration":1,"error":null}

[90mstdout[2m | tests/unit/historical-framework.test.js[2m > [22m[2mHistorical Provider Framework[2m > [22m[2mProviderInterface[2m > [22m[2mfetchArticles throws by default[22m[39m
[INFO] {"timestamp":"2026-02-20T23:39:25.223Z","level":"info","category":"test","action":"test_complete","requestId":null,"ip":null,"details":{"test":"fetchArticles throws by default","file":"unit/historical-framework.test.js","durationMs":1,"slow":false},"duration":1,"error":null}

[90mstdout[2m | tests/unit/historical-framework.test.js[2m > [22m[2mHistorical Provider Framework[2m > [22m[2mProviderInterface[2m > [22m[2mtestConnection throws by default[22m[39m
[INFO] {"timestamp":"2026-02-20T23:39:25.224Z","level":"info","category":"test","action":"test_complete","requestId":null,"ip":null,"details":{"test":"testConnection throws by default","file":"unit/historical-framework.test.js","durationMs":0,"slow":false},"duration":0,"error":null}

[90mstdout[2m | tests/unit/historical-framework.test.js[2m > [22m[2mHistorical Provider Framework[2m > [22m[2mProvider Registry (mocked)[2m > [22m[2mgetAllProviders returns registered providers[22m[39m
[INFO] {"timestamp":"2026-02-20T23:39:25.225Z","level":"info","category":"test","action":"test_complete","requestId":null,"ip":null,"details":{"test":"getAllProviders returns registered providers","file":"unit/historical-framework.test.js","durationMs":1,"slow":false},"duration":1,"error":null}

[90mstdout[2m | tests/unit/historical-framework.test.js[2m > [22m[2mHistorical Provider Framework[2m > [22m[2mProvider Registry (mocked)[2m > [22m[2mgetProviderByKey returns correct provider[22m[39m
[INFO] {"timestamp":"2026-02-20T23:39:25.226Z","level":"info","category":"test","action":"test_complete","requestId":null,"ip":null,"details":{"test":"getProviderByKey returns correct provider","file":"unit/historical-framework.test.js","durationMs":0,"slow":false},"duration":0,"error":null}

[90mstdout[2m | tests/unit/historical-framework.test.js[2m > [22m[2mHistorical Provider Framework[2m > [22m[2mProvider Registry (mocked)[2m > [22m[2mgetProviderByKey returns undefined for unknown key[22m[39m
[INFO] {"timestamp":"2026-02-20T23:39:25.227Z","level":"info","category":"test","action":"test_complete","requestId":null,"ip":null,"details":{"test":"getProviderByKey returns undefined for unknown key","file":"unit/historical-framework.test.js","durationMs":0,"slow":false},"duration":0,"error":null}

[90mstdout[2m | tests/unit/historical-framework.test.js[2m > [22m[2mHistorical Provider Framework[2m > [22m[2mHistorical Fetcher[2m > [22m[2minserts articles from a successful provider[22m[39m
[INFO] {"timestamp":"2026-02-20T23:39:25.257Z","level":"info","category":"test","action":"test_complete","requestId":null,"ip":null,"details":{"test":"inserts articles from a successful provider","file":"unit/historical-framework.test.js","durationMs":30,"slow":false},"duration":30,"error":null}

[90mstdout[2m | tests/unit/historical-framework.test.js[2m > [22m[2mHistorical Provider Framework[2m > [22m[2mHistorical Fetcher[2m > [22m[2mhandles duplicate URLs via INSERT OR IGNORE[22m[39m
[INFO] {"timestamp":"2026-02-20T23:39:25.258Z","level":"info","category":"test","action":"test_complete","requestId":null,"ip":null,"details":{"test":"handles duplicate URLs via INSERT OR IGNORE","file":"unit/historical-framework.test.js","durationMs":1,"slow":false},"duration":1,"error":null}

[90mstdout[2m | tests/unit/historical-framework.test.js[2m > [22m[2mHistorical Provider Framework[2m > [22m[2mHistorical Fetcher[2m > [22m[2mupdates consecutive_failures on provider error[22m[39m
[INFO] {"timestamp":"2026-02-20T23:39:25.260Z","level":"info","category":"test","action":"test_complete","requestId":null,"ip":null,"details":{"test":"updates consecutive_failures on provider error","file":"unit/historical-framework.test.js","durationMs":1,"slow":false},"duration":1,"error":null}

[90mstderr[2m | tests/unit/historical-framework.test.js[2m > [22m[2mHistorical Provider Framework[2m > [22m[2mHistorical Fetcher[2m > [22m[2mupdates consecutive_failures on provider error[22m[39m
[ERROR] {"timestamp":"2026-02-20T23:39:25.259Z","level":"error","category":"historical","action":"provider_fetch_error","requestId":null,"ip":null,"details":{"provider":"test_provider_b","error":"Network timeout"},"duration":null,"error":null}

[90mstdout[2m | tests/unit/historical-framework.test.js[2m > [22m[2mHistorical Provider Framework[2m > [22m[2mHistorical Fetcher[2m > [22m[2mauto-disables provider after 5 consecutive failures[22m[39m
[INFO] {"timestamp":"2026-02-20T23:39:25.262Z","level":"info","category":"test","action":"test_complete","requestId":null,"ip":null,"details":{"test":"auto-disables provider after 5 consecutive failures","file":"unit/historical-framework.test.js","durationMs":1,"slow":false},"duration":1,"error":null}

[90mstderr[2m | tests/unit/historical-framework.test.js[2m > [22m[2mHistorical Provider Framework[2m > [22m[2mHistorical Fetcher[2m > [22m[2mauto-disables provider after 5 consecutive failures[22m[39m
[ERROR] {"timestamp":"2026-02-20T23:39:25.261Z","level":"error","category":"historical","action":"provider_fetch_error","requestId":null,"ip":null,"details":{"provider":"test_provider_b","error":"Persistent failure"},"duration":null,"error":null}
[WARN] {"timestamp":"2026-02-20T23:39:25.261Z","level":"warn","category":"historical","action":"provider_auto_disabled","requestId":null,"ip":null,"details":{"provider":"test_provider_b","reason":"5 consecutive failures"},"duration":null,"error":null}

[90mstdout[2m | tests/unit/historical-framework.test.js[2m > [22m[2mHistorical Provider Framework[2m > [22m[2mHistorical Fetcher[2m > [22m[2mresets consecutive_failures on success[22m[39m
[INFO] {"timestamp":"2026-02-20T23:39:25.263Z","level":"info","category":"test","action":"test_complete","requestId":null,"ip":null,"details":{"test":"resets consecutive_failures on success","file":"unit/historical-framework.test.js","durationMs":1,"slow":false},"duration":1,"error":null}

[90mstdout[2m | tests/unit/historical-framework.test.js[2m > [22m[2mHistorical Provider Framework[2m > [22m[2mHistorical Fetcher[2m > [22m[2mstores prefetched_text when provided[22m[39m
[INFO] {"timestamp":"2026-02-20T23:39:25.264Z","level":"info","category":"test","action":"test_complete","requestId":null,"ip":null,"details":{"test":"stores prefetched_text when provided","file":"unit/historical-framework.test.js","durationMs":1,"slow":false},"duration":1,"error":null}

[90mstdout[2m | tests/unit/historical-framework.test.js[2m > [22m[2mHistorical Provider Framework[2m > [22m[2mHistorical Fetcher[2m > [22m[2mreturns empty results when no providers are enabled[22m[39m
[INFO] {"timestamp":"2026-02-20T23:39:25.265Z","level":"info","category":"test","action":"test_complete","requestId":null,"ip":null,"details":{"test":"returns empty results when no providers are enabled","file":"unit/historical-framework.test.js","durationMs":0,"slow":false},"duration":0,"error":null}

[90mstdout[2m | tests/unit/historical-framework.test.js[2m > [22m[2mHistorical Provider Framework[2m > [22m[2mHistorical Fetcher[2m > [22m[2msets historical_source_id correctly on inserted articles[22m[39m
[INFO] {"timestamp":"2026-02-20T23:39:25.265Z","level":"info","category":"test","action":"test_complete","requestId":null,"ip":null,"details":{"test":"sets historical_source_id correctly on inserted articles","file":"unit/historical-framework.test.js","durationMs":1,"slow":false},"duration":1,"error":null}

[90mstdout[2m | tests/unit/historical-framework.test.js[2m > [22m[2mHistorical Provider Framework[2m > [22m[2mHistorical Fetcher[2m > [22m[2mupdates total_articles_fetched on success[22m[39m
[INFO] {"timestamp":"2026-02-20T23:39:25.267Z","level":"info","category":"test","action":"test_complete","requestId":null,"ip":null,"details":{"test":"updates total_articles_fetched on success","file":"unit/historical-framework.test.js","durationMs":1,"slow":false},"duration":1,"error":null}

 [32m✓[39m tests/unit/historical-framework.test.js [2m ([22m[2m15 tests[22m[2m)[22m[90m 85[2mms[22m[39m
[90mstdout[2m | tests/unit/historical-framework.test.js[22m[39m
[INFO] {"timestamp":"2026-02-20T23:39:25.275Z","level":"info","category":"test","action":"file_complete","requestId":null,"ip":null,"details":{"file":"unit/historical-framework.test.js","durationMs":84,"slow":false},"duration":84,"error":null}

 [32m✓[39m tests/unit/historical-schema.test.js [2m ([22m[2m22 tests[22m[2m)[22m[90m 55[2mms[22m[39m
[90mstdout[2m | tests/unit/historical-schema.test.js[2m > [22m[2mHistorical Quote Backfill — Schema[2m > [22m[2mhistorical_sources table[2m > [22m[2mtable exists[22m[39m
[INFO] {"timestamp":"2026-02-20T23:39:25.745Z","level":"info","category":"test","action":"test_complete","requestId":null,"ip":null,"details":{"test":"table exists","file":"unit/historical-schema.test.js","durationMs":1,"slow":false},"duration":1,"error":null}

[90mstdout[2m | tests/unit/historical-schema.test.js[2m > [22m[2mHistorical Quote Backfill — Schema[2m > [22m[2mhistorical_sources table[2m > [22m[2mhas all expected columns[22m[39m
[INFO] {"timestamp":"2026-02-20T23:39:25.748Z","level":"info","category":"test","action":"test_complete","requestId":null,"ip":null,"details":{"test":"has all expected columns","file":"unit/historical-schema.test.js","durationMs":2,"slow":false},"duration":2,"error":null}

[90mstdout[2m | tests/unit/historical-schema.test.js[2m > [22m[2mHistorical Quote Backfill — Schema[2m > [22m[2mhistorical_sources table[2m > [22m[2mprovider_key is UNIQUE[22m[39m
[INFO] {"timestamp":"2026-02-20T23:39:25.749Z","level":"info","category":"test","action":"test_complete","requestId":null,"ip":null,"details":{"test":"provider_key is UNIQUE","file":"unit/historical-schema.test.js","durationMs":1,"slow":false},"duration":1,"error":null}

[90mstdout[2m | tests/unit/historical-schema.test.js[2m > [22m[2mHistorical Quote Backfill — Schema[2m > [22m[2mhistorical_sources table[2m > [22m[2mstatus CHECK constraint rejects invalid values[22m[39m
[INFO] {"timestamp":"2026-02-20T23:39:25.750Z","level":"info","category":"test","action":"test_complete","requestId":null,"ip":null,"details":{"test":"status CHECK constraint rejects invalid values","file":"unit/historical-schema.test.js","durationMs":0,"slow":false},"duration":0,"error":null}

[90mstdout[2m | tests/unit/historical-schema.test.js[2m > [22m[2mHistorical Quote Backfill — Schema[2m > [22m[2mhistorical_sources table[2m > [22m[2mdefaults are correct[22m[39m
[INFO] {"timestamp":"2026-02-20T23:39:25.751Z","level":"info","category":"test","action":"test_complete","requestId":null,"ip":null,"details":{"test":"defaults are correct","file":"unit/historical-schema.test.js","durationMs":1,"slow":false},"duration":1,"error":null}

[90mstdout[2m | tests/unit/historical-schema.test.js[2m > [22m[2mHistorical Quote Backfill — Schema[2m > [22m[2mhistorical_sources table[2m > [22m[2mindexes exist[22m[39m
[INFO] {"timestamp":"2026-02-20T23:39:25.751Z","level":"info","category":"test","action":"test_complete","requestId":null,"ip":null,"details":{"test":"indexes exist","file":"unit/historical-schema.test.js","durationMs":0,"slow":false},"duration":0,"error":null}

[90mstdout[2m | tests/unit/historical-schema.test.js[2m > [22m[2mHistorical Quote Backfill — Schema[2m > [22m[2mhistorical_sources seed data[2m > [22m[2m5 default providers exist[22m[39m
[INFO] {"timestamp":"2026-02-20T23:39:25.752Z","level":"info","category":"test","action":"test_complete","requestId":null,"ip":null,"details":{"test":"5 default providers exist","file":"unit/historical-schema.test.js","durationMs":0,"slow":false},"duration":0,"error":null}

[90mstdout[2m | tests/unit/historical-schema.test.js[2m > [22m[2mHistorical Quote Backfill — Schema[2m > [22m[2mhistorical_sources seed data[2m > [22m[2mwikiquote provider exists[22m[39m
[INFO] {"timestamp":"2026-02-20T23:39:25.753Z","level":"info","category":"test","action":"test_complete","requestId":null,"ip":null,"details":{"test":"wikiquote provider exists","file":"unit/historical-schema.test.js","durationMs":0,"slow":false},"duration":0,"error":null}

[90mstdout[2m | tests/unit/historical-schema.test.js[2m > [22m[2mHistorical Quote Backfill — Schema[2m > [22m[2mhistorical_sources seed data[2m > [22m[2mchronicling_america provider exists[22m[39m
[INFO] {"timestamp":"2026-02-20T23:39:25.753Z","level":"info","category":"test","action":"test_complete","requestId":null,"ip":null,"details":{"test":"chronicling_america provider exists","file":"unit/historical-schema.test.js","durationMs":0,"slow":false},"duration":0,"error":null}

[90mstdout[2m | tests/unit/historical-schema.test.js[2m > [22m[2mHistorical Quote Backfill — Schema[2m > [22m[2mhistorical_sources seed data[2m > [22m[2mwayback provider exists[22m[39m
[INFO] {"timestamp":"2026-02-20T23:39:25.754Z","level":"info","category":"test","action":"test_complete","requestId":null,"ip":null,"details":{"test":"wayback provider exists","file":"unit/historical-schema.test.js","durationMs":0,"slow":false},"duration":0,"error":null}

[90mstdout[2m | tests/unit/historical-schema.test.js[2m > [22m[2mHistorical Quote Backfill — Schema[2m > [22m[2mhistorical_sources seed data[2m > [22m[2mgovinfo provider exists[22m[39m
[INFO] {"timestamp":"2026-02-20T23:39:25.754Z","level":"info","category":"test","action":"test_complete","requestId":null,"ip":null,"details":{"test":"govinfo provider exists","file":"unit/historical-schema.test.js","durationMs":0,"slow":false},"duration":0,"error":null}

[90mstdout[2m | tests/unit/historical-schema.test.js[2m > [22m[2mHistorical Quote Backfill — Schema[2m > [22m[2mhistorical_sources seed data[2m > [22m[2mpresidency_project provider exists[22m[39m
[INFO] {"timestamp":"2026-02-20T23:39:25.755Z","level":"info","category":"test","action":"test_complete","requestId":null,"ip":null,"details":{"test":"presidency_project provider exists","file":"unit/historical-schema.test.js","durationMs":0,"slow":false},"duration":0,"error":null}

[90mstdout[2m | tests/unit/historical-schema.test.js[2m > [22m[2mHistorical Quote Backfill — Schema[2m > [22m[2mhistorical_sources seed data[2m > [22m[2mINSERT OR IGNORE does not duplicate on re-run[22m[39m
[INFO] {"timestamp":"2026-02-20T23:39:25.755Z","level":"info","category":"test","action":"test_complete","requestId":null,"ip":null,"details":{"test":"INSERT OR IGNORE does not duplicate on re-run","file":"unit/historical-schema.test.js","durationMs":0,"slow":false},"duration":0,"error":null}

[90mstdout[2m | tests/unit/historical-schema.test.js[2m > [22m[2mHistorical Quote Backfill — Schema[2m > [22m[2marticles.historical_source_id column[2m > [22m[2mcolumn exists and is nullable[22m[39m
[INFO] {"timestamp":"2026-02-20T23:39:25.756Z","level":"info","category":"test","action":"test_complete","requestId":null,"ip":null,"details":{"test":"column exists and is nullable","file":"unit/historical-schema.test.js","durationMs":0,"slow":false},"duration":0,"error":null}

[90mstdout[2m | tests/unit/historical-schema.test.js[2m > [22m[2mHistorical Quote Backfill — Schema[2m > [22m[2marticles.historical_source_id column[2m > [22m[2mNULL for RSS-sourced articles[22m[39m
[INFO] {"timestamp":"2026-02-20T23:39:25.757Z","level":"info","category":"test","action":"test_complete","requestId":null,"ip":null,"details":{"test":"NULL for RSS-sourced articles","file":"unit/historical-schema.test.js","durationMs":0,"slow":false},"duration":0,"error":null}

[90mstdout[2m | tests/unit/historical-schema.test.js[2m > [22m[2mHistorical Quote Backfill — Schema[2m > [22m[2marticles.historical_source_id column[2m > [22m[2mcan reference historical_sources[22m[39m
[INFO] {"timestamp":"2026-02-20T23:39:25.757Z","level":"info","category":"test","action":"test_complete","requestId":null,"ip":null,"details":{"test":"can reference historical_sources","file":"unit/historical-schema.test.js","durationMs":0,"slow":false},"duration":0,"error":null}

[90mstdout[2m | tests/unit/historical-schema.test.js[2m > [22m[2mHistorical Quote Backfill — Schema[2m > [22m[2marticles.historical_source_id column[2m > [22m[2mindex exists[22m[39m
[INFO] {"timestamp":"2026-02-20T23:39:25.758Z","level":"info","category":"test","action":"test_complete","requestId":null,"ip":null,"details":{"test":"index exists","file":"unit/historical-schema.test.js","durationMs":0,"slow":false},"duration":0,"error":null}

[90mstdout[2m | tests/unit/historical-schema.test.js[2m > [22m[2mHistorical Quote Backfill — Schema[2m > [22m[2marticles.prefetched_text column[2m > [22m[2mcolumn exists and is nullable[22m[39m
[INFO] {"timestamp":"2026-02-20T23:39:25.758Z","level":"info","category":"test","action":"test_complete","requestId":null,"ip":null,"details":{"test":"column exists and is nullable","file":"unit/historical-schema.test.js","durationMs":0,"slow":false},"duration":0,"error":null}

[90mstdout[2m | tests/unit/historical-schema.test.js[2m > [22m[2mHistorical Quote Backfill — Schema[2m > [22m[2marticles.prefetched_text column[2m > [22m[2mNULL for RSS articles[22m[39m
[INFO] {"timestamp":"2026-02-20T23:39:25.759Z","level":"info","category":"test","action":"test_complete","requestId":null,"ip":null,"details":{"test":"NULL for RSS articles","file":"unit/historical-schema.test.js","durationMs":0,"slow":false},"duration":0,"error":null}

[90mstdout[2m | tests/unit/historical-schema.test.js[2m > [22m[2mHistorical Quote Backfill — Schema[2m > [22m[2marticles.prefetched_text column[2m > [22m[2mcan store prefetched text for historical articles[22m[39m
[INFO] {"timestamp":"2026-02-20T23:39:25.759Z","level":"info","category":"test","action":"test_complete","requestId":null,"ip":null,"details":{"test":"can store prefetched text for historical articles","file":"unit/historical-schema.test.js","durationMs":0,"slow":false},"duration":0,"error":null}

[90mstdout[2m | tests/unit/historical-schema.test.js[2m > [22m[2mHistorical Quote Backfill — Schema[2m > [22m[2mhistorical settings[2m > [22m[2mhistorical_fetch_enabled setting exists with default 1[22m[39m
[INFO] {"timestamp":"2026-02-20T23:39:25.759Z","level":"info","category":"test","action":"test_complete","requestId":null,"ip":null,"details":{"test":"historical_fetch_enabled setting exists with default 1","file":"unit/historical-schema.test.js","durationMs":0,"slow":false},"duration":0,"error":null}

[90mstdout[2m | tests/unit/historical-schema.test.js[2m > [22m[2mHistorical Quote Backfill — Schema[2m > [22m[2mhistorical settings[2m > [22m[2mhistorical_articles_per_source_per_cycle setting exists with default 5[22m[39m
[INFO] {"timestamp":"2026-02-20T23:39:25.760Z","level":"info","category":"test","action":"test_complete","requestId":null,"ip":null,"details":{"test":"historical_articles_per_source_per_cycle setting exists with default 5","file":"unit/historical-schema.test.js","durationMs":0,"slow":false},"duration":0,"error":null}

[90mstdout[2m | tests/unit/historical-schema.test.js[22m[39m
[INFO] {"timestamp":"2026-02-20T23:39:25.769Z","level":"info","category":"test","action":"file_complete","requestId":null,"ip":null,"details":{"file":"unit/historical-schema.test.js","durationMs":55,"slow":false},"duration":55,"error":null}

[90mstdout[2m | tests/integration/keywords-api.test.js[2m > [22m[2mKeywords API[22m[39m
[startup] Database state: 0 sources, 0 persons, 0 quotes, 0 articles
[startup] Database path: E:\Github Repos\QuoteLog02\data\database.sqlite
[startup] Seeded 219 sources from sources-seed.json
[startup] Linked 219 sources to source_authors

[90mstderr[2m | tests/integration/keywords-api.test.js[2m > [22m[2mKeywords API[22m[39m
[startup] WARNING: 0 sources detected — auto-seeding from sources-seed.json

[90mstdout[2m | tests/integration/keywords-api.test.js[2m > [22m[2mKeywords API[2m > [22m[2mAuth protection[2m > [22m[2mGET /api/admin/keywords returns 401 without auth[22m[39m
[INFO] {"timestamp":"2026-02-20T23:39:30.547Z","level":"info","category":"api","action":"request_complete","requestId":null,"ip":null,"details":{"method":"GET","path":"/keywords","statusCode":401,"duration":9,"requestId":"8e2c30a4-dbd0-4f1a-bf9c-c376a77a890b","ip":"::ffff:127.0.0.1"},"duration":null,"error":null}

[90mstdout[2m | tests/integration/keywords-api.test.js[2m > [22m[2mKeywords API[2m > [22m[2mAuth protection[2m > [22m[2mGET /api/admin/keywords returns 401 without auth[22m[39m
[INFO] {"timestamp":"2026-02-20T23:39:30.552Z","level":"info","category":"test","action":"test_complete","requestId":null,"ip":null,"details":{"test":"GET /api/admin/keywords returns 401 without auth","file":"integration/keywords-api.test.js","durationMs":29,"slow":false},"duration":29,"error":null}

[90mstdout[2m | tests/integration/keywords-api.test.js[2m > [22m[2mKeywords API[2m > [22m[2mAuth protection[2m > [22m[2mPOST /api/admin/keywords returns 401 without auth[22m[39m
[INFO] {"timestamp":"2026-02-20T23:39:30.571Z","level":"info","category":"api","action":"request_complete","requestId":null,"ip":null,"details":{"method":"POST","path":"/keywords","statusCode":401,"duration":0,"requestId":"039bac9d-e2c5-40fc-ab69-44e5c95698fb","ip":"::ffff:127.0.0.1"},"duration":null,"error":null}

[90mstdout[2m | tests/integration/keywords-api.test.js[2m > [22m[2mKeywords API[2m > [22m[2mAuth protection[2m > [22m[2mPOST /api/admin/keywords returns 401 without auth[22m[39m
[INFO] {"timestamp":"2026-02-20T23:39:30.572Z","level":"info","category":"test","action":"test_complete","requestId":null,"ip":null,"details":{"test":"POST /api/admin/keywords returns 401 without auth","file":"integration/keywords-api.test.js","durationMs":19,"slow":false},"duration":19,"error":null}

[90mstdout[2m | tests/integration/keywords-api.test.js[2m > [22m[2mKeywords API[2m > [22m[2mPOST /api/admin/keywords[2m > [22m[2mcreates a keyword with name only[22m[39m
[INFO] {"timestamp":"2026-02-20T23:39:30.580Z","level":"info","category":"api","action":"request_complete","requestId":null,"ip":null,"details":{"method":"POST","path":"/keywords","statusCode":201,"duration":4,"requestId":"7d94835f-1564-41f5-ae39-ae9b3ee0dfba","ip":"::ffff:127.0.0.1"},"duration":null,"error":null}
[INFO] {"timestamp":"2026-02-20T23:39:30.582Z","level":"info","category":"test","action":"test_complete","requestId":null,"ip":null,"details":{"test":"creates a keyword with name only","file":"integration/keywords-api.test.js","durationMs":9,"slow":false},"duration":9,"error":null}

[90mstdout[2m | tests/integration/keywords-api.test.js[2m > [22m[2mKeywords API[2m > [22m[2mPOST /api/admin/keywords[2m > [22m[2mcreates a keyword with aliases[22m[39m
[INFO] {"timestamp":"2026-02-20T23:39:30.588Z","level":"info","category":"api","action":"request_complete","requestId":null,"ip":null,"details":{"method":"POST","path":"/keywords","statusCode":201,"duration":3,"requestId":"827b1115-6e02-4158-bde6-feb4e74c25db","ip":"::ffff:127.0.0.1"},"duration":null,"error":null}
[INFO] {"timestamp":"2026-02-20T23:39:30.589Z","level":"info","category":"test","action":"test_complete","requestId":null,"ip":null,"details":{"test":"creates a keyword with aliases","file":"integration/keywords-api.test.js","durationMs":7,"slow":false},"duration":7,"error":null}

[90mstdout[2m | tests/integration/keywords-api.test.js[2m > [22m[2mKeywords API[2m > [22m[2mPOST /api/admin/keywords[2m > [22m[2mreturns 400 for missing name[22m[39m
[INFO] {"timestamp":"2026-02-20T23:39:30.594Z","level":"info","category":"api","action":"request_complete","requestId":null,"ip":null,"details":{"method":"POST","path":"/keywords","statusCode":400,"duration":2,"requestId":"bc32c1a5-69e1-4f85-9e72-2b3c62acfd67","ip":"::ffff:127.0.0.1"},"duration":null,"error":null}

[90mstdout[2m | tests/integration/keywords-api.test.js[2m > [22m[2mKeywords API[2m > [22m[2mPOST /api/admin/keywords[2m > [22m[2mreturns 400 for missing name[22m[39m
[INFO] {"timestamp":"2026-02-20T23:39:30.596Z","level":"info","category":"test","action":"test_complete","requestId":null,"ip":null,"details":{"test":"returns 400 for missing name","file":"integration/keywords-api.test.js","durationMs":6,"slow":false},"duration":6,"error":null}

[90mstdout[2m | tests/integration/keywords-api.test.js[2m > [22m[2mKeywords API[2m > [22m[2mPOST /api/admin/keywords[2m > [22m[2mreturns 400 for empty name[22m[39m
[INFO] {"timestamp":"2026-02-20T23:39:30.601Z","level":"info","category":"api","action":"request_complete","requestId":null,"ip":null,"details":{"method":"POST","path":"/keywords","statusCode":400,"duration":2,"requestId":"b0a9b38c-5741-4d23-b1b0-ee42f0937261","ip":"::ffff:127.0.0.1"},"duration":null,"error":null}
[INFO] {"timestamp":"2026-02-20T23:39:30.602Z","level":"info","category":"test","action":"test_complete","requestId":null,"ip":null,"details":{"test":"returns 400 for empty name","file":"integration/keywords-api.test.js","durationMs":6,"slow":false},"duration":6,"error":null}

[90mstdout[2m | tests/integration/keywords-api.test.js[2m > [22m[2mKeywords API[2m > [22m[2mPOST /api/admin/keywords[2m > [22m[2mreturns 409 for duplicate name[22m[39m
[INFO] {"timestamp":"2026-02-20T23:39:30.607Z","level":"info","category":"api","action":"request_complete","requestId":null,"ip":null,"details":{"method":"POST","path":"/keywords","statusCode":409,"duration":2,"requestId":"2a654657-53e8-40a6-afba-8c361597b966","ip":"::ffff:127.0.0.1"},"duration":null,"error":null}
[INFO] {"timestamp":"2026-02-20T23:39:30.608Z","level":"info","category":"test","action":"test_complete","requestId":null,"ip":null,"details":{"test":"returns 409 for duplicate name","file":"integration/keywords-api.test.js","durationMs":6,"slow":false},"duration":6,"error":null}

[90mstdout[2m | tests/integration/keywords-api.test.js[2m > [22m[2mKeywords API[2m > [22m[2mPOST /api/admin/keywords[2m > [22m[2mtrims whitespace from name[22m[39m
[INFO] {"timestamp":"2026-02-20T23:39:30.613Z","level":"info","category":"api","action":"request_complete","requestId":null,"ip":null,"details":{"method":"POST","path":"/keywords","statusCode":201,"duration":2,"requestId":"a85de676-f9dd-4a2c-9fd9-568791edd591","ip":"::ffff:127.0.0.1"},"duration":null,"error":null}
[INFO] {"timestamp":"2026-02-20T23:39:30.614Z","level":"info","category":"test","action":"test_complete","requestId":null,"ip":null,"details":{"test":"trims whitespace from name","file":"integration/keywords-api.test.js","durationMs":5,"slow":false},"duration":5,"error":null}

[90mstdout[2m | tests/integration/keywords-api.test.js[2m > [22m[2mKeywords API[2m > [22m[2mGET /api/admin/keywords[2m > [22m[2mlists all keywords with counts[22m[39m
[INFO] {"timestamp":"2026-02-20T23:39:30.621Z","level":"info","category":"api","action":"request_complete","requestId":null,"ip":null,"details":{"method":"GET","path":"/keywords","statusCode":200,"duration":3,"requestId":"906747e0-0635-4b57-93d9-fd292bd08f68","ip":"::ffff:127.0.0.1"},"duration":null,"error":null}
[INFO] {"timestamp":"2026-02-20T23:39:30.622Z","level":"info","category":"test","action":"test_complete","requestId":null,"ip":null,"details":{"test":"lists all keywords with counts","file":"integration/keywords-api.test.js","durationMs":8,"slow":false},"duration":8,"error":null}

[90mstdout[2m | tests/integration/keywords-api.test.js[2m > [22m[2mKeywords API[2m > [22m[2mGET /api/admin/keywords[2m > [22m[2mreturns keywords sorted by name[22m[39m
[INFO] {"timestamp":"2026-02-20T23:39:30.627Z","level":"info","category":"api","action":"request_complete","requestId":null,"ip":null,"details":{"method":"GET","path":"/keywords","statusCode":200,"duration":2,"requestId":"b5df66a0-e391-4a52-9b01-822b202d85dd","ip":"::ffff:127.0.0.1"},"duration":null,"error":null}

[90mstdout[2m | tests/integration/keywords-api.test.js[2m > [22m[2mKeywords API[2m > [22m[2mGET /api/admin/keywords[2m > [22m[2mreturns keywords sorted by name[22m[39m
[INFO] {"timestamp":"2026-02-20T23:39:30.628Z","level":"info","category":"test","action":"test_complete","requestId":null,"ip":null,"details":{"test":"returns keywords sorted by name","file":"integration/keywords-api.test.js","durationMs":6,"slow":false},"duration":6,"error":null}

[90mstdout[2m | tests/integration/keywords-api.test.js[2m > [22m[2mKeywords API[2m > [22m[2mGET /api/admin/keywords/:id[22m[39m
[INFO] {"timestamp":"2026-02-20T23:39:30.634Z","level":"info","category":"api","action":"request_complete","requestId":null,"ip":null,"details":{"method":"GET","path":"/keywords","statusCode":200,"duration":3,"requestId":"5c0120d4-7401-4450-98df-e612cd41cb3a","ip":"::ffff:127.0.0.1"},"duration":null,"error":null}

[90mstdout[2m | tests/integration/keywords-api.test.js[2m > [22m[2mKeywords API[2m > [22m[2mGET /api/admin/keywords/:id[2m > [22m[2mreturns keyword with aliases[22m[39m
[INFO] {"timestamp":"2026-02-20T23:39:30.639Z","level":"info","category":"api","action":"request_complete","requestId":null,"ip":null,"details":{"method":"GET","path":"/keywords/2","statusCode":200,"duration":2,"requestId":"4948aed0-c252-4544-a71c-324f44f7f24e","ip":"::ffff:127.0.0.1"},"duration":null,"error":null}
[INFO] {"timestamp":"2026-02-20T23:39:30.641Z","level":"info","category":"test","action":"test_complete","requestId":null,"ip":null,"details":{"test":"returns keyword with aliases","file":"integration/keywords-api.test.js","durationMs":6,"slow":false},"duration":6,"error":null}

[90mstdout[2m | tests/integration/keywords-api.test.js[2m > [22m[2mKeywords API[2m > [22m[2mGET /api/admin/keywords/:id[2m > [22m[2mreturns 404 for nonexistent keyword[22m[39m
[INFO] {"timestamp":"2026-02-20T23:39:30.645Z","level":"info","category":"api","action":"request_complete","requestId":null,"ip":null,"details":{"method":"GET","path":"/keywords/999999","statusCode":404,"duration":2,"requestId":"a118836e-e2c5-417b-b14a-ea0211cc4bf6","ip":"::ffff:127.0.0.1"},"duration":null,"error":null}
[INFO] {"timestamp":"2026-02-20T23:39:30.646Z","level":"info","category":"test","action":"test_complete","requestId":null,"ip":null,"details":{"test":"returns 404 for nonexistent keyword","file":"integration/keywords-api.test.js","durationMs":5,"slow":false},"duration":5,"error":null}

[90mstdout[2m | tests/integration/keywords-api.test.js[2m > [22m[2mKeywords API[2m > [22m[2mPUT /api/admin/keywords/:id[22m[39m
[INFO] {"timestamp":"2026-02-20T23:39:30.651Z","level":"info","category":"api","action":"request_complete","requestId":null,"ip":null,"details":{"method":"GET","path":"/keywords","statusCode":200,"duration":2,"requestId":"0ace7cb5-14e7-451c-92d7-7b1afe8b5917","ip":"::ffff:127.0.0.1"},"duration":null,"error":null}

[90mstdout[2m | tests/integration/keywords-api.test.js[2m > [22m[2mKeywords API[2m > [22m[2mPUT /api/admin/keywords/:id[2m > [22m[2mupdates keyword name[22m[39m
[INFO] {"timestamp":"2026-02-20T23:39:30.657Z","level":"info","category":"api","action":"request_complete","requestId":null,"ip":null,"details":{"method":"PUT","path":"/keywords/1","statusCode":200,"duration":2,"requestId":"07f42055-9e71-48f9-b658-7e4988f8b542","ip":"::ffff:127.0.0.1"},"duration":null,"error":null}
[INFO] {"timestamp":"2026-02-20T23:39:30.658Z","level":"info","category":"test","action":"test_complete","requestId":null,"ip":null,"details":{"test":"updates keyword name","file":"integration/keywords-api.test.js","durationMs":5,"slow":false},"duration":5,"error":null}

[90mstdout[2m | tests/integration/keywords-api.test.js[2m > [22m[2mKeywords API[2m > [22m[2mPUT /api/admin/keywords/:id[2m > [22m[2mreturns 404 for nonexistent keyword[22m[39m
[INFO] {"timestamp":"2026-02-20T23:39:30.662Z","level":"info","category":"api","action":"request_complete","requestId":null,"ip":null,"details":{"method":"PUT","path":"/keywords/999999","statusCode":404,"duration":2,"requestId":"8223c659-c5e7-4b35-b545-03e910122a04","ip":"::ffff:127.0.0.1"},"duration":null,"error":null}
[INFO] {"timestamp":"2026-02-20T23:39:30.663Z","level":"info","category":"test","action":"test_complete","requestId":null,"ip":null,"details":{"test":"returns 404 for nonexistent keyword","file":"integration/keywords-api.test.js","durationMs":5,"slow":false},"duration":5,"error":null}

[90mstdout[2m | tests/integration/keywords-api.test.js[2m > [22m[2mKeywords API[2m > [22m[2mPUT /api/admin/keywords/:id[2m > [22m[2mreturns 400 for empty name[22m[39m
[INFO] {"timestamp":"2026-02-20T23:39:30.667Z","level":"info","category":"api","action":"request_complete","requestId":null,"ip":null,"details":{"method":"PUT","path":"/keywords/1","statusCode":400,"duration":2,"requestId":"60056853-3015-477d-92ef-88e3e8e3ea83","ip":"::ffff:127.0.0.1"},"duration":null,"error":null}

[90mstdout[2m | tests/integration/keywords-api.test.js[2m > [22m[2mKeywords API[2m > [22m[2mPUT /api/admin/keywords/:id[2m > [22m[2mreturns 400 for empty name[22m[39m
[INFO] {"timestamp":"2026-02-20T23:39:30.668Z","level":"info","category":"test","action":"test_complete","requestId":null,"ip":null,"details":{"test":"returns 400 for empty name","file":"integration/keywords-api.test.js","durationMs":5,"slow":false},"duration":5,"error":null}

[90mstdout[2m | tests/integration/keywords-api.test.js[2m > [22m[2mKeywords API[2m > [22m[2mPUT /api/admin/keywords/:id[2m > [22m[2mreturns 409 for duplicate name[22m[39m
[INFO] {"timestamp":"2026-02-20T23:39:30.672Z","level":"info","category":"api","action":"request_complete","requestId":null,"ip":null,"details":{"method":"PUT","path":"/keywords/1","statusCode":409,"duration":1,"requestId":"88fe9b5f-9010-42fd-90a8-cc51a9ffb29c","ip":"::ffff:127.0.0.1"},"duration":null,"error":null}

[90mstdout[2m | tests/integration/keywords-api.test.js[2m > [22m[2mKeywords API[2m > [22m[2mPUT /api/admin/keywords/:id[2m > [22m[2mreturns 409 for duplicate name[22m[39m
[INFO] {"timestamp":"2026-02-20T23:39:30.673Z","level":"info","category":"test","action":"test_complete","requestId":null,"ip":null,"details":{"test":"returns 409 for duplicate name","file":"integration/keywords-api.test.js","durationMs":5,"slow":false},"duration":5,"error":null}

[90mstdout[2m | tests/integration/keywords-api.test.js[2m > [22m[2mKeywords API[2m > [22m[2mPOST /api/admin/keywords/:id/aliases[22m[39m
[INFO] {"timestamp":"2026-02-20T23:39:30.678Z","level":"info","category":"api","action":"request_complete","requestId":null,"ip":null,"details":{"method":"GET","path":"/keywords","statusCode":200,"duration":2,"requestId":"cef2a4ed-fbaf-45ed-a086-e84ca6113666","ip":"::ffff:127.0.0.1"},"duration":null,"error":null}

[90mstdout[2m | tests/integration/keywords-api.test.js[2m > [22m[2mKeywords API[2m > [22m[2mPOST /api/admin/keywords/:id/aliases[2m > [22m[2madds alias to keyword[22m[39m
[INFO] {"timestamp":"2026-02-20T23:39:30.683Z","level":"info","category":"api","action":"request_complete","requestId":null,"ip":null,"details":{"method":"POST","path":"/keywords/3/aliases","statusCode":201,"duration":2,"requestId":"8660ff09-4f57-4098-9027-2f5ea3575468","ip":"::ffff:127.0.0.1"},"duration":null,"error":null}

[90mstdout[2m | tests/integration/keywords-api.test.js[2m > [22m[2mKeywords API[2m > [22m[2mPOST /api/admin/keywords/:id/aliases[2m > [22m[2madds alias to keyword[22m[39m
[INFO] {"timestamp":"2026-02-20T23:39:30.690Z","level":"info","category":"test","action":"test_complete","requestId":null,"ip":null,"details":{"test":"adds alias to keyword","file":"integration/keywords-api.test.js","durationMs":12,"slow":false},"duration":12,"error":null}

[90mstdout[2m | tests/integration/keywords-api.test.js[2m > [22m[2mKeywords API[2m > [22m[2mPOST /api/admin/keywords/:id/aliases[2m > [22m[2mreturns 400 for missing alias[22m[39m
[INFO] {"timestamp":"2026-02-20T23:39:30.695Z","level":"info","category":"api","action":"request_complete","requestId":null,"ip":null,"details":{"method":"POST","path":"/keywords/3/aliases","statusCode":400,"duration":2,"requestId":"fe6117d4-0a64-4a5e-ac4b-8b17208b75fe","ip":"::ffff:127.0.0.1"},"duration":null,"error":null}
[INFO] {"timestamp":"2026-02-20T23:39:30.696Z","level":"info","category":"test","action":"test_complete","requestId":null,"ip":null,"details":{"test":"returns 400 for missing alias","file":"integration/keywords-api.test.js","durationMs":5,"slow":false},"duration":5,"error":null}

[90mstdout[2m | tests/integration/keywords-api.test.js[2m > [22m[2mKeywords API[2m > [22m[2mPOST /api/admin/keywords/:id/aliases[2m > [22m[2mreturns 404 for nonexistent keyword[22m[39m
[INFO] {"timestamp":"2026-02-20T23:39:30.700Z","level":"info","category":"api","action":"request_complete","requestId":null,"ip":null,"details":{"method":"POST","path":"/keywords/999999/aliases","statusCode":404,"duration":2,"requestId":"37ce8de3-9944-4256-be60-44f4cd9aea5c","ip":"::ffff:127.0.0.1"},"duration":null,"error":null}
[INFO] {"timestamp":"2026-02-20T23:39:30.701Z","level":"info","category":"test","action":"test_complete","requestId":null,"ip":null,"details":{"test":"returns 404 for nonexistent keyword","file":"integration/keywords-api.test.js","durationMs":5,"slow":false},"duration":5,"error":null}

[90mstdout[2m | tests/integration/keywords-api.test.js[2m > [22m[2mKeywords API[2m > [22m[2mPOST /api/admin/keywords/:id/aliases[2m > [22m[2mreturns 409 for duplicate alias[22m[39m
[INFO] {"timestamp":"2026-02-20T23:39:30.707Z","level":"info","category":"api","action":"request_complete","requestId":null,"ip":null,"details":{"method":"POST","path":"/keywords/3/aliases","statusCode":409,"duration":4,"requestId":"7566843d-bd8c-4dd8-b6e3-9a6e8e77b734","ip":"::ffff:127.0.0.1"},"duration":null,"error":null}
[INFO] {"timestamp":"2026-02-20T23:39:30.708Z","level":"info","category":"test","action":"test_complete","requestId":null,"ip":null,"details":{"test":"returns 409 for duplicate alias","file":"integration/keywords-api.test.js","durationMs":7,"slow":false},"duration":7,"error":null}

[90mstdout[2m | tests/integration/keywords-api.test.js[2m > [22m[2mKeywords API[2m > [22m[2mDELETE /api/admin/keywords/:id/aliases/:aliasId[22m[39m
[INFO] {"timestamp":"2026-02-20T23:39:30.712Z","level":"info","category":"api","action":"request_complete","requestId":null,"ip":null,"details":{"method":"GET","path":"/keywords","statusCode":200,"duration":2,"requestId":"027a1d51-83f7-406f-bf0d-113c5fc8c449","ip":"::ffff:127.0.0.1"},"duration":null,"error":null}

[90mstdout[2m | tests/integration/keywords-api.test.js[2m > [22m[2mKeywords API[2m > [22m[2mDELETE /api/admin/keywords/:id/aliases/:aliasId[22m[39m
[INFO] {"timestamp":"2026-02-20T23:39:30.717Z","level":"info","category":"api","action":"request_complete","requestId":null,"ip":null,"details":{"method":"GET","path":"/keywords/3","statusCode":200,"duration":2,"requestId":"d23689e7-8861-4afd-aa4e-ea22281a9ff2","ip":"::ffff:127.0.0.1"},"duration":null,"error":null}

[90mstdout[2m | tests/integration/keywords-api.test.js[2m > [22m[2mKeywords API[2m > [22m[2mDELETE /api/admin/keywords/:id/aliases/:aliasId[2m > [22m[2mremoves alias from keyword[22m[39m
[INFO] {"timestamp":"2026-02-20T23:39:30.721Z","level":"info","category":"api","action":"request_complete","requestId":null,"ip":null,"details":{"method":"DELETE","path":"/keywords/3/aliases/3","statusCode":200,"duration":1,"requestId":"28a1a817-2601-4e67-a030-55745e6eee69","ip":"::ffff:127.0.0.1"},"duration":null,"error":null}

[90mstdout[2m | tests/integration/keywords-api.test.js[2m > [22m[2mKeywords API[2m > [22m[2mDELETE /api/admin/keywords/:id/aliases/:aliasId[2m > [22m[2mremoves alias from keyword[22m[39m
[INFO] {"timestamp":"2026-02-20T23:39:30.722Z","level":"info","category":"test","action":"test_complete","requestId":null,"ip":null,"details":{"test":"removes alias from keyword","file":"integration/keywords-api.test.js","durationMs":5,"slow":false},"duration":5,"error":null}

[90mstdout[2m | tests/integration/keywords-api.test.js[2m > [22m[2mKeywords API[2m > [22m[2mDELETE /api/admin/keywords/:id/aliases/:aliasId[2m > [22m[2mreturns 404 for already-deleted alias[22m[39m
[INFO] {"timestamp":"2026-02-20T23:39:30.726Z","level":"info","category":"api","action":"request_complete","requestId":null,"ip":null,"details":{"method":"DELETE","path":"/keywords/3/aliases/3","statusCode":404,"duration":2,"requestId":"9452909a-1aaf-4a36-8477-109777bd9c22","ip":"::ffff:127.0.0.1"},"duration":null,"error":null}
[INFO] {"timestamp":"2026-02-20T23:39:30.727Z","level":"info","category":"test","action":"test_complete","requestId":null,"ip":null,"details":{"test":"returns 404 for already-deleted alias","file":"integration/keywords-api.test.js","durationMs":5,"slow":false},"duration":5,"error":null}

[90mstdout[2m | tests/integration/keywords-api.test.js[2m > [22m[2mKeywords API[2m > [22m[2mDELETE /api/admin/keywords/:id/aliases/:aliasId[2m > [22m[2mreturns 404 for nonexistent alias[22m[39m
[INFO] {"timestamp":"2026-02-20T23:39:30.731Z","level":"info","category":"api","action":"request_complete","requestId":null,"ip":null,"details":{"method":"DELETE","path":"/keywords/3/aliases/999999","statusCode":404,"duration":1,"requestId":"ffb12e96-c597-492e-8f2d-368d1a228cb0","ip":"::ffff:127.0.0.1"},"duration":null,"error":null}
[INFO] {"timestamp":"2026-02-20T23:39:30.732Z","level":"info","category":"test","action":"test_complete","requestId":null,"ip":null,"details":{"test":"returns 404 for nonexistent alias","file":"integration/keywords-api.test.js","durationMs":5,"slow":false},"duration":5,"error":null}

[90mstdout[2m | tests/integration/keywords-api.test.js[2m > [22m[2mKeywords API[2m > [22m[2mDELETE /api/admin/keywords/:id[22m[39m
[INFO] {"timestamp":"2026-02-20T23:39:30.736Z","level":"info","category":"api","action":"request_complete","requestId":null,"ip":null,"details":{"method":"POST","path":"/keywords","statusCode":201,"duration":1,"requestId":"d69abd76-3bc4-4a00-a106-e94f1fd26dee","ip":"::ffff:127.0.0.1"},"duration":null,"error":null}

[90mstdout[2m | tests/integration/keywords-api.test.js[2m > [22m[2mKeywords API[2m > [22m[2mDELETE /api/admin/keywords/:id[2m > [22m[2mdeletes keyword and cascades aliases[22m[39m
[INFO] {"timestamp":"2026-02-20T23:39:30.741Z","level":"info","category":"api","action":"request_complete","requestId":null,"ip":null,"details":{"method":"DELETE","path":"/keywords/4","statusCode":200,"duration":2,"requestId":"172d56ec-d038-44b9-be97-497031d41d3b","ip":"::ffff:127.0.0.1"},"duration":null,"error":null}

[90mstdout[2m | tests/integration/keywords-api.test.js[2m > [22m[2mKeywords API[2m > [22m[2mDELETE /api/admin/keywords/:id[2m > [22m[2mdeletes keyword and cascades aliases[22m[39m
[INFO] {"timestamp":"2026-02-20T23:39:30.746Z","level":"info","category":"api","action":"request_complete","requestId":null,"ip":null,"details":{"method":"GET","path":"/keywords/4","statusCode":404,"duration":2,"requestId":"c98bd6b5-321b-4011-87c3-c288a9fe3e30","ip":"::ffff:127.0.0.1"},"duration":null,"error":null}
[INFO] {"timestamp":"2026-02-20T23:39:30.747Z","level":"info","category":"test","action":"test_complete","requestId":null,"ip":null,"details":{"test":"deletes keyword and cascades aliases","file":"integration/keywords-api.test.js","durationMs":10,"slow":false},"duration":10,"error":null}

[90mstdout[2m | tests/integration/keywords-api.test.js[2m > [22m[2mKeywords API[2m > [22m[2mDELETE /api/admin/keywords/:id[2m > [22m[2mreturns 404 for already-deleted keyword[22m[39m
[INFO] {"timestamp":"2026-02-20T23:39:30.751Z","level":"info","category":"api","action":"request_complete","requestId":null,"ip":null,"details":{"method":"DELETE","path":"/keywords/4","statusCode":404,"duration":2,"requestId":"062d12a4-e8b4-4c29-b5a5-c6093a55289a","ip":"::ffff:127.0.0.1"},"duration":null,"error":null}
[INFO] {"timestamp":"2026-02-20T23:39:30.752Z","level":"info","category":"test","action":"test_complete","requestId":null,"ip":null,"details":{"test":"returns 404 for already-deleted keyword","file":"integration/keywords-api.test.js","durationMs":5,"slow":false},"duration":5,"error":null}

[90mstdout[2m | tests/integration/keywords-api.test.js[2m > [22m[2mKeywords API[2m > [22m[2mDELETE /api/admin/keywords/:id[2m > [22m[2mreturns 404 for nonexistent keyword[22m[39m
[INFO] {"timestamp":"2026-02-20T23:39:30.756Z","level":"info","category":"api","action":"request_complete","requestId":null,"ip":null,"details":{"method":"DELETE","path":"/keywords/999999","statusCode":404,"duration":2,"requestId":"24b57326-373b-4797-a00e-83c4b3a43594","ip":"::ffff:127.0.0.1"},"duration":null,"error":null}
[INFO] {"timestamp":"2026-02-20T23:39:30.757Z","level":"info","category":"test","action":"test_complete","requestId":null,"ip":null,"details":{"test":"returns 404 for nonexistent keyword","file":"integration/keywords-api.test.js","durationMs":5,"slow":false},"duration":5,"error":null}

[90mstdout[2m | tests/integration/keywords-api.test.js[22m[39m
[INFO] {"timestamp":"2026-02-20T23:39:30.766Z","level":"info","category":"test","action":"file_complete","requestId":null,"ip":null,"details":{"file":"integration/keywords-api.test.js","durationMs":4298,"slow":false},"duration":4298,"error":null}

 [32m✓[39m tests/integration/keywords-api.test.js [2m ([22m[2m26 tests[22m[2m)[22m[33m 4661[2mms[22m[39m
[90mstdout[2m | tests/integration/categories-api.test.js[2m > [22m[2mCategories API[22m[39m
[startup] Database state: 0 sources, 0 persons, 0 quotes, 0 articles
[startup] Database path: E:\Github Repos\QuoteLog02\data\database.sqlite
[startup] Seeded 219 sources from sources-seed.json
[startup] Linked 219 sources to source_authors

[90mstderr[2m | tests/integration/categories-api.test.js[2m > [22m[2mCategories API[22m[39m
[startup] WARNING: 0 sources detected — auto-seeding from sources-seed.json

[90mstdout[2m | tests/integration/categories-api.test.js[2m > [22m[2mCategories API[2m > [22m[2mAuth protection[2m > [22m[2mGET /api/admin/categories returns 401 without auth[22m[39m
[INFO] {"timestamp":"2026-02-20T23:39:35.840Z","level":"info","category":"api","action":"request_complete","requestId":null,"ip":null,"details":{"method":"GET","path":"/categories","statusCode":401,"duration":11,"requestId":"4a0ae745-80ab-4be1-895d-4ba85c6dad47","ip":"::ffff:127.0.0.1"},"duration":null,"error":null}

[90mstdout[2m | tests/integration/categories-api.test.js[2m > [22m[2mCategories API[2m > [22m[2mAuth protection[2m > [22m[2mGET /api/admin/categories returns 401 without auth[22m[39m
[INFO] {"timestamp":"2026-02-20T23:39:35.845Z","level":"info","category":"test","action":"test_complete","requestId":null,"ip":null,"details":{"test":"GET /api/admin/categories returns 401 without auth","file":"integration/categories-api.test.js","durationMs":28,"slow":false},"duration":28,"error":null}

[90mstdout[2m | tests/integration/categories-api.test.js[2m > [22m[2mCategories API[2m > [22m[2mAuth protection[2m > [22m[2mPOST /api/admin/categories returns 401 without auth[22m[39m
[INFO] {"timestamp":"2026-02-20T23:39:35.864Z","level":"info","category":"api","action":"request_complete","requestId":null,"ip":null,"details":{"method":"POST","path":"/categories","statusCode":401,"duration":1,"requestId":"86c797bc-e09c-4804-b10d-ad25cadeff81","ip":"::ffff:127.0.0.1"},"duration":null,"error":null}
[INFO] {"timestamp":"2026-02-20T23:39:35.865Z","level":"info","category":"test","action":"test_complete","requestId":null,"ip":null,"details":{"test":"POST /api/admin/categories returns 401 without auth","file":"integration/categories-api.test.js","durationMs":19,"slow":false},"duration":19,"error":null}

[90mstdout[2m | tests/integration/categories-api.test.js[2m > [22m[2mCategories API[2m > [22m[2mCRUD operations[2m > [22m[2mPOST /api/admin/categories creates a category[22m[39m
[INFO] {"timestamp":"2026-02-20T23:39:35.873Z","level":"info","category":"api","action":"request_complete","requestId":null,"ip":null,"details":{"method":"POST","path":"/categories","statusCode":201,"duration":4,"requestId":"53a6c75d-2f20-4a81-ab03-e6b359dbd63a","ip":"::ffff:127.0.0.1"},"duration":null,"error":null}

[90mstdout[2m | tests/integration/categories-api.test.js[2m > [22m[2mCategories API[2m > [22m[2mCRUD operations[2m > [22m[2mPOST /api/admin/categories creates a category[22m[39m
[INFO] {"timestamp":"2026-02-20T23:39:35.875Z","level":"info","category":"test","action":"test_complete","requestId":null,"ip":null,"details":{"test":"POST /api/admin/categories creates a category","file":"integration/categories-api.test.js","durationMs":9,"slow":false},"duration":9,"error":null}

[90mstdout[2m | tests/integration/categories-api.test.js[2m > [22m[2mCategories API[2m > [22m[2mCRUD operations[2m > [22m[2mPOST /api/admin/categories auto-increments sort_order[22m[39m
[INFO] {"timestamp":"2026-02-20T23:39:35.880Z","level":"info","category":"api","action":"request_complete","requestId":null,"ip":null,"details":{"method":"POST","path":"/categories","statusCode":201,"duration":2,"requestId":"254638d3-fd89-4e39-9ca3-7e8484945ca5","ip":"::ffff:127.0.0.1"},"duration":null,"error":null}

[90mstdout[2m | tests/integration/categories-api.test.js[2m > [22m[2mCategories API[2m > [22m[2mCRUD operations[2m > [22m[2mPOST /api/admin/categories auto-increments sort_order[22m[39m
[INFO] {"timestamp":"2026-02-20T23:39:35.882Z","level":"info","category":"test","action":"test_complete","requestId":null,"ip":null,"details":{"test":"POST /api/admin/categories auto-increments sort_order","file":"integration/categories-api.test.js","durationMs":7,"slow":false},"duration":7,"error":null}

[90mstdout[2m | tests/integration/categories-api.test.js[2m > [22m[2mCategories API[2m > [22m[2mCRUD operations[2m > [22m[2mPOST /api/admin/categories rejects duplicate names[22m[39m
[INFO] {"timestamp":"2026-02-20T23:39:35.888Z","level":"info","category":"api","action":"request_complete","requestId":null,"ip":null,"details":{"method":"POST","path":"/categories","statusCode":409,"duration":2,"requestId":"345a111c-a90c-4468-9b53-99fa9c3041e4","ip":"::ffff:127.0.0.1"},"duration":null,"error":null}
[INFO] {"timestamp":"2026-02-20T23:39:35.890Z","level":"info","category":"test","action":"test_complete","requestId":null,"ip":null,"details":{"test":"POST /api/admin/categories rejects duplicate names","file":"integration/categories-api.test.js","durationMs":7,"slow":false},"duration":7,"error":null}

[90mstdout[2m | tests/integration/categories-api.test.js[2m > [22m[2mCategories API[2m > [22m[2mCRUD operations[2m > [22m[2mPOST /api/admin/categories rejects empty name[22m[39m
[INFO] {"timestamp":"2026-02-20T23:39:35.894Z","level":"info","category":"api","action":"request_complete","requestId":null,"ip":null,"details":{"method":"POST","path":"/categories","statusCode":400,"duration":2,"requestId":"62fa7054-ea03-4285-9b32-a0fa7a3c4b6d","ip":"::ffff:127.0.0.1"},"duration":null,"error":null}

[90mstdout[2m | tests/integration/categories-api.test.js[2m > [22m[2mCategories API[2m > [22m[2mCRUD operations[2m > [22m[2mPOST /api/admin/categories rejects empty name[22m[39m
[INFO] {"timestamp":"2026-02-20T23:39:35.896Z","level":"info","category":"test","action":"test_complete","requestId":null,"ip":null,"details":{"test":"POST /api/admin/categories rejects empty name","file":"integration/categories-api.test.js","durationMs":6,"slow":false},"duration":6,"error":null}

[90mstdout[2m | tests/integration/categories-api.test.js[2m > [22m[2mCategories API[2m > [22m[2mCRUD operations[2m > [22m[2mPOST /api/admin/categories rejects missing name[22m[39m
[INFO] {"timestamp":"2026-02-20T23:39:35.901Z","level":"info","category":"api","action":"request_complete","requestId":null,"ip":null,"details":{"method":"POST","path":"/categories","statusCode":400,"duration":3,"requestId":"881dcd4a-67d3-4b76-a48b-5501cd98f6df","ip":"::ffff:127.0.0.1"},"duration":null,"error":null}
[INFO] {"timestamp":"2026-02-20T23:39:35.902Z","level":"info","category":"test","action":"test_complete","requestId":null,"ip":null,"details":{"test":"POST /api/admin/categories rejects missing name","file":"integration/categories-api.test.js","durationMs":6,"slow":false},"duration":6,"error":null}

[90mstdout[2m | tests/integration/categories-api.test.js[2m > [22m[2mCategories API[2m > [22m[2mCRUD operations[2m > [22m[2mGET /api/admin/categories lists categories with topic_count[22m[39m
[INFO] {"timestamp":"2026-02-20T23:39:35.907Z","level":"info","category":"api","action":"request_complete","requestId":null,"ip":null,"details":{"method":"GET","path":"/categories","statusCode":200,"duration":3,"requestId":"a9687ebb-81ae-4bb7-8abd-6297f1dd5f51","ip":"::ffff:127.0.0.1"},"duration":null,"error":null}
[INFO] {"timestamp":"2026-02-20T23:39:35.908Z","level":"info","category":"test","action":"test_complete","requestId":null,"ip":null,"details":{"test":"GET /api/admin/categories lists categories with topic_count","file":"integration/categories-api.test.js","durationMs":6,"slow":false},"duration":6,"error":null}

[90mstdout[2m | tests/integration/categories-api.test.js[2m > [22m[2mCategories API[2m > [22m[2mCRUD operations[2m > [22m[2mGET /api/admin/categories/:id returns category with topics[22m[39m
[INFO] {"timestamp":"2026-02-20T23:39:35.914Z","level":"info","category":"api","action":"request_complete","requestId":null,"ip":null,"details":{"method":"GET","path":"/categories/1","statusCode":200,"duration":2,"requestId":"8d59c6d1-66b4-4414-b5d9-748346d68de5","ip":"::ffff:127.0.0.1"},"duration":null,"error":null}

[90mstdout[2m | tests/integration/categories-api.test.js[2m > [22m[2mCategories API[2m > [22m[2mCRUD operations[2m > [22m[2mGET /api/admin/categories/:id returns category with topics[22m[39m
[INFO] {"timestamp":"2026-02-20T23:39:35.916Z","level":"info","category":"test","action":"test_complete","requestId":null,"ip":null,"details":{"test":"GET /api/admin/categories/:id returns category with topics","file":"integration/categories-api.test.js","durationMs":8,"slow":false},"duration":8,"error":null}

[90mstdout[2m | tests/integration/categories-api.test.js[2m > [22m[2mCategories API[2m > [22m[2mCRUD operations[2m > [22m[2mGET /api/admin/categories/:id returns 404 for missing category[22m[39m
[INFO] {"timestamp":"2026-02-20T23:39:35.922Z","level":"info","category":"api","action":"request_complete","requestId":null,"ip":null,"details":{"method":"GET","path":"/categories/99999","statusCode":404,"duration":2,"requestId":"e27fe55c-d8b2-43c3-be73-550a49fe2b58","ip":"::ffff:127.0.0.1"},"duration":null,"error":null}
[INFO] {"timestamp":"2026-02-20T23:39:35.923Z","level":"info","category":"test","action":"test_complete","requestId":null,"ip":null,"details":{"test":"GET /api/admin/categories/:id returns 404 for missing category","file":"integration/categories-api.test.js","durationMs":6,"slow":false},"duration":6,"error":null}

[90mstdout[2m | tests/integration/categories-api.test.js[2m > [22m[2mCategories API[2m > [22m[2mCRUD operations[2m > [22m[2mPUT /api/admin/categories/:id updates name and slug[22m[39m
[INFO] {"timestamp":"2026-02-20T23:39:35.928Z","level":"info","category":"api","action":"request_complete","requestId":null,"ip":null,"details":{"method":"PUT","path":"/categories/1","statusCode":200,"duration":2,"requestId":"9d21533e-1b96-48ce-9ed1-7c9ad159e4d4","ip":"::ffff:127.0.0.1"},"duration":null,"error":null}
[INFO] {"timestamp":"2026-02-20T23:39:35.929Z","level":"info","category":"test","action":"test_complete","requestId":null,"ip":null,"details":{"test":"PUT /api/admin/categories/:id updates name and slug","file":"integration/categories-api.test.js","durationMs":5,"slow":false},"duration":5,"error":null}

[90mstdout[2m | tests/integration/categories-api.test.js[2m > [22m[2mCategories API[2m > [22m[2mCRUD operations[2m > [22m[2mPUT /api/admin/categories/:id updates sort_order[22m[39m
[INFO] {"timestamp":"2026-02-20T23:39:35.933Z","level":"info","category":"api","action":"request_complete","requestId":null,"ip":null,"details":{"method":"PUT","path":"/categories/1","statusCode":200,"duration":2,"requestId":"9ce24753-ee9b-44ae-ba4c-151f042052e8","ip":"::ffff:127.0.0.1"},"duration":null,"error":null}
[INFO] {"timestamp":"2026-02-20T23:39:35.934Z","level":"info","category":"test","action":"test_complete","requestId":null,"ip":null,"details":{"test":"PUT /api/admin/categories/:id updates sort_order","file":"integration/categories-api.test.js","durationMs":5,"slow":false},"duration":5,"error":null}

[90mstdout[2m | tests/integration/categories-api.test.js[2m > [22m[2mCategories API[2m > [22m[2mCRUD operations[2m > [22m[2mPUT /api/admin/categories/:id returns 404 for missing category[22m[39m
[INFO] {"timestamp":"2026-02-20T23:39:35.939Z","level":"info","category":"api","action":"request_complete","requestId":null,"ip":null,"details":{"method":"PUT","path":"/categories/99999","statusCode":404,"duration":2,"requestId":"797feb7e-3cd3-4ecb-8fb4-8a0b4ff57ab3","ip":"::ffff:127.0.0.1"},"duration":null,"error":null}
[INFO] {"timestamp":"2026-02-20T23:39:35.940Z","level":"info","category":"test","action":"test_complete","requestId":null,"ip":null,"details":{"test":"PUT /api/admin/categories/:id returns 404 for missing category","file":"integration/categories-api.test.js","durationMs":5,"slow":false},"duration":5,"error":null}

[90mstdout[2m | tests/integration/categories-api.test.js[2m > [22m[2mCategories API[2m > [22m[2mCRUD operations[2m > [22m[2mPUT /api/admin/categories/:id rejects empty name[22m[39m
[INFO] {"timestamp":"2026-02-20T23:39:35.944Z","level":"info","category":"api","action":"request_complete","requestId":null,"ip":null,"details":{"method":"PUT","path":"/categories/1","statusCode":400,"duration":2,"requestId":"71f9e166-bbee-494d-b111-e94201bba0e5","ip":"::ffff:127.0.0.1"},"duration":null,"error":null}
[INFO] {"timestamp":"2026-02-20T23:39:35.945Z","level":"info","category":"test","action":"test_complete","requestId":null,"ip":null,"details":{"test":"PUT /api/admin/categories/:id rejects empty name","file":"integration/categories-api.test.js","durationMs":5,"slow":false},"duration":5,"error":null}

[90mstdout[2m | tests/integration/categories-api.test.js[2m > [22m[2mCategories API[2m > [22m[2mCRUD operations[2m > [22m[2mDELETE /api/admin/categories/:id deletes a category[22m[39m
[INFO] {"timestamp":"2026-02-20T23:39:35.949Z","level":"info","category":"api","action":"request_complete","requestId":null,"ip":null,"details":{"method":"POST","path":"/categories","statusCode":201,"duration":2,"requestId":"c90add0b-3faf-42b3-99ba-844d8869f6b5","ip":"::ffff:127.0.0.1"},"duration":null,"error":null}

[90mstdout[2m | tests/integration/categories-api.test.js[2m > [22m[2mCategories API[2m > [22m[2mCRUD operations[2m > [22m[2mDELETE /api/admin/categories/:id deletes a category[22m[39m
[INFO] {"timestamp":"2026-02-20T23:39:35.954Z","level":"info","category":"api","action":"request_complete","requestId":null,"ip":null,"details":{"method":"DELETE","path":"/categories/3","statusCode":200,"duration":2,"requestId":"20f71d95-603e-4e09-bc29-5e0b0bfa4e0e","ip":"::ffff:127.0.0.1"},"duration":null,"error":null}

[90mstdout[2m | tests/integration/categories-api.test.js[2m > [22m[2mCategories API[2m > [22m[2mCRUD operations[2m > [22m[2mDELETE /api/admin/categories/:id deletes a category[22m[39m
[INFO] {"timestamp":"2026-02-20T23:39:35.960Z","level":"info","category":"api","action":"request_complete","requestId":null,"ip":null,"details":{"method":"GET","path":"/categories/3","statusCode":404,"duration":2,"requestId":"14ba9bbc-b167-4a7f-a50f-f0aac76361ac","ip":"::ffff:127.0.0.1"},"duration":null,"error":null}
[INFO] {"timestamp":"2026-02-20T23:39:35.961Z","level":"info","category":"test","action":"test_complete","requestId":null,"ip":null,"details":{"test":"DELETE /api/admin/categories/:id deletes a category","file":"integration/categories-api.test.js","durationMs":16,"slow":false},"duration":16,"error":null}

[90mstdout[2m | tests/integration/categories-api.test.js[2m > [22m[2mCategories API[2m > [22m[2mCRUD operations[2m > [22m[2mDELETE /api/admin/categories/:id returns 404 for missing category[22m[39m
[INFO] {"timestamp":"2026-02-20T23:39:35.965Z","level":"info","category":"api","action":"request_complete","requestId":null,"ip":null,"details":{"method":"DELETE","path":"/categories/99999","statusCode":404,"duration":2,"requestId":"8002934b-5d01-4d1b-8ebc-a7e97736a0c9","ip":"::ffff:127.0.0.1"},"duration":null,"error":null}

[90mstdout[2m | tests/integration/categories-api.test.js[2m > [22m[2mCategories API[2m > [22m[2mCRUD operations[2m > [22m[2mDELETE /api/admin/categories/:id returns 404 for missing category[22m[39m
[INFO] {"timestamp":"2026-02-20T23:39:35.966Z","level":"info","category":"test","action":"test_complete","requestId":null,"ip":null,"details":{"test":"DELETE /api/admin/categories/:id returns 404 for missing category","file":"integration/categories-api.test.js","durationMs":5,"slow":false},"duration":5,"error":null}

[90mstdout[2m | tests/integration/categories-api.test.js[2m > [22m[2mCategories API[2m > [22m[2mCategory-Topic linking[22m[39m
[INFO] {"timestamp":"2026-02-20T23:39:35.980Z","level":"info","category":"api","action":"request_complete","requestId":null,"ip":null,"details":{"method":"POST","path":"/categories","statusCode":201,"duration":2,"requestId":"fdd40459-a5a9-4411-8eb0-9b6c11cf8ade","ip":"::ffff:127.0.0.1"},"duration":null,"error":null}

[90mstdout[2m | tests/integration/categories-api.test.js[2m > [22m[2mCategories API[2m > [22m[2mCategory-Topic linking[2m > [22m[2mPOST /api/admin/categories/:id/topics links a topic[22m[39m
[INFO] {"timestamp":"2026-02-20T23:39:35.987Z","level":"info","category":"api","action":"request_complete","requestId":null,"ip":null,"details":{"method":"POST","path":"/categories/4/topics","statusCode":201,"duration":2,"requestId":"1fd63ebb-8a87-421f-a4c3-3bb12a62c056","ip":"::ffff:127.0.0.1"},"duration":null,"error":null}
[INFO] {"timestamp":"2026-02-20T23:39:35.988Z","level":"info","category":"test","action":"test_complete","requestId":null,"ip":null,"details":{"test":"POST /api/admin/categories/:id/topics links a topic","file":"integration/categories-api.test.js","durationMs":6,"slow":false},"duration":6,"error":null}

[90mstdout[2m | tests/integration/categories-api.test.js[2m > [22m[2mCategories API[2m > [22m[2mCategory-Topic linking[2m > [22m[2mPOST /api/admin/categories/:id/topics rejects duplicate link[22m[39m
[INFO] {"timestamp":"2026-02-20T23:39:35.992Z","level":"info","category":"api","action":"request_complete","requestId":null,"ip":null,"details":{"method":"POST","path":"/categories/4/topics","statusCode":409,"duration":1,"requestId":"1972a2ff-54dc-488f-9971-0b5e64129ab7","ip":"::ffff:127.0.0.1"},"duration":null,"error":null}

[90mstdout[2m | tests/integration/categories-api.test.js[2m > [22m[2mCategories API[2m > [22m[2mCategory-Topic linking[2m > [22m[2mPOST /api/admin/categories/:id/topics rejects duplicate link[22m[39m
[INFO] {"timestamp":"2026-02-20T23:39:35.993Z","level":"info","category":"test","action":"test_complete","requestId":null,"ip":null,"details":{"test":"POST /api/admin/categories/:id/topics rejects duplicate link","file":"integration/categories-api.test.js","durationMs":5,"slow":false},"duration":5,"error":null}

[90mstdout[2m | tests/integration/categories-api.test.js[2m > [22m[2mCategories API[2m > [22m[2mCategory-Topic linking[2m > [22m[2mPOST /api/admin/categories/:id/topics rejects missing topic_id[22m[39m
[INFO] {"timestamp":"2026-02-20T23:39:35.997Z","level":"info","category":"api","action":"request_complete","requestId":null,"ip":null,"details":{"method":"POST","path":"/categories/4/topics","statusCode":400,"duration":1,"requestId":"76798bc2-5271-47c5-9998-b12aa540ce3c","ip":"::ffff:127.0.0.1"},"duration":null,"error":null}

[90mstdout[2m | tests/integration/categories-api.test.js[2m > [22m[2mCategories API[2m > [22m[2mCategory-Topic linking[2m > [22m[2mPOST /api/admin/categories/:id/topics rejects missing topic_id[22m[39m
[INFO] {"timestamp":"2026-02-20T23:39:35.998Z","level":"info","category":"test","action":"test_complete","requestId":null,"ip":null,"details":{"test":"POST /api/admin/categories/:id/topics rejects missing topic_id","file":"integration/categories-api.test.js","durationMs":5,"slow":false},"duration":5,"error":null}

[90mstdout[2m | tests/integration/categories-api.test.js[2m > [22m[2mCategories API[2m > [22m[2mCategory-Topic linking[2m > [22m[2mPOST /api/admin/categories/:id/topics returns 404 for missing category[22m[39m
[INFO] {"timestamp":"2026-02-20T23:39:36.003Z","level":"info","category":"api","action":"request_complete","requestId":null,"ip":null,"details":{"method":"POST","path":"/categories/99999/topics","statusCode":404,"duration":2,"requestId":"2bacc4c8-48df-415c-ae3c-0a4e0184f706","ip":"::ffff:127.0.0.1"},"duration":null,"error":null}

[90mstdout[2m | tests/integration/categories-api.test.js[2m > [22m[2mCategories API[2m > [22m[2mCategory-Topic linking[2m > [22m[2mPOST /api/admin/categories/:id/topics returns 404 for missing category[22m[39m
[INFO] {"timestamp":"2026-02-20T23:39:36.004Z","level":"info","category":"test","action":"test_complete","requestId":null,"ip":null,"details":{"test":"POST /api/admin/categories/:id/topics returns 404 for missing category","file":"integration/categories-api.test.js","durationMs":6,"slow":false},"duration":6,"error":null}

[90mstdout[2m | tests/integration/categories-api.test.js[2m > [22m[2mCategories API[2m > [22m[2mCategory-Topic linking[2m > [22m[2mPOST /api/admin/categories/:id/topics returns 404 for missing topic[22m[39m
[INFO] {"timestamp":"2026-02-20T23:39:36.009Z","level":"info","category":"api","action":"request_complete","requestId":null,"ip":null,"details":{"method":"POST","path":"/categories/4/topics","statusCode":404,"duration":2,"requestId":"4ffebfdd-0641-41dc-b91b-c98a51e13b34","ip":"::ffff:127.0.0.1"},"duration":null,"error":null}
[INFO] {"timestamp":"2026-02-20T23:39:36.010Z","level":"info","category":"test","action":"test_complete","requestId":null,"ip":null,"details":{"test":"POST /api/admin/categories/:id/topics returns 404 for missing topic","file":"integration/categories-api.test.js","durationMs":5,"slow":false},"duration":5,"error":null}

[90mstdout[2m | tests/integration/categories-api.test.js[2m > [22m[2mCategories API[2m > [22m[2mCategory-Topic linking[2m > [22m[2mGET /api/admin/categories/:id includes linked topics[22m[39m
[INFO] {"timestamp":"2026-02-20T23:39:36.014Z","level":"info","category":"api","action":"request_complete","requestId":null,"ip":null,"details":{"method":"GET","path":"/categories/4","statusCode":200,"duration":2,"requestId":"1bfc8a7c-a30a-4798-9d1b-76aba0319771","ip":"::ffff:127.0.0.1"},"duration":null,"error":null}
[INFO] {"timestamp":"2026-02-20T23:39:36.015Z","level":"info","category":"test","action":"test_complete","requestId":null,"ip":null,"details":{"test":"GET /api/admin/categories/:id includes linked topics","file":"integration/categories-api.test.js","durationMs":5,"slow":false},"duration":5,"error":null}

[90mstdout[2m | tests/integration/categories-api.test.js[2m > [22m[2mCategories API[2m > [22m[2mCategory-Topic linking[2m > [22m[2mGET /api/admin/categories shows correct topic_count[22m[39m
[INFO] {"timestamp":"2026-02-20T23:39:36.020Z","level":"info","category":"api","action":"request_complete","requestId":null,"ip":null,"details":{"method":"GET","path":"/categories","statusCode":200,"duration":3,"requestId":"af64fad3-8c0e-4278-a739-d4624fbf16cd","ip":"::ffff:127.0.0.1"},"duration":null,"error":null}
[INFO] {"timestamp":"2026-02-20T23:39:36.021Z","level":"info","category":"test","action":"test_complete","requestId":null,"ip":null,"details":{"test":"GET /api/admin/categories shows correct topic_count","file":"integration/categories-api.test.js","durationMs":6,"slow":false},"duration":6,"error":null}

[90mstdout[2m | tests/integration/categories-api.test.js[2m > [22m[2mCategories API[2m > [22m[2mCategory-Topic linking[2m > [22m[2mDELETE /api/admin/categories/:id/topics/:topicId unlinks a topic[22m[39m
[INFO] {"timestamp":"2026-02-20T23:39:36.025Z","level":"info","category":"api","action":"request_complete","requestId":null,"ip":null,"details":{"method":"DELETE","path":"/categories/4/topics/1","statusCode":200,"duration":2,"requestId":"da107a53-9876-4b15-914f-18f3665a5abe","ip":"::ffff:127.0.0.1"},"duration":null,"error":null}

[90mstdout[2m | tests/integration/categories-api.test.js[2m > [22m[2mCategories API[2m > [22m[2mCategory-Topic linking[2m > [22m[2mDELETE /api/admin/categories/:id/topics/:topicId unlinks a topic[22m[39m
[INFO] {"timestamp":"2026-02-20T23:39:36.030Z","level":"info","category":"api","action":"request_complete","requestId":null,"ip":null,"details":{"method":"GET","path":"/categories/4","statusCode":200,"duration":2,"requestId":"925f7986-b10c-4629-80b6-00e5f535fecd","ip":"::ffff:127.0.0.1"},"duration":null,"error":null}
[INFO] {"timestamp":"2026-02-20T23:39:36.031Z","level":"info","category":"test","action":"test_complete","requestId":null,"ip":null,"details":{"test":"DELETE /api/admin/categories/:id/topics/:topicId unlinks a topic","file":"integration/categories-api.test.js","durationMs":10,"slow":false},"duration":10,"error":null}

[90mstdout[2m | tests/integration/categories-api.test.js[2m > [22m[2mCategories API[2m > [22m[2mCategory-Topic linking[2m > [22m[2mDELETE /api/admin/categories/:id/topics/:topicId returns 404 if not linked[22m[39m
[INFO] {"timestamp":"2026-02-20T23:39:36.035Z","level":"info","category":"api","action":"request_complete","requestId":null,"ip":null,"details":{"method":"DELETE","path":"/categories/4/topics/1","statusCode":404,"duration":2,"requestId":"47b25ba1-936f-497d-954a-72e746364d12","ip":"::ffff:127.0.0.1"},"duration":null,"error":null}
[INFO] {"timestamp":"2026-02-20T23:39:36.036Z","level":"info","category":"test","action":"test_complete","requestId":null,"ip":null,"details":{"test":"DELETE /api/admin/categories/:id/topics/:topicId returns 404 if not linked","file":"integration/categories-api.test.js","durationMs":5,"slow":false},"duration":5,"error":null}

[90mstdout[2m | tests/integration/categories-api.test.js[2m > [22m[2mCategories API[2m > [22m[2mCategory-Topic linking[2m > [22m[2mDeleting a category cascades to category_topics[22m[39m
[INFO] {"timestamp":"2026-02-20T23:39:36.040Z","level":"info","category":"api","action":"request_complete","requestId":null,"ip":null,"details":{"method":"POST","path":"/categories/4/topics","statusCode":201,"duration":2,"requestId":"28076bc1-b94a-4519-8db9-ec19615e743f","ip":"::ffff:127.0.0.1"},"duration":null,"error":null}

[90mstdout[2m | tests/integration/categories-api.test.js[2m > [22m[2mCategories API[2m > [22m[2mCategory-Topic linking[2m > [22m[2mDeleting a category cascades to category_topics[22m[39m
[INFO] {"timestamp":"2026-02-20T23:39:36.046Z","level":"info","category":"api","action":"request_complete","requestId":null,"ip":null,"details":{"method":"DELETE","path":"/categories/4","statusCode":200,"duration":2,"requestId":"0219801c-5b8c-47a9-b8dc-9cfbf26171d2","ip":"::ffff:127.0.0.1"},"duration":null,"error":null}
[INFO] {"timestamp":"2026-02-20T23:39:36.047Z","level":"info","category":"test","action":"test_complete","requestId":null,"ip":null,"details":{"test":"Deleting a category cascades to category_topics","file":"integration/categories-api.test.js","durationMs":11,"slow":false},"duration":11,"error":null}

[90mstdout[2m | tests/integration/categories-api.test.js[2m > [22m[2mCategories API[2m > [22m[2mSlug generation[2m > [22m[2mgenerates correct slugs from names with special characters[22m[39m
[INFO] {"timestamp":"2026-02-20T23:39:36.052Z","level":"info","category":"api","action":"request_complete","requestId":null,"ip":null,"details":{"method":"POST","path":"/categories","statusCode":201,"duration":1,"requestId":"430a3442-6b2d-4eff-a542-1e71b26f66dc","ip":"::ffff:127.0.0.1"},"duration":null,"error":null}

[90mstdout[2m | tests/integration/categories-api.test.js[2m > [22m[2mCategories API[2m > [22m[2mSlug generation[2m > [22m[2mgenerates correct slugs from names with special characters[22m[39m
[INFO] {"timestamp":"2026-02-20T23:39:36.052Z","level":"info","category":"test","action":"test_complete","requestId":null,"ip":null,"details":{"test":"generates correct slugs from names with special characters","file":"integration/categories-api.test.js","durationMs":5,"slow":false},"duration":5,"error":null}

[90mstdout[2m | tests/integration/categories-api.test.js[2m > [22m[2mCategories API[2m > [22m[2mSlug generation[2m > [22m[2mtrims leading/trailing hyphens from slugs[22m[39m
[INFO] {"timestamp":"2026-02-20T23:39:36.057Z","level":"info","category":"api","action":"request_complete","requestId":null,"ip":null,"details":{"method":"POST","path":"/categories","statusCode":201,"duration":2,"requestId":"50bb6c08-f7d5-4587-8aaf-16118997c34e","ip":"::ffff:127.0.0.1"},"duration":null,"error":null}
[INFO] {"timestamp":"2026-02-20T23:39:36.057Z","level":"info","category":"test","action":"test_complete","requestId":null,"ip":null,"details":{"test":"trims leading/trailing hyphens from slugs","file":"integration/categories-api.test.js","durationMs":5,"slow":false},"duration":5,"error":null}

[90mstdout[2m | tests/integration/categories-api.test.js[22m[39m
[INFO] {"timestamp":"2026-02-20T23:39:36.067Z","level":"info","category":"test","action":"file_complete","requestId":null,"ip":null,"details":{"file":"integration/categories-api.test.js","durationMs":4250,"slow":false},"duration":4250,"error":null}

 [32m✓[39m tests/integration/categories-api.test.js [2m ([22m[2m28 tests[22m[2m)[22m[33m 4613[2mms[22m[39m
 [32m✓[39m tests/unit/entity-extraction.test.js [2m ([22m[2m11 tests[22m[2m)[22m[90m 11[2mms[22m[39m
[90mstdout[2m | tests/integration/noteworthy-enriched.test.js[22m[39m
[startup] Database state: 19 sources, 2243 persons, 4583 quotes, 2513 articles
[startup] Database path: E:\Github Repos\QuoteLog02\data\database.sqlite

[90mstdout[2m | tests/integration/noteworthy-enriched.test.js[22m[39m
[INFO] {"timestamp":"2026-02-20T23:39:41.966Z","level":"info","category":"api","action":"request_complete","requestId":null,"ip":null,"details":{"method":"POST","path":"/login","statusCode":200,"duration":337,"requestId":"fcab7d69-f191-45b9-8305-c1d3088312db","ip":"::ffff:127.0.0.1"},"duration":null,"error":null}

[90mstdout[2m | tests/integration/noteworthy-enriched.test.js[2m > [22m[2mDatabase schema migrations[2m > [22m[2mnoteworthy_items allows person entity_type[22m[39m
[INFO] {"timestamp":"2026-02-20T23:39:41.971Z","level":"info","category":"test","action":"test_complete","requestId":null,"ip":null,"details":{"test":"noteworthy_items allows person entity_type","file":"integration/noteworthy-enriched.test.js","durationMs":1,"slow":false},"duration":1,"error":null}

[90mstdout[2m | tests/integration/noteworthy-enriched.test.js[2m > [22m[2mDatabase schema migrations[2m > [22m[2mimportants allows category entity_type[22m[39m
[INFO] {"timestamp":"2026-02-20T23:39:41.972Z","level":"info","category":"test","action":"test_complete","requestId":null,"ip":null,"details":{"test":"importants allows category entity_type","file":"integration/noteworthy-enriched.test.js","durationMs":0,"slow":false},"duration":0,"error":null}

[90mstdout[2m | tests/integration/noteworthy-enriched.test.js[2m > [22m[2mDatabase schema migrations[2m > [22m[2mtopics table has engagement counters[22m[39m
[INFO] {"timestamp":"2026-02-20T23:39:41.974Z","level":"info","category":"test","action":"test_complete","requestId":null,"ip":null,"details":{"test":"topics table has engagement counters","file":"integration/noteworthy-enriched.test.js","durationMs":1,"slow":false},"duration":1,"error":null}

[90mstdout[2m | tests/integration/noteworthy-enriched.test.js[2m > [22m[2mDatabase schema migrations[2m > [22m[2mcategories table has engagement counters[22m[39m
[INFO] {"timestamp":"2026-02-20T23:39:41.975Z","level":"info","category":"test","action":"test_complete","requestId":null,"ip":null,"details":{"test":"categories table has engagement counters","file":"integration/noteworthy-enriched.test.js","durationMs":0,"slow":false},"duration":0,"error":null}

[90mstdout[2m | tests/integration/noteworthy-enriched.test.js[2m > [22m[2mImportants toggle for topics and categories[2m > [22m[2mtoggles important on topic[22m[39m
[INFO] {"timestamp":"2026-02-20T23:39:41.982Z","level":"info","category":"api","action":"request_complete","requestId":null,"ip":null,"details":{"method":"POST","path":"/toggle","statusCode":200,"duration":3,"requestId":"95186f52-4167-4ed2-a99f-0801eecedd05","ip":"::ffff:127.0.0.1"},"duration":null,"error":null}
[INFO] {"timestamp":"2026-02-20T23:39:41.983Z","level":"info","category":"test","action":"test_complete","requestId":null,"ip":null,"details":{"test":"toggles important on topic","file":"integration/noteworthy-enriched.test.js","durationMs":8,"slow":false},"duration":8,"error":null}

[90mstdout[2m | tests/integration/noteworthy-enriched.test.js[2m > [22m[2mImportants toggle for topics and categories[2m > [22m[2mtoggles important on category[22m[39m
[INFO] {"timestamp":"2026-02-20T23:39:41.988Z","level":"info","category":"api","action":"request_complete","requestId":null,"ip":null,"details":{"method":"POST","path":"/toggle","statusCode":200,"duration":1,"requestId":"84b2b816-d30c-42c1-8347-7180fb828a52","ip":"::ffff:127.0.0.1"},"duration":null,"error":null}

[90mstdout[2m | tests/integration/noteworthy-enriched.test.js[2m > [22m[2mImportants toggle for topics and categories[2m > [22m[2mtoggles important on category[22m[39m
[INFO] {"timestamp":"2026-02-20T23:39:41.990Z","level":"info","category":"test","action":"test_complete","requestId":null,"ip":null,"details":{"test":"toggles important on category","file":"integration/noteworthy-enriched.test.js","durationMs":6,"slow":false},"duration":6,"error":null}

[90mstdout[2m | tests/integration/noteworthy-enriched.test.js[2m > [22m[2mImportants toggle for topics and categories[2m > [22m[2msuper-toggle works on topic (admin)[22m[39m
[INFO] {"timestamp":"2026-02-20T23:39:41.996Z","level":"info","category":"api","action":"request_complete","requestId":null,"ip":null,"details":{"method":"POST","path":"/super-toggle","statusCode":200,"duration":3,"requestId":"172e35ad-bb45-45f8-863b-a4c3426f896d","ip":"::ffff:127.0.0.1"},"duration":null,"error":null}
[INFO] {"timestamp":"2026-02-20T23:39:41.997Z","level":"info","category":"test","action":"test_complete","requestId":null,"ip":null,"details":{"test":"super-toggle works on topic (admin)","file":"integration/noteworthy-enriched.test.js","durationMs":7,"slow":false},"duration":7,"error":null}

[90mstdout[2m | tests/integration/noteworthy-enriched.test.js[2m > [22m[2mAdmin noteworthy - person type[2m > [22m[2madds person to noteworthy[22m[39m
[INFO] {"timestamp":"2026-02-20T23:39:42.004Z","level":"info","category":"api","action":"request_complete","requestId":null,"ip":null,"details":{"method":"POST","path":"/noteworthy","statusCode":200,"duration":3,"requestId":"661a3948-8cfe-4cbd-823c-bd80d6c2b687","ip":"::ffff:127.0.0.1"},"duration":null,"error":null}

[90mstdout[2m | tests/integration/noteworthy-enriched.test.js[2m > [22m[2mAdmin noteworthy - person type[2m > [22m[2madds person to noteworthy[22m[39m
[INFO] {"timestamp":"2026-02-20T23:39:42.005Z","level":"info","category":"test","action":"test_complete","requestId":null,"ip":null,"details":{"test":"adds person to noteworthy","file":"integration/noteworthy-enriched.test.js","durationMs":8,"slow":false},"duration":8,"error":null}

[90mstdout[2m | tests/integration/noteworthy-enriched.test.js[2m > [22m[2mAdmin noteworthy - person type[2m > [22m[2mGET admin noteworthy includes person label[22m[39m
[INFO] {"timestamp":"2026-02-20T23:39:42.015Z","level":"info","category":"api","action":"request_complete","requestId":null,"ip":null,"details":{"method":"GET","path":"/noteworthy","statusCode":200,"duration":6,"requestId":"d5a795d6-3bbe-4aea-8721-76cec3fe6dde","ip":"::ffff:127.0.0.1"},"duration":null,"error":null}

[90mstdout[2m | tests/integration/noteworthy-enriched.test.js[2m > [22m[2mAdmin noteworthy - person type[2m > [22m[2mGET admin noteworthy includes person label[22m[39m
[INFO] {"timestamp":"2026-02-20T23:39:42.017Z","level":"info","category":"test","action":"test_complete","requestId":null,"ip":null,"details":{"test":"GET admin noteworthy includes person label","file":"integration/noteworthy-enriched.test.js","durationMs":12,"slow":false},"duration":12,"error":null}

[90mstdout[2m | tests/integration/noteworthy-enriched.test.js[2m > [22m[2mEnriched noteworthy endpoint[2m > [22m[2mreturns enriched quote with fact_check_verdict and importants_count[22m[39m
[INFO] {"timestamp":"2026-02-20T23:39:42.025Z","level":"info","category":"api","action":"request_complete","requestId":null,"ip":null,"details":{"method":"GET","path":"/noteworthy","statusCode":200,"duration":3,"requestId":"3ff2c28c-4779-4ebe-977d-39ed5d907170","ip":"::ffff:127.0.0.1"},"duration":null,"error":null}

[90mstdout[2m | tests/integration/noteworthy-enriched.test.js[2m > [22m[2mEnriched noteworthy endpoint[2m > [22m[2mreturns enriched quote with fact_check_verdict and importants_count[22m[39m
[INFO] {"timestamp":"2026-02-20T23:39:42.027Z","level":"info","category":"test","action":"test_complete","requestId":null,"ip":null,"details":{"test":"returns enriched quote with fact_check_verdict and importants_count","file":"integration/noteworthy-enriched.test.js","durationMs":8,"slow":false},"duration":8,"error":null}

[90mstdout[2m | tests/integration/noteworthy-enriched.test.js[2m > [22m[2mEnriched noteworthy endpoint[2m > [22m[2mreturns enriched topic with slug and top_quotes[22m[39m
[INFO] {"timestamp":"2026-02-20T23:39:42.032Z","level":"info","category":"api","action":"request_complete","requestId":null,"ip":null,"details":{"method":"GET","path":"/noteworthy","statusCode":200,"duration":3,"requestId":"f70e8f09-89f7-4fce-873c-8e7012e8e7f6","ip":"::ffff:127.0.0.1"},"duration":null,"error":null}

[90mstdout[2m | tests/integration/noteworthy-enriched.test.js[2m > [22m[2mEnriched noteworthy endpoint[2m > [22m[2mreturns enriched topic with slug and top_quotes[22m[39m
[INFO] {"timestamp":"2026-02-20T23:39:42.035Z","level":"info","category":"test","action":"test_complete","requestId":null,"ip":null,"details":{"test":"returns enriched topic with slug and top_quotes","file":"integration/noteworthy-enriched.test.js","durationMs":8,"slow":false},"duration":8,"error":null}

[90mstdout[2m | tests/integration/noteworthy-enriched.test.js[2m > [22m[2mEnriched noteworthy endpoint[2m > [22m[2mreturns person noteworthy with photo_url[22m[39m
[INFO] {"timestamp":"2026-02-20T23:39:42.043Z","level":"info","category":"api","action":"request_complete","requestId":null,"ip":null,"details":{"method":"GET","path":"/noteworthy","statusCode":200,"duration":3,"requestId":"50f4a493-4601-4853-8089-d59840fbaf55","ip":"::ffff:127.0.0.1"},"duration":null,"error":null}

[90mstdout[2m | tests/integration/noteworthy-enriched.test.js[2m > [22m[2mEnriched noteworthy endpoint[2m > [22m[2mreturns person noteworthy with photo_url[22m[39m
[INFO] {"timestamp":"2026-02-20T23:39:42.045Z","level":"info","category":"test","action":"test_complete","requestId":null,"ip":null,"details":{"test":"returns person noteworthy with photo_url","file":"integration/noteworthy-enriched.test.js","durationMs":10,"slow":false},"duration":10,"error":null}

[90mstdout[2m | tests/integration/noteworthy-enriched.test.js[2m > [22m[2mTop authors endpoint[2m > [22m[2mreturns top authors ranked by composite score[22m[39m
[INFO] {"timestamp":"2026-02-20T23:39:42.052Z","level":"info","category":"api","action":"request_complete","requestId":null,"ip":null,"details":{"method":"GET","path":"/top-authors","statusCode":200,"duration":4,"requestId":"6ef7096f-065e-429b-ab91-b116c28c595b","ip":"::ffff:127.0.0.1"},"duration":null,"error":null}

[90mstdout[2m | tests/integration/noteworthy-enriched.test.js[2m > [22m[2mTop authors endpoint[2m > [22m[2mreturns top authors ranked by composite score[22m[39m
[INFO] {"timestamp":"2026-02-20T23:39:42.054Z","level":"info","category":"test","action":"test_complete","requestId":null,"ip":null,"details":{"test":"returns top authors ranked by composite score","file":"integration/noteworthy-enriched.test.js","durationMs":8,"slow":false},"duration":8,"error":null}

[90mstdout[2m | tests/integration/noteworthy-enriched.test.js[2m > [22m[2mTop authors endpoint[2m > [22m[2mrespects limit parameter[22m[39m
[INFO] {"timestamp":"2026-02-20T23:39:42.058Z","level":"info","category":"api","action":"request_complete","requestId":null,"ip":null,"details":{"method":"GET","path":"/top-authors","statusCode":200,"duration":1,"requestId":"abd611bc-592a-401c-9800-acd67220e2bb","ip":"::ffff:127.0.0.1"},"duration":null,"error":null}
[INFO] {"timestamp":"2026-02-20T23:39:42.059Z","level":"info","category":"test","action":"test_complete","requestId":null,"ip":null,"details":{"test":"respects limit parameter","file":"integration/noteworthy-enriched.test.js","durationMs":5,"slow":false},"duration":5,"error":null}

[90mstdout[2m | tests/integration/noteworthy-enriched.test.js[2m > [22m[2mTopic public routes[2m > [22m[2mGET /api/topics/:id returns topic detail[22m[39m
[INFO] {"timestamp":"2026-02-20T23:39:42.065Z","level":"info","category":"api","action":"request_complete","requestId":null,"ip":null,"details":{"method":"GET","path":"/29","statusCode":200,"duration":3,"requestId":"5053dea0-ef05-451a-b7f7-46e5597297b7","ip":"::ffff:127.0.0.1"},"duration":null,"error":null}
[INFO] {"timestamp":"2026-02-20T23:39:42.066Z","level":"info","category":"test","action":"test_complete","requestId":null,"ip":null,"details":{"test":"GET /api/topics/:id returns topic detail","file":"integration/noteworthy-enriched.test.js","durationMs":6,"slow":false},"duration":6,"error":null}

[90mstdout[2m | tests/integration/noteworthy-enriched.test.js[2m > [22m[2mTopic public routes[2m > [22m[2mGET /api/topics/:slug returns topic by slug[22m[39m
[INFO] {"timestamp":"2026-02-20T23:39:42.072Z","level":"info","category":"api","action":"request_complete","requestId":null,"ip":null,"details":{"method":"GET","path":"/public-topic-test-ne","statusCode":200,"duration":2,"requestId":"5ce6286a-d14b-4360-9597-d737983f2545","ip":"::ffff:127.0.0.1"},"duration":null,"error":null}
[INFO] {"timestamp":"2026-02-20T23:39:42.073Z","level":"info","category":"test","action":"test_complete","requestId":null,"ip":null,"details":{"test":"GET /api/topics/:slug returns topic by slug","file":"integration/noteworthy-enriched.test.js","durationMs":7,"slow":false},"duration":7,"error":null}

[90mstdout[2m | tests/integration/noteworthy-enriched.test.js[2m > [22m[2mTopic public routes[2m > [22m[2mGET /api/topics/:id/quotes returns paginated quotes[22m[39m
[INFO] {"timestamp":"2026-02-20T23:39:42.080Z","level":"info","category":"api","action":"request_complete","requestId":null,"ip":null,"details":{"method":"GET","path":"/29/quotes","statusCode":200,"duration":4,"requestId":"9c3f8273-9714-454d-8472-02dd1acf3a14","ip":"::ffff:127.0.0.1"},"duration":null,"error":null}
[INFO] {"timestamp":"2026-02-20T23:39:42.081Z","level":"info","category":"test","action":"test_complete","requestId":null,"ip":null,"details":{"test":"GET /api/topics/:id/quotes returns paginated quotes","file":"integration/noteworthy-enriched.test.js","durationMs":7,"slow":false},"duration":7,"error":null}

[90mstdout[2m | tests/integration/noteworthy-enriched.test.js[2m > [22m[2mTopic public routes[2m > [22m[2mGET /api/topics/:id/quotes supports sort=importance[22m[39m
[INFO] {"timestamp":"2026-02-20T23:39:42.087Z","level":"info","category":"api","action":"request_complete","requestId":null,"ip":null,"details":{"method":"GET","path":"/29/quotes","statusCode":200,"duration":4,"requestId":"b88c8242-ffe4-4708-a524-5f319edc585c","ip":"::ffff:127.0.0.1"},"duration":null,"error":null}
[INFO] {"timestamp":"2026-02-20T23:39:42.088Z","level":"info","category":"test","action":"test_complete","requestId":null,"ip":null,"details":{"test":"GET /api/topics/:id/quotes supports sort=importance","file":"integration/noteworthy-enriched.test.js","durationMs":7,"slow":false},"duration":7,"error":null}

[90mstdout[2m | tests/integration/noteworthy-enriched.test.js[2m > [22m[2mTopic public routes[2m > [22m[2mreturns 404 for non-existent topic[22m[39m
[INFO] {"timestamp":"2026-02-20T23:39:42.091Z","level":"info","category":"api","action":"request_complete","requestId":null,"ip":null,"details":{"method":"GET","path":"/99999","statusCode":404,"duration":1,"requestId":"44458349-51a1-4f89-b1ed-d2f45a78c420","ip":"::ffff:127.0.0.1"},"duration":null,"error":null}
[INFO] {"timestamp":"2026-02-20T23:39:42.092Z","level":"info","category":"test","action":"test_complete","requestId":null,"ip":null,"details":{"test":"returns 404 for non-existent topic","file":"integration/noteworthy-enriched.test.js","durationMs":4,"slow":false},"duration":4,"error":null}

[90mstdout[2m | tests/integration/noteworthy-enriched.test.js[2m > [22m[2mCategory public routes with sort[2m > [22m[2mGET /api/categories/:id/quotes supports sort=importance[22m[39m
[INFO] {"timestamp":"2026-02-20T23:39:42.098Z","level":"info","category":"api","action":"request_complete","requestId":null,"ip":null,"details":{"method":"GET","path":"/29/quotes","statusCode":200,"duration":3,"requestId":"285e11fc-1374-4e4f-89b5-06e30e277985","ip":"::ffff:127.0.0.1"},"duration":null,"error":null}
[INFO] {"timestamp":"2026-02-20T23:39:42.099Z","level":"info","category":"test","action":"test_complete","requestId":null,"ip":null,"details":{"test":"GET /api/categories/:id/quotes supports sort=importance","file":"integration/noteworthy-enriched.test.js","durationMs":6,"slow":false},"duration":6,"error":null}

[90mstdout[2m | tests/integration/noteworthy-enriched.test.js[22m[39m
[INFO] {"timestamp":"2026-02-20T23:39:42.099Z","level":"info","category":"test","action":"file_complete","requestId":null,"ip":null,"details":{"file":"integration/noteworthy-enriched.test.js","durationMs":532,"slow":false},"duration":532,"error":null}

 [32m✓[39m tests/integration/noteworthy-enriched.test.js [2m ([22m[2m20 tests[22m[2m)[22m[33m 561[2mms[22m[39m
 [32m✓[39m tests/integration/historical-scheduler.test.js [2m ([22m[2m7 tests[22m[2m)[22m[90m 78[2mms[22m[39m
[90mstdout[2m | tests/integration/historical-scheduler.test.js[2m > [22m[2mScheduler Integration — Historical Fetch[2m > [22m[2mfetchHistoricalArticles integration[2m > [22m[2minserts articles with correct historical_source_id[22m[39m
[INFO] {"timestamp":"2026-02-20T23:39:42.633Z","level":"info","category":"test","action":"test_complete","requestId":null,"ip":null,"details":{"test":"inserts articles with correct historical_source_id","file":"integration/historical-scheduler.test.js","durationMs":17,"slow":false},"duration":17,"error":null}

[90mstdout[2m | tests/integration/historical-scheduler.test.js[2m > [22m[2mScheduler Integration — Historical Fetch[2m > [22m[2mfetchHistoricalArticles integration[2m > [22m[2mskips historical fetch when disabled[22m[39m
[INFO] {"timestamp":"2026-02-20T23:39:42.649Z","level":"info","category":"test","action":"test_complete","requestId":null,"ip":null,"details":{"test":"skips historical fetch when disabled","file":"integration/historical-scheduler.test.js","durationMs":0,"slow":false},"duration":0,"error":null}

[90mstdout[2m | tests/integration/historical-scheduler.test.js[2m > [22m[2mScheduler Integration — Historical Fetch[2m > [22m[2mfetchHistoricalArticles integration[2m > [22m[2mhistorical articles get pending status[22m[39m
[INFO] {"timestamp":"2026-02-20T23:39:42.650Z","level":"info","category":"test","action":"test_complete","requestId":null,"ip":null,"details":{"test":"historical articles get pending status","file":"integration/historical-scheduler.test.js","durationMs":1,"slow":false},"duration":1,"error":null}

[90mstdout[2m | tests/integration/historical-scheduler.test.js[2m > [22m[2mScheduler Integration — Historical Fetch[2m > [22m[2mfetchHistoricalArticles integration[2m > [22m[2mtracks provider failures correctly[22m[39m
[INFO] {"timestamp":"2026-02-20T23:39:42.652Z","level":"info","category":"test","action":"test_complete","requestId":null,"ip":null,"details":{"test":"tracks provider failures correctly","file":"integration/historical-scheduler.test.js","durationMs":1,"slow":false},"duration":1,"error":null}

[90mstderr[2m | tests/integration/historical-scheduler.test.js[2m > [22m[2mScheduler Integration — Historical Fetch[2m > [22m[2mfetchHistoricalArticles integration[2m > [22m[2mtracks provider failures correctly[22m[39m
[ERROR] {"timestamp":"2026-02-20T23:39:42.651Z","level":"error","category":"historical","action":"provider_fetch_error","requestId":null,"ip":null,"details":{"provider":"test_hist","error":"Test failure"},"duration":null,"error":null}

[90mstdout[2m | tests/integration/historical-scheduler.test.js[2m > [22m[2mScheduler Integration — Historical Fetch[2m > [22m[2mPhase 2 query includes historical articles[2m > [22m[2mhistorical articles are selectable with LEFT JOIN query pattern[22m[39m
[INFO] {"timestamp":"2026-02-20T23:39:42.654Z","level":"info","category":"test","action":"test_complete","requestId":null,"ip":null,"details":{"test":"historical articles are selectable with LEFT JOIN query pattern","file":"integration/historical-scheduler.test.js","durationMs":2,"slow":false},"duration":2,"error":null}

[90mstdout[2m | tests/integration/historical-scheduler.test.js[2m > [22m[2mScheduler Integration — Historical Fetch[2m > [22m[2mprocessArticle uses prefetched_text[2m > [22m[2marticle with prefetched_text skips URL extraction concept[22m[39m
[INFO] {"timestamp":"2026-02-20T23:39:42.655Z","level":"info","category":"test","action":"test_complete","requestId":null,"ip":null,"details":{"test":"article with prefetched_text skips URL extraction concept","file":"integration/historical-scheduler.test.js","durationMs":0,"slow":false},"duration":0,"error":null}

[90mstdout[2m | tests/integration/historical-scheduler.test.js[2m > [22m[2mScheduler Integration — Historical Fetch[2m > [22m[2mprocessArticle uses prefetched_text[2m > [22m[2marticle without prefetched_text has null field[22m[39m
[INFO] {"timestamp":"2026-02-20T23:39:42.656Z","level":"info","category":"test","action":"test_complete","requestId":null,"ip":null,"details":{"test":"article without prefetched_text has null field","file":"integration/historical-scheduler.test.js","durationMs":0,"slow":false},"duration":0,"error":null}

[90mstdout[2m | tests/integration/historical-scheduler.test.js[22m[39m
[INFO] {"timestamp":"2026-02-20T23:39:42.664Z","level":"info","category":"test","action":"file_complete","requestId":null,"ip":null,"details":{"file":"integration/historical-scheduler.test.js","durationMs":78,"slow":false},"duration":78,"error":null}

 [32m✓[39m tests/unit/analytics-modal.test.js [2m ([22m[2m12 tests[22m[2m)[22m[90m 48[2mms[22m[39m
[90mstdout[2m | tests/unit/analytics-modal.test.js[2m > [22m[2mAnalytics Page[2m > [22m[2mrenderAnalytics sets up page structure with 24h option[22m[39m
[INFO] {"timestamp":"2026-02-20T23:39:43.114Z","level":"info","category":"test","action":"test_complete","requestId":null,"ip":null,"details":{"test":"renderAnalytics sets up page structure with 24h option","file":"unit/analytics-modal.test.js","durationMs":2,"slow":false},"duration":2,"error":null}

[90mstdout[2m | tests/unit/analytics-modal.test.js[2m > [22m[2mAnalytics Page[2m > [22m[2mrenderAnalytics calls API.get with overview, trending-quotes, and highlights[22m[39m
[INFO] {"timestamp":"2026-02-20T23:39:43.118Z","level":"info","category":"test","action":"test_complete","requestId":null,"ip":null,"details":{"test":"renderAnalytics calls API.get with overview, trending-quotes, and highlights","file":"unit/analytics-modal.test.js","durationMs":3,"slow":false},"duration":3,"error":null}

[90mstdout[2m | tests/unit/analytics-modal.test.js[2m > [22m[2mAnalytics Page[2m > [22m[2mchangeAnalyticsPeriod updates days and calls API with highlights[22m[39m
[INFO] {"timestamp":"2026-02-20T23:39:43.121Z","level":"info","category":"test","action":"test_complete","requestId":null,"ip":null,"details":{"test":"changeAnalyticsPeriod updates days and calls API with highlights","file":"unit/analytics-modal.test.js","durationMs":1,"slow":false},"duration":1,"error":null}

[90mstdout[2m | tests/unit/analytics-modal.test.js[2m > [22m[2mAnalytics Page[2m > [22m[2madmin-conditional stat cards[2m > [22m[2mhides stat cards when not admin[22m[39m
[INFO] {"timestamp":"2026-02-20T23:39:43.122Z","level":"info","category":"test","action":"test_complete","requestId":null,"ip":null,"details":{"test":"hides stat cards when not admin","file":"unit/analytics-modal.test.js","durationMs":1,"slow":false},"duration":1,"error":null}

[90mstdout[2m | tests/unit/analytics-modal.test.js[2m > [22m[2mAnalytics Page[2m > [22m[2madmin-conditional stat cards[2m > [22m[2mshows stat cards when admin[22m[39m
[INFO] {"timestamp":"2026-02-20T23:39:43.142Z","level":"info","category":"test","action":"test_complete","requestId":null,"ip":null,"details":{"test":"shows stat cards when admin","file":"unit/analytics-modal.test.js","durationMs":19,"slow":false},"duration":19,"error":null}

[90mstdout[2m | tests/unit/analytics-modal.test.js[2m > [22m[2mAnalytics Page[2m > [22m[2mHighest Importance section[2m > [22m[2mrenders importance section with data[22m[39m
[INFO] {"timestamp":"2026-02-20T23:39:43.147Z","level":"info","category":"test","action":"test_complete","requestId":null,"ip":null,"details":{"test":"renders importance section with data","file":"unit/analytics-modal.test.js","durationMs":4,"slow":false},"duration":4,"error":null}

[90mstdout[2m | tests/unit/analytics-modal.test.js[2m > [22m[2mAnalytics Page[2m > [22m[2mHighest Importance section[2m > [22m[2mreturns empty string when no data[22m[39m
[INFO] {"timestamp":"2026-02-20T23:39:43.147Z","level":"info","category":"test","action":"test_complete","requestId":null,"ip":null,"details":{"test":"returns empty string when no data","file":"unit/analytics-modal.test.js","durationMs":0,"slow":false},"duration":0,"error":null}

[90mstdout[2m | tests/unit/analytics-modal.test.js[2m > [22m[2mAnalytics Page[2m > [22m[2mTruth and Falsehood section[2m > [22m[2mrenders truth/falsehood section with data[22m[39m
[INFO] {"timestamp":"2026-02-20T23:39:43.148Z","level":"info","category":"test","action":"test_complete","requestId":null,"ip":null,"details":{"test":"renders truth/falsehood section with data","file":"unit/analytics-modal.test.js","durationMs":0,"slow":false},"duration":0,"error":null}

[90mstdout[2m | tests/unit/analytics-modal.test.js[2m > [22m[2mAnalytics Page[2m > [22m[2mTruth and Falsehood section[2m > [22m[2mreturns empty string when no data[22m[39m
[INFO] {"timestamp":"2026-02-20T23:39:43.149Z","level":"info","category":"test","action":"test_complete","requestId":null,"ip":null,"details":{"test":"returns empty string when no data","file":"unit/analytics-modal.test.js","durationMs":0,"slow":false},"duration":0,"error":null}

[90mstdout[2m | tests/unit/analytics-modal.test.js[2m > [22m[2mAnalytics Page[2m > [22m[2mTruth and Falsehood section[2m > [22m[2mshows empty message for columns without data[22m[39m
[INFO] {"timestamp":"2026-02-20T23:39:43.150Z","level":"info","category":"test","action":"test_complete","requestId":null,"ip":null,"details":{"test":"shows empty message for columns without data","file":"unit/analytics-modal.test.js","durationMs":0,"slow":false},"duration":0,"error":null}

[90mstdout[2m | tests/unit/analytics-modal.test.js[2m > [22m[2mAnalytics Page[2m > [22m[2mformatDateShort formats dates correctly[22m[39m
[INFO] {"timestamp":"2026-02-20T23:39:43.150Z","level":"info","category":"test","action":"test_complete","requestId":null,"ip":null,"details":{"test":"formatDateShort formats dates correctly","file":"unit/analytics-modal.test.js","durationMs":0,"slow":false},"duration":0,"error":null}

[90mstdout[2m | tests/unit/analytics-modal.test.js[2m > [22m[2mAnalytics Page[2m > [22m[2mformatDateShort returns empty for null[22m[39m
[INFO] {"timestamp":"2026-02-20T23:39:43.151Z","level":"info","category":"test","action":"test_complete","requestId":null,"ip":null,"details":{"test":"formatDateShort returns empty for null","file":"unit/analytics-modal.test.js","durationMs":0,"slow":false},"duration":0,"error":null}

[90mstdout[2m | tests/unit/analytics-modal.test.js[22m[39m
[INFO] {"timestamp":"2026-02-20T23:39:43.151Z","level":"info","category":"test","action":"file_complete","requestId":null,"ip":null,"details":{"file":"unit/analytics-modal.test.js","durationMs":48,"slow":false},"duration":48,"error":null}

[90mstdout[2m | tests/integration/purge-quality.test.js[2m > [22m[2mQuote Quality Purge[22m[39m
[startup] Database state: 0 sources, 0 persons, 0 quotes, 0 articles
[startup] Database path: E:\Github Repos\QuoteLog02\tests\purge-quality-test.db
[startup] Seeded 219 sources from sources-seed.json
[startup] Linked 219 sources to source_authors

[90mstderr[2m | tests/integration/purge-quality.test.js[2m > [22m[2mQuote Quality Purge[22m[39m
[startup] WARNING: 0 sources detected — auto-seeding from sources-seed.json

[90mstdout[2m | tests/integration/purge-quality.test.js[2m > [22m[2mQuote Quality Purge[2m > [22m[2mreturns 401 without auth cookie[22m[39m
[INFO] {"timestamp":"2026-02-20T23:39:47.163Z","level":"info","category":"api","action":"request_complete","requestId":null,"ip":null,"details":{"method":"POST","path":"/purge-quality","statusCode":401,"duration":7,"requestId":"1e76ce56-0cde-48ac-be0c-920e0ffbb9f0","ip":"::ffff:127.0.0.1"},"duration":null,"error":null}

[90mstdout[2m | tests/integration/purge-quality.test.js[2m > [22m[2mQuote Quality Purge[2m > [22m[2mreturns 401 without auth cookie[22m[39m
[INFO] {"timestamp":"2026-02-20T23:39:47.168Z","level":"info","category":"test","action":"test_complete","requestId":null,"ip":null,"details":{"test":"returns 401 without auth cookie","file":"integration/purge-quality.test.js","durationMs":39,"slow":false},"duration":39,"error":null}

[90mstdout[2m | tests/integration/purge-quality.test.js[2m > [22m[2mQuote Quality Purge[2m > [22m[2mhas fact_check_category and fact_check_confidence columns[22m[39m
[INFO] {"timestamp":"2026-02-20T23:39:47.170Z","level":"info","category":"test","action":"test_complete","requestId":null,"ip":null,"details":{"test":"has fact_check_category and fact_check_confidence columns","file":"integration/purge-quality.test.js","durationMs":1,"slow":false},"duration":1,"error":null}

[90mstdout[2m | tests/integration/purge-quality.test.js[2m > [22m[2mQuote Quality Purge[2m > [22m[2mPhase 1: deletes invisible quotes[22m[39m
[INFO] {"timestamp":"2026-02-20T23:39:47.180Z","level":"info","category":"api","action":"request_complete","requestId":null,"ip":null,"details":{"method":"POST","path":"/purge-quality","statusCode":200,"duration":5,"requestId":"764cc6d8-5653-4c73-8c94-5e213c05033e","ip":"::ffff:127.0.0.1"},"duration":null,"error":null}

[90mstdout[2m | tests/integration/purge-quality.test.js[2m > [22m[2mQuote Quality Purge[2m > [22m[2mPhase 1: deletes invisible quotes[22m[39m
[INFO] {"timestamp":"2026-02-20T23:39:47.182Z","level":"info","category":"test","action":"test_complete","requestId":null,"ip":null,"details":{"test":"Phase 1: deletes invisible quotes","file":"integration/purge-quality.test.js","durationMs":11,"slow":false},"duration":11,"error":null}

[90mstdout[2m | tests/integration/purge-quality.test.js[2m > [22m[2mQuote Quality Purge[2m > [22m[2mdry run classifies but does not delete[22m[39m
[INFO] {"timestamp":"2026-02-20T23:39:47.397Z","level":"info","category":"api","action":"request_complete","requestId":null,"ip":null,"details":{"method":"POST","path":"/purge-quality","statusCode":200,"duration":210,"requestId":"a04168f6-ee7d-429c-9ad3-bb91a91aec1b","ip":"::ffff:127.0.0.1"},"duration":null,"error":null}
[INFO] {"timestamp":"2026-02-20T23:39:47.399Z","level":"info","category":"test","action":"test_complete","requestId":null,"ip":null,"details":{"test":"dry run classifies but does not delete","file":"integration/purge-quality.test.js","durationMs":217,"slow":false},"duration":217,"error":null}

[90mstdout[2m | tests/integration/purge-quality.test.js[2m > [22m[2mQuote Quality Purge[2m > [22m[2mdeletes B and C quotes on non-dry run[22m[39m
[INFO] {"timestamp":"2026-02-20T23:39:47.406Z","level":"info","category":"api","action":"request_complete","requestId":null,"ip":null,"details":{"method":"POST","path":"/purge-quality","statusCode":200,"duration":2,"requestId":"315958a2-bea6-4b5b-b968-d00f8efc6654","ip":"::ffff:127.0.0.1"},"duration":null,"error":null}

[90mstdout[2m | tests/integration/purge-quality.test.js[2m > [22m[2mQuote Quality Purge[2m > [22m[2mdeletes B and C quotes on non-dry run[22m[39m
[INFO] {"timestamp":"2026-02-20T23:39:47.408Z","level":"info","category":"test","action":"test_complete","requestId":null,"ip":null,"details":{"test":"deletes B and C quotes on non-dry run","file":"integration/purge-quality.test.js","durationMs":8,"slow":false},"duration":8,"error":null}

[90mstdout[2m | tests/integration/purge-quality.test.js[2m > [22m[2mQuote Quality Purge[2m > [22m[2mcleans up importants and noteworthy_items for deleted quotes[22m[39m
[INFO] {"timestamp":"2026-02-20T23:39:47.423Z","level":"info","category":"api","action":"request_complete","requestId":null,"ip":null,"details":{"method":"POST","path":"/purge-quality","statusCode":200,"duration":11,"requestId":"48327415-613a-4739-9cce-6f317a7e5700","ip":"::ffff:127.0.0.1"},"duration":null,"error":null}
[INFO] {"timestamp":"2026-02-20T23:39:47.424Z","level":"info","category":"test","action":"test_complete","requestId":null,"ip":null,"details":{"test":"cleans up importants and noteworthy_items for deleted quotes","file":"integration/purge-quality.test.js","durationMs":16,"slow":false},"duration":16,"error":null}

[90mstdout[2m | tests/integration/purge-quality.test.js[2m > [22m[2mQuote Quality Purge[2m > [22m[2mupdates person quote_count after deletion[22m[39m
[INFO] {"timestamp":"2026-02-20T23:39:47.431Z","level":"info","category":"api","action":"request_complete","requestId":null,"ip":null,"details":{"method":"POST","path":"/purge-quality","statusCode":200,"duration":3,"requestId":"29983b3d-2f7e-4da0-a7fe-5d7672e6a0b8","ip":"::ffff:127.0.0.1"},"duration":null,"error":null}
[INFO] {"timestamp":"2026-02-20T23:39:47.432Z","level":"info","category":"test","action":"test_complete","requestId":null,"ip":null,"details":{"test":"updates person quote_count after deletion","file":"integration/purge-quality.test.js","durationMs":7,"slow":false},"duration":7,"error":null}

[90mstdout[2m | tests/integration/purge-quality.test.js[2m > [22m[2mQuote Quality Purge[2m > [22m[2mskips classification for already-classified quotes[22m[39m
[INFO] {"timestamp":"2026-02-20T23:39:47.438Z","level":"info","category":"api","action":"request_complete","requestId":null,"ip":null,"details":{"method":"POST","path":"/purge-quality","statusCode":200,"duration":3,"requestId":"cf483f3d-7712-4308-b0c7-02206ecc7c1b","ip":"::ffff:127.0.0.1"},"duration":null,"error":null}
[INFO] {"timestamp":"2026-02-20T23:39:47.439Z","level":"info","category":"test","action":"test_complete","requestId":null,"ip":null,"details":{"test":"skips classification for already-classified quotes","file":"integration/purge-quality.test.js","durationMs":7,"slow":false},"duration":7,"error":null}

[90mstdout[2m | tests/integration/purge-quality.test.js[22m[39m
[INFO] {"timestamp":"2026-02-20T23:39:47.448Z","level":"info","category":"test","action":"file_complete","requestId":null,"ip":null,"details":{"file":"integration/purge-quality.test.js","durationMs":3673,"slow":false},"duration":3673,"error":null}

 [32m✓[39m tests/integration/purge-quality.test.js [2m ([22m[2m8 tests[22m[2m)[22m[33m 4035[2mms[22m[39m
[90mstdout[2m | tests/integration/auth.test.js[2m > [22m[2mAuth API[22m[39m
[startup] Database state: 0 sources, 0 persons, 0 quotes, 0 articles
[startup] Database path: E:\Github Repos\QuoteLog02\tests\auth-test.db
[startup] Seeded 219 sources from sources-seed.json
[startup] Linked 219 sources to source_authors

[90mstderr[2m | tests/integration/auth.test.js[2m > [22m[2mAuth API[22m[39m
[startup] WARNING: 0 sources detected — auto-seeding from sources-seed.json

[90mstdout[2m | tests/integration/auth.test.js[2m > [22m[2mAuth API[2m > [22m[2mPOST /api/auth/login[2m > [22m[2mreturns 200 and sets auth_token cookie with correct credentials[22m[39m
[INFO] {"timestamp":"2026-02-20T23:39:52.835Z","level":"info","category":"api","action":"request_complete","requestId":null,"ip":null,"details":{"method":"POST","path":"/login","statusCode":200,"duration":335,"requestId":"4a449911-1e1c-43fe-9708-c6e4a1168b16","ip":"::ffff:127.0.0.1"},"duration":null,"error":null}

[90mstdout[2m | tests/integration/auth.test.js[2m > [22m[2mAuth API[2m > [22m[2mPOST /api/auth/login[2m > [22m[2mreturns 200 and sets auth_token cookie with correct credentials[22m[39m
[INFO] {"timestamp":"2026-02-20T23:39:52.841Z","level":"info","category":"test","action":"test_complete","requestId":null,"ip":null,"details":{"test":"returns 200 and sets auth_token cookie with correct credentials","file":"integration/auth.test.js","durationMs":368,"slow":false},"duration":368,"error":null}

[90mstdout[2m | tests/integration/auth.test.js[2m > [22m[2mAuth API[2m > [22m[2mPOST /api/auth/login[2m > [22m[2mreturns 401 with wrong password[22m[39m
[INFO] {"timestamp":"2026-02-20T23:39:53.168Z","level":"info","category":"api","action":"request_complete","requestId":null,"ip":null,"details":{"method":"POST","path":"/login","statusCode":401,"duration":323,"requestId":"45d109b5-2d34-45d8-8cc2-bc6b79686583","ip":"::ffff:127.0.0.1"},"duration":null,"error":null}

[90mstdout[2m | tests/integration/auth.test.js[2m > [22m[2mAuth API[2m > [22m[2mPOST /api/auth/login[2m > [22m[2mreturns 401 with wrong password[22m[39m
[INFO] {"timestamp":"2026-02-20T23:39:53.170Z","level":"info","category":"test","action":"test_complete","requestId":null,"ip":null,"details":{"test":"returns 401 with wrong password","file":"integration/auth.test.js","durationMs":329,"slow":false},"duration":329,"error":null}

[90mstdout[2m | tests/integration/auth.test.js[2m > [22m[2mAuth API[2m > [22m[2mPOST /api/auth/login[2m > [22m[2mreturns 401 with unknown email[22m[39m
[INFO] {"timestamp":"2026-02-20T23:39:53.175Z","level":"info","category":"api","action":"request_complete","requestId":null,"ip":null,"details":{"method":"POST","path":"/login","statusCode":401,"duration":1,"requestId":"f61dde18-cd2d-4adb-a5c5-68c95a016ba7","ip":"::ffff:127.0.0.1"},"duration":null,"error":null}
[INFO] {"timestamp":"2026-02-20T23:39:53.176Z","level":"info","category":"test","action":"test_complete","requestId":null,"ip":null,"details":{"test":"returns 401 with unknown email","file":"integration/auth.test.js","durationMs":6,"slow":false},"duration":6,"error":null}

[90mstdout[2m | tests/integration/auth.test.js[2m > [22m[2mAuth API[2m > [22m[2mPOST /api/auth/login[2m > [22m[2mreturns 400 if email or password missing[22m[39m
[INFO] {"timestamp":"2026-02-20T23:39:53.180Z","level":"info","category":"api","action":"request_complete","requestId":null,"ip":null,"details":{"method":"POST","path":"/login","statusCode":400,"duration":1,"requestId":"9eb393b0-898b-4fac-8304-6c427025d077","ip":"::ffff:127.0.0.1"},"duration":null,"error":null}
[INFO] {"timestamp":"2026-02-20T23:39:53.181Z","level":"info","category":"test","action":"test_complete","requestId":null,"ip":null,"details":{"test":"returns 400 if email or password missing","file":"integration/auth.test.js","durationMs":4,"slow":false},"duration":4,"error":null}

[90mstdout[2m | tests/integration/auth.test.js[2m > [22m[2mAuth API[2m > [22m[2mGET /api/auth/me[2m > [22m[2mreturns authenticated true with valid cookie[22m[39m
[INFO] {"timestamp":"2026-02-20T23:39:53.501Z","level":"info","category":"api","action":"request_complete","requestId":null,"ip":null,"details":{"method":"POST","path":"/login","statusCode":200,"duration":316,"requestId":"81fd54a3-ea04-4f41-97c2-e272cec11ab9","ip":"::ffff:127.0.0.1"},"duration":null,"error":null}

[90mstdout[2m | tests/integration/auth.test.js[2m > [22m[2mAuth API[2m > [22m[2mGET /api/auth/me[2m > [22m[2mreturns authenticated true with valid cookie[22m[39m
[INFO] {"timestamp":"2026-02-20T23:39:53.509Z","level":"info","category":"api","action":"request_complete","requestId":null,"ip":null,"details":{"method":"GET","path":"/me","statusCode":200,"duration":3,"requestId":"756f1650-76be-42a2-a288-3962feb458cb","ip":"::ffff:127.0.0.1"},"duration":null,"error":null}
[INFO] {"timestamp":"2026-02-20T23:39:53.510Z","level":"info","category":"test","action":"test_complete","requestId":null,"ip":null,"details":{"test":"returns authenticated true with valid cookie","file":"integration/auth.test.js","durationMs":329,"slow":false},"duration":329,"error":null}

[90mstdout[2m | tests/integration/auth.test.js[2m > [22m[2mAuth API[2m > [22m[2mGET /api/auth/me[2m > [22m[2mreturns authenticated false without cookie[22m[39m
[INFO] {"timestamp":"2026-02-20T23:39:53.514Z","level":"info","category":"api","action":"request_complete","requestId":null,"ip":null,"details":{"method":"GET","path":"/me","statusCode":200,"duration":1,"requestId":"05a97c4d-7a16-4c75-9d6b-8f0d0891eed4","ip":"::ffff:127.0.0.1"},"duration":null,"error":null}
[INFO] {"timestamp":"2026-02-20T23:39:53.515Z","level":"info","category":"test","action":"test_complete","requestId":null,"ip":null,"details":{"test":"returns authenticated false without cookie","file":"integration/auth.test.js","durationMs":4,"slow":false},"duration":4,"error":null}

[90mstdout[2m | tests/integration/auth.test.js[2m > [22m[2mAuth API[2m > [22m[2mGET /api/auth/me[2m > [22m[2mreturns authenticated false with invalid cookie[22m[39m
[INFO] {"timestamp":"2026-02-20T23:39:53.519Z","level":"info","category":"api","action":"request_complete","requestId":null,"ip":null,"details":{"method":"GET","path":"/me","statusCode":200,"duration":1,"requestId":"7af14b75-2c8f-446a-984c-9f889fbe659f","ip":"::ffff:127.0.0.1"},"duration":null,"error":null}
[INFO] {"timestamp":"2026-02-20T23:39:53.520Z","level":"info","category":"test","action":"test_complete","requestId":null,"ip":null,"details":{"test":"returns authenticated false with invalid cookie","file":"integration/auth.test.js","durationMs":4,"slow":false},"duration":4,"error":null}

[90mstdout[2m | tests/integration/auth.test.js[2m > [22m[2mAuth API[2m > [22m[2mPOST /api/auth/logout[2m > [22m[2mclears the auth_token cookie[22m[39m
[INFO] {"timestamp":"2026-02-20T23:39:53.524Z","level":"info","category":"api","action":"request_complete","requestId":null,"ip":null,"details":{"method":"POST","path":"/logout","statusCode":200,"duration":1,"requestId":"748e4a4c-4302-4b12-af6d-8cd2a4df0fa5","ip":"::ffff:127.0.0.1"},"duration":null,"error":null}

[90mstdout[2m | tests/integration/auth.test.js[2m > [22m[2mAuth API[2m > [22m[2mPOST /api/auth/logout[2m > [22m[2mclears the auth_token cookie[22m[39m
[INFO] {"timestamp":"2026-02-20T23:39:53.526Z","level":"info","category":"test","action":"test_complete","requestId":null,"ip":null,"details":{"test":"clears the auth_token cookie","file":"integration/auth.test.js","durationMs":6,"slow":false},"duration":6,"error":null}

[90mstdout[2m | tests/integration/auth.test.js[2m > [22m[2mAuth API[2m > [22m[2mPOST /api/auth/forgot-password[2m > [22m[2mreturns 200 success message for registered email[22m[39m
[INFO] {"timestamp":"2026-02-20T23:39:53.531Z","level":"info","category":"api","action":"request_complete","requestId":null,"ip":null,"details":{"method":"POST","path":"/forgot-password","statusCode":200,"duration":1,"requestId":"f1328a4f-4f35-4522-9894-bd2c991a2e89","ip":"::ffff:127.0.0.1"},"duration":null,"error":null}
[INFO] {"timestamp":"2026-02-20T23:39:53.532Z","level":"info","category":"test","action":"test_complete","requestId":null,"ip":null,"details":{"test":"returns 200 success message for registered email","file":"integration/auth.test.js","durationMs":6,"slow":false},"duration":6,"error":null}

[90mstdout[2m | tests/integration/auth.test.js[2m > [22m[2mAuth API[2m > [22m[2mPOST /api/auth/forgot-password[2m > [22m[2mreturns 200 success message for unregistered email[22m[39m
[INFO] {"timestamp":"2026-02-20T23:39:53.536Z","level":"info","category":"api","action":"request_complete","requestId":null,"ip":null,"details":{"method":"POST","path":"/forgot-password","statusCode":200,"duration":1,"requestId":"12dc60c9-9507-45ea-83c8-bca87f2f57ce","ip":"::ffff:127.0.0.1"},"duration":null,"error":null}
[INFO] {"timestamp":"2026-02-20T23:39:53.537Z","level":"info","category":"test","action":"test_complete","requestId":null,"ip":null,"details":{"test":"returns 200 success message for unregistered email","file":"integration/auth.test.js","durationMs":4,"slow":false},"duration":4,"error":null}

[90mstdout[2m | tests/integration/auth.test.js[2m > [22m[2mAuth API[2m > [22m[2mPOST /api/auth/forgot-password[2m > [22m[2mcreates a token in password_reset_tokens table[22m[39m
[INFO] {"timestamp":"2026-02-20T23:39:53.540Z","level":"info","category":"api","action":"request_complete","requestId":null,"ip":null,"details":{"method":"POST","path":"/forgot-password","statusCode":200,"duration":1,"requestId":"4fae940d-6415-4690-865c-a52f5ca1acc4","ip":"::ffff:127.0.0.1"},"duration":null,"error":null}

[90mstdout[2m | tests/integration/auth.test.js[2m > [22m[2mAuth API[2m > [22m[2mPOST /api/auth/forgot-password[2m > [22m[2mcreates a token in password_reset_tokens table[22m[39m
[INFO] {"timestamp":"2026-02-20T23:39:53.650Z","level":"info","category":"test","action":"test_complete","requestId":null,"ip":null,"details":{"test":"creates a token in password_reset_tokens table","file":"integration/auth.test.js","durationMs":113,"slow":false},"duration":113,"error":null}

[90mstdout[2m | tests/integration/auth.test.js[2m > [22m[2mAuth API[2m > [22m[2mPOST /api/auth/reset-password[2m > [22m[2mchanges password with valid token[22m[39m
[INFO] {"timestamp":"2026-02-20T23:39:53.965Z","level":"info","category":"api","action":"request_complete","requestId":null,"ip":null,"details":{"method":"POST","path":"/reset-password","statusCode":200,"duration":311,"requestId":"7bbf5bdc-c423-4f87-9046-0b204e2c45bf","ip":"::ffff:127.0.0.1"},"duration":null,"error":null}

[90mstdout[2m | tests/integration/auth.test.js[2m > [22m[2mAuth API[2m > [22m[2mPOST /api/auth/reset-password[2m > [22m[2mchanges password with valid token[22m[39m
[INFO] {"timestamp":"2026-02-20T23:39:54.600Z","level":"info","category":"test","action":"test_complete","requestId":null,"ip":null,"details":{"test":"changes password with valid token","file":"integration/auth.test.js","durationMs":950,"slow":false},"duration":950,"error":null}

[90mstdout[2m | tests/integration/auth.test.js[2m > [22m[2mAuth API[2m > [22m[2mPOST /api/auth/reset-password[2m > [22m[2mreturns 400 with expired token[22m[39m
[INFO] {"timestamp":"2026-02-20T23:39:54.604Z","level":"info","category":"api","action":"request_complete","requestId":null,"ip":null,"details":{"method":"POST","path":"/reset-password","statusCode":400,"duration":0,"requestId":"79aefa18-ed7b-479b-b9ee-7fe16e323987","ip":"::ffff:127.0.0.1"},"duration":null,"error":null}

[90mstdout[2m | tests/integration/auth.test.js[2m > [22m[2mAuth API[2m > [22m[2mPOST /api/auth/reset-password[2m > [22m[2mreturns 400 with expired token[22m[39m
[INFO] {"timestamp":"2026-02-20T23:39:54.605Z","level":"info","category":"test","action":"test_complete","requestId":null,"ip":null,"details":{"test":"returns 400 with expired token","file":"integration/auth.test.js","durationMs":5,"slow":false},"duration":5,"error":null}

[90mstdout[2m | tests/integration/auth.test.js[2m > [22m[2mAuth API[2m > [22m[2mPOST /api/auth/reset-password[2m > [22m[2mreturns 400 with already-used token[22m[39m
[INFO] {"timestamp":"2026-02-20T23:39:54.609Z","level":"info","category":"api","action":"request_complete","requestId":null,"ip":null,"details":{"method":"POST","path":"/reset-password","statusCode":400,"duration":1,"requestId":"3a4b2c2b-8f63-4923-89a9-ac9ad0a2a208","ip":"::ffff:127.0.0.1"},"duration":null,"error":null}
[INFO] {"timestamp":"2026-02-20T23:39:54.611Z","level":"info","category":"test","action":"test_complete","requestId":null,"ip":null,"details":{"test":"returns 400 with already-used token","file":"integration/auth.test.js","durationMs":6,"slow":false},"duration":6,"error":null}

[90mstdout[2m | tests/integration/auth.test.js[2m > [22m[2mAuth API[2m > [22m[2mPOST /api/auth/reset-password[2m > [22m[2mreturns 400 with invalid token[22m[39m
[INFO] {"timestamp":"2026-02-20T23:39:54.614Z","level":"info","category":"api","action":"request_complete","requestId":null,"ip":null,"details":{"method":"POST","path":"/reset-password","statusCode":400,"duration":0,"requestId":"719197b3-8eab-4d0b-a425-64291023dc12","ip":"::ffff:127.0.0.1"},"duration":null,"error":null}
[INFO] {"timestamp":"2026-02-20T23:39:54.615Z","level":"info","category":"test","action":"test_complete","requestId":null,"ip":null,"details":{"test":"returns 400 with invalid token","file":"integration/auth.test.js","durationMs":4,"slow":false},"duration":4,"error":null}

[90mstdout[2m | tests/integration/auth.test.js[2m > [22m[2mAuth API[2m > [22m[2mPOST /api/auth/reset-password[2m > [22m[2mreturns 400 if password is too short[22m[39m
[INFO] {"timestamp":"2026-02-20T23:39:54.618Z","level":"info","category":"api","action":"request_complete","requestId":null,"ip":null,"details":{"method":"POST","path":"/reset-password","statusCode":400,"duration":0,"requestId":"62a267dd-bea0-4e12-bc57-2645d0f9b889","ip":"::ffff:127.0.0.1"},"duration":null,"error":null}

[90mstdout[2m | tests/integration/auth.test.js[2m > [22m[2mAuth API[2m > [22m[2mPOST /api/auth/reset-password[2m > [22m[2mreturns 400 if password is too short[22m[39m
[INFO] {"timestamp":"2026-02-20T23:39:54.619Z","level":"info","category":"test","action":"test_complete","requestId":null,"ip":null,"details":{"test":"returns 400 if password is too short","file":"integration/auth.test.js","durationMs":4,"slow":false},"duration":4,"error":null}

[90mstdout[2m | tests/integration/auth.test.js[22m[39m
[INFO] {"timestamp":"2026-02-20T23:39:54.630Z","level":"info","category":"test","action":"file_complete","requestId":null,"ip":null,"details":{"file":"integration/auth.test.js","durationMs":6154,"slow":false},"duration":6154,"error":null}

 [32m✓[39m tests/integration/auth.test.js [2m ([22m[2m16 tests[22m[2m)[22m[33m 6503[2mms[22m[39m
 [32m✓[39m tests/unit/middleware.test.js [2m ([22m[2m12 tests[22m[2m)[22m[90m 233[2mms[22m[39m
 [32m✓[39m tests/unit/backprop-fetcher.test.js [2m ([22m[2m12 tests[22m[2m)[22m[90m 27[2mms[22m[39m
[90mstdout[2m | tests/unit/backprop-fetcher.test.js[2m > [22m[2mbackpropFetcher[2m > [22m[2mfetchArticlesForDate[2m > [22m[2mreturns articles and attempts array[22m[39m
[INFO] {"timestamp":"2026-02-20T23:39:56.523Z","level":"info","category":"backprop_fetch","action":"fetch_complete","requestId":null,"ip":null,"details":{"targetDate":"2026-02-14","totalArticles":2,"totalAttempts":5,"strategies":{"0":"google_news","1":"gdelt","2":"gdelt","3":"wayback","4":"wayback"}},"duration":null,"error":null}
[INFO] {"timestamp":"2026-02-20T23:39:56.524Z","level":"info","category":"test","action":"test_complete","requestId":null,"ip":null,"details":{"test":"returns articles and attempts array","file":"unit/backprop-fetcher.test.js","durationMs":4,"slow":false},"duration":4,"error":null}

[90mstderr[2m | tests/unit/backprop-fetcher.test.js[2m > [22m[2mbackpropFetcher[2m > [22m[2mfetchArticlesForDate[2m > [22m[2mreturns articles and attempts array[22m[39m
[WARN] {"timestamp":"2026-02-20T23:39:56.521Z","level":"warn","category":"backprop_fetch","action":"gdelt_failed","requestId":null,"ip":null,"details":{"targetDate":"2026-02-14","domain":"cnn.com","error":"Cannot read properties of undefined (reading 'ok')"},"duration":null,"error":null}
[WARN] {"timestamp":"2026-02-20T23:39:56.522Z","level":"warn","category":"backprop_fetch","action":"gdelt_failed","requestId":null,"ip":null,"details":{"targetDate":"2026-02-14","domain":"bbc.com","error":"Cannot read properties of undefined (reading 'ok')"},"duration":null,"error":null}
[WARN] {"timestamp":"2026-02-20T23:39:56.522Z","level":"warn","category":"backprop_fetch","action":"wayback_failed","requestId":null,"ip":null,"details":{"targetDate":"2026-02-14","domain":"cnn.com","error":"Cannot read properties of undefined (reading 'ok')"},"duration":null,"error":null}
[WARN] {"timestamp":"2026-02-20T23:39:56.523Z","level":"warn","category":"backprop_fetch","action":"wayback_failed","requestId":null,"ip":null,"details":{"targetDate":"2026-02-14","domain":"bbc.com","error":"Cannot read properties of undefined (reading 'ok')"},"duration":null,"error":null}

[90mstdout[2m | tests/unit/backprop-fetcher.test.js[2m > [22m[2mbackpropFetcher[2m > [22m[2mfetchArticlesForDate[2m > [22m[2mdeduplicates articles by URL[22m[39m
[INFO] {"timestamp":"2026-02-20T23:39:56.527Z","level":"info","category":"backprop_fetch","action":"fetch_complete","requestId":null,"ip":null,"details":{"targetDate":"2026-02-14","totalArticles":1,"totalAttempts":5,"strategies":{"0":"google_news","1":"gdelt","2":"gdelt","3":"wayback","4":"wayback"}},"duration":null,"error":null}
[INFO] {"timestamp":"2026-02-20T23:39:56.527Z","level":"info","category":"test","action":"test_complete","requestId":null,"ip":null,"details":{"test":"deduplicates articles by URL","file":"unit/backprop-fetcher.test.js","durationMs":2,"slow":false},"duration":2,"error":null}

[90mstderr[2m | tests/unit/backprop-fetcher.test.js[2m > [22m[2mbackpropFetcher[2m > [22m[2mfetchArticlesForDate[2m > [22m[2mdeduplicates articles by URL[22m[39m
[WARN] {"timestamp":"2026-02-20T23:39:56.525Z","level":"warn","category":"backprop_fetch","action":"gdelt_failed","requestId":null,"ip":null,"details":{"targetDate":"2026-02-14","domain":"cnn.com","error":"Cannot read properties of undefined (reading 'ok')"},"duration":null,"error":null}
[WARN] {"timestamp":"2026-02-20T23:39:56.526Z","level":"warn","category":"backprop_fetch","action":"gdelt_failed","requestId":null,"ip":null,"details":{"targetDate":"2026-02-14","domain":"bbc.com","error":"Cannot read properties of undefined (reading 'ok')"},"duration":null,"error":null}
[WARN] {"timestamp":"2026-02-20T23:39:56.526Z","level":"warn","category":"backprop_fetch","action":"wayback_failed","requestId":null,"ip":null,"details":{"targetDate":"2026-02-14","domain":"cnn.com","error":"Cannot read properties of undefined (reading 'ok')"},"duration":null,"error":null}
[WARN] {"timestamp":"2026-02-20T23:39:56.526Z","level":"warn","category":"backprop_fetch","action":"wayback_failed","requestId":null,"ip":null,"details":{"targetDate":"2026-02-14","domain":"bbc.com","error":"Cannot read properties of undefined (reading 'ok')"},"duration":null,"error":null}

[90mstdout[2m | tests/unit/backprop-fetcher.test.js[2m > [22m[2mbackpropFetcher[2m > [22m[2mfetchArticlesForDate[2m > [22m[2mrespects maxArticles limit[22m[39m
[INFO] {"timestamp":"2026-02-20T23:39:56.528Z","level":"info","category":"backprop_fetch","action":"fetch_complete","requestId":null,"ip":null,"details":{"targetDate":"2026-02-14","totalArticles":3,"totalAttempts":1,"strategies":{"0":"google_news"}},"duration":null,"error":null}
[INFO] {"timestamp":"2026-02-20T23:39:56.528Z","level":"info","category":"test","action":"test_complete","requestId":null,"ip":null,"details":{"test":"respects maxArticles limit","file":"unit/backprop-fetcher.test.js","durationMs":1,"slow":false},"duration":1,"error":null}

[90mstdout[2m | tests/unit/backprop-fetcher.test.js[2m > [22m[2mbackpropFetcher[2m > [22m[2mfetchArticlesForDate[2m > [22m[2mtries GDELT when Google News fails[22m[39m
[INFO] {"timestamp":"2026-02-20T23:39:56.530Z","level":"info","category":"backprop_fetch","action":"fetch_complete","requestId":null,"ip":null,"details":{"targetDate":"2026-02-14","totalArticles":1,"totalAttempts":5,"strategies":{"0":"google_news","1":"gdelt","2":"gdelt","3":"wayback","4":"wayback"}},"duration":null,"error":null}
[INFO] {"timestamp":"2026-02-20T23:39:56.530Z","level":"info","category":"test","action":"test_complete","requestId":null,"ip":null,"details":{"test":"tries GDELT when Google News fails","file":"unit/backprop-fetcher.test.js","durationMs":2,"slow":false},"duration":2,"error":null}

[90mstderr[2m | tests/unit/backprop-fetcher.test.js[2m > [22m[2mbackpropFetcher[2m > [22m[2mfetchArticlesForDate[2m > [22m[2mtries GDELT when Google News fails[22m[39m
[WARN] {"timestamp":"2026-02-20T23:39:56.529Z","level":"warn","category":"backprop_fetch","action":"google_news_failed","requestId":null,"ip":null,"details":{"targetDate":"2026-02-14","error":"Feed unavailable"},"duration":null,"error":null}
[WARN] {"timestamp":"2026-02-20T23:39:56.529Z","level":"warn","category":"backprop_fetch","action":"gdelt_failed","requestId":null,"ip":null,"details":{"targetDate":"2026-02-14","domain":"bbc.com","error":"Cannot read properties of undefined (reading 'ok')"},"duration":null,"error":null}
[WARN] {"timestamp":"2026-02-20T23:39:56.530Z","level":"warn","category":"backprop_fetch","action":"wayback_failed","requestId":null,"ip":null,"details":{"targetDate":"2026-02-14","domain":"cnn.com","error":"Cannot read properties of undefined (reading 'ok')"},"duration":null,"error":null}
[WARN] {"timestamp":"2026-02-20T23:39:56.530Z","level":"warn","category":"backprop_fetch","action":"wayback_failed","requestId":null,"ip":null,"details":{"targetDate":"2026-02-14","domain":"bbc.com","error":"Cannot read properties of undefined (reading 'ok')"},"duration":null,"error":null}

[90mstdout[2m | tests/unit/backprop-fetcher.test.js[2m > [22m[2mbackpropFetcher[2m > [22m[2mfetchArticlesForDate[2m > [22m[2mtries Wayback when Google News and GDELT fail[22m[39m
[INFO] {"timestamp":"2026-02-20T23:39:56.532Z","level":"info","category":"backprop_fetch","action":"fetch_complete","requestId":null,"ip":null,"details":{"targetDate":"2026-02-14","totalArticles":0,"totalAttempts":5,"strategies":{"0":"google_news","1":"gdelt","2":"gdelt","3":"wayback","4":"wayback"}},"duration":null,"error":null}
[INFO] {"timestamp":"2026-02-20T23:39:56.533Z","level":"info","category":"test","action":"test_complete","requestId":null,"ip":null,"details":{"test":"tries Wayback when Google News and GDELT fail","file":"unit/backprop-fetcher.test.js","durationMs":2,"slow":false},"duration":2,"error":null}

[90mstderr[2m | tests/unit/backprop-fetcher.test.js[2m > [22m[2mbackpropFetcher[2m > [22m[2mfetchArticlesForDate[2m > [22m[2mtries Wayback when Google News and GDELT fail[22m[39m
[WARN] {"timestamp":"2026-02-20T23:39:56.531Z","level":"warn","category":"backprop_fetch","action":"google_news_failed","requestId":null,"ip":null,"details":{"targetDate":"2026-02-14","error":"Feed unavailable"},"duration":null,"error":null}
[WARN] {"timestamp":"2026-02-20T23:39:56.531Z","level":"warn","category":"backprop_fetch","action":"gdelt_failed","requestId":null,"ip":null,"details":{"targetDate":"2026-02-14","domain":"cnn.com","error":"GDELT API returned 500"},"duration":null,"error":null}
[WARN] {"timestamp":"2026-02-20T23:39:56.531Z","level":"warn","category":"backprop_fetch","action":"gdelt_failed","requestId":null,"ip":null,"details":{"targetDate":"2026-02-14","domain":"bbc.com","error":"response.json is not a function"},"duration":null,"error":null}
[WARN] {"timestamp":"2026-02-20T23:39:56.532Z","level":"warn","category":"backprop_fetch","action":"wayback_failed","requestId":null,"ip":null,"details":{"targetDate":"2026-02-14","domain":"cnn.com","error":"Cannot read properties of undefined (reading 'ok')"},"duration":null,"error":null}
[WARN] {"timestamp":"2026-02-20T23:39:56.532Z","level":"warn","category":"backprop_fetch","action":"wayback_failed","requestId":null,"ip":null,"details":{"targetDate":"2026-02-14","domain":"bbc.com","error":"Cannot read properties of undefined (reading 'ok')"},"duration":null,"error":null}

[90mstdout[2m | tests/unit/backprop-fetcher.test.js[2m > [22m[2mbackpropFetcher[2m > [22m[2mfetchArticlesForDate[2m > [22m[2mreturns empty articles when all strategies fail[22m[39m
[INFO] {"timestamp":"2026-02-20T23:39:56.535Z","level":"info","category":"backprop_fetch","action":"fetch_complete","requestId":null,"ip":null,"details":{"targetDate":"2026-02-14","totalArticles":0,"totalAttempts":5,"strategies":{"0":"google_news","1":"gdelt","2":"gdelt","3":"wayback","4":"wayback"}},"duration":null,"error":null}
[INFO] {"timestamp":"2026-02-20T23:39:56.536Z","level":"info","category":"test","action":"test_complete","requestId":null,"ip":null,"details":{"test":"returns empty articles when all strategies fail","file":"unit/backprop-fetcher.test.js","durationMs":2,"slow":false},"duration":2,"error":null}

[90mstderr[2m | tests/unit/backprop-fetcher.test.js[2m > [22m[2mbackpropFetcher[2m > [22m[2mfetchArticlesForDate[2m > [22m[2mreturns empty articles when all strategies fail[22m[39m
[WARN] {"timestamp":"2026-02-20T23:39:56.534Z","level":"warn","category":"backprop_fetch","action":"google_news_failed","requestId":null,"ip":null,"details":{"targetDate":"2026-02-14","error":"Feed unavailable"},"duration":null,"error":null}
[WARN] {"timestamp":"2026-02-20T23:39:56.534Z","level":"warn","category":"backprop_fetch","action":"gdelt_failed","requestId":null,"ip":null,"details":{"targetDate":"2026-02-14","domain":"cnn.com","error":"GDELT API returned 500"},"duration":null,"error":null}
[WARN] {"timestamp":"2026-02-20T23:39:56.534Z","level":"warn","category":"backprop_fetch","action":"gdelt_failed","requestId":null,"ip":null,"details":{"targetDate":"2026-02-14","domain":"bbc.com","error":"GDELT API returned 500"},"duration":null,"error":null}
[WARN] {"timestamp":"2026-02-20T23:39:56.535Z","level":"warn","category":"backprop_fetch","action":"wayback_failed","requestId":null,"ip":null,"details":{"targetDate":"2026-02-14","domain":"cnn.com","error":"Cannot read properties of undefined (reading 'ok')"},"duration":null,"error":null}
[WARN] {"timestamp":"2026-02-20T23:39:56.535Z","level":"warn","category":"backprop_fetch","action":"wayback_failed","requestId":null,"ip":null,"details":{"targetDate":"2026-02-14","domain":"bbc.com","error":"Cannot read properties of undefined (reading 'ok')"},"duration":null,"error":null}

[90mstdout[2m | tests/unit/backprop-fetcher.test.js[2m > [22m[2mbackpropFetcher[2m > [22m[2mfetchArticlesForDate[2m > [22m[2marticles have url, title, and published fields[22m[39m
[INFO] {"timestamp":"2026-02-20T23:39:56.537Z","level":"info","category":"backprop_fetch","action":"fetch_complete","requestId":null,"ip":null,"details":{"targetDate":"2026-02-14","totalArticles":1,"totalAttempts":5,"strategies":{"0":"google_news","1":"gdelt","2":"gdelt","3":"wayback","4":"wayback"}},"duration":null,"error":null}
[INFO] {"timestamp":"2026-02-20T23:39:56.537Z","level":"info","category":"test","action":"test_complete","requestId":null,"ip":null,"details":{"test":"articles have url, title, and published fields","file":"unit/backprop-fetcher.test.js","durationMs":1,"slow":false},"duration":1,"error":null}

[90mstderr[2m | tests/unit/backprop-fetcher.test.js[2m > [22m[2mbackpropFetcher[2m > [22m[2mfetchArticlesForDate[2m > [22m[2marticles have url, title, and published fields[22m[39m
[WARN] {"timestamp":"2026-02-20T23:39:56.536Z","level":"warn","category":"backprop_fetch","action":"gdelt_failed","requestId":null,"ip":null,"details":{"targetDate":"2026-02-14","domain":"cnn.com","error":"Cannot read properties of undefined (reading 'ok')"},"duration":null,"error":null}
[WARN] {"timestamp":"2026-02-20T23:39:56.536Z","level":"warn","category":"backprop_fetch","action":"gdelt_failed","requestId":null,"ip":null,"details":{"targetDate":"2026-02-14","domain":"bbc.com","error":"Cannot read properties of undefined (reading 'ok')"},"duration":null,"error":null}
[WARN] {"timestamp":"2026-02-20T23:39:56.537Z","level":"warn","category":"backprop_fetch","action":"wayback_failed","requestId":null,"ip":null,"details":{"targetDate":"2026-02-14","domain":"cnn.com","error":"Cannot read properties of undefined (reading 'ok')"},"duration":null,"error":null}
[WARN] {"timestamp":"2026-02-20T23:39:56.537Z","level":"warn","category":"backprop_fetch","action":"wayback_failed","requestId":null,"ip":null,"details":{"targetDate":"2026-02-14","domain":"bbc.com","error":"Cannot read properties of undefined (reading 'ok')"},"duration":null,"error":null}

[90mstdout[2m | tests/unit/backprop-fetcher.test.js[2m > [22m[2mbackpropFetcher[2m > [22m[2mfetchArticlesForDate[2m > [22m[2mlimits total attempts to prevent infinite loops[22m[39m
[INFO] {"timestamp":"2026-02-20T23:39:56.538Z","level":"info","category":"backprop_fetch","action":"fetch_complete","requestId":null,"ip":null,"details":{"targetDate":"2026-02-14","totalArticles":0,"totalAttempts":5,"strategies":{"0":"google_news","1":"gdelt","2":"gdelt","3":"wayback","4":"wayback"}},"duration":null,"error":null}
[INFO] {"timestamp":"2026-02-20T23:39:56.539Z","level":"info","category":"test","action":"test_complete","requestId":null,"ip":null,"details":{"test":"limits total attempts to prevent infinite loops","file":"unit/backprop-fetcher.test.js","durationMs":1,"slow":false},"duration":1,"error":null}

[90mstderr[2m | tests/unit/backprop-fetcher.test.js[2m > [22m[2mbackpropFetcher[2m > [22m[2mfetchArticlesForDate[2m > [22m[2mlimits total attempts to prevent infinite loops[22m[39m
[WARN] {"timestamp":"2026-02-20T23:39:56.538Z","level":"warn","category":"backprop_fetch","action":"google_news_failed","requestId":null,"ip":null,"details":{"targetDate":"2026-02-14","error":"Fail"},"duration":null,"error":null}
[WARN] {"timestamp":"2026-02-20T23:39:56.538Z","level":"warn","category":"backprop_fetch","action":"gdelt_failed","requestId":null,"ip":null,"details":{"targetDate":"2026-02-14","domain":"cnn.com","error":"GDELT API returned 500"},"duration":null,"error":null}
[WARN] {"timestamp":"2026-02-20T23:39:56.538Z","level":"warn","category":"backprop_fetch","action":"gdelt_failed","requestId":null,"ip":null,"details":{"targetDate":"2026-02-14","domain":"bbc.com","error":"GDELT API returned 500"},"duration":null,"error":null}
[WARN] {"timestamp":"2026-02-20T23:39:56.538Z","level":"warn","category":"backprop_fetch","action":"wayback_failed","requestId":null,"ip":null,"details":{"targetDate":"2026-02-14","domain":"cnn.com","error":"Wayback CDX API returned 500"},"duration":null,"error":null}
[WARN] {"timestamp":"2026-02-20T23:39:56.538Z","level":"warn","category":"backprop_fetch","action":"wayback_failed","requestId":null,"ip":null,"details":{"targetDate":"2026-02-14","domain":"bbc.com","error":"Wayback CDX API returned 500"},"duration":null,"error":null}

[90mstdout[2m | tests/unit/backprop-fetcher.test.js[2m > [22m[2mbackpropFetcher[2m > [22m[2mGoogle News strategy URL construction[2m > [22m[2mconstructs correct Google News RSS URL with date range[22m[39m
[INFO] {"timestamp":"2026-02-20T23:39:56.540Z","level":"info","category":"backprop_fetch","action":"fetch_complete","requestId":null,"ip":null,"details":{"targetDate":"2026-02-14","totalArticles":0,"totalAttempts":5,"strategies":{"0":"google_news","1":"gdelt","2":"gdelt","3":"wayback","4":"wayback"}},"duration":null,"error":null}
[INFO] {"timestamp":"2026-02-20T23:39:56.540Z","level":"info","category":"test","action":"test_complete","requestId":null,"ip":null,"details":{"test":"constructs correct Google News RSS URL with date range","file":"unit/backprop-fetcher.test.js","durationMs":1,"slow":false},"duration":1,"error":null}

[90mstderr[2m | tests/unit/backprop-fetcher.test.js[2m > [22m[2mbackpropFetcher[2m > [22m[2mGoogle News strategy URL construction[2m > [22m[2mconstructs correct Google News RSS URL with date range[22m[39m
[WARN] {"timestamp":"2026-02-20T23:39:56.539Z","level":"warn","category":"backprop_fetch","action":"gdelt_failed","requestId":null,"ip":null,"details":{"targetDate":"2026-02-14","domain":"cnn.com","error":"Cannot read properties of undefined (reading 'ok')"},"duration":null,"error":null}
[WARN] {"timestamp":"2026-02-20T23:39:56.539Z","level":"warn","category":"backprop_fetch","action":"gdelt_failed","requestId":null,"ip":null,"details":{"targetDate":"2026-02-14","domain":"bbc.com","error":"Cannot read properties of undefined (reading 'ok')"},"duration":null,"error":null}
[WARN] {"timestamp":"2026-02-20T23:39:56.540Z","level":"warn","category":"backprop_fetch","action":"wayback_failed","requestId":null,"ip":null,"details":{"targetDate":"2026-02-14","domain":"cnn.com","error":"Cannot read properties of undefined (reading 'ok')"},"duration":null,"error":null}
[WARN] {"timestamp":"2026-02-20T23:39:56.540Z","level":"warn","category":"backprop_fetch","action":"wayback_failed","requestId":null,"ip":null,"details":{"targetDate":"2026-02-14","domain":"bbc.com","error":"Cannot read properties of undefined (reading 'ok')"},"duration":null,"error":null}

[90mstdout[2m | tests/unit/backprop-fetcher.test.js[2m > [22m[2mbackpropFetcher[2m > [22m[2mGDELT strategy[2m > [22m[2mconstructs GDELT URL with source domain and date range[22m[39m
[INFO] {"timestamp":"2026-02-20T23:39:56.542Z","level":"info","category":"backprop_fetch","action":"fetch_complete","requestId":null,"ip":null,"details":{"targetDate":"2026-02-14","totalArticles":0,"totalAttempts":5,"strategies":{"0":"google_news","1":"gdelt","2":"gdelt","3":"wayback","4":"wayback"}},"duration":null,"error":null}
[INFO] {"timestamp":"2026-02-20T23:39:56.542Z","level":"info","category":"test","action":"test_complete","requestId":null,"ip":null,"details":{"test":"constructs GDELT URL with source domain and date range","file":"unit/backprop-fetcher.test.js","durationMs":1,"slow":false},"duration":1,"error":null}

[90mstderr[2m | tests/unit/backprop-fetcher.test.js[2m > [22m[2mbackpropFetcher[2m > [22m[2mGDELT strategy[2m > [22m[2mconstructs GDELT URL with source domain and date range[22m[39m
[WARN] {"timestamp":"2026-02-20T23:39:56.541Z","level":"warn","category":"backprop_fetch","action":"gdelt_failed","requestId":null,"ip":null,"details":{"targetDate":"2026-02-14","domain":"bbc.com","error":"Cannot read properties of undefined (reading 'ok')"},"duration":null,"error":null}
[WARN] {"timestamp":"2026-02-20T23:39:56.541Z","level":"warn","category":"backprop_fetch","action":"wayback_failed","requestId":null,"ip":null,"details":{"targetDate":"2026-02-14","domain":"cnn.com","error":"Cannot read properties of undefined (reading 'ok')"},"duration":null,"error":null}
[WARN] {"timestamp":"2026-02-20T23:39:56.541Z","level":"warn","category":"backprop_fetch","action":"wayback_failed","requestId":null,"ip":null,"details":{"targetDate":"2026-02-14","domain":"bbc.com","error":"Cannot read properties of undefined (reading 'ok')"},"duration":null,"error":null}

[90mstdout[2m | tests/unit/backprop-fetcher.test.js[2m > [22m[2mbackpropFetcher[2m > [22m[2mGDELT strategy[2m > [22m[2mparses GDELT response articles correctly[22m[39m
[INFO] {"timestamp":"2026-02-20T23:39:56.543Z","level":"info","category":"backprop_fetch","action":"fetch_complete","requestId":null,"ip":null,"details":{"targetDate":"2026-02-14","totalArticles":2,"totalAttempts":5,"strategies":{"0":"google_news","1":"gdelt","2":"gdelt","3":"wayback","4":"wayback"}},"duration":null,"error":null}
[INFO] {"timestamp":"2026-02-20T23:39:56.544Z","level":"info","category":"test","action":"test_complete","requestId":null,"ip":null,"details":{"test":"parses GDELT response articles correctly","file":"unit/backprop-fetcher.test.js","durationMs":2,"slow":false},"duration":2,"error":null}

[90mstderr[2m | tests/unit/backprop-fetcher.test.js[2m > [22m[2mbackpropFetcher[2m > [22m[2mGDELT strategy[2m > [22m[2mparses GDELT response articles correctly[22m[39m
[WARN] {"timestamp":"2026-02-20T23:39:56.542Z","level":"warn","category":"backprop_fetch","action":"google_news_failed","requestId":null,"ip":null,"details":{"targetDate":"2026-02-14","error":"Fail"},"duration":null,"error":null}
[WARN] {"timestamp":"2026-02-20T23:39:56.543Z","level":"warn","category":"backprop_fetch","action":"gdelt_failed","requestId":null,"ip":null,"details":{"targetDate":"2026-02-14","domain":"bbc.com","error":"Cannot read properties of undefined (reading 'ok')"},"duration":null,"error":null}
[WARN] {"timestamp":"2026-02-20T23:39:56.543Z","level":"warn","category":"backprop_fetch","action":"wayback_failed","requestId":null,"ip":null,"details":{"targetDate":"2026-02-14","domain":"cnn.com","error":"Cannot read properties of undefined (reading 'ok')"},"duration":null,"error":null}
[WARN] {"timestamp":"2026-02-20T23:39:56.543Z","level":"warn","category":"backprop_fetch","action":"wayback_failed","requestId":null,"ip":null,"details":{"targetDate":"2026-02-14","domain":"bbc.com","error":"Cannot read properties of undefined (reading 'ok')"},"duration":null,"error":null}

[90mstdout[2m | tests/unit/backprop-fetcher.test.js[2m > [22m[2mbackpropFetcher[2m > [22m[2mWayback strategy[2m > [22m[2mparses CDX response lines into articles[22m[39m
[INFO] {"timestamp":"2026-02-20T23:39:56.545Z","level":"info","category":"backprop_fetch","action":"fetch_complete","requestId":null,"ip":null,"details":{"targetDate":"2026-02-14","totalArticles":0,"totalAttempts":5,"strategies":{"0":"google_news","1":"gdelt","2":"gdelt","3":"wayback","4":"wayback"}},"duration":null,"error":null}
[INFO] {"timestamp":"2026-02-20T23:39:56.545Z","level":"info","category":"test","action":"test_complete","requestId":null,"ip":null,"details":{"test":"parses CDX response lines into articles","file":"unit/backprop-fetcher.test.js","durationMs":2,"slow":false},"duration":2,"error":null}

[90mstderr[2m | tests/unit/backprop-fetcher.test.js[2m > [22m[2mbackpropFetcher[2m > [22m[2mWayback strategy[2m > [22m[2mparses CDX response lines into articles[22m[39m
[WARN] {"timestamp":"2026-02-20T23:39:56.544Z","level":"warn","category":"backprop_fetch","action":"google_news_failed","requestId":null,"ip":null,"details":{"targetDate":"2026-02-14","error":"Fail"},"duration":null,"error":null}
[WARN] {"timestamp":"2026-02-20T23:39:56.544Z","level":"warn","category":"backprop_fetch","action":"gdelt_failed","requestId":null,"ip":null,"details":{"targetDate":"2026-02-14","domain":"cnn.com","error":"GDELT API returned 500"},"duration":null,"error":null}
[WARN] {"timestamp":"2026-02-20T23:39:56.544Z","level":"warn","category":"backprop_fetch","action":"gdelt_failed","requestId":null,"ip":null,"details":{"targetDate":"2026-02-14","domain":"bbc.com","error":"response.json is not a function"},"duration":null,"error":null}
[WARN] {"timestamp":"2026-02-20T23:39:56.545Z","level":"warn","category":"backprop_fetch","action":"wayback_failed","requestId":null,"ip":null,"details":{"targetDate":"2026-02-14","domain":"cnn.com","error":"Cannot read properties of undefined (reading 'ok')"},"duration":null,"error":null}
[WARN] {"timestamp":"2026-02-20T23:39:56.545Z","level":"warn","category":"backprop_fetch","action":"wayback_failed","requestId":null,"ip":null,"details":{"targetDate":"2026-02-14","domain":"bbc.com","error":"Cannot read properties of undefined (reading 'ok')"},"duration":null,"error":null}

[90mstdout[2m | tests/unit/backprop-fetcher.test.js[22m[39m
[INFO] {"timestamp":"2026-02-20T23:39:56.546Z","level":"info","category":"test","action":"file_complete","requestId":null,"ip":null,"details":{"file":"unit/backprop-fetcher.test.js","durationMs":27,"slow":false},"duration":27,"error":null}

[90mstdout[2m | tests/integration/seo.test.js[22m[39m
[startup] Database state: 19 sources, 2247 persons, 4584 quotes, 2513 articles
[startup] Database path: E:\Github Repos\QuoteLog02\data\database.sqlite

[90mstdout[2m | tests/integration/seo.test.js[2m > [22m[2mPhase 1: Compression[2m > [22m[2mshould return Content-Encoding header on HTML response[22m[39m
[INFO] {"timestamp":"2026-02-20T23:40:01.199Z","level":"info","category":"api","action":"request_complete","requestId":null,"ip":null,"details":{"method":"GET","path":"/","statusCode":200,"duration":6,"requestId":"186861b8-dcac-4684-8b13-af284e2b7723","ip":"::ffff:127.0.0.1"},"duration":null,"error":null}

[90mstdout[2m | tests/integration/seo.test.js[2m > [22m[2mPhase 1: Compression[2m > [22m[2mshould return Content-Encoding header on HTML response[22m[39m
[INFO] {"timestamp":"2026-02-20T23:40:01.204Z","level":"info","category":"test","action":"test_complete","requestId":null,"ip":null,"details":{"test":"should return Content-Encoding header on HTML response","file":"integration/seo.test.js","durationMs":25,"slow":false},"duration":25,"error":null}

[90mstdout[2m | tests/integration/seo.test.js[2m > [22m[2mPhase 2: robots.txt[2m > [22m[2mshould return text/plain content type[22m[39m
[INFO] {"timestamp":"2026-02-20T23:40:01.209Z","level":"info","category":"api","action":"request_complete","requestId":null,"ip":null,"details":{"method":"GET","path":"/robots.txt","statusCode":200,"duration":1,"requestId":"5df25336-5e21-4b82-a69d-e44d43c617da","ip":"::ffff:127.0.0.1"},"duration":null,"error":null}

[90mstdout[2m | tests/integration/seo.test.js[2m > [22m[2mPhase 2: robots.txt[2m > [22m[2mshould return text/plain content type[22m[39m
[INFO] {"timestamp":"2026-02-20T23:40:01.211Z","level":"info","category":"test","action":"test_complete","requestId":null,"ip":null,"details":{"test":"should return text/plain content type","file":"integration/seo.test.js","durationMs":6,"slow":false},"duration":6,"error":null}

[90mstdout[2m | tests/integration/seo.test.js[2m > [22m[2mPhase 2: robots.txt[2m > [22m[2mshould contain correct Allow directives[22m[39m
[INFO] {"timestamp":"2026-02-20T23:40:01.214Z","level":"info","category":"api","action":"request_complete","requestId":null,"ip":null,"details":{"method":"GET","path":"/robots.txt","statusCode":200,"duration":0,"requestId":"416da48f-24d3-4e48-8500-2d8a5bb72178","ip":"::ffff:127.0.0.1"},"duration":null,"error":null}

[90mstdout[2m | tests/integration/seo.test.js[2m > [22m[2mPhase 2: robots.txt[2m > [22m[2mshould contain correct Allow directives[22m[39m
[INFO] {"timestamp":"2026-02-20T23:40:01.216Z","level":"info","category":"test","action":"test_complete","requestId":null,"ip":null,"details":{"test":"should contain correct Allow directives","file":"integration/seo.test.js","durationMs":5,"slow":false},"duration":5,"error":null}

[90mstdout[2m | tests/integration/seo.test.js[2m > [22m[2mPhase 2: robots.txt[2m > [22m[2mshould contain correct Disallow directives[22m[39m
[INFO] {"timestamp":"2026-02-20T23:40:01.219Z","level":"info","category":"api","action":"request_complete","requestId":null,"ip":null,"details":{"method":"GET","path":"/robots.txt","statusCode":200,"duration":0,"requestId":"4922570a-2538-40d6-a5fc-b906c6e355d7","ip":"::ffff:127.0.0.1"},"duration":null,"error":null}
[INFO] {"timestamp":"2026-02-20T23:40:01.220Z","level":"info","category":"test","action":"test_complete","requestId":null,"ip":null,"details":{"test":"should contain correct Disallow directives","file":"integration/seo.test.js","durationMs":4,"slow":false},"duration":4,"error":null}

[90mstdout[2m | tests/integration/seo.test.js[2m > [22m[2mPhase 2: robots.txt[2m > [22m[2mshould contain Sitemap directive[22m[39m
[INFO] {"timestamp":"2026-02-20T23:40:01.224Z","level":"info","category":"api","action":"request_complete","requestId":null,"ip":null,"details":{"method":"GET","path":"/robots.txt","statusCode":200,"duration":0,"requestId":"5dd4ad91-5ac4-4e1e-a657-3053ab2ec6c9","ip":"::ffff:127.0.0.1"},"duration":null,"error":null}

[90mstdout[2m | tests/integration/seo.test.js[2m > [22m[2mPhase 2: robots.txt[2m > [22m[2mshould contain Sitemap directive[22m[39m
[INFO] {"timestamp":"2026-02-20T23:40:01.226Z","level":"info","category":"test","action":"test_complete","requestId":null,"ip":null,"details":{"test":"should contain Sitemap directive","file":"integration/seo.test.js","durationMs":5,"slow":false},"duration":5,"error":null}

[90mstdout[2m | tests/integration/seo.test.js[2m > [22m[2mPhase 2: sitemap.xml[2m > [22m[2mshould return valid XML with urlset[22m[39m
[INFO] {"timestamp":"2026-02-20T23:40:01.245Z","level":"info","category":"api","action":"request_complete","requestId":null,"ip":null,"details":{"method":"GET","path":"/sitemap.xml","statusCode":200,"duration":17,"requestId":"dbdc27b9-610a-4e86-8833-07cbfee59db3","ip":"::ffff:127.0.0.1"},"duration":null,"error":null}

[90mstdout[2m | tests/integration/seo.test.js[2m > [22m[2mPhase 2: sitemap.xml[2m > [22m[2mshould return valid XML with urlset[22m[39m
[INFO] {"timestamp":"2026-02-20T23:40:01.249Z","level":"info","category":"test","action":"test_complete","requestId":null,"ip":null,"details":{"test":"should return valid XML with urlset","file":"integration/seo.test.js","durationMs":23,"slow":false},"duration":23,"error":null}

[90mstdout[2m | tests/integration/seo.test.js[2m > [22m[2mPhase 2: sitemap.xml[2m > [22m[2mshould contain homepage URL[22m[39m
[INFO] {"timestamp":"2026-02-20T23:40:01.263Z","level":"info","category":"api","action":"request_complete","requestId":null,"ip":null,"details":{"method":"GET","path":"/sitemap.xml","statusCode":200,"duration":11,"requestId":"c7cc8235-f319-44be-85fe-af66effce578","ip":"::ffff:127.0.0.1"},"duration":null,"error":null}

[90mstdout[2m | tests/integration/seo.test.js[2m > [22m[2mPhase 2: sitemap.xml[2m > [22m[2mshould contain homepage URL[22m[39m
[INFO] {"timestamp":"2026-02-20T23:40:01.266Z","level":"info","category":"test","action":"test_complete","requestId":null,"ip":null,"details":{"test":"should contain homepage URL","file":"integration/seo.test.js","durationMs":17,"slow":false},"duration":17,"error":null}

[90mstdout[2m | tests/integration/seo.test.js[2m > [22m[2mPhase 2: sitemap.xml[2m > [22m[2mshould contain quote URLs if quotes exist[22m[39m
[INFO] {"timestamp":"2026-02-20T23:40:01.280Z","level":"info","category":"api","action":"request_complete","requestId":null,"ip":null,"details":{"method":"GET","path":"/sitemap.xml","statusCode":200,"duration":11,"requestId":"2e87347b-aee8-4b8d-820b-9c0fedc0da24","ip":"::ffff:127.0.0.1"},"duration":null,"error":null}

[90mstdout[2m | tests/integration/seo.test.js[2m > [22m[2mPhase 2: sitemap.xml[2m > [22m[2mshould contain quote URLs if quotes exist[22m[39m
[INFO] {"timestamp":"2026-02-20T23:40:01.283Z","level":"info","category":"test","action":"test_complete","requestId":null,"ip":null,"details":{"test":"should contain quote URLs if quotes exist","file":"integration/seo.test.js","durationMs":16,"slow":false},"duration":16,"error":null}

[90mstdout[2m | tests/integration/seo.test.js[2m > [22m[2mPhase 2: sitemap.xml[2m > [22m[2mshould contain author URLs if authors exist[22m[39m
[INFO] {"timestamp":"2026-02-20T23:40:01.297Z","level":"info","category":"api","action":"request_complete","requestId":null,"ip":null,"details":{"method":"GET","path":"/sitemap.xml","statusCode":200,"duration":11,"requestId":"4471650a-f218-4a5f-9220-dfceccfb80c6","ip":"::ffff:127.0.0.1"},"duration":null,"error":null}

[90mstdout[2m | tests/integration/seo.test.js[2m > [22m[2mPhase 2: sitemap.xml[2m > [22m[2mshould contain author URLs if authors exist[22m[39m
[INFO] {"timestamp":"2026-02-20T23:40:01.302Z","level":"info","category":"test","action":"test_complete","requestId":null,"ip":null,"details":{"test":"should contain author URLs if authors exist","file":"integration/seo.test.js","durationMs":19,"slow":false},"duration":19,"error":null}

[90mstdout[2m | tests/integration/seo.test.js[2m > [22m[2mPhase 3: Server-side meta tags[2m > [22m[2mhomepage should have og:title and canonical[22m[39m
[INFO] {"timestamp":"2026-02-20T23:40:01.306Z","level":"info","category":"api","action":"request_complete","requestId":null,"ip":null,"details":{"method":"GET","path":"/","statusCode":200,"duration":2,"requestId":"abcae320-2c54-4be9-b6c3-d03fc6e6a474","ip":"::ffff:127.0.0.1"},"duration":null,"error":null}

[90mstdout[2m | tests/integration/seo.test.js[2m > [22m[2mPhase 3: Server-side meta tags[2m > [22m[2mhomepage should have og:title and canonical[22m[39m
[INFO] {"timestamp":"2026-02-20T23:40:01.308Z","level":"info","category":"test","action":"test_complete","requestId":null,"ip":null,"details":{"test":"homepage should have og:title and canonical","file":"integration/seo.test.js","durationMs":6,"slow":false},"duration":6,"error":null}

[90mstdout[2m | tests/integration/seo.test.js[2m > [22m[2mPhase 3: Server-side meta tags[2m > [22m[2manalytics page should have og:title and canonical[22m[39m
[INFO] {"timestamp":"2026-02-20T23:40:01.313Z","level":"info","category":"api","action":"request_complete","requestId":null,"ip":null,"details":{"method":"GET","path":"/analytics","statusCode":200,"duration":3,"requestId":"21a5e16b-dc97-4a4a-81d0-9f523522171f","ip":"::ffff:127.0.0.1"},"duration":null,"error":null}

[90mstdout[2m | tests/integration/seo.test.js[2m > [22m[2mPhase 3: Server-side meta tags[2m > [22m[2manalytics page should have og:title and canonical[22m[39m
[INFO] {"timestamp":"2026-02-20T23:40:01.315Z","level":"info","category":"test","action":"test_complete","requestId":null,"ip":null,"details":{"test":"analytics page should have og:title and canonical","file":"integration/seo.test.js","durationMs":7,"slow":false},"duration":7,"error":null}

[90mstdout[2m | tests/integration/seo.test.js[2m > [22m[2mPhase 3: Server-side meta tags[2m > [22m[2mquote page should have og:title, canonical, and share image[22m[39m
[INFO] {"timestamp":"2026-02-20T23:40:01.319Z","level":"info","category":"api","action":"request_complete","requestId":null,"ip":null,"details":{"method":"GET","path":"/quote/1","statusCode":200,"duration":2,"requestId":"83e54e97-4295-4e1c-a238-42107167dd28","ip":"::ffff:127.0.0.1"},"duration":null,"error":null}

[90mstdout[2m | tests/integration/seo.test.js[2m > [22m[2mPhase 3: Server-side meta tags[2m > [22m[2mquote page should have og:title, canonical, and share image[22m[39m
[INFO] {"timestamp":"2026-02-20T23:40:01.321Z","level":"info","category":"test","action":"test_complete","requestId":null,"ip":null,"details":{"test":"quote page should have og:title, canonical, and share image","file":"integration/seo.test.js","durationMs":6,"slow":false},"duration":6,"error":null}

[90mstdout[2m | tests/integration/seo.test.js[2m > [22m[2mPhase 3: Server-side meta tags[2m > [22m[2mauthor page should have og:title and canonical[22m[39m
[INFO] {"timestamp":"2026-02-20T23:40:01.324Z","level":"info","category":"api","action":"request_complete","requestId":null,"ip":null,"details":{"method":"GET","path":"/author/1925","statusCode":200,"duration":1,"requestId":"4ac94558-d1a3-4a5d-9f26-822cee0650c4","ip":"::ffff:127.0.0.1"},"duration":null,"error":null}

[90mstdout[2m | tests/integration/seo.test.js[2m > [22m[2mPhase 3: Server-side meta tags[2m > [22m[2mauthor page should have og:title and canonical[22m[39m
[INFO] {"timestamp":"2026-02-20T23:40:01.325Z","level":"info","category":"test","action":"test_complete","requestId":null,"ip":null,"details":{"test":"author page should have og:title and canonical","file":"integration/seo.test.js","durationMs":4,"slow":false},"duration":4,"error":null}

[90mstdout[2m | tests/integration/seo.test.js[2m > [22m[2mPhase 3: Server-side meta tags[2m > [22m[2marticle page should have og:title and canonical[22m[39m
[INFO] {"timestamp":"2026-02-20T23:40:01.329Z","level":"info","category":"api","action":"request_complete","requestId":null,"ip":null,"details":{"method":"GET","path":"/article/1","statusCode":200,"duration":2,"requestId":"6e12eb86-6000-47dd-9de1-4048483ae3f2","ip":"::ffff:127.0.0.1"},"duration":null,"error":null}

[90mstdout[2m | tests/integration/seo.test.js[2m > [22m[2mPhase 3: Server-side meta tags[2m > [22m[2marticle page should have og:title and canonical[22m[39m
[INFO] {"timestamp":"2026-02-20T23:40:01.331Z","level":"info","category":"test","action":"test_complete","requestId":null,"ip":null,"details":{"test":"article page should have og:title and canonical","file":"integration/seo.test.js","durationMs":5,"slow":false},"duration":5,"error":null}

[90mstdout[2m | tests/integration/seo.test.js[2m > [22m[2mPhase 3: Server-side meta tags[2m > [22m[2mnon-existent quote should serve default HTML without crash[22m[39m
[INFO] {"timestamp":"2026-02-20T23:40:01.336Z","level":"info","category":"api","action":"request_complete","requestId":null,"ip":null,"details":{"method":"GET","path":"/quote/999999999","statusCode":200,"duration":3,"requestId":"100973f9-353c-4879-ac39-d2f82eb14379","ip":"::ffff:127.0.0.1"},"duration":null,"error":null}

[90mstdout[2m | tests/integration/seo.test.js[2m > [22m[2mPhase 3: Server-side meta tags[2m > [22m[2mnon-existent quote should serve default HTML without crash[22m[39m
[INFO] {"timestamp":"2026-02-20T23:40:01.337Z","level":"info","category":"test","action":"test_complete","requestId":null,"ip":null,"details":{"test":"non-existent quote should serve default HTML without crash","file":"integration/seo.test.js","durationMs":6,"slow":false},"duration":6,"error":null}

[90mstdout[2m | tests/integration/seo.test.js[2m > [22m[2mPhase 3: Server-side meta tags[2m > [22m[2mnon-existent author should serve default HTML without crash[22m[39m
[INFO] {"timestamp":"2026-02-20T23:40:01.342Z","level":"info","category":"api","action":"request_complete","requestId":null,"ip":null,"details":{"method":"GET","path":"/author/999999999","statusCode":200,"duration":3,"requestId":"80c6c57e-da57-4c0f-a13d-726bc23ef67a","ip":"::ffff:127.0.0.1"},"duration":null,"error":null}
[INFO] {"timestamp":"2026-02-20T23:40:01.343Z","level":"info","category":"test","action":"test_complete","requestId":null,"ip":null,"details":{"test":"non-existent author should serve default HTML without crash","file":"integration/seo.test.js","durationMs":5,"slow":false},"duration":5,"error":null}

[90mstdout[2m | tests/integration/seo.test.js[2m > [22m[2mPhase 5: Author URL deduplication[2m > [22m[2mshould 301 redirect name-based author URL to numeric URL[22m[39m
[INFO] {"timestamp":"2026-02-20T23:40:01.346Z","level":"info","category":"api","action":"request_complete","requestId":null,"ip":null,"details":{"method":"GET","path":"/author/AFP%20spokesperson","statusCode":301,"duration":1,"requestId":"8ebfe080-81bb-457a-9fe3-a17037b40f6d","ip":"::ffff:127.0.0.1"},"duration":null,"error":null}
[INFO] {"timestamp":"2026-02-20T23:40:01.347Z","level":"info","category":"test","action":"test_complete","requestId":null,"ip":null,"details":{"test":"should 301 redirect name-based author URL to numeric URL","file":"integration/seo.test.js","durationMs":4,"slow":false},"duration":4,"error":null}

[90mstdout[2m | tests/integration/seo.test.js[2m > [22m[2mPhase 5: Author URL deduplication[2m > [22m[2mshould serve default HTML for numeric author that does not exist (no redirect)[22m[39m
[INFO] {"timestamp":"2026-02-20T23:40:01.351Z","level":"info","category":"api","action":"request_complete","requestId":null,"ip":null,"details":{"method":"GET","path":"/author/999999999","statusCode":200,"duration":2,"requestId":"55ccf25d-738a-4148-bec7-87ee0d6679b4","ip":"::ffff:127.0.0.1"},"duration":null,"error":null}

[90mstdout[2m | tests/integration/seo.test.js[2m > [22m[2mPhase 5: Author URL deduplication[2m > [22m[2mshould serve default HTML for numeric author that does not exist (no redirect)[22m[39m
[INFO] {"timestamp":"2026-02-20T23:40:01.353Z","level":"info","category":"test","action":"test_complete","requestId":null,"ip":null,"details":{"test":"should serve default HTML for numeric author that does not exist (no redirect)","file":"integration/seo.test.js","durationMs":5,"slow":false},"duration":5,"error":null}

[90mstdout[2m | tests/integration/seo.test.js[2m > [22m[2mPhase 5: Author URL deduplication[2m > [22m[2mAPI should 301 redirect name-based author lookup[22m[39m
[INFO] {"timestamp":"2026-02-20T23:40:01.360Z","level":"info","category":"api","action":"request_complete","requestId":null,"ip":null,"details":{"method":"GET","path":"/AFP%20spokesperson","statusCode":301,"duration":5,"requestId":"6bfda971-be2c-48f6-ae00-05b4ac02ed27","ip":"::ffff:127.0.0.1"},"duration":null,"error":null}
[INFO] {"timestamp":"2026-02-20T23:40:01.361Z","level":"info","category":"test","action":"test_complete","requestId":null,"ip":null,"details":{"test":"API should 301 redirect name-based author lookup","file":"integration/seo.test.js","durationMs":8,"slow":false},"duration":8,"error":null}

[90mstdout[2m | tests/integration/seo.test.js[2m > [22m[2mPhase 6: JSON-LD structured data[2m > [22m[2mhomepage should have WebSite JSON-LD with SearchAction[22m[39m
[INFO] {"timestamp":"2026-02-20T23:40:01.364Z","level":"info","category":"api","action":"request_complete","requestId":null,"ip":null,"details":{"method":"GET","path":"/","statusCode":200,"duration":1,"requestId":"89a80230-84ed-4645-af49-d0ccaaf37a47","ip":"::ffff:127.0.0.1"},"duration":null,"error":null}

[90mstdout[2m | tests/integration/seo.test.js[2m > [22m[2mPhase 6: JSON-LD structured data[2m > [22m[2mhomepage should have WebSite JSON-LD with SearchAction[22m[39m
[INFO] {"timestamp":"2026-02-20T23:40:01.365Z","level":"info","category":"test","action":"test_complete","requestId":null,"ip":null,"details":{"test":"homepage should have WebSite JSON-LD with SearchAction","file":"integration/seo.test.js","durationMs":4,"slow":false},"duration":4,"error":null}

[90mstdout[2m | tests/integration/seo.test.js[2m > [22m[2mPhase 6: JSON-LD structured data[2m > [22m[2mquote page should have Quotation JSON-LD[22m[39m
[INFO] {"timestamp":"2026-02-20T23:40:01.369Z","level":"info","category":"api","action":"request_complete","requestId":null,"ip":null,"details":{"method":"GET","path":"/quote/1","statusCode":200,"duration":1,"requestId":"80f0b012-99a1-4f0a-99ec-8a101986e5fe","ip":"::ffff:127.0.0.1"},"duration":null,"error":null}

[90mstdout[2m | tests/integration/seo.test.js[2m > [22m[2mPhase 6: JSON-LD structured data[2m > [22m[2mquote page should have Quotation JSON-LD[22m[39m
[INFO] {"timestamp":"2026-02-20T23:40:01.371Z","level":"info","category":"test","action":"test_complete","requestId":null,"ip":null,"details":{"test":"quote page should have Quotation JSON-LD","file":"integration/seo.test.js","durationMs":5,"slow":false},"duration":5,"error":null}

[90mstdout[2m | tests/integration/seo.test.js[2m > [22m[2mPhase 6: JSON-LD structured data[2m > [22m[2mauthor page should have Person JSON-LD[22m[39m
[INFO] {"timestamp":"2026-02-20T23:40:01.376Z","level":"info","category":"api","action":"request_complete","requestId":null,"ip":null,"details":{"method":"GET","path":"/author/1925","statusCode":200,"duration":3,"requestId":"7522dad4-6b82-4e9a-8c16-fe625c266471","ip":"::ffff:127.0.0.1"},"duration":null,"error":null}
[INFO] {"timestamp":"2026-02-20T23:40:01.377Z","level":"info","category":"test","action":"test_complete","requestId":null,"ip":null,"details":{"test":"author page should have Person JSON-LD","file":"integration/seo.test.js","durationMs":6,"slow":false},"duration":6,"error":null}

[90mstdout[2m | tests/integration/seo.test.js[2m > [22m[2mPhase 6: JSON-LD structured data[2m > [22m[2marticle page should have Article JSON-LD[22m[39m
[INFO] {"timestamp":"2026-02-20T23:40:01.381Z","level":"info","category":"api","action":"request_complete","requestId":null,"ip":null,"details":{"method":"GET","path":"/article/1","statusCode":200,"duration":2,"requestId":"6946c01e-40da-4f83-bd5c-ee98fc2c6cfd","ip":"::ffff:127.0.0.1"},"duration":null,"error":null}

[90mstdout[2m | tests/integration/seo.test.js[2m > [22m[2mPhase 6: JSON-LD structured data[2m > [22m[2marticle page should have Article JSON-LD[22m[39m
[INFO] {"timestamp":"2026-02-20T23:40:01.382Z","level":"info","category":"test","action":"test_complete","requestId":null,"ip":null,"details":{"test":"article page should have Article JSON-LD","file":"integration/seo.test.js","durationMs":5,"slow":false},"duration":5,"error":null}

 [32m✓[39m tests/integration/seo.test.js [2m ([22m[2m23 tests[22m[2m)[22m[90m 233[2mms[22m[39m
[90mstdout[2m | tests/integration/seo.test.js[22m[39m
[INFO] {"timestamp":"2026-02-20T23:40:01.383Z","level":"info","category":"test","action":"file_complete","requestId":null,"ip":null,"details":{"file":"integration/seo.test.js","durationMs":232,"slow":false},"duration":232,"error":null}

 [32m✓[39m tests/unit/quote-claim-filter.test.js [2m ([22m[2m11 tests[22m[2m)[22m[90m 11[2mms[22m[39m
 [32m✓[39m tests/unit/quote-context.test.js [2m ([22m[2m6 tests[22m[2m)[22m[90m 26[2mms[22m[39m
[90mstdout[2m | tests/integration/analytics.test.js[2m > [22m[2mAnalytics API[22m[39m
[startup] Database state: 0 sources, 0 persons, 0 quotes, 0 articles
[startup] Database path: E:\Github Repos\QuoteLog02\tests\analytics-test.db
[startup] Seeded 219 sources from sources-seed.json
[startup] Linked 219 sources to source_authors

[90mstderr[2m | tests/integration/analytics.test.js[2m > [22m[2mAnalytics API[22m[39m
[startup] WARNING: 0 sources detected — auto-seeding from sources-seed.json

[90mstdout[2m | tests/integration/analytics.test.js[2m > [22m[2mAnalytics API[2m > [22m[2mGET /api/analytics/overview[2m > [22m[2mreturns all expected fields[22m[39m
[INFO] {"timestamp":"2026-02-20T23:40:06.990Z","level":"info","category":"api","action":"request_complete","requestId":null,"ip":null,"details":{"method":"GET","path":"/overview","statusCode":200,"duration":9,"requestId":"40f4e8b8-9fc3-47bd-8287-97774b5299a7","ip":"::ffff:127.0.0.1"},"duration":null,"error":null}

[90mstdout[2m | tests/integration/analytics.test.js[2m > [22m[2mAnalytics API[2m > [22m[2mGET /api/analytics/overview[2m > [22m[2mreturns all expected fields[22m[39m
[INFO] {"timestamp":"2026-02-20T23:40:06.996Z","level":"info","category":"test","action":"test_complete","requestId":null,"ip":null,"details":{"test":"returns all expected fields","file":"integration/analytics.test.js","durationMs":29,"slow":false},"duration":29,"error":null}

[90mstdout[2m | tests/integration/analytics.test.js[2m > [22m[2mAnalytics API[2m > [22m[2mGET /api/analytics/overview[2m > [22m[2monly counts visible quotes[22m[39m
[INFO] {"timestamp":"2026-02-20T23:40:07.006Z","level":"info","category":"api","action":"request_complete","requestId":null,"ip":null,"details":{"method":"GET","path":"/overview","statusCode":200,"duration":1,"requestId":"83e7fd4b-4cd9-46d0-8438-16272861c7da","ip":"::ffff:127.0.0.1"},"duration":null,"error":null}
[INFO] {"timestamp":"2026-02-20T23:40:07.007Z","level":"info","category":"test","action":"test_complete","requestId":null,"ip":null,"details":{"test":"only counts visible quotes","file":"integration/analytics.test.js","durationMs":11,"slow":false},"duration":11,"error":null}

[90mstdout[2m | tests/integration/analytics.test.js[2m > [22m[2mAnalytics API[2m > [22m[2mGET /api/analytics/overview[2m > [22m[2mreturns top authors with quote counts[22m[39m
[INFO] {"timestamp":"2026-02-20T23:40:07.011Z","level":"info","category":"api","action":"request_complete","requestId":null,"ip":null,"details":{"method":"GET","path":"/overview","statusCode":200,"duration":1,"requestId":"9d9138ea-11b3-4d2c-8fcb-199777bdc465","ip":"::ffff:127.0.0.1"},"duration":null,"error":null}

[90mstdout[2m | tests/integration/analytics.test.js[2m > [22m[2mAnalytics API[2m > [22m[2mGET /api/analytics/overview[2m > [22m[2mreturns top authors with quote counts[22m[39m
[INFO] {"timestamp":"2026-02-20T23:40:07.013Z","level":"info","category":"test","action":"test_complete","requestId":null,"ip":null,"details":{"test":"returns top authors with quote counts","file":"integration/analytics.test.js","durationMs":5,"slow":false},"duration":5,"error":null}

[90mstdout[2m | tests/integration/analytics.test.js[2m > [22m[2mAnalytics API[2m > [22m[2mGET /api/analytics/overview[2m > [22m[2mrespects days parameter[22m[39m
[INFO] {"timestamp":"2026-02-20T23:40:07.017Z","level":"info","category":"api","action":"request_complete","requestId":null,"ip":null,"details":{"method":"GET","path":"/overview","statusCode":200,"duration":2,"requestId":"3f414779-a23e-45b7-b42b-6fee2b16dd4f","ip":"::ffff:127.0.0.1"},"duration":null,"error":null}
[INFO] {"timestamp":"2026-02-20T23:40:07.018Z","level":"info","category":"test","action":"test_complete","requestId":null,"ip":null,"details":{"test":"respects days parameter","file":"integration/analytics.test.js","durationMs":5,"slow":false},"duration":5,"error":null}

[90mstdout[2m | tests/integration/analytics.test.js[2m > [22m[2mAnalytics API[2m > [22m[2mGET /api/analytics/highlights[2m > [22m[2mreturns correct response shape[22m[39m
[INFO] {"timestamp":"2026-02-20T23:40:07.025Z","level":"info","category":"api","action":"request_complete","requestId":null,"ip":null,"details":{"method":"GET","path":"/highlights","statusCode":200,"duration":3,"requestId":"3773d709-7a6d-4b7d-9c2d-30a2ed5058ad","ip":"::ffff:127.0.0.1"},"duration":null,"error":null}

[90mstdout[2m | tests/integration/analytics.test.js[2m > [22m[2mAnalytics API[2m > [22m[2mGET /api/analytics/highlights[2m > [22m[2mreturns correct response shape[22m[39m
[INFO] {"timestamp":"2026-02-20T23:40:07.028Z","level":"info","category":"test","action":"test_complete","requestId":null,"ip":null,"details":{"test":"returns correct response shape","file":"integration/analytics.test.js","durationMs":9,"slow":false},"duration":9,"error":null}

[90mstdout[2m | tests/integration/analytics.test.js[2m > [22m[2mAnalytics API[2m > [22m[2mGET /api/analytics/highlights[2m > [22m[2mreturns top quotes by importants_count[22m[39m
[INFO] {"timestamp":"2026-02-20T23:40:07.033Z","level":"info","category":"api","action":"request_complete","requestId":null,"ip":null,"details":{"method":"GET","path":"/highlights","statusCode":200,"duration":3,"requestId":"01563678-a1c1-456b-bfde-da9e9163bb65","ip":"::ffff:127.0.0.1"},"duration":null,"error":null}
[INFO] {"timestamp":"2026-02-20T23:40:07.034Z","level":"info","category":"test","action":"test_complete","requestId":null,"ip":null,"details":{"test":"returns top quotes by importants_count","file":"integration/analytics.test.js","durationMs":6,"slow":false},"duration":6,"error":null}

[90mstdout[2m | tests/integration/analytics.test.js[2m > [22m[2mAnalytics API[2m > [22m[2mGET /api/analytics/highlights[2m > [22m[2mreturns top authors by total importants[22m[39m
[INFO] {"timestamp":"2026-02-20T23:40:07.038Z","level":"info","category":"api","action":"request_complete","requestId":null,"ip":null,"details":{"method":"GET","path":"/highlights","statusCode":200,"duration":1,"requestId":"51f3bca3-2177-48df-9494-014996bbe825","ip":"::ffff:127.0.0.1"},"duration":null,"error":null}

[90mstdout[2m | tests/integration/analytics.test.js[2m > [22m[2mAnalytics API[2m > [22m[2mGET /api/analytics/highlights[2m > [22m[2mreturns top authors by total importants[22m[39m
[INFO] {"timestamp":"2026-02-20T23:40:07.040Z","level":"info","category":"test","action":"test_complete","requestId":null,"ip":null,"details":{"test":"returns top authors by total importants","file":"integration/analytics.test.js","durationMs":6,"slow":false},"duration":6,"error":null}

[90mstdout[2m | tests/integration/analytics.test.js[2m > [22m[2mAnalytics API[2m > [22m[2mGET /api/analytics/highlights[2m > [22m[2mreturns top topics by importants[22m[39m
[INFO] {"timestamp":"2026-02-20T23:40:07.044Z","level":"info","category":"api","action":"request_complete","requestId":null,"ip":null,"details":{"method":"GET","path":"/highlights","statusCode":200,"duration":2,"requestId":"5ac662d6-f200-40b5-83af-d343b3f6260a","ip":"::ffff:127.0.0.1"},"duration":null,"error":null}

[90mstdout[2m | tests/integration/analytics.test.js[2m > [22m[2mAnalytics API[2m > [22m[2mGET /api/analytics/highlights[2m > [22m[2mreturns top topics by importants[22m[39m
[INFO] {"timestamp":"2026-02-20T23:40:07.045Z","level":"info","category":"test","action":"test_complete","requestId":null,"ip":null,"details":{"test":"returns top topics by importants","file":"integration/analytics.test.js","durationMs":5,"slow":false},"duration":5,"error":null}

[90mstdout[2m | tests/integration/analytics.test.js[2m > [22m[2mAnalytics API[2m > [22m[2mGET /api/analytics/highlights[2m > [22m[2mreturns truthful authors[22m[39m
[INFO] {"timestamp":"2026-02-20T23:40:07.051Z","level":"info","category":"api","action":"request_complete","requestId":null,"ip":null,"details":{"method":"GET","path":"/highlights","statusCode":200,"duration":2,"requestId":"fab7d443-8ae5-4a38-a31d-084c02379cc3","ip":"::ffff:127.0.0.1"},"duration":null,"error":null}

[90mstdout[2m | tests/integration/analytics.test.js[2m > [22m[2mAnalytics API[2m > [22m[2mGET /api/analytics/highlights[2m > [22m[2mreturns truthful authors[22m[39m
[INFO] {"timestamp":"2026-02-20T23:40:07.053Z","level":"info","category":"test","action":"test_complete","requestId":null,"ip":null,"details":{"test":"returns truthful authors","file":"integration/analytics.test.js","durationMs":8,"slow":false},"duration":8,"error":null}

[90mstdout[2m | tests/integration/analytics.test.js[2m > [22m[2mAnalytics API[2m > [22m[2mGET /api/analytics/highlights[2m > [22m[2mreturns misleading authors[22m[39m
[INFO] {"timestamp":"2026-02-20T23:40:07.057Z","level":"info","category":"api","action":"request_complete","requestId":null,"ip":null,"details":{"method":"GET","path":"/highlights","statusCode":200,"duration":1,"requestId":"8e611f16-6539-4a50-bb5e-32aafbcb118e","ip":"::ffff:127.0.0.1"},"duration":null,"error":null}

[90mstdout[2m | tests/integration/analytics.test.js[2m > [22m[2mAnalytics API[2m > [22m[2mGET /api/analytics/highlights[2m > [22m[2mreturns misleading authors[22m[39m
[INFO] {"timestamp":"2026-02-20T23:40:07.059Z","level":"info","category":"test","action":"test_complete","requestId":null,"ip":null,"details":{"test":"returns misleading authors","file":"integration/analytics.test.js","durationMs":5,"slow":false},"duration":5,"error":null}

[90mstdout[2m | tests/integration/analytics.test.js[2m > [22m[2mAnalytics API[2m > [22m[2mGET /api/analytics/highlights[2m > [22m[2mreturns false authors[22m[39m
[INFO] {"timestamp":"2026-02-20T23:40:07.063Z","level":"info","category":"api","action":"request_complete","requestId":null,"ip":null,"details":{"method":"GET","path":"/highlights","statusCode":200,"duration":2,"requestId":"c4ab9e33-0a81-4aa9-8407-0f638697ce66","ip":"::ffff:127.0.0.1"},"duration":null,"error":null}

[90mstdout[2m | tests/integration/analytics.test.js[2m > [22m[2mAnalytics API[2m > [22m[2mGET /api/analytics/highlights[2m > [22m[2mreturns false authors[22m[39m
[INFO] {"timestamp":"2026-02-20T23:40:07.073Z","level":"info","category":"test","action":"test_complete","requestId":null,"ip":null,"details":{"test":"returns false authors","file":"integration/analytics.test.js","durationMs":14,"slow":false},"duration":14,"error":null}

[90mstdout[2m | tests/integration/analytics.test.js[2m > [22m[2mAnalytics API[2m > [22m[2mGET /api/analytics/highlights[2m > [22m[2mrespects days parameter[22m[39m
[INFO] {"timestamp":"2026-02-20T23:40:07.078Z","level":"info","category":"api","action":"request_complete","requestId":null,"ip":null,"details":{"method":"GET","path":"/highlights","statusCode":200,"duration":1,"requestId":"61076d96-0a8f-48e1-a717-10d80de33661","ip":"::ffff:127.0.0.1"},"duration":null,"error":null}

[90mstdout[2m | tests/integration/analytics.test.js[2m > [22m[2mAnalytics API[2m > [22m[2mGET /api/analytics/highlights[2m > [22m[2mrespects days parameter[22m[39m
[INFO] {"timestamp":"2026-02-20T23:40:07.080Z","level":"info","category":"test","action":"test_complete","requestId":null,"ip":null,"details":{"test":"respects days parameter","file":"integration/analytics.test.js","durationMs":6,"slow":false},"duration":6,"error":null}

[90mstdout[2m | tests/integration/analytics.test.js[2m > [22m[2mAnalytics API[2m > [22m[2mGET /api/analytics/highlights[2m > [22m[2mexcludes hidden quotes from importance[22m[39m
[INFO] {"timestamp":"2026-02-20T23:40:07.083Z","level":"info","category":"api","action":"request_complete","requestId":null,"ip":null,"details":{"method":"GET","path":"/highlights","statusCode":200,"duration":1,"requestId":"22f661be-0cd5-404f-ac21-52d2a6f24cb1","ip":"::ffff:127.0.0.1"},"duration":null,"error":null}

[90mstdout[2m | tests/integration/analytics.test.js[2m > [22m[2mAnalytics API[2m > [22m[2mGET /api/analytics/highlights[2m > [22m[2mexcludes hidden quotes from importance[22m[39m
[INFO] {"timestamp":"2026-02-20T23:40:07.085Z","level":"info","category":"test","action":"test_complete","requestId":null,"ip":null,"details":{"test":"excludes hidden quotes from importance","file":"integration/analytics.test.js","durationMs":5,"slow":false},"duration":5,"error":null}

[90mstdout[2m | tests/integration/analytics.test.js[22m[39m
[INFO] {"timestamp":"2026-02-20T23:40:07.094Z","level":"info","category":"test","action":"file_complete","requestId":null,"ip":null,"details":{"file":"integration/analytics.test.js","durationMs":4169,"slow":false},"duration":4169,"error":null}

 [32m✓[39m tests/integration/analytics.test.js [2m ([22m[2m13 tests[22m[2m)[22m[33m 4531[2mms[22m[39m
 [32m✓[39m tests/unit/historical-frontend.test.js [2m ([22m[2m22 tests[22m[2m)[22m[90m 20[2mms[22m[39m
[90mstdout[2m | tests/unit/historical-frontend.test.js[2m > [22m[2mrenderHistoricalSourceRow[2m > [22m[2mrenders working status dot correctly[22m[39m
[INFO] {"timestamp":"2026-02-20T23:40:07.924Z","level":"info","category":"test","action":"test_complete","requestId":null,"ip":null,"details":{"test":"renders working status dot correctly","file":"unit/historical-frontend.test.js","durationMs":1,"slow":false},"duration":1,"error":null}

[90mstdout[2m | tests/unit/historical-frontend.test.js[2m > [22m[2mrenderHistoricalSourceRow[2m > [22m[2mrenders failed status dot correctly[22m[39m
[INFO] {"timestamp":"2026-02-20T23:40:07.925Z","level":"info","category":"test","action":"test_complete","requestId":null,"ip":null,"details":{"test":"renders failed status dot correctly","file":"unit/historical-frontend.test.js","durationMs":0,"slow":false},"duration":0,"error":null}

[90mstdout[2m | tests/unit/historical-frontend.test.js[2m > [22m[2mrenderHistoricalSourceRow[2m > [22m[2mrenders disabled status dot correctly[22m[39m
[INFO] {"timestamp":"2026-02-20T23:40:07.926Z","level":"info","category":"test","action":"test_complete","requestId":null,"ip":null,"details":{"test":"renders disabled status dot correctly","file":"unit/historical-frontend.test.js","durationMs":0,"slow":false},"duration":0,"error":null}

[90mstdout[2m | tests/unit/historical-frontend.test.js[2m > [22m[2mrenderHistoricalSourceRow[2m > [22m[2mrenders unknown status dot correctly[22m[39m
[INFO] {"timestamp":"2026-02-20T23:40:07.926Z","level":"info","category":"test","action":"test_complete","requestId":null,"ip":null,"details":{"test":"renders unknown status dot correctly","file":"unit/historical-frontend.test.js","durationMs":0,"slow":false},"duration":0,"error":null}

[90mstdout[2m | tests/unit/historical-frontend.test.js[2m > [22m[2mrenderHistoricalSourceRow[2m > [22m[2mrenders provider name and description[22m[39m
[INFO] {"timestamp":"2026-02-20T23:40:07.927Z","level":"info","category":"test","action":"test_complete","requestId":null,"ip":null,"details":{"test":"renders provider name and description","file":"unit/historical-frontend.test.js","durationMs":0,"slow":false},"duration":0,"error":null}

[90mstdout[2m | tests/unit/historical-frontend.test.js[2m > [22m[2mrenderHistoricalSourceRow[2m > [22m[2mrenders data-key attribute[22m[39m
[INFO] {"timestamp":"2026-02-20T23:40:07.927Z","level":"info","category":"test","action":"test_complete","requestId":null,"ip":null,"details":{"test":"renders data-key attribute","file":"unit/historical-frontend.test.js","durationMs":0,"slow":false},"duration":0,"error":null}

[90mstdout[2m | tests/unit/historical-frontend.test.js[2m > [22m[2mrenderHistoricalSourceRow[2m > [22m[2mrenders article count[22m[39m
[INFO] {"timestamp":"2026-02-20T23:40:07.927Z","level":"info","category":"test","action":"test_complete","requestId":null,"ip":null,"details":{"test":"renders article count","file":"unit/historical-frontend.test.js","durationMs":0,"slow":false},"duration":0,"error":null}

[90mstdout[2m | tests/unit/historical-frontend.test.js[2m > [22m[2mrenderHistoricalSourceRow[2m > [22m[2mrenders Test button with correct id[22m[39m
[INFO] {"timestamp":"2026-02-20T23:40:07.928Z","level":"info","category":"test","action":"test_complete","requestId":null,"ip":null,"details":{"test":"renders Test button with correct id","file":"unit/historical-frontend.test.js","durationMs":0,"slow":false},"duration":0,"error":null}

[90mstdout[2m | tests/unit/historical-frontend.test.js[2m > [22m[2mrenderHistoricalSourceRow[2m > [22m[2mrenders toggle with correct onclick for enabled source[22m[39m
[INFO] {"timestamp":"2026-02-20T23:40:07.928Z","level":"info","category":"test","action":"test_complete","requestId":null,"ip":null,"details":{"test":"renders toggle with correct onclick for enabled source","file":"unit/historical-frontend.test.js","durationMs":0,"slow":false},"duration":0,"error":null}

[90mstdout[2m | tests/unit/historical-frontend.test.js[2m > [22m[2mrenderHistoricalSourceRow[2m > [22m[2mrenders toggle without checked for disabled source[22m[39m
[INFO] {"timestamp":"2026-02-20T23:40:07.929Z","level":"info","category":"test","action":"test_complete","requestId":null,"ip":null,"details":{"test":"renders toggle without checked for disabled source","file":"unit/historical-frontend.test.js","durationMs":0,"slow":false},"duration":0,"error":null}

[90mstdout[2m | tests/unit/historical-frontend.test.js[2m > [22m[2mrenderHistoricalSourceRow[2m > [22m[2mrenders error warning for failed source[22m[39m
[INFO] {"timestamp":"2026-02-20T23:40:07.929Z","level":"info","category":"test","action":"test_complete","requestId":null,"ip":null,"details":{"test":"renders error warning for failed source","file":"unit/historical-frontend.test.js","durationMs":0,"slow":false},"duration":0,"error":null}

[90mstdout[2m | tests/unit/historical-frontend.test.js[2m > [22m[2mrenderHistoricalSourceRow[2m > [22m[2mdoes not render error warning when no last_error[22m[39m
[INFO] {"timestamp":"2026-02-20T23:40:07.929Z","level":"info","category":"test","action":"test_complete","requestId":null,"ip":null,"details":{"test":"does not render error warning when no last_error","file":"unit/historical-frontend.test.js","durationMs":0,"slow":false},"duration":0,"error":null}

[90mstdout[2m | tests/unit/historical-frontend.test.js[2m > [22m[2mrenderHistoricalSourceRow[2m > [22m[2mescapes HTML in provider name[22m[39m
[INFO] {"timestamp":"2026-02-20T23:40:07.930Z","level":"info","category":"test","action":"test_complete","requestId":null,"ip":null,"details":{"test":"escapes HTML in provider name","file":"unit/historical-frontend.test.js","durationMs":0,"slow":false},"duration":0,"error":null}

[90mstdout[2m | tests/unit/historical-frontend.test.js[2m > [22m[2mrenderHistoricalSourceRow[2m > [22m[2mhas correct CSS classes[22m[39m
[INFO] {"timestamp":"2026-02-20T23:40:07.930Z","level":"info","category":"test","action":"test_complete","requestId":null,"ip":null,"details":{"test":"has correct CSS classes","file":"unit/historical-frontend.test.js","durationMs":0,"slow":false},"duration":0,"error":null}

[90mstdout[2m | tests/unit/historical-frontend.test.js[2m > [22m[2msettings.js historical section HTML[2m > [22m[2mcontains Historical Sources section[22m[39m
[INFO] {"timestamp":"2026-02-20T23:40:07.931Z","level":"info","category":"test","action":"test_complete","requestId":null,"ip":null,"details":{"test":"contains Historical Sources section","file":"unit/historical-frontend.test.js","durationMs":0,"slow":false},"duration":0,"error":null}

[90mstdout[2m | tests/unit/historical-frontend.test.js[2m > [22m[2msettings.js historical section HTML[2m > [22m[2mcontains historical backfill toggle[22m[39m
[INFO] {"timestamp":"2026-02-20T23:40:07.931Z","level":"info","category":"test","action":"test_complete","requestId":null,"ip":null,"details":{"test":"contains historical backfill toggle","file":"unit/historical-frontend.test.js","durationMs":0,"slow":false},"duration":0,"error":null}

[90mstdout[2m | tests/unit/historical-frontend.test.js[2m > [22m[2msettings.js historical section HTML[2m > [22m[2mcontains articles per source setting[22m[39m
[INFO] {"timestamp":"2026-02-20T23:40:07.931Z","level":"info","category":"test","action":"test_complete","requestId":null,"ip":null,"details":{"test":"contains articles per source setting","file":"unit/historical-frontend.test.js","durationMs":0,"slow":false},"duration":0,"error":null}

[90mstdout[2m | tests/unit/historical-frontend.test.js[2m > [22m[2msettings.js historical section HTML[2m > [22m[2mcontains historical-sources-list container[22m[39m
[INFO] {"timestamp":"2026-02-20T23:40:07.931Z","level":"info","category":"test","action":"test_complete","requestId":null,"ip":null,"details":{"test":"contains historical-sources-list container","file":"unit/historical-frontend.test.js","durationMs":0,"slow":false},"duration":0,"error":null}

[90mstdout[2m | tests/unit/historical-frontend.test.js[2m > [22m[2msettings.js historical section HTML[2m > [22m[2mcalls loadHistoricalSources after render[22m[39m
[INFO] {"timestamp":"2026-02-20T23:40:07.931Z","level":"info","category":"test","action":"test_complete","requestId":null,"ip":null,"details":{"test":"calls loadHistoricalSources after render","file":"unit/historical-frontend.test.js","durationMs":0,"slow":false},"duration":0,"error":null}

[90mstdout[2m | tests/unit/historical-frontend.test.js[2m > [22m[2msettings.js historical section HTML[2m > [22m[2mdefines toggleHistoricalSource function[22m[39m
[INFO] {"timestamp":"2026-02-20T23:40:07.932Z","level":"info","category":"test","action":"test_complete","requestId":null,"ip":null,"details":{"test":"defines toggleHistoricalSource function","file":"unit/historical-frontend.test.js","durationMs":0,"slow":false},"duration":0,"error":null}

[90mstdout[2m | tests/unit/historical-frontend.test.js[2m > [22m[2msettings.js historical section HTML[2m > [22m[2mdefines testHistoricalSource function[22m[39m
[INFO] {"timestamp":"2026-02-20T23:40:07.932Z","level":"info","category":"test","action":"test_complete","requestId":null,"ip":null,"details":{"test":"defines testHistoricalSource function","file":"unit/historical-frontend.test.js","durationMs":0,"slow":false},"duration":0,"error":null}

[90mstdout[2m | tests/unit/historical-frontend.test.js[2m > [22m[2msettings.js historical section HTML[2m > [22m[2mdefines loadHistoricalSources function[22m[39m
[INFO] {"timestamp":"2026-02-20T23:40:07.932Z","level":"info","category":"test","action":"test_complete","requestId":null,"ip":null,"details":{"test":"defines loadHistoricalSources function","file":"unit/historical-frontend.test.js","durationMs":0,"slow":false},"duration":0,"error":null}

[90mstdout[2m | tests/unit/historical-frontend.test.js[22m[39m
[INFO] {"timestamp":"2026-02-20T23:40:07.932Z","level":"info","category":"test","action":"file_complete","requestId":null,"ip":null,"details":{"file":"unit/historical-frontend.test.js","durationMs":20,"slow":false},"duration":20,"error":null}

[90mstdout[2m | tests/integration/frontend.test.js[2m > [22m[2mFrontend Routes[22m[39m
[startup] Database state: 0 sources, 0 persons, 0 quotes, 0 articles
[startup] Database path: E:\Github Repos\QuoteLog02\data\database.sqlite
[startup] Seeded 219 sources from sources-seed.json
[startup] Linked 219 sources to source_authors

[90mstderr[2m | tests/integration/frontend.test.js[2m > [22m[2mFrontend Routes[22m[39m
[startup] WARNING: 0 sources detected — auto-seeding from sources-seed.json

[90mstdout[2m | tests/integration/frontend.test.js[2m > [22m[2mFrontend Routes[2m > [22m[2mStatic Files[2m > [22m[2mshould serve index.html[22m[39m
[INFO] {"timestamp":"2026-02-20T23:40:12.624Z","level":"info","category":"api","action":"request_complete","requestId":null,"ip":null,"details":{"method":"GET","path":"/","statusCode":200,"duration":8,"requestId":"2ae2649c-6fbb-4930-a622-a6128bf3a890","ip":"::ffff:127.0.0.1"},"duration":null,"error":null}

[90mstdout[2m | tests/integration/frontend.test.js[2m > [22m[2mFrontend Routes[2m > [22m[2mStatic Files[2m > [22m[2mshould serve index.html[22m[39m
[INFO] {"timestamp":"2026-02-20T23:40:12.628Z","level":"info","category":"test","action":"test_complete","requestId":null,"ip":null,"details":{"test":"should serve index.html","file":"integration/frontend.test.js","durationMs":25,"slow":false},"duration":25,"error":null}

[90mstdout[2m | tests/integration/frontend.test.js[2m > [22m[2mFrontend Routes[2m > [22m[2mStatic Files[2m > [22m[2mshould serve manifest.json[22m[39m
[INFO] {"timestamp":"2026-02-20T23:40:12.635Z","level":"info","category":"api","action":"request_complete","requestId":null,"ip":null,"details":{"method":"GET","path":"/manifest.json","statusCode":200,"duration":3,"requestId":"b52cf34a-ccd6-4f3e-85e8-595cc9ef0f58","ip":"::ffff:127.0.0.1"},"duration":null,"error":null}

[90mstdout[2m | tests/integration/frontend.test.js[2m > [22m[2mFrontend Routes[2m > [22m[2mStatic Files[2m > [22m[2mshould serve manifest.json[22m[39m
[INFO] {"timestamp":"2026-02-20T23:40:12.637Z","level":"info","category":"test","action":"test_complete","requestId":null,"ip":null,"details":{"test":"should serve manifest.json","file":"integration/frontend.test.js","durationMs":8,"slow":false},"duration":8,"error":null}

[90mstdout[2m | tests/integration/frontend.test.js[2m > [22m[2mFrontend Routes[2m > [22m[2mStatic Files[2m > [22m[2mshould serve service worker[22m[39m
[INFO] {"timestamp":"2026-02-20T23:40:12.642Z","level":"info","category":"api","action":"request_complete","requestId":null,"ip":null,"details":{"method":"GET","path":"/sw.js","statusCode":200,"duration":2,"requestId":"87d9ebdc-2075-4473-8167-6654b052ce53","ip":"::ffff:127.0.0.1"},"duration":null,"error":null}

[90mstdout[2m | tests/integration/frontend.test.js[2m > [22m[2mFrontend Routes[2m > [22m[2mStatic Files[2m > [22m[2mshould serve service worker[22m[39m
[INFO] {"timestamp":"2026-02-20T23:40:12.644Z","level":"info","category":"test","action":"test_complete","requestId":null,"ip":null,"details":{"test":"should serve service worker","file":"integration/frontend.test.js","durationMs":6,"slow":false},"duration":6,"error":null}

[90mstdout[2m | tests/integration/frontend.test.js[2m > [22m[2mFrontend Routes[2m > [22m[2mQuotes API[2m > [22m[2mshould get paginated quotes[22m[39m
[INFO] {"timestamp":"2026-02-20T23:40:12.652Z","level":"info","category":"api","action":"request_complete","requestId":null,"ip":null,"details":{"method":"GET","path":"/","statusCode":200,"duration":5,"requestId":"961a1d20-b579-4e5a-8916-1a6c2332cfb5","ip":"::ffff:127.0.0.1"},"duration":null,"error":null}

[90mstdout[2m | tests/integration/frontend.test.js[2m > [22m[2mFrontend Routes[2m > [22m[2mQuotes API[2m > [22m[2mshould get paginated quotes[22m[39m
[INFO] {"timestamp":"2026-02-20T23:40:12.654Z","level":"info","category":"test","action":"test_complete","requestId":null,"ip":null,"details":{"test":"should get paginated quotes","file":"integration/frontend.test.js","durationMs":9,"slow":false},"duration":9,"error":null}

[90mstdout[2m | tests/integration/frontend.test.js[2m > [22m[2mFrontend Routes[2m > [22m[2mQuotes API[2m > [22m[2mshould return 404 for non-existent quote[22m[39m
[INFO] {"timestamp":"2026-02-20T23:40:12.658Z","level":"info","category":"api","action":"request_complete","requestId":null,"ip":null,"details":{"method":"GET","path":"/99999","statusCode":404,"duration":1,"requestId":"7b217e8d-8138-4f92-b3d2-d253073ee098","ip":"::ffff:127.0.0.1"},"duration":null,"error":null}

[90mstdout[2m | tests/integration/frontend.test.js[2m > [22m[2mFrontend Routes[2m > [22m[2mQuotes API[2m > [22m[2mshould return 404 for non-existent quote[22m[39m
[INFO] {"timestamp":"2026-02-20T23:40:12.660Z","level":"info","category":"test","action":"test_complete","requestId":null,"ip":null,"details":{"test":"should return 404 for non-existent quote","file":"integration/frontend.test.js","durationMs":6,"slow":false},"duration":6,"error":null}

[90mstdout[2m | tests/integration/frontend.test.js[2m > [22m[2mFrontend Routes[2m > [22m[2mQuote Visibility API[2m > [22m[2mshould require auth for visibility toggle[22m[39m
[INFO] {"timestamp":"2026-02-20T23:40:12.677Z","level":"info","category":"api","action":"request_complete","requestId":null,"ip":null,"details":{"method":"PATCH","path":"/1/visibility","statusCode":401,"duration":1,"requestId":"74dbddba-ba44-449d-9607-f940c0d1bfe0","ip":"::ffff:127.0.0.1"},"duration":null,"error":null}
[INFO] {"timestamp":"2026-02-20T23:40:12.678Z","level":"info","category":"test","action":"test_complete","requestId":null,"ip":null,"details":{"test":"should require auth for visibility toggle","file":"integration/frontend.test.js","durationMs":18,"slow":false},"duration":18,"error":null}

[90mstdout[2m | tests/integration/frontend.test.js[2m > [22m[2mFrontend Routes[2m > [22m[2mQuote Visibility API[2m > [22m[2mshould reject non-boolean isVisible[22m[39m
[INFO] {"timestamp":"2026-02-20T23:40:12.685Z","level":"info","category":"api","action":"request_complete","requestId":null,"ip":null,"details":{"method":"PATCH","path":"/1/visibility","statusCode":400,"duration":3,"requestId":"6ebc5e61-58c5-4869-82f5-ee92b685029c","ip":"::ffff:127.0.0.1"},"duration":null,"error":null}
[INFO] {"timestamp":"2026-02-20T23:40:12.686Z","level":"info","category":"test","action":"test_complete","requestId":null,"ip":null,"details":{"test":"should reject non-boolean isVisible","file":"integration/frontend.test.js","durationMs":7,"slow":false},"duration":7,"error":null}

[90mstdout[2m | tests/integration/frontend.test.js[2m > [22m[2mFrontend Routes[2m > [22m[2mQuote Visibility API[2m > [22m[2mshould return 404 for non-existent quote visibility toggle[22m[39m
[INFO] {"timestamp":"2026-02-20T23:40:12.691Z","level":"info","category":"api","action":"request_complete","requestId":null,"ip":null,"details":{"method":"PATCH","path":"/99999/visibility","statusCode":404,"duration":2,"requestId":"a024b612-b2cf-4853-908b-50f4d4ddbe4d","ip":"::ffff:127.0.0.1"},"duration":null,"error":null}
[INFO] {"timestamp":"2026-02-20T23:40:12.692Z","level":"info","category":"test","action":"test_complete","requestId":null,"ip":null,"details":{"test":"should return 404 for non-existent quote visibility toggle","file":"integration/frontend.test.js","durationMs":6,"slow":false},"duration":6,"error":null}

[90mstdout[2m | tests/integration/frontend.test.js[2m > [22m[2mFrontend Routes[2m > [22m[2mQuote Search API (article title)[2m > [22m[2mshould accept search param on quotes endpoint[22m[39m
[INFO] {"timestamp":"2026-02-20T23:40:12.698Z","level":"info","category":"api","action":"request_complete","requestId":null,"ip":null,"details":{"method":"GET","path":"/","statusCode":200,"duration":2,"requestId":"1a7147e6-2908-4ad3-a7a7-fd8185878b0f","ip":"::ffff:127.0.0.1"},"duration":null,"error":null}
[INFO] {"timestamp":"2026-02-20T23:40:12.699Z","level":"info","category":"test","action":"test_complete","requestId":null,"ip":null,"details":{"test":"should accept search param on quotes endpoint","file":"integration/frontend.test.js","durationMs":7,"slow":false},"duration":7,"error":null}

[90mstdout[2m | tests/integration/frontend.test.js[2m > [22m[2mFrontend Routes[2m > [22m[2mQuote Search API (article title)[2m > [22m[2mshould accept search param on quotes search endpoint[22m[39m
[INFO] {"timestamp":"2026-02-20T23:40:13.001Z","level":"info","category":"api","action":"request_complete","requestId":null,"ip":null,"details":{"method":"GET","path":"/search","statusCode":200,"duration":299,"requestId":"a2d573fa-e295-4031-8799-8de018941af4","ip":"::ffff:127.0.0.1"},"duration":null,"error":null}

[90mstdout[2m | tests/integration/frontend.test.js[2m > [22m[2mFrontend Routes[2m > [22m[2mQuote Search API (article title)[2m > [22m[2mshould accept search param on quotes search endpoint[22m[39m
[INFO] {"timestamp":"2026-02-20T23:40:13.003Z","level":"info","category":"test","action":"test_complete","requestId":null,"ip":null,"details":{"test":"should accept search param on quotes search endpoint","file":"integration/frontend.test.js","durationMs":303,"slow":false},"duration":303,"error":null}

[90mstdout[2m | tests/integration/frontend.test.js[2m > [22m[2mFrontend Routes[2m > [22m[2mQuote Search API (article title)[2m > [22m[2mshould reject short search on quotes search endpoint[22m[39m
[INFO] {"timestamp":"2026-02-20T23:40:13.007Z","level":"info","category":"api","action":"request_complete","requestId":null,"ip":null,"details":{"method":"GET","path":"/search","statusCode":400,"duration":2,"requestId":"81afb2e7-7e5d-499d-a03e-18f9f3dd2bec","ip":"::ffff:127.0.0.1"},"duration":null,"error":null}

[90mstdout[2m | tests/integration/frontend.test.js[2m > [22m[2mFrontend Routes[2m > [22m[2mQuote Search API (article title)[2m > [22m[2mshould reject short search on quotes search endpoint[22m[39m
[INFO] {"timestamp":"2026-02-20T23:40:13.009Z","level":"info","category":"test","action":"test_complete","requestId":null,"ip":null,"details":{"test":"should reject short search on quotes search endpoint","file":"integration/frontend.test.js","durationMs":5,"slow":false},"duration":5,"error":null}

[90mstdout[2m | tests/integration/frontend.test.js[2m > [22m[2mFrontend Routes[2m > [22m[2mSPA OG Meta Tags[2m > [22m[2mshould serve index.html for /quote/99999 (non-existent)[22m[39m
[INFO] {"timestamp":"2026-02-20T23:40:13.014Z","level":"info","category":"api","action":"request_complete","requestId":null,"ip":null,"details":{"method":"GET","path":"/quote/99999","statusCode":200,"duration":3,"requestId":"d7a32c8e-0e59-4e57-9f8c-b9d0ea6fa77c","ip":"::ffff:127.0.0.1"},"duration":null,"error":null}

[90mstdout[2m | tests/integration/frontend.test.js[2m > [22m[2mFrontend Routes[2m > [22m[2mSPA OG Meta Tags[2m > [22m[2mshould serve index.html for /quote/99999 (non-existent)[22m[39m
[INFO] {"timestamp":"2026-02-20T23:40:13.015Z","level":"info","category":"test","action":"test_complete","requestId":null,"ip":null,"details":{"test":"should serve index.html for /quote/99999 (non-existent)","file":"integration/frontend.test.js","durationMs":6,"slow":false},"duration":6,"error":null}

[90mstdout[2m | tests/integration/frontend.test.js[2m > [22m[2mFrontend Routes[2m > [22m[2mSPA OG Meta Tags[2m > [22m[2mshould serve index.html for non-quote SPA routes[22m[39m
[INFO] {"timestamp":"2026-02-20T23:40:13.020Z","level":"info","category":"api","action":"request_complete","requestId":null,"ip":null,"details":{"method":"GET","path":"/article/1","statusCode":200,"duration":3,"requestId":"ed8b4a47-ad16-4a84-b1ff-ad695e50710f","ip":"::ffff:127.0.0.1"},"duration":null,"error":null}

[90mstdout[2m | tests/integration/frontend.test.js[2m > [22m[2mFrontend Routes[2m > [22m[2mSPA OG Meta Tags[2m > [22m[2mshould serve index.html for non-quote SPA routes[22m[39m
[INFO] {"timestamp":"2026-02-20T23:40:13.021Z","level":"info","category":"test","action":"test_complete","requestId":null,"ip":null,"details":{"test":"should serve index.html for non-quote SPA routes","file":"integration/frontend.test.js","durationMs":6,"slow":false},"duration":6,"error":null}

[90mstdout[2m | tests/integration/frontend.test.js[2m > [22m[2mFrontend Routes[2m > [22m[2mAuthors API[2m > [22m[2mshould get all authors[22m[39m
[INFO] {"timestamp":"2026-02-20T23:40:13.024Z","level":"info","category":"api","action":"request_complete","requestId":null,"ip":null,"details":{"method":"GET","path":"/","statusCode":200,"duration":1,"requestId":"5af1992e-0007-47b6-9bcb-7bccca6f0c10","ip":"::ffff:127.0.0.1"},"duration":null,"error":null}

[90mstdout[2m | tests/integration/frontend.test.js[2m > [22m[2mFrontend Routes[2m > [22m[2mAuthors API[2m > [22m[2mshould get all authors[22m[39m
[INFO] {"timestamp":"2026-02-20T23:40:13.026Z","level":"info","category":"test","action":"test_complete","requestId":null,"ip":null,"details":{"test":"should get all authors","file":"integration/frontend.test.js","durationMs":4,"slow":false},"duration":4,"error":null}

[90mstdout[2m | tests/integration/frontend.test.js[2m > [22m[2mFrontend Routes[2m > [22m[2mSettings API[2m > [22m[2mshould get app settings[22m[39m
[INFO] {"timestamp":"2026-02-20T23:40:13.030Z","level":"info","category":"api","action":"request_complete","requestId":null,"ip":null,"details":{"method":"GET","path":"/","statusCode":200,"duration":2,"requestId":"56c26136-cb2b-47bc-95b0-870a54fa4450","ip":"::ffff:127.0.0.1"},"duration":null,"error":null}

[90mstdout[2m | tests/integration/frontend.test.js[2m > [22m[2mFrontend Routes[2m > [22m[2mSettings API[2m > [22m[2mshould get app settings[22m[39m
[INFO] {"timestamp":"2026-02-20T23:40:13.031Z","level":"info","category":"test","action":"test_complete","requestId":null,"ip":null,"details":{"test":"should get app settings","file":"integration/frontend.test.js","durationMs":5,"slow":false},"duration":5,"error":null}

[90mstdout[2m | tests/integration/frontend.test.js[2m > [22m[2mFrontend Routes[2m > [22m[2mSettings API[2m > [22m[2mshould update settings[22m[39m
[INFO] {"timestamp":"2026-02-20T23:40:13.036Z","level":"info","category":"api","action":"request_complete","requestId":null,"ip":null,"details":{"method":"PUT","path":"/","statusCode":200,"duration":2,"requestId":"1dd38a1f-141e-464f-94dc-7dec1b391144","ip":"::ffff:127.0.0.1"},"duration":null,"error":null}

[90mstdout[2m | tests/integration/frontend.test.js[2m > [22m[2mFrontend Routes[2m > [22m[2mSettings API[2m > [22m[2mshould update settings[22m[39m
[INFO] {"timestamp":"2026-02-20T23:40:13.037Z","level":"info","category":"test","action":"test_complete","requestId":null,"ip":null,"details":{"test":"should update settings","file":"integration/frontend.test.js","durationMs":6,"slow":false},"duration":6,"error":null}

[90mstdout[2m | tests/integration/frontend.test.js[2m > [22m[2mFrontend Routes[2m > [22m[2mLogs API[2m > [22m[2mshould return paginated logs[22m[39m
[INFO] {"timestamp":"2026-02-20T23:40:13.043Z","level":"info","category":"api","action":"request_complete","requestId":null,"ip":null,"details":{"method":"GET","path":"/","statusCode":200,"duration":3,"requestId":"3cf47263-16d6-463c-a74b-82bb3d629847","ip":"::ffff:127.0.0.1"},"duration":null,"error":null}

[90mstdout[2m | tests/integration/frontend.test.js[2m > [22m[2mFrontend Routes[2m > [22m[2mLogs API[2m > [22m[2mshould return paginated logs[22m[39m
[INFO] {"timestamp":"2026-02-20T23:40:13.045Z","level":"info","category":"test","action":"test_complete","requestId":null,"ip":null,"details":{"test":"should return paginated logs","file":"integration/frontend.test.js","durationMs":7,"slow":false},"duration":7,"error":null}

[90mstdout[2m | tests/integration/frontend.test.js[2m > [22m[2mFrontend Routes[2m > [22m[2mLogs API[2m > [22m[2mshould filter logs by level[22m[39m
[INFO] {"timestamp":"2026-02-20T23:40:13.049Z","level":"info","category":"api","action":"request_complete","requestId":null,"ip":null,"details":{"method":"GET","path":"/","statusCode":200,"duration":2,"requestId":"422e3b1f-8dc7-4ce7-9a66-b6a0b6473e8f","ip":"::ffff:127.0.0.1"},"duration":null,"error":null}
[INFO] {"timestamp":"2026-02-20T23:40:13.050Z","level":"info","category":"test","action":"test_complete","requestId":null,"ip":null,"details":{"test":"should filter logs by level","file":"integration/frontend.test.js","durationMs":5,"slow":false},"duration":5,"error":null}

[90mstdout[2m | tests/integration/frontend.test.js[2m > [22m[2mFrontend Routes[2m > [22m[2mLogs API[2m > [22m[2mshould filter logs by category[22m[39m
[INFO] {"timestamp":"2026-02-20T23:40:13.055Z","level":"info","category":"api","action":"request_complete","requestId":null,"ip":null,"details":{"method":"GET","path":"/","statusCode":200,"duration":3,"requestId":"46665d73-1877-4286-bb64-01c2c6a50018","ip":"::ffff:127.0.0.1"},"duration":null,"error":null}
[INFO] {"timestamp":"2026-02-20T23:40:13.056Z","level":"info","category":"test","action":"test_complete","requestId":null,"ip":null,"details":{"test":"should filter logs by category","file":"integration/frontend.test.js","durationMs":6,"slow":false},"duration":6,"error":null}

[90mstdout[2m | tests/integration/frontend.test.js[2m > [22m[2mFrontend Routes[2m > [22m[2mLogs API[2m > [22m[2mshould return log statistics[22m[39m
[INFO] {"timestamp":"2026-02-20T23:40:13.060Z","level":"info","category":"api","action":"request_complete","requestId":null,"ip":null,"details":{"method":"GET","path":"/stats","statusCode":200,"duration":2,"requestId":"57a079bc-1740-4e05-8a19-d3a029e11408","ip":"::ffff:127.0.0.1"},"duration":null,"error":null}

[90mstdout[2m | tests/integration/frontend.test.js[2m > [22m[2mFrontend Routes[2m > [22m[2mLogs API[2m > [22m[2mshould return log statistics[22m[39m
[INFO] {"timestamp":"2026-02-20T23:40:13.061Z","level":"info","category":"test","action":"test_complete","requestId":null,"ip":null,"details":{"test":"should return log statistics","file":"integration/frontend.test.js","durationMs":5,"slow":false},"duration":5,"error":null}

[90mstdout[2m | tests/integration/frontend.test.js[2m > [22m[2mFrontend Routes[2m > [22m[2mLogs API[2m > [22m[2mshould export logs as CSV[22m[39m
[INFO] {"timestamp":"2026-02-20T23:40:13.067Z","level":"info","category":"api","action":"request_complete","requestId":null,"ip":null,"details":{"method":"GET","path":"/export","statusCode":200,"duration":3,"requestId":"4e287836-380d-41d1-b7c5-fc40ea6c95ed","ip":"::ffff:127.0.0.1"},"duration":null,"error":null}

[90mstdout[2m | tests/integration/frontend.test.js[2m > [22m[2mFrontend Routes[2m > [22m[2mLogs API[2m > [22m[2mshould export logs as CSV[22m[39m
[INFO] {"timestamp":"2026-02-20T23:40:13.074Z","level":"info","category":"test","action":"test_complete","requestId":null,"ip":null,"details":{"test":"should export logs as CSV","file":"integration/frontend.test.js","durationMs":13,"slow":false},"duration":13,"error":null}

[90mstdout[2m | tests/integration/frontend.test.js[22m[39m
[INFO] {"timestamp":"2026-02-20T23:40:13.083Z","level":"info","category":"test","action":"file_complete","requestId":null,"ip":null,"details":{"file":"integration/frontend.test.js","durationMs":4472,"slow":false},"duration":4472,"error":null}

 [32m✓[39m tests/integration/frontend.test.js [2m ([22m[2m21 tests[22m[2m)[22m[33m 4837[2mms[22m[39m
[90mstdout[2m | tests/integration/author-quotes-sort.test.js[2m > [22m[2mAuthor Quotes Sort & Featured Quote API[22m[39m
[startup] Database state: 0 sources, 0 persons, 0 quotes, 0 articles
[startup] Database path: E:\Github Repos\QuoteLog02\tests\author-quotes-sort-test.db
[startup] Seeded 219 sources from sources-seed.json
[startup] Linked 219 sources to source_authors

[90mstderr[2m | tests/integration/author-quotes-sort.test.js[2m > [22m[2mAuthor Quotes Sort & Featured Quote API[22m[39m
[startup] WARNING: 0 sources detected — auto-seeding from sources-seed.json

[90mstdout[2m | tests/integration/author-quotes-sort.test.js[2m > [22m[2mAuthor Quotes Sort & Featured Quote API[2m > [22m[2mGET /api/authors/:id/quotes[2m > [22m[2mdefault sort returns quotes ordered by date descending[22m[39m
[INFO] {"timestamp":"2026-02-20T23:40:18.168Z","level":"info","category":"api","action":"request_complete","requestId":null,"ip":null,"details":{"method":"GET","path":"/1/quotes","statusCode":200,"duration":12,"requestId":"5cc2e586-3b73-4d26-b975-78c32b655f7d","ip":"::ffff:127.0.0.1"},"duration":null,"error":null}

[90mstdout[2m | tests/integration/author-quotes-sort.test.js[2m > [22m[2mAuthor Quotes Sort & Featured Quote API[2m > [22m[2mGET /api/authors/:id/quotes[2m > [22m[2mdefault sort returns quotes ordered by date descending[22m[39m
[INFO] {"timestamp":"2026-02-20T23:40:18.175Z","level":"info","category":"test","action":"test_complete","requestId":null,"ip":null,"details":{"test":"default sort returns quotes ordered by date descending","file":"integration/author-quotes-sort.test.js","durationMs":32,"slow":false},"duration":32,"error":null}

[90mstdout[2m | tests/integration/author-quotes-sort.test.js[2m > [22m[2mAuthor Quotes Sort & Featured Quote API[2m > [22m[2mGET /api/authors/:id/quotes[2m > [22m[2msort=importance returns quotes ordered by importance[22m[39m
[INFO] {"timestamp":"2026-02-20T23:40:18.180Z","level":"info","category":"api","action":"request_complete","requestId":null,"ip":null,"details":{"method":"GET","path":"/1/quotes","statusCode":200,"duration":2,"requestId":"a50f15d3-122c-4776-9b52-d1c036a89dfc","ip":"::ffff:127.0.0.1"},"duration":null,"error":null}

[90mstdout[2m | tests/integration/author-quotes-sort.test.js[2m > [22m[2mAuthor Quotes Sort & Featured Quote API[2m > [22m[2mGET /api/authors/:id/quotes[2m > [22m[2msort=importance returns quotes ordered by importance[22m[39m
[INFO] {"timestamp":"2026-02-20T23:40:18.182Z","level":"info","category":"test","action":"test_complete","requestId":null,"ip":null,"details":{"test":"sort=importance returns quotes ordered by importance","file":"integration/author-quotes-sort.test.js","durationMs":7,"slow":false},"duration":7,"error":null}

[90mstdout[2m | tests/integration/author-quotes-sort.test.js[2m > [22m[2mAuthor Quotes Sort & Featured Quote API[2m > [22m[2mGET /api/authors/:id/quotes[2m > [22m[2mpage 1 response includes a featuredQuote object[22m[39m
[INFO] {"timestamp":"2026-02-20T23:40:18.188Z","level":"info","category":"api","action":"request_complete","requestId":null,"ip":null,"details":{"method":"GET","path":"/1/quotes","statusCode":200,"duration":2,"requestId":"cd1ba51f-68ec-4eeb-bd41-0db72a98cd87","ip":"::ffff:127.0.0.1"},"duration":null,"error":null}

[90mstdout[2m | tests/integration/author-quotes-sort.test.js[2m > [22m[2mAuthor Quotes Sort & Featured Quote API[2m > [22m[2mGET /api/authors/:id/quotes[2m > [22m[2mpage 1 response includes a featuredQuote object[22m[39m
[INFO] {"timestamp":"2026-02-20T23:40:18.190Z","level":"info","category":"test","action":"test_complete","requestId":null,"ip":null,"details":{"test":"page 1 response includes a featuredQuote object","file":"integration/author-quotes-sort.test.js","durationMs":7,"slow":false},"duration":7,"error":null}

[90mstdout[2m | tests/integration/author-quotes-sort.test.js[2m > [22m[2mAuthor Quotes Sort & Featured Quote API[2m > [22m[2mGET /api/authors/:id/quotes[2m > [22m[2mpage 2 response has featuredQuote: null[22m[39m
[INFO] {"timestamp":"2026-02-20T23:40:18.194Z","level":"info","category":"api","action":"request_complete","requestId":null,"ip":null,"details":{"method":"GET","path":"/1/quotes","statusCode":200,"duration":1,"requestId":"36937a00-aeb8-4225-aed8-5483db42ef1c","ip":"::ffff:127.0.0.1"},"duration":null,"error":null}

[90mstdout[2m | tests/integration/author-quotes-sort.test.js[2m > [22m[2mAuthor Quotes Sort & Featured Quote API[2m > [22m[2mGET /api/authors/:id/quotes[2m > [22m[2mpage 2 response has featuredQuote: null[22m[39m
[INFO] {"timestamp":"2026-02-20T23:40:18.195Z","level":"info","category":"test","action":"test_complete","requestId":null,"ip":null,"details":{"test":"page 2 response has featuredQuote: null","file":"integration/author-quotes-sort.test.js","durationMs":5,"slow":false},"duration":5,"error":null}

[90mstdout[2m | tests/integration/author-quotes-sort.test.js[2m > [22m[2mAuthor Quotes Sort & Featured Quote API[2m > [22m[2mGET /api/authors/:id/quotes[2m > [22m[2mfeatured quote = highest importants_count; ties broken by latest date[22m[39m
[INFO] {"timestamp":"2026-02-20T23:40:18.200Z","level":"info","category":"api","action":"request_complete","requestId":null,"ip":null,"details":{"method":"GET","path":"/1/quotes","statusCode":200,"duration":2,"requestId":"23d31326-31bb-44a7-9a64-0189a52a2074","ip":"::ffff:127.0.0.1"},"duration":null,"error":null}

[90mstdout[2m | tests/integration/author-quotes-sort.test.js[2m > [22m[2mAuthor Quotes Sort & Featured Quote API[2m > [22m[2mGET /api/authors/:id/quotes[2m > [22m[2mfeatured quote = highest importants_count; ties broken by latest date[22m[39m
[INFO] {"timestamp":"2026-02-20T23:40:18.202Z","level":"info","category":"test","action":"test_complete","requestId":null,"ip":null,"details":{"test":"featured quote = highest importants_count; ties broken by latest date","file":"integration/author-quotes-sort.test.js","durationMs":6,"slow":false},"duration":6,"error":null}

[90mstdout[2m | tests/integration/author-quotes-sort.test.js[2m > [22m[2mAuthor Quotes Sort & Featured Quote API[2m > [22m[2mGET /api/authors/:id/quotes[2m > [22m[2mresponse includes importantsCount and quoteDateTime fields on each quote[22m[39m
[INFO] {"timestamp":"2026-02-20T23:40:18.207Z","level":"info","category":"api","action":"request_complete","requestId":null,"ip":null,"details":{"method":"GET","path":"/1/quotes","statusCode":200,"duration":2,"requestId":"6346d040-c31a-4df1-b091-00989b0e009c","ip":"::ffff:127.0.0.1"},"duration":null,"error":null}

[90mstdout[2m | tests/integration/author-quotes-sort.test.js[2m > [22m[2mAuthor Quotes Sort & Featured Quote API[2m > [22m[2mGET /api/authors/:id/quotes[2m > [22m[2mresponse includes importantsCount and quoteDateTime fields on each quote[22m[39m
[INFO] {"timestamp":"2026-02-20T23:40:18.209Z","level":"info","category":"test","action":"test_complete","requestId":null,"ip":null,"details":{"test":"response includes importantsCount and quoteDateTime fields on each quote","file":"integration/author-quotes-sort.test.js","durationMs":7,"slow":false},"duration":7,"error":null}

[90mstdout[2m | tests/integration/author-quotes-sort.test.js[2m > [22m[2mAuthor Quotes Sort & Featured Quote API[2m > [22m[2mfeatured quote with all zero importants_count[2m > [22m[2mwhen all importants_count = 0, featured quote = latest by date[22m[39m
[INFO] {"timestamp":"2026-02-20T23:40:18.214Z","level":"info","category":"api","action":"request_complete","requestId":null,"ip":null,"details":{"method":"GET","path":"/2/quotes","statusCode":200,"duration":2,"requestId":"84df1fe3-3060-4f06-aff5-c00278ef4148","ip":"::ffff:127.0.0.1"},"duration":null,"error":null}

[90mstdout[2m | tests/integration/author-quotes-sort.test.js[2m > [22m[2mAuthor Quotes Sort & Featured Quote API[2m > [22m[2mfeatured quote with all zero importants_count[2m > [22m[2mwhen all importants_count = 0, featured quote = latest by date[22m[39m
[INFO] {"timestamp":"2026-02-20T23:40:18.216Z","level":"info","category":"test","action":"test_complete","requestId":null,"ip":null,"details":{"test":"when all importants_count = 0, featured quote = latest by date","file":"integration/author-quotes-sort.test.js","durationMs":5,"slow":false},"duration":5,"error":null}

[90mstdout[2m | tests/integration/author-quotes-sort.test.js[22m[39m
[INFO] {"timestamp":"2026-02-20T23:40:18.228Z","level":"info","category":"test","action":"file_complete","requestId":null,"ip":null,"details":{"file":"integration/author-quotes-sort.test.js","durationMs":4140,"slow":false},"duration":4140,"error":null}

 [32m✓[39m tests/integration/author-quotes-sort.test.js [2m ([22m[2m7 tests[22m[2m)[22m[33m 4502[2mms[22m[39m
[90mstdout[2m | tests/integration/top-stories.test.js[2m > [22m[2mTop Stories API[22m[39m
[startup] Database state: 0 sources, 0 persons, 0 quotes, 0 articles
[startup] Database path: E:\Github Repos\QuoteLog02\tests\top-stories-test.db
[startup] Seeded 219 sources from sources-seed.json
[startup] Linked 219 sources to source_authors

[90mstderr[2m | tests/integration/top-stories.test.js[2m > [22m[2mTop Stories API[22m[39m
[startup] WARNING: 0 sources detected — auto-seeding from sources-seed.json

[90mstderr[2m | tests/integration/top-stories.test.js[2m > [22m[2mTop Stories API[22m[39m
<empty line>
[90mstdout[2m | tests/integration/top-stories.test.js[2m > [22m[2mTop Stories API[22m[39m
[INFO] {"timestamp":"2026-02-20T23:40:23.669Z","level":"info","category":"api","action":"request_complete","requestId":null,"ip":null,"details":{"method":"POST","path":"/login","statusCode":200,"duration":336,"requestId":"88bfc12d-1219-426a-a47f-6c49219dab3b","ip":"::ffff:127.0.0.1"},"duration":null,"error":null}

[90mstdout[2m | tests/integration/top-stories.test.js[2m > [22m[2mTop Stories API[2m > [22m[2mGET /api/sources[2m > [22m[2mincludes is_top_story field in source response[22m[39m
[INFO] {"timestamp":"2026-02-20T23:40:23.684Z","level":"info","category":"api","action":"request_complete","requestId":null,"ip":null,"details":{"method":"GET","path":"/","statusCode":200,"duration":7,"requestId":"e09fbaad-3ee5-45ca-a356-a99bb2f8a8a6","ip":"::ffff:127.0.0.1"},"duration":null,"error":null}

[90mstdout[2m | tests/integration/top-stories.test.js[2m > [22m[2mTop Stories API[2m > [22m[2mGET /api/sources[2m > [22m[2mincludes is_top_story field in source response[22m[39m
[INFO] {"timestamp":"2026-02-20T23:40:23.688Z","level":"info","category":"test","action":"test_complete","requestId":null,"ip":null,"details":{"test":"includes is_top_story field in source response","file":"integration/top-stories.test.js","durationMs":14,"slow":false},"duration":14,"error":null}

[90mstdout[2m | tests/integration/top-stories.test.js[2m > [22m[2mTop Stories API[2m > [22m[2mPATCH /api/sources/:id — is_top_story[2m > [22m[2mrejects unauthenticated request[22m[39m
[INFO] {"timestamp":"2026-02-20T23:40:23.692Z","level":"info","category":"api","action":"request_complete","requestId":null,"ip":null,"details":{"method":"PATCH","path":"/220","statusCode":401,"duration":1,"requestId":"56caa5e8-575d-4641-934d-d891cf5fb507","ip":"::ffff:127.0.0.1"},"duration":null,"error":null}

[90mstdout[2m | tests/integration/top-stories.test.js[2m > [22m[2mTop Stories API[2m > [22m[2mPATCH /api/sources/:id — is_top_story[2m > [22m[2mrejects unauthenticated request[22m[39m
[INFO] {"timestamp":"2026-02-20T23:40:23.694Z","level":"info","category":"test","action":"test_complete","requestId":null,"ip":null,"details":{"test":"rejects unauthenticated request","file":"integration/top-stories.test.js","durationMs":5,"slow":false},"duration":5,"error":null}

[90mstdout[2m | tests/integration/top-stories.test.js[2m > [22m[2mTop Stories API[2m > [22m[2mPATCH /api/sources/:id — is_top_story[2m > [22m[2mtoggles source is_top_story to 1[22m[39m
[INFO] {"timestamp":"2026-02-20T23:40:23.700Z","level":"info","category":"api","action":"request_complete","requestId":null,"ip":null,"details":{"method":"PATCH","path":"/220","statusCode":200,"duration":3,"requestId":"9025db91-2b4f-4452-811a-0e26f99b859e","ip":"::ffff:127.0.0.1"},"duration":null,"error":null}

[90mstdout[2m | tests/integration/top-stories.test.js[2m > [22m[2mTop Stories API[2m > [22m[2mPATCH /api/sources/:id — is_top_story[2m > [22m[2mtoggles source is_top_story to 1[22m[39m
[INFO] {"timestamp":"2026-02-20T23:40:23.702Z","level":"info","category":"test","action":"test_complete","requestId":null,"ip":null,"details":{"test":"toggles source is_top_story to 1","file":"integration/top-stories.test.js","durationMs":7,"slow":false},"duration":7,"error":null}

[90mstdout[2m | tests/integration/top-stories.test.js[2m > [22m[2mTop Stories API[2m > [22m[2mPATCH /api/sources/:id — is_top_story[2m > [22m[2mtoggles source is_top_story back to 0[22m[39m
[INFO] {"timestamp":"2026-02-20T23:40:23.707Z","level":"info","category":"api","action":"request_complete","requestId":null,"ip":null,"details":{"method":"PATCH","path":"/220","statusCode":200,"duration":2,"requestId":"147d7751-68d2-49c5-b3c7-a81a96cb7258","ip":"::ffff:127.0.0.1"},"duration":null,"error":null}
[INFO] {"timestamp":"2026-02-20T23:40:23.708Z","level":"info","category":"test","action":"test_complete","requestId":null,"ip":null,"details":{"test":"toggles source is_top_story back to 0","file":"integration/top-stories.test.js","durationMs":6,"slow":false},"duration":6,"error":null}

[90mstdout[2m | tests/integration/top-stories.test.js[2m > [22m[2mTop Stories API[2m > [22m[2mPATCH /api/articles/:id — is_top_story[2m > [22m[2mrejects unauthenticated request[22m[39m
[INFO] {"timestamp":"2026-02-20T23:40:23.712Z","level":"info","category":"api","action":"request_complete","requestId":null,"ip":null,"details":{"method":"PATCH","path":"/1","statusCode":401,"duration":1,"requestId":"079586f2-073f-44a9-aa06-9e0a38dca515","ip":"::ffff:127.0.0.1"},"duration":null,"error":null}
[INFO] {"timestamp":"2026-02-20T23:40:23.713Z","level":"info","category":"test","action":"test_complete","requestId":null,"ip":null,"details":{"test":"rejects unauthenticated request","file":"integration/top-stories.test.js","durationMs":4,"slow":false},"duration":4,"error":null}

[90mstdout[2m | tests/integration/top-stories.test.js[2m > [22m[2mTop Stories API[2m > [22m[2mPATCH /api/articles/:id — is_top_story[2m > [22m[2mreturns 404 for non-existent article[22m[39m
[INFO] {"timestamp":"2026-02-20T23:40:23.718Z","level":"info","category":"api","action":"request_complete","requestId":null,"ip":null,"details":{"method":"PATCH","path":"/99999","statusCode":404,"duration":2,"requestId":"bf2400d9-9dcd-4f20-a488-642919695253","ip":"::ffff:127.0.0.1"},"duration":null,"error":null}

[90mstdout[2m | tests/integration/top-stories.test.js[2m > [22m[2mTop Stories API[2m > [22m[2mPATCH /api/articles/:id — is_top_story[2m > [22m[2mreturns 404 for non-existent article[22m[39m
[INFO] {"timestamp":"2026-02-20T23:40:23.720Z","level":"info","category":"test","action":"test_complete","requestId":null,"ip":null,"details":{"test":"returns 404 for non-existent article","file":"integration/top-stories.test.js","durationMs":6,"slow":false},"duration":6,"error":null}

[90mstdout[2m | tests/integration/top-stories.test.js[2m > [22m[2mTop Stories API[2m > [22m[2mPATCH /api/articles/:id — is_top_story[2m > [22m[2mtoggles article is_top_story to 1[22m[39m
[INFO] {"timestamp":"2026-02-20T23:40:23.725Z","level":"info","category":"api","action":"request_complete","requestId":null,"ip":null,"details":{"method":"PATCH","path":"/1","statusCode":200,"duration":2,"requestId":"4c86b8bd-f098-4103-8368-969d556e425b","ip":"::ffff:127.0.0.1"},"duration":null,"error":null}
[INFO] {"timestamp":"2026-02-20T23:40:23.726Z","level":"info","category":"test","action":"test_complete","requestId":null,"ip":null,"details":{"test":"toggles article is_top_story to 1","file":"integration/top-stories.test.js","durationMs":6,"slow":false},"duration":6,"error":null}

[90mstdout[2m | tests/integration/top-stories.test.js[2m > [22m[2mTop Stories API[2m > [22m[2mPATCH /api/articles/:id — is_top_story[2m > [22m[2mtoggles article is_top_story back to 0[22m[39m
[INFO] {"timestamp":"2026-02-20T23:40:23.733Z","level":"info","category":"api","action":"request_complete","requestId":null,"ip":null,"details":{"method":"PATCH","path":"/1","statusCode":200,"duration":3,"requestId":"acc62d26-5060-472b-9d85-6de048ff1b63","ip":"::ffff:127.0.0.1"},"duration":null,"error":null}
[INFO] {"timestamp":"2026-02-20T23:40:23.734Z","level":"info","category":"test","action":"test_complete","requestId":null,"ip":null,"details":{"test":"toggles article is_top_story back to 0","file":"integration/top-stories.test.js","durationMs":8,"slow":false},"duration":8,"error":null}

[90mstdout[2m | tests/integration/top-stories.test.js[2m > [22m[2mTop Stories API[2m > [22m[2mGET /api/articles/:id[2m > [22m[2mincludes isTopStory in article response[22m[39m
[INFO] {"timestamp":"2026-02-20T23:40:23.739Z","level":"info","category":"api","action":"request_complete","requestId":null,"ip":null,"details":{"method":"GET","path":"/1","statusCode":200,"duration":2,"requestId":"d880bfdb-78a7-46ae-bd6c-c4ecda93fcca","ip":"::ffff:127.0.0.1"},"duration":null,"error":null}
[INFO] {"timestamp":"2026-02-20T23:40:23.740Z","level":"info","category":"test","action":"test_complete","requestId":null,"ip":null,"details":{"test":"includes isTopStory in article response","file":"integration/top-stories.test.js","durationMs":6,"slow":false},"duration":6,"error":null}

[90mstdout[2m | tests/integration/top-stories.test.js[2m > [22m[2mTop Stories API[2m > [22m[2mGET /api/quotes?tab=top-stories[2m > [22m[2mreturns no top story quotes when none are marked[22m[39m
[INFO] {"timestamp":"2026-02-20T23:40:23.745Z","level":"info","category":"api","action":"request_complete","requestId":null,"ip":null,"details":{"method":"GET","path":"/","statusCode":200,"duration":2,"requestId":"399fb90a-2208-440c-a4f9-5d7b0e40b73a","ip":"::ffff:127.0.0.1"},"duration":null,"error":null}
[INFO] {"timestamp":"2026-02-20T23:40:23.746Z","level":"info","category":"test","action":"test_complete","requestId":null,"ip":null,"details":{"test":"returns no top story quotes when none are marked","file":"integration/top-stories.test.js","durationMs":5,"slow":false},"duration":5,"error":null}

[90mstdout[2m | tests/integration/top-stories.test.js[2m > [22m[2mTop Stories API[2m > [22m[2mGET /api/quotes?tab=top-stories[2m > [22m[2mreturns quotes when article is marked as top story[22m[39m
[INFO] {"timestamp":"2026-02-20T23:40:23.750Z","level":"info","category":"api","action":"request_complete","requestId":null,"ip":null,"details":{"method":"GET","path":"/","statusCode":200,"duration":1,"requestId":"eb4732df-fcac-4d16-a65f-bc3ad523d368","ip":"::ffff:127.0.0.1"},"duration":null,"error":null}

[90mstdout[2m | tests/integration/top-stories.test.js[2m > [22m[2mTop Stories API[2m > [22m[2mGET /api/quotes?tab=top-stories[2m > [22m[2mreturns quotes when article is marked as top story[22m[39m
[INFO] {"timestamp":"2026-02-20T23:40:23.752Z","level":"info","category":"test","action":"test_complete","requestId":null,"ip":null,"details":{"test":"returns quotes when article is marked as top story","file":"integration/top-stories.test.js","durationMs":5,"slow":false},"duration":5,"error":null}

[90mstdout[2m | tests/integration/top-stories.test.js[2m > [22m[2mTop Stories API[2m > [22m[2mGET /api/quotes?tab=top-stories[2m > [22m[2mreturns quotes when source is marked as top story[22m[39m
[INFO] {"timestamp":"2026-02-20T23:40:23.756Z","level":"info","category":"api","action":"request_complete","requestId":null,"ip":null,"details":{"method":"GET","path":"/","statusCode":200,"duration":2,"requestId":"d8af1aad-f640-4551-ad9c-76e60e8213ef","ip":"::ffff:127.0.0.1"},"duration":null,"error":null}
[INFO] {"timestamp":"2026-02-20T23:40:23.757Z","level":"info","category":"test","action":"test_complete","requestId":null,"ip":null,"details":{"test":"returns quotes when source is marked as top story","file":"integration/top-stories.test.js","durationMs":5,"slow":false},"duration":5,"error":null}

[90mstdout[2m | tests/integration/top-stories.test.js[2m > [22m[2mTop Stories API[2m > [22m[2mGET /api/quotes?tab=top-stories[2m > [22m[2mincludes Top Stories count in categories[22m[39m
[INFO] {"timestamp":"2026-02-20T23:40:23.761Z","level":"info","category":"api","action":"request_complete","requestId":null,"ip":null,"details":{"method":"GET","path":"/","statusCode":200,"duration":2,"requestId":"a70c3e65-4e67-408d-af83-b87011e8c5d5","ip":"::ffff:127.0.0.1"},"duration":null,"error":null}
[INFO] {"timestamp":"2026-02-20T23:40:23.762Z","level":"info","category":"test","action":"test_complete","requestId":null,"ip":null,"details":{"test":"includes Top Stories count in categories","file":"integration/top-stories.test.js","durationMs":4,"slow":false},"duration":4,"error":null}

[90mstdout[2m | tests/integration/top-stories.test.js[2m > [22m[2mTop Stories API[2m > [22m[2mGET /api/quotes?tab=top-stories[2m > [22m[2mreturns regular quotes when tab is not set[22m[39m
[INFO] {"timestamp":"2026-02-20T23:40:23.765Z","level":"info","category":"api","action":"request_complete","requestId":null,"ip":null,"details":{"method":"GET","path":"/","statusCode":200,"duration":1,"requestId":"aff41f6f-4ea4-4708-a413-95de9a17a1ac","ip":"::ffff:127.0.0.1"},"duration":null,"error":null}
[INFO] {"timestamp":"2026-02-20T23:40:23.766Z","level":"info","category":"test","action":"test_complete","requestId":null,"ip":null,"details":{"test":"returns regular quotes when tab is not set","file":"integration/top-stories.test.js","durationMs":4,"slow":false},"duration":4,"error":null}

[90mstdout[2m | tests/integration/top-stories.test.js[22m[39m
[INFO] {"timestamp":"2026-02-20T23:40:23.778Z","level":"info","category":"test","action":"file_complete","requestId":null,"ip":null,"details":{"file":"integration/top-stories.test.js","durationMs":4544,"slow":false},"duration":4544,"error":null}

 [32m✓[39m tests/integration/top-stories.test.js [2m ([22m[2m14 tests[22m[2m)[22m[33m 4907[2mms[22m[39m
[90mstdout[2m | tests/unit/share-image.test.js[2m > [22m[2mShare Image Service[2m > [22m[2mgenerates a JPEG buffer for landscape format[22m[39m
[INFO] {"timestamp":"2026-02-20T23:40:25.007Z","level":"info","category":"test","action":"test_complete","requestId":null,"ip":null,"details":{"test":"generates a JPEG buffer for landscape format","file":"unit/share-image.test.js","durationMs":222,"slow":false},"duration":222,"error":null}

[90mstdout[2m | tests/unit/share-image.test.js[2m > [22m[2mShare Image Service[2m > [22m[2mgenerates a JPEG buffer for portrait format[22m[39m
[INFO] {"timestamp":"2026-02-20T23:40:25.162Z","level":"info","category":"test","action":"test_complete","requestId":null,"ip":null,"details":{"test":"generates a JPEG buffer for portrait format","file":"unit/share-image.test.js","durationMs":153,"slow":false},"duration":153,"error":null}

[90mstdout[2m | tests/unit/share-image.test.js[2m > [22m[2mShare Image Service[2m > [22m[2mhandles missing fact-check data[22m[39m
[INFO] {"timestamp":"2026-02-20T23:40:25.320Z","level":"info","category":"test","action":"test_complete","requestId":null,"ip":null,"details":{"test":"handles missing fact-check data","file":"unit/share-image.test.js","durationMs":158,"slow":false},"duration":158,"error":null}

[90mstdout[2m | tests/unit/share-image.test.js[2m > [22m[2mShare Image Service[2m > [22m[2mhandles long text truncation[22m[39m
[INFO] {"timestamp":"2026-02-20T23:40:25.522Z","level":"info","category":"test","action":"test_complete","requestId":null,"ip":null,"details":{"test":"handles long text truncation","file":"unit/share-image.test.js","durationMs":200,"slow":false},"duration":200,"error":null}

[90mstdout[2m | tests/unit/share-image.test.js[2m > [22m[2mShare Image Service[2m > [22m[2mhandles special characters in text[22m[39m
[INFO] {"timestamp":"2026-02-20T23:40:25.680Z","level":"info","category":"test","action":"test_complete","requestId":null,"ip":null,"details":{"test":"handles special characters in text","file":"unit/share-image.test.js","durationMs":157,"slow":false},"duration":157,"error":null}

[90mstdout[2m | tests/unit/share-image.test.js[2m > [22m[2mShare Image Service[2m > [22m[2mgenerates portrait with photoUrl null (graceful fallback)[22m[39m
[INFO] {"timestamp":"2026-02-20T23:40:25.826Z","level":"info","category":"test","action":"test_complete","requestId":null,"ip":null,"details":{"test":"generates portrait with photoUrl null (graceful fallback)","file":"unit/share-image.test.js","durationMs":145,"slow":false},"duration":145,"error":null}

[90mstdout[2m | tests/unit/share-image.test.js[2m > [22m[2mShare Image Service[2m > [22m[2mcaches images by quoteId[22m[39m
[INFO] {"timestamp":"2026-02-20T23:40:26.125Z","level":"info","category":"test","action":"test_complete","requestId":null,"ip":null,"details":{"test":"caches images by quoteId","file":"unit/share-image.test.js","durationMs":299,"slow":false},"duration":299,"error":null}

[90mstdout[2m | tests/unit/share-image.test.js[2m > [22m[2mShare Image Service[2m > [22m[2mwrites JPEG file to disk cache after generation[22m[39m
[INFO] {"timestamp":"2026-02-20T23:40:26.271Z","level":"info","category":"test","action":"test_complete","requestId":null,"ip":null,"details":{"test":"writes JPEG file to disk cache after generation","file":"unit/share-image.test.js","durationMs":146,"slow":false},"duration":146,"error":null}

[90mstdout[2m | tests/unit/share-image.test.js[2m > [22m[2mShare Image Service[2m > [22m[2mreads from disk cache when L1 memory cache is empty[22m[39m
[INFO] {"timestamp":"2026-02-20T23:40:26.419Z","level":"info","category":"test","action":"test_complete","requestId":null,"ip":null,"details":{"test":"reads from disk cache when L1 memory cache is empty","file":"unit/share-image.test.js","durationMs":147,"slow":false},"duration":147,"error":null}

[90mstdout[2m | tests/unit/share-image.test.js[2m > [22m[2mShare Image Service[2m > [22m[2minvalidateShareImageCache deletes disk cache files[22m[39m
[INFO] {"timestamp":"2026-02-20T23:40:26.562Z","level":"info","category":"test","action":"test_complete","requestId":null,"ip":null,"details":{"test":"invalidateShareImageCache deletes disk cache files","file":"unit/share-image.test.js","durationMs":143,"slow":false},"duration":143,"error":null}

[90mstdout[2m | tests/unit/share-image.test.js[2m > [22m[2mShare Image Service[2m > [22m[2mauto-creates the cache directory[22m[39m
[INFO] {"timestamp":"2026-02-20T23:40:26.563Z","level":"info","category":"test","action":"test_complete","requestId":null,"ip":null,"details":{"test":"auto-creates the cache directory","file":"unit/share-image.test.js","durationMs":0,"slow":false},"duration":0,"error":null}

 [32m✓[39m tests/unit/share-image.test.js [2m ([22m[2m11 tests[22m[2m)[22m[33m 1964[2mms[22m[39m
[90mstdout[2m | tests/unit/share-image.test.js[22m[39m
[INFO] {"timestamp":"2026-02-20T23:40:26.565Z","level":"info","category":"test","action":"file_complete","requestId":null,"ip":null,"details":{"file":"unit/share-image.test.js","durationMs":1963,"slow":false},"duration":1963,"error":null}

[90mstdout[2m | tests/integration/source-authors-api.test.js[2m > [22m[2mSource Authors API[22m[39m
[startup] Database state: 0 sources, 0 persons, 0 quotes, 0 articles
[startup] Database path: E:\Github Repos\QuoteLog02\tests\source-authors-api-test.db
[startup] Seeded 219 sources from sources-seed.json
[startup] Linked 219 sources to source_authors

[90mstderr[2m | tests/integration/source-authors-api.test.js[2m > [22m[2mSource Authors API[22m[39m
[startup] WARNING: 0 sources detected — auto-seeding from sources-seed.json

[90mstderr[2m | tests/integration/source-authors-api.test.js[2m > [22m[2mSource Authors API[22m[39m
<empty line>
[90mstdout[2m | tests/integration/source-authors-api.test.js[2m > [22m[2mSource Authors API[22m[39m
[INFO] {"timestamp":"2026-02-20T23:40:31.632Z","level":"info","category":"api","action":"request_complete","requestId":null,"ip":null,"details":{"method":"POST","path":"/login","statusCode":200,"duration":353,"requestId":"3dc459b6-b03a-489e-b438-cbed587ca9c4","ip":"::ffff:127.0.0.1"},"duration":null,"error":null}

[90mstdout[2m | tests/integration/source-authors-api.test.js[2m > [22m[2mSource Authors API[2m > [22m[2mGET /api/source-authors[2m > [22m[2mreturns list of source authors[22m[39m
[INFO] {"timestamp":"2026-02-20T23:40:31.646Z","level":"info","category":"api","action":"request_complete","requestId":null,"ip":null,"details":{"method":"GET","path":"/","statusCode":200,"duration":5,"requestId":"4ca3a7c8-b237-4eaa-b440-dc77d8221c48","ip":"::ffff:127.0.0.1"},"duration":null,"error":null}

[90mstdout[2m | tests/integration/source-authors-api.test.js[2m > [22m[2mSource Authors API[2m > [22m[2mGET /api/source-authors[2m > [22m[2mreturns list of source authors[22m[39m
[INFO] {"timestamp":"2026-02-20T23:40:31.650Z","level":"info","category":"test","action":"test_complete","requestId":null,"ip":null,"details":{"test":"returns list of source authors","file":"integration/source-authors-api.test.js","durationMs":12,"slow":false},"duration":12,"error":null}

[90mstdout[2m | tests/integration/source-authors-api.test.js[2m > [22m[2mSource Authors API[2m > [22m[2mGET /api/source-authors[2m > [22m[2mincludes source_count[22m[39m
[INFO] {"timestamp":"2026-02-20T23:40:31.655Z","level":"info","category":"api","action":"request_complete","requestId":null,"ip":null,"details":{"method":"GET","path":"/","statusCode":200,"duration":2,"requestId":"dadc8262-6c0e-47f9-b405-84bc9587babe","ip":"::ffff:127.0.0.1"},"duration":null,"error":null}

[90mstdout[2m | tests/integration/source-authors-api.test.js[2m > [22m[2mSource Authors API[2m > [22m[2mGET /api/source-authors[2m > [22m[2mincludes source_count[22m[39m
[INFO] {"timestamp":"2026-02-20T23:40:31.657Z","level":"info","category":"test","action":"test_complete","requestId":null,"ip":null,"details":{"test":"includes source_count","file":"integration/source-authors-api.test.js","durationMs":7,"slow":false},"duration":7,"error":null}

[90mstdout[2m | tests/integration/source-authors-api.test.js[2m > [22m[2mSource Authors API[2m > [22m[2mGET /api/source-authors/:id[2m > [22m[2mreturns source author with linked sources[22m[39m
[INFO] {"timestamp":"2026-02-20T23:40:31.661Z","level":"info","category":"api","action":"request_complete","requestId":null,"ip":null,"details":{"method":"GET","path":"/22","statusCode":200,"duration":1,"requestId":"d00d9ea6-3dab-4276-9c18-ddb587237e87","ip":"::ffff:127.0.0.1"},"duration":null,"error":null}
[INFO] {"timestamp":"2026-02-20T23:40:31.663Z","level":"info","category":"test","action":"test_complete","requestId":null,"ip":null,"details":{"test":"returns source author with linked sources","file":"integration/source-authors-api.test.js","durationMs":5,"slow":false},"duration":5,"error":null}

[90mstdout[2m | tests/integration/source-authors-api.test.js[2m > [22m[2mSource Authors API[2m > [22m[2mGET /api/source-authors/:id[2m > [22m[2mreturns 404 for non-existent source author[22m[39m
[INFO] {"timestamp":"2026-02-20T23:40:31.667Z","level":"info","category":"api","action":"request_complete","requestId":null,"ip":null,"details":{"method":"GET","path":"/99999","statusCode":404,"duration":1,"requestId":"14245b9f-80d3-4d6f-a11b-ea4dffbe64b5","ip":"::ffff:127.0.0.1"},"duration":null,"error":null}

[90mstdout[2m | tests/integration/source-authors-api.test.js[2m > [22m[2mSource Authors API[2m > [22m[2mGET /api/source-authors/:id[2m > [22m[2mreturns 404 for non-existent source author[22m[39m
[INFO] {"timestamp":"2026-02-20T23:40:31.669Z","level":"info","category":"test","action":"test_complete","requestId":null,"ip":null,"details":{"test":"returns 404 for non-existent source author","file":"integration/source-authors-api.test.js","durationMs":6,"slow":false},"duration":6,"error":null}

[90mstdout[2m | tests/integration/source-authors-api.test.js[2m > [22m[2mSource Authors API[2m > [22m[2mPATCH /api/source-authors/:id[2m > [22m[2mrejects unauthenticated request[22m[39m
[INFO] {"timestamp":"2026-02-20T23:40:31.673Z","level":"info","category":"api","action":"request_complete","requestId":null,"ip":null,"details":{"method":"PATCH","path":"/22","statusCode":401,"duration":1,"requestId":"34f40106-c59b-48cf-b4f6-7b947835cb00","ip":"::ffff:127.0.0.1"},"duration":null,"error":null}
[INFO] {"timestamp":"2026-02-20T23:40:31.674Z","level":"info","category":"test","action":"test_complete","requestId":null,"ip":null,"details":{"test":"rejects unauthenticated request","file":"integration/source-authors-api.test.js","durationMs":5,"slow":false},"duration":5,"error":null}

[90mstdout[2m | tests/integration/source-authors-api.test.js[2m > [22m[2mSource Authors API[2m > [22m[2mPATCH /api/source-authors/:id[2m > [22m[2mupdates name[22m[39m
[INFO] {"timestamp":"2026-02-20T23:40:31.680Z","level":"info","category":"api","action":"request_complete","requestId":null,"ip":null,"details":{"method":"PATCH","path":"/22","statusCode":200,"duration":3,"requestId":"0f0aa5bd-0afe-4d7a-811f-c5cc9f2cb209","ip":"::ffff:127.0.0.1"},"duration":null,"error":null}

[90mstdout[2m | tests/integration/source-authors-api.test.js[2m > [22m[2mSource Authors API[2m > [22m[2mPATCH /api/source-authors/:id[2m > [22m[2mupdates name[22m[39m
[INFO] {"timestamp":"2026-02-20T23:40:31.686Z","level":"info","category":"api","action":"request_complete","requestId":null,"ip":null,"details":{"method":"PATCH","path":"/22","statusCode":200,"duration":2,"requestId":"726aaab2-b495-4596-9510-f86246c7bfc3","ip":"::ffff:127.0.0.1"},"duration":null,"error":null}
[INFO] {"timestamp":"2026-02-20T23:40:31.687Z","level":"info","category":"test","action":"test_complete","requestId":null,"ip":null,"details":{"test":"updates name","file":"integration/source-authors-api.test.js","durationMs":13,"slow":false},"duration":13,"error":null}

[90mstdout[2m | tests/integration/source-authors-api.test.js[2m > [22m[2mSource Authors API[2m > [22m[2mPATCH /api/source-authors/:id[2m > [22m[2mupdates imageUrl[22m[39m
[INFO] {"timestamp":"2026-02-20T23:40:31.694Z","level":"info","category":"api","action":"request_complete","requestId":null,"ip":null,"details":{"method":"PATCH","path":"/22","statusCode":200,"duration":3,"requestId":"8ccc4ae5-c905-4488-b154-484f47bbd4dc","ip":"::ffff:127.0.0.1"},"duration":null,"error":null}

[90mstdout[2m | tests/integration/source-authors-api.test.js[2m > [22m[2mSource Authors API[2m > [22m[2mPATCH /api/source-authors/:id[2m > [22m[2mupdates imageUrl[22m[39m
[INFO] {"timestamp":"2026-02-20T23:40:31.700Z","level":"info","category":"api","action":"request_complete","requestId":null,"ip":null,"details":{"method":"PATCH","path":"/22","statusCode":200,"duration":2,"requestId":"eb3a933d-34db-46fc-ab23-713c9e0768b8","ip":"::ffff:127.0.0.1"},"duration":null,"error":null}
[INFO] {"timestamp":"2026-02-20T23:40:31.701Z","level":"info","category":"test","action":"test_complete","requestId":null,"ip":null,"details":{"test":"updates imageUrl","file":"integration/source-authors-api.test.js","durationMs":13,"slow":false},"duration":13,"error":null}

[90mstdout[2m | tests/integration/source-authors-api.test.js[2m > [22m[2mSource Authors API[2m > [22m[2mPATCH /api/source-authors/:id[2m > [22m[2mupdates description[22m[39m
[INFO] {"timestamp":"2026-02-20T23:40:31.706Z","level":"info","category":"api","action":"request_complete","requestId":null,"ip":null,"details":{"method":"PATCH","path":"/22","statusCode":200,"duration":2,"requestId":"48249df9-0456-4d5b-bc20-0f16aa553b69","ip":"::ffff:127.0.0.1"},"duration":null,"error":null}
[INFO] {"timestamp":"2026-02-20T23:40:31.707Z","level":"info","category":"test","action":"test_complete","requestId":null,"ip":null,"details":{"test":"updates description","file":"integration/source-authors-api.test.js","durationMs":6,"slow":false},"duration":6,"error":null}

[90mstdout[2m | tests/integration/source-authors-api.test.js[2m > [22m[2mSource Authors API[2m > [22m[2mPATCH /api/source-authors/:id[2m > [22m[2mrejects empty name[22m[39m
[INFO] {"timestamp":"2026-02-20T23:40:31.711Z","level":"info","category":"api","action":"request_complete","requestId":null,"ip":null,"details":{"method":"PATCH","path":"/22","statusCode":400,"duration":1,"requestId":"21fc9e98-6baf-4064-9a2a-f9b49d6c2bf4","ip":"::ffff:127.0.0.1"},"duration":null,"error":null}

[90mstdout[2m | tests/integration/source-authors-api.test.js[2m > [22m[2mSource Authors API[2m > [22m[2mPATCH /api/source-authors/:id[2m > [22m[2mrejects empty name[22m[39m
[INFO] {"timestamp":"2026-02-20T23:40:31.712Z","level":"info","category":"test","action":"test_complete","requestId":null,"ip":null,"details":{"test":"rejects empty name","file":"integration/source-authors-api.test.js","durationMs":5,"slow":false},"duration":5,"error":null}

[90mstdout[2m | tests/integration/source-authors-api.test.js[2m > [22m[2mSource Authors API[2m > [22m[2mPATCH /api/source-authors/:id[2m > [22m[2mreturns 404 for non-existent source author[22m[39m
[INFO] {"timestamp":"2026-02-20T23:40:31.717Z","level":"info","category":"api","action":"request_complete","requestId":null,"ip":null,"details":{"method":"PATCH","path":"/99999","statusCode":404,"duration":2,"requestId":"10ac8257-d1e8-4a6a-a2fc-f97a78d588ec","ip":"::ffff:127.0.0.1"},"duration":null,"error":null}

[90mstdout[2m | tests/integration/source-authors-api.test.js[2m > [22m[2mSource Authors API[2m > [22m[2mPATCH /api/source-authors/:id[2m > [22m[2mreturns 404 for non-existent source author[22m[39m
[INFO] {"timestamp":"2026-02-20T23:40:31.718Z","level":"info","category":"test","action":"test_complete","requestId":null,"ip":null,"details":{"test":"returns 404 for non-existent source author","file":"integration/source-authors-api.test.js","durationMs":6,"slow":false},"duration":6,"error":null}

[90mstdout[2m | tests/integration/source-authors-api.test.js[2m > [22m[2mSource Authors API[2m > [22m[2mGET /api/source-authors/:id/image-suggestions[2m > [22m[2mrejects unauthenticated request[22m[39m
[INFO] {"timestamp":"2026-02-20T23:40:31.722Z","level":"info","category":"api","action":"request_complete","requestId":null,"ip":null,"details":{"method":"GET","path":"/22/image-suggestions","statusCode":401,"duration":1,"requestId":"52d6ab69-a62b-4422-8c60-29b67210556a","ip":"::ffff:127.0.0.1"},"duration":null,"error":null}
[INFO] {"timestamp":"2026-02-20T23:40:31.723Z","level":"info","category":"test","action":"test_complete","requestId":null,"ip":null,"details":{"test":"rejects unauthenticated request","file":"integration/source-authors-api.test.js","durationMs":4,"slow":false},"duration":4,"error":null}

[90mstdout[2m | tests/integration/source-authors-api.test.js[2m > [22m[2mSource Authors API[2m > [22m[2mGET /api/source-authors/:id/image-suggestions[2m > [22m[2mreturns empty suggestions when no cache[22m[39m
[INFO] {"timestamp":"2026-02-20T23:40:31.727Z","level":"info","category":"api","action":"request_complete","requestId":null,"ip":null,"details":{"method":"GET","path":"/22/image-suggestions","statusCode":200,"duration":2,"requestId":"da7710e5-375c-4327-921f-34067974f0a8","ip":"::ffff:127.0.0.1"},"duration":null,"error":null}
[INFO] {"timestamp":"2026-02-20T23:40:31.729Z","level":"info","category":"test","action":"test_complete","requestId":null,"ip":null,"details":{"test":"returns empty suggestions when no cache","file":"integration/source-authors-api.test.js","durationMs":6,"slow":false},"duration":6,"error":null}

[90mstdout[2m | tests/integration/source-authors-api.test.js[2m > [22m[2mSource Authors API[2m > [22m[2mGET /api/source-authors/:id/image-suggestions[2m > [22m[2mreturns cached suggestions after storing[22m[39m
[INFO] {"timestamp":"2026-02-20T23:40:31.733Z","level":"info","category":"api","action":"request_complete","requestId":null,"ip":null,"details":{"method":"GET","path":"/22/image-suggestions","statusCode":200,"duration":2,"requestId":"74f3fb5b-39ff-4003-a8df-ae5005b88397","ip":"::ffff:127.0.0.1"},"duration":null,"error":null}
[INFO] {"timestamp":"2026-02-20T23:40:31.735Z","level":"info","category":"test","action":"test_complete","requestId":null,"ip":null,"details":{"test":"returns cached suggestions after storing","file":"integration/source-authors-api.test.js","durationMs":6,"slow":false},"duration":6,"error":null}

[90mstdout[2m | tests/integration/source-authors-api.test.js[2m > [22m[2mSource Authors API[2m > [22m[2mGET /api/source-authors/:id/image-suggestions[2m > [22m[2mreturns 404 for non-existent source author[22m[39m
[INFO] {"timestamp":"2026-02-20T23:40:31.740Z","level":"info","category":"api","action":"request_complete","requestId":null,"ip":null,"details":{"method":"GET","path":"/99999/image-suggestions","statusCode":404,"duration":2,"requestId":"14414925-c17f-46a8-ac5c-1b0b87017c77","ip":"::ffff:127.0.0.1"},"duration":null,"error":null}
[INFO] {"timestamp":"2026-02-20T23:40:31.741Z","level":"info","category":"test","action":"test_complete","requestId":null,"ip":null,"details":{"test":"returns 404 for non-existent source author","file":"integration/source-authors-api.test.js","durationMs":5,"slow":false},"duration":5,"error":null}

[90mstdout[2m | tests/integration/source-authors-api.test.js[2m > [22m[2mSource Authors API[2m > [22m[2mPOST /api/source-authors/:id/image-search[2m > [22m[2mrejects unauthenticated request[22m[39m
[INFO] {"timestamp":"2026-02-20T23:40:31.744Z","level":"info","category":"api","action":"request_complete","requestId":null,"ip":null,"details":{"method":"POST","path":"/22/image-search","statusCode":401,"duration":1,"requestId":"0618befd-3daf-4f42-8b3a-a98b65838d1e","ip":"::ffff:127.0.0.1"},"duration":null,"error":null}
[INFO] {"timestamp":"2026-02-20T23:40:31.745Z","level":"info","category":"test","action":"test_complete","requestId":null,"ip":null,"details":{"test":"rejects unauthenticated request","file":"integration/source-authors-api.test.js","durationMs":4,"slow":false},"duration":4,"error":null}

[90mstdout[2m | tests/integration/source-authors-api.test.js[2m > [22m[2mSource Authors API[2m > [22m[2mPOST /api/source-authors/:id/image-search[2m > [22m[2mreturns 404 for non-existent source author[22m[39m
[INFO] {"timestamp":"2026-02-20T23:40:31.749Z","level":"info","category":"api","action":"request_complete","requestId":null,"ip":null,"details":{"method":"POST","path":"/99999/image-search","statusCode":404,"duration":2,"requestId":"c24f2382-3d25-4f75-9cfe-880f7e175a0f","ip":"::ffff:127.0.0.1"},"duration":null,"error":null}

[90mstdout[2m | tests/integration/source-authors-api.test.js[2m > [22m[2mSource Authors API[2m > [22m[2mPOST /api/source-authors/:id/image-search[2m > [22m[2mreturns 404 for non-existent source author[22m[39m
[INFO] {"timestamp":"2026-02-20T23:40:31.750Z","level":"info","category":"test","action":"test_complete","requestId":null,"ip":null,"details":{"test":"returns 404 for non-existent source author","file":"integration/source-authors-api.test.js","durationMs":5,"slow":false},"duration":5,"error":null}

[90mstdout[2m | tests/integration/source-authors-api.test.js[22m[39m
[INFO] {"timestamp":"2026-02-20T23:40:31.761Z","level":"info","category":"test","action":"file_complete","requestId":null,"ip":null,"details":{"file":"integration/source-authors-api.test.js","durationMs":4569,"slow":false},"duration":4569,"error":null}

 [32m✓[39m tests/integration/source-authors-api.test.js [2m ([22m[2m16 tests[22m[2m)[22m[33m 4918[2mms[22m[39m
 [32m✓[39m tests/unit/ingest-filters.test.js [2m ([22m[2m7 tests[22m[2m)[22m[90m 9[2mms[22m[39m
[90mstdout[2m | tests/integration/trending.test.js[2m > [22m[2mTrending System[22m[39m
[startup] Database state: 0 sources, 0 persons, 0 quotes, 0 articles
[startup] Database path: E:\Github Repos\QuoteLog02\tests\trending-test.db
[startup] Seeded 219 sources from sources-seed.json
[startup] Linked 219 sources to source_authors

[90mstderr[2m | tests/integration/trending.test.js[2m > [22m[2mTrending System[22m[39m
[startup] WARNING: 0 sources detected — auto-seeding from sources-seed.json

[90mstdout[2m | tests/integration/trending.test.js[2m > [22m[2mTrending System[2m > [22m[2mTrending Calculator Service[2m > [22m[2mrecalculateTrendingScores updates all entity scores[22m[39m
[INFO] {"timestamp":"2026-02-20T23:40:37.275Z","level":"info","category":"test","action":"test_complete","requestId":null,"ip":null,"details":{"test":"recalculateTrendingScores updates all entity scores","file":"integration/trending.test.js","durationMs":2,"slow":false},"duration":2,"error":null}

[90mstdout[2m | tests/integration/trending.test.js[2m > [22m[2mTrending System[2m > [22m[2mTrending Calculator Service[2m > [22m[2mrecency bonus decays correctly[22m[39m
[INFO] {"timestamp":"2026-02-20T23:40:37.277Z","level":"info","category":"test","action":"test_complete","requestId":null,"ip":null,"details":{"test":"recency bonus decays correctly","file":"integration/trending.test.js","durationMs":1,"slow":false},"duration":1,"error":null}

[90mstdout[2m | tests/integration/trending.test.js[2m > [22m[2mTrending System[2m > [22m[2mTrending Calculator Service[2m > [22m[2mrecalculateEntityScore only updates targeted entity and parents[22m[39m
[INFO] {"timestamp":"2026-02-20T23:40:37.278Z","level":"info","category":"test","action":"test_complete","requestId":null,"ip":null,"details":{"test":"recalculateEntityScore only updates targeted entity and parents","file":"integration/trending.test.js","durationMs":1,"slow":false},"duration":1,"error":null}

[90mstdout[2m | tests/integration/trending.test.js[2m > [22m[2mTrending System[2m > [22m[2mTrending API Endpoints[2m > [22m[2mGET /api/analytics/trending-sources returns articles with quotes[22m[39m
[INFO] {"timestamp":"2026-02-20T23:40:37.304Z","level":"info","category":"api","action":"request_complete","requestId":null,"ip":null,"details":{"method":"GET","path":"/trending-sources","statusCode":200,"duration":11,"requestId":"b1bd6904-dc55-4220-9926-3ef00d3812b7","ip":"::ffff:127.0.0.1"},"duration":null,"error":null}

[90mstdout[2m | tests/integration/trending.test.js[2m > [22m[2mTrending System[2m > [22m[2mTrending API Endpoints[2m > [22m[2mGET /api/analytics/trending-sources returns articles with quotes[22m[39m
[INFO] {"timestamp":"2026-02-20T23:40:37.309Z","level":"info","category":"test","action":"test_complete","requestId":null,"ip":null,"details":{"test":"GET /api/analytics/trending-sources returns articles with quotes","file":"integration/trending.test.js","durationMs":30,"slow":false},"duration":30,"error":null}

[90mstdout[2m | tests/integration/trending.test.js[2m > [22m[2mTrending System[2m > [22m[2mTrending API Endpoints[2m > [22m[2mGET /api/analytics/trending-quotes returns quote of day/week/month + recent[22m[39m
[INFO] {"timestamp":"2026-02-20T23:40:37.315Z","level":"info","category":"api","action":"request_complete","requestId":null,"ip":null,"details":{"method":"GET","path":"/trending-quotes","statusCode":200,"duration":3,"requestId":"e158b0c5-1933-4760-8273-1516c190538a","ip":"::ffff:127.0.0.1"},"duration":null,"error":null}

[90mstdout[2m | tests/integration/trending.test.js[2m > [22m[2mTrending System[2m > [22m[2mTrending API Endpoints[2m > [22m[2mGET /api/analytics/trending-quotes returns quote of day/week/month + recent[22m[39m
[INFO] {"timestamp":"2026-02-20T23:40:37.317Z","level":"info","category":"test","action":"test_complete","requestId":null,"ip":null,"details":{"test":"GET /api/analytics/trending-quotes returns quote of day/week/month + recent","file":"integration/trending.test.js","durationMs":8,"slow":false},"duration":8,"error":null}

[90mstdout[2m | tests/integration/trending.test.js[2m > [22m[2mTrending System[2m > [22m[2mTrending API Endpoints[2m > [22m[2mGET /api/analytics/all-sources returns articles newest first[22m[39m
[INFO] {"timestamp":"2026-02-20T23:40:37.326Z","level":"info","category":"api","action":"request_complete","requestId":null,"ip":null,"details":{"method":"GET","path":"/all-sources","statusCode":200,"duration":3,"requestId":"10336da1-5080-47ad-b386-c0f0aad68bac","ip":"::ffff:127.0.0.1"},"duration":null,"error":null}

[90mstdout[2m | tests/integration/trending.test.js[2m > [22m[2mTrending System[2m > [22m[2mTrending API Endpoints[2m > [22m[2mGET /api/analytics/all-sources returns articles newest first[22m[39m
[INFO] {"timestamp":"2026-02-20T23:40:37.330Z","level":"info","category":"test","action":"test_complete","requestId":null,"ip":null,"details":{"test":"GET /api/analytics/all-sources returns articles newest first","file":"integration/trending.test.js","durationMs":12,"slow":false},"duration":12,"error":null}

[90mstdout[2m | tests/integration/trending.test.js[2m > [22m[2mTrending System[2m > [22m[2mTrending API Endpoints[2m > [22m[2mGET /api/analytics/all-sources sort=importance orders by trending_score[22m[39m
[INFO] {"timestamp":"2026-02-20T23:40:37.336Z","level":"info","category":"api","action":"request_complete","requestId":null,"ip":null,"details":{"method":"GET","path":"/all-sources","statusCode":200,"duration":3,"requestId":"c2a8e4b0-6ce5-42e8-86ce-395c20108f30","ip":"::ffff:127.0.0.1"},"duration":null,"error":null}

[90mstdout[2m | tests/integration/trending.test.js[2m > [22m[2mTrending System[2m > [22m[2mTrending API Endpoints[2m > [22m[2mGET /api/analytics/all-sources sort=importance orders by trending_score[22m[39m
[INFO] {"timestamp":"2026-02-20T23:40:37.338Z","level":"info","category":"test","action":"test_complete","requestId":null,"ip":null,"details":{"test":"GET /api/analytics/all-sources sort=importance orders by trending_score","file":"integration/trending.test.js","durationMs":8,"slow":false},"duration":8,"error":null}

[90mstdout[2m | tests/integration/trending.test.js[22m[39m
[INFO] {"timestamp":"2026-02-20T23:40:37.354Z","level":"info","category":"test","action":"file_complete","requestId":null,"ip":null,"details":{"file":"integration/trending.test.js","durationMs":4163,"slow":false},"duration":4163,"error":null}

 [32m✓[39m tests/integration/trending.test.js [2m ([22m[2m7 tests[22m[2m)[22m[33m 4524[2mms[22m[39m
[90mstdout[2m | tests/integration/bugReports.test.js[2m > [22m[2mBug Reports API[22m[39m
[startup] Database state: 0 sources, 0 persons, 0 quotes, 0 articles
[startup] Database path: E:\Github Repos\QuoteLog02\data\database.sqlite
[startup] Seeded 219 sources from sources-seed.json
[startup] Linked 219 sources to source_authors

[90mstderr[2m | tests/integration/bugReports.test.js[2m > [22m[2mBug Reports API[22m[39m
[startup] WARNING: 0 sources detected — auto-seeding from sources-seed.json

[90mstdout[2m | tests/integration/bugReports.test.js[2m > [22m[2mBug Reports API[2m > [22m[2mPOST /api/bug-reports[2m > [22m[2mcreates a bug report with valid data[22m[39m
[INFO] {"timestamp":"2026-02-20T23:40:42.416Z","level":"info","category":"api","action":"request_complete","requestId":null,"ip":null,"details":{"method":"POST","path":"/","statusCode":200,"duration":9,"requestId":"f42683f0-c29d-4b07-a497-5eca973c7e0f","ip":"::ffff:127.0.0.1"},"duration":null,"error":null}

[90mstdout[2m | tests/integration/bugReports.test.js[2m > [22m[2mBug Reports API[2m > [22m[2mPOST /api/bug-reports[2m > [22m[2mcreates a bug report with valid data[22m[39m
[INFO] {"timestamp":"2026-02-20T23:40:42.421Z","level":"info","category":"test","action":"test_complete","requestId":null,"ip":null,"details":{"test":"creates a bug report with valid data","file":"integration/bugReports.test.js","durationMs":40,"slow":false},"duration":40,"error":null}

[90mstdout[2m | tests/integration/bugReports.test.js[2m > [22m[2mBug Reports API[2m > [22m[2mPOST /api/bug-reports[2m > [22m[2mrejects empty message[22m[39m
[INFO] {"timestamp":"2026-02-20T23:40:42.426Z","level":"info","category":"api","action":"request_complete","requestId":null,"ip":null,"details":{"method":"POST","path":"/","statusCode":400,"duration":1,"requestId":"7d872014-c129-4865-b9b1-d58d6668ac56","ip":"::ffff:127.0.0.1"},"duration":null,"error":null}

[90mstdout[2m | tests/integration/bugReports.test.js[2m > [22m[2mBug Reports API[2m > [22m[2mPOST /api/bug-reports[2m > [22m[2mrejects empty message[22m[39m
[INFO] {"timestamp":"2026-02-20T23:40:42.428Z","level":"info","category":"test","action":"test_complete","requestId":null,"ip":null,"details":{"test":"rejects empty message","file":"integration/bugReports.test.js","durationMs":6,"slow":false},"duration":6,"error":null}

[90mstdout[2m | tests/integration/bugReports.test.js[2m > [22m[2mBug Reports API[2m > [22m[2mPOST /api/bug-reports[2m > [22m[2mrejects message over 280 characters[22m[39m
[INFO] {"timestamp":"2026-02-20T23:40:42.432Z","level":"info","category":"api","action":"request_complete","requestId":null,"ip":null,"details":{"method":"POST","path":"/","statusCode":400,"duration":1,"requestId":"4597c58e-6480-4d19-9c9c-e782445b85de","ip":"::ffff:127.0.0.1"},"duration":null,"error":null}
[INFO] {"timestamp":"2026-02-20T23:40:42.433Z","level":"info","category":"test","action":"test_complete","requestId":null,"ip":null,"details":{"test":"rejects message over 280 characters","file":"integration/bugReports.test.js","durationMs":5,"slow":false},"duration":5,"error":null}

[90mstdout[2m | tests/integration/bugReports.test.js[2m > [22m[2mBug Reports API[2m > [22m[2mPOST /api/bug-reports[2m > [22m[2mrejects missing page_url[22m[39m
[INFO] {"timestamp":"2026-02-20T23:40:42.437Z","level":"info","category":"api","action":"request_complete","requestId":null,"ip":null,"details":{"method":"POST","path":"/","statusCode":400,"duration":1,"requestId":"24ad572b-44b9-4f0e-be9b-f699fcb51c4b","ip":"::ffff:127.0.0.1"},"duration":null,"error":null}
[INFO] {"timestamp":"2026-02-20T23:40:42.438Z","level":"info","category":"test","action":"test_complete","requestId":null,"ip":null,"details":{"test":"rejects missing page_url","file":"integration/bugReports.test.js","durationMs":5,"slow":false},"duration":5,"error":null}

[90mstdout[2m | tests/integration/bugReports.test.js[2m > [22m[2mBug Reports API[2m > [22m[2mPOST /api/bug-reports[2m > [22m[2maccepts report with quote_id[22m[39m
[INFO] {"timestamp":"2026-02-20T23:40:42.443Z","level":"info","category":"api","action":"request_complete","requestId":null,"ip":null,"details":{"method":"POST","path":"/","statusCode":200,"duration":1,"requestId":"0bec4a5b-a969-4f34-a29d-a2b3313d9a64","ip":"::ffff:127.0.0.1"},"duration":null,"error":null}

[90mstdout[2m | tests/integration/bugReports.test.js[2m > [22m[2mBug Reports API[2m > [22m[2mPOST /api/bug-reports[2m > [22m[2maccepts report with quote_id[22m[39m
[INFO] {"timestamp":"2026-02-20T23:40:42.445Z","level":"info","category":"test","action":"test_complete","requestId":null,"ip":null,"details":{"test":"accepts report with quote_id","file":"integration/bugReports.test.js","durationMs":6,"slow":false},"duration":6,"error":null}

[90mstdout[2m | tests/integration/bugReports.test.js[2m > [22m[2mBug Reports API[2m > [22m[2mGET /api/bug-reports[2m > [22m[2mreturns 401 without auth[22m[39m
[INFO] {"timestamp":"2026-02-20T23:40:42.451Z","level":"info","category":"api","action":"request_complete","requestId":null,"ip":null,"details":{"method":"GET","path":"/","statusCode":401,"duration":2,"requestId":"4238dbc7-277a-4925-b8d0-8ae855e28ae1","ip":"::ffff:127.0.0.1"},"duration":null,"error":null}
[INFO] {"timestamp":"2026-02-20T23:40:42.453Z","level":"info","category":"test","action":"test_complete","requestId":null,"ip":null,"details":{"test":"returns 401 without auth","file":"integration/bugReports.test.js","durationMs":7,"slow":false},"duration":7,"error":null}

[90mstdout[2m | tests/integration/bugReports.test.js[2m > [22m[2mBug Reports API[2m > [22m[2mGET /api/bug-reports[2m > [22m[2mreturns reports for admin[22m[39m
[INFO] {"timestamp":"2026-02-20T23:40:42.460Z","level":"info","category":"api","action":"request_complete","requestId":null,"ip":null,"details":{"method":"GET","path":"/","statusCode":200,"duration":4,"requestId":"0f3c771b-a5b1-486a-9a4e-9e929e18342d","ip":"::ffff:127.0.0.1"},"duration":null,"error":null}
[INFO] {"timestamp":"2026-02-20T23:40:42.461Z","level":"info","category":"test","action":"test_complete","requestId":null,"ip":null,"details":{"test":"returns reports for admin","file":"integration/bugReports.test.js","durationMs":8,"slow":false},"duration":8,"error":null}

[90mstdout[2m | tests/integration/bugReports.test.js[2m > [22m[2mBug Reports API[2m > [22m[2mPATCH /api/bug-reports/:id/star[2m > [22m[2mreturns 401 without auth[22m[39m
[INFO] {"timestamp":"2026-02-20T23:40:42.465Z","level":"info","category":"api","action":"request_complete","requestId":null,"ip":null,"details":{"method":"PATCH","path":"/1/star","statusCode":401,"duration":1,"requestId":"7ec92ed8-6b2f-49e3-9da9-4efacaad7bfb","ip":"::ffff:127.0.0.1"},"duration":null,"error":null}
[INFO] {"timestamp":"2026-02-20T23:40:42.466Z","level":"info","category":"test","action":"test_complete","requestId":null,"ip":null,"details":{"test":"returns 401 without auth","file":"integration/bugReports.test.js","durationMs":4,"slow":false},"duration":4,"error":null}

[90mstdout[2m | tests/integration/bugReports.test.js[2m > [22m[2mBug Reports API[2m > [22m[2mPATCH /api/bug-reports/:id/star[2m > [22m[2mtoggles star on a report[22m[39m
[INFO] {"timestamp":"2026-02-20T23:40:42.472Z","level":"info","category":"api","action":"request_complete","requestId":null,"ip":null,"details":{"method":"PATCH","path":"/1/star","statusCode":200,"duration":2,"requestId":"94fd9009-0bae-464b-a123-b83c1a7e22b0","ip":"::ffff:127.0.0.1"},"duration":null,"error":null}

[90mstdout[2m | tests/integration/bugReports.test.js[2m > [22m[2mBug Reports API[2m > [22m[2mPATCH /api/bug-reports/:id/star[2m > [22m[2mtoggles star on a report[22m[39m
[INFO] {"timestamp":"2026-02-20T23:40:42.478Z","level":"info","category":"api","action":"request_complete","requestId":null,"ip":null,"details":{"method":"PATCH","path":"/1/star","statusCode":200,"duration":2,"requestId":"9dd1cf12-61bf-4d61-9eb8-898c5429a094","ip":"::ffff:127.0.0.1"},"duration":null,"error":null}
[INFO] {"timestamp":"2026-02-20T23:40:42.480Z","level":"info","category":"test","action":"test_complete","requestId":null,"ip":null,"details":{"test":"toggles star on a report","file":"integration/bugReports.test.js","durationMs":13,"slow":false},"duration":13,"error":null}

[90mstdout[2m | tests/integration/bugReports.test.js[2m > [22m[2mBug Reports API[2m > [22m[2mPATCH /api/bug-reports/:id/star[2m > [22m[2mreturns 404 for non-existent report[22m[39m
[INFO] {"timestamp":"2026-02-20T23:40:42.484Z","level":"info","category":"api","action":"request_complete","requestId":null,"ip":null,"details":{"method":"PATCH","path":"/99999/star","statusCode":404,"duration":2,"requestId":"0f0368ad-ec55-4e62-9e8b-bf64eaab4854","ip":"::ffff:127.0.0.1"},"duration":null,"error":null}
[INFO] {"timestamp":"2026-02-20T23:40:42.485Z","level":"info","category":"test","action":"test_complete","requestId":null,"ip":null,"details":{"test":"returns 404 for non-existent report","file":"integration/bugReports.test.js","durationMs":5,"slow":false},"duration":5,"error":null}

[90mstdout[2m | tests/integration/bugReports.test.js[2m > [22m[2mBug Reports API[2m > [22m[2mDELETE /api/bug-reports/:id[2m > [22m[2mreturns 401 without auth[22m[39m
[INFO] {"timestamp":"2026-02-20T23:40:42.489Z","level":"info","category":"api","action":"request_complete","requestId":null,"ip":null,"details":{"method":"DELETE","path":"/1","statusCode":401,"duration":1,"requestId":"a2ca19d0-d2eb-47b1-8c37-64e1ac611b39","ip":"::ffff:127.0.0.1"},"duration":null,"error":null}
[INFO] {"timestamp":"2026-02-20T23:40:42.490Z","level":"info","category":"test","action":"test_complete","requestId":null,"ip":null,"details":{"test":"returns 401 without auth","file":"integration/bugReports.test.js","durationMs":4,"slow":false},"duration":4,"error":null}

[90mstdout[2m | tests/integration/bugReports.test.js[2m > [22m[2mBug Reports API[2m > [22m[2mDELETE /api/bug-reports/:id[2m > [22m[2mdeletes a report[22m[39m
[INFO] {"timestamp":"2026-02-20T23:40:42.494Z","level":"info","category":"api","action":"request_complete","requestId":null,"ip":null,"details":{"method":"POST","path":"/","statusCode":200,"duration":2,"requestId":"13dd13e9-8893-4ed0-99f9-8cd47e4cc935","ip":"::ffff:127.0.0.1"},"duration":null,"error":null}

[90mstdout[2m | tests/integration/bugReports.test.js[2m > [22m[2mBug Reports API[2m > [22m[2mDELETE /api/bug-reports/:id[2m > [22m[2mdeletes a report[22m[39m
[INFO] {"timestamp":"2026-02-20T23:40:42.499Z","level":"info","category":"api","action":"request_complete","requestId":null,"ip":null,"details":{"method":"DELETE","path":"/3","statusCode":200,"duration":2,"requestId":"c1271df6-7c4a-4960-a7be-b25a48d8e24a","ip":"::ffff:127.0.0.1"},"duration":null,"error":null}

[90mstdout[2m | tests/integration/bugReports.test.js[2m > [22m[2mBug Reports API[2m > [22m[2mDELETE /api/bug-reports/:id[2m > [22m[2mdeletes a report[22m[39m
[INFO] {"timestamp":"2026-02-20T23:40:42.500Z","level":"info","category":"test","action":"test_complete","requestId":null,"ip":null,"details":{"test":"deletes a report","file":"integration/bugReports.test.js","durationMs":11,"slow":false},"duration":11,"error":null}

[90mstdout[2m | tests/integration/bugReports.test.js[2m > [22m[2mBug Reports API[2m > [22m[2mDELETE /api/bug-reports/:id[2m > [22m[2mreturns 404 for non-existent report[22m[39m
[INFO] {"timestamp":"2026-02-20T23:40:42.504Z","level":"info","category":"api","action":"request_complete","requestId":null,"ip":null,"details":{"method":"DELETE","path":"/99999","statusCode":404,"duration":1,"requestId":"dc610e6a-4b33-4b53-9f3a-3578fbe02b58","ip":"::ffff:127.0.0.1"},"duration":null,"error":null}
[INFO] {"timestamp":"2026-02-20T23:40:42.505Z","level":"info","category":"test","action":"test_complete","requestId":null,"ip":null,"details":{"test":"returns 404 for non-existent report","file":"integration/bugReports.test.js","durationMs":5,"slow":false},"duration":5,"error":null}

[90mstdout[2m | tests/integration/bugReports.test.js[2m > [22m[2mBug Reports API[2m > [22m[2mPOST /api/bug-reports/batch-delete[2m > [22m[2mreturns 401 without auth[22m[39m
[INFO] {"timestamp":"2026-02-20T23:40:42.509Z","level":"info","category":"api","action":"request_complete","requestId":null,"ip":null,"details":{"method":"POST","path":"/batch-delete","statusCode":401,"duration":1,"requestId":"06041a1a-b460-4cc6-ac07-3a38e1a4508e","ip":"::ffff:127.0.0.1"},"duration":null,"error":null}
[INFO] {"timestamp":"2026-02-20T23:40:42.510Z","level":"info","category":"test","action":"test_complete","requestId":null,"ip":null,"details":{"test":"returns 401 without auth","file":"integration/bugReports.test.js","durationMs":4,"slow":false},"duration":4,"error":null}

[90mstdout[2m | tests/integration/bugReports.test.js[2m > [22m[2mBug Reports API[2m > [22m[2mPOST /api/bug-reports/batch-delete[2m > [22m[2mdeletes multiple reports[22m[39m
[INFO] {"timestamp":"2026-02-20T23:40:42.514Z","level":"info","category":"api","action":"request_complete","requestId":null,"ip":null,"details":{"method":"POST","path":"/","statusCode":200,"duration":2,"requestId":"75a08811-d868-49d6-b3be-d46ba20df7aa","ip":"::ffff:127.0.0.1"},"duration":null,"error":null}

[90mstdout[2m | tests/integration/bugReports.test.js[2m > [22m[2mBug Reports API[2m > [22m[2mPOST /api/bug-reports/batch-delete[2m > [22m[2mdeletes multiple reports[22m[39m
[INFO] {"timestamp":"2026-02-20T23:40:42.519Z","level":"info","category":"api","action":"request_complete","requestId":null,"ip":null,"details":{"method":"POST","path":"/","statusCode":200,"duration":2,"requestId":"e7d6c930-7ecb-4b63-92df-e4caa647fd04","ip":"::ffff:127.0.0.1"},"duration":null,"error":null}

[90mstdout[2m | tests/integration/bugReports.test.js[2m > [22m[2mBug Reports API[2m > [22m[2mPOST /api/bug-reports/batch-delete[2m > [22m[2mdeletes multiple reports[22m[39m
[INFO] {"timestamp":"2026-02-20T23:40:42.531Z","level":"info","category":"api","action":"request_complete","requestId":null,"ip":null,"details":{"method":"POST","path":"/batch-delete","statusCode":200,"duration":8,"requestId":"b9500edf-ffbb-4b9b-a0d9-a4a5c0f14341","ip":"::ffff:127.0.0.1"},"duration":null,"error":null}

[90mstdout[2m | tests/integration/bugReports.test.js[2m > [22m[2mBug Reports API[2m > [22m[2mPOST /api/bug-reports/batch-delete[2m > [22m[2mdeletes multiple reports[22m[39m
[INFO] {"timestamp":"2026-02-20T23:40:42.532Z","level":"info","category":"test","action":"test_complete","requestId":null,"ip":null,"details":{"test":"deletes multiple reports","file":"integration/bugReports.test.js","durationMs":22,"slow":false},"duration":22,"error":null}

[90mstdout[2m | tests/integration/bugReports.test.js[2m > [22m[2mBug Reports API[2m > [22m[2mPOST /api/bug-reports/batch-delete[2m > [22m[2mrejects empty ids array[22m[39m
[INFO] {"timestamp":"2026-02-20T23:40:42.537Z","level":"info","category":"api","action":"request_complete","requestId":null,"ip":null,"details":{"method":"POST","path":"/batch-delete","statusCode":400,"duration":2,"requestId":"d1708006-a7b8-462e-be0e-55d217fc4914","ip":"::ffff:127.0.0.1"},"duration":null,"error":null}
[INFO] {"timestamp":"2026-02-20T23:40:42.538Z","level":"info","category":"test","action":"test_complete","requestId":null,"ip":null,"details":{"test":"rejects empty ids array","file":"integration/bugReports.test.js","durationMs":5,"slow":false},"duration":5,"error":null}

[90mstdout[2m | tests/integration/bugReports.test.js[22m[39m
[INFO] {"timestamp":"2026-02-20T23:40:42.546Z","level":"info","category":"test","action":"file_complete","requestId":null,"ip":null,"details":{"file":"integration/bugReports.test.js","durationMs":4138,"slow":false},"duration":4138,"error":null}

 [32m✓[39m tests/integration/bugReports.test.js [2m ([22m[2m16 tests[22m[2m)[22m[33m 4500[2mms[22m[39m
 [32m✓[39m tests/unit/votes-schema.test.js [2m ([22m[2m9 tests[22m[2m)[22m[90m 47[2mms[22m[39m
[90mstdout[2m | tests/unit/votes-schema.test.js[2m > [22m[2mVotes Schema[2m > [22m[2mvotes table exists[22m[39m
[INFO] {"timestamp":"2026-02-20T23:40:43.417Z","level":"info","category":"test","action":"test_complete","requestId":null,"ip":null,"details":{"test":"votes table exists","file":"unit/votes-schema.test.js","durationMs":1,"slow":false},"duration":1,"error":null}

[90mstdout[2m | tests/unit/votes-schema.test.js[2m > [22m[2mVotes Schema[2m > [22m[2mvotes table has correct columns[22m[39m
[INFO] {"timestamp":"2026-02-20T23:40:43.419Z","level":"info","category":"test","action":"test_complete","requestId":null,"ip":null,"details":{"test":"votes table has correct columns","file":"unit/votes-schema.test.js","durationMs":1,"slow":false},"duration":1,"error":null}

[90mstdout[2m | tests/unit/votes-schema.test.js[2m > [22m[2mVotes Schema[2m > [22m[2mcan insert a vote and retrieve it[22m[39m
[INFO] {"timestamp":"2026-02-20T23:40:43.420Z","level":"info","category":"test","action":"test_complete","requestId":null,"ip":null,"details":{"test":"can insert a vote and retrieve it","file":"unit/votes-schema.test.js","durationMs":0,"slow":false},"duration":0,"error":null}

[90mstdout[2m | tests/unit/votes-schema.test.js[2m > [22m[2mVotes Schema[2m > [22m[2mUNIQUE(quote_id, voter_hash) rejects duplicate votes[22m[39m
[INFO] {"timestamp":"2026-02-20T23:40:43.421Z","level":"info","category":"test","action":"test_complete","requestId":null,"ip":null,"details":{"test":"UNIQUE(quote_id, voter_hash) rejects duplicate votes","file":"unit/votes-schema.test.js","durationMs":1,"slow":false},"duration":1,"error":null}

[90mstdout[2m | tests/unit/votes-schema.test.js[2m > [22m[2mVotes Schema[2m > [22m[2mvote_value CHECK constraint rejects invalid values[22m[39m
[INFO] {"timestamp":"2026-02-20T23:40:43.422Z","level":"info","category":"test","action":"test_complete","requestId":null,"ip":null,"details":{"test":"vote_value CHECK constraint rejects invalid values","file":"unit/votes-schema.test.js","durationMs":0,"slow":false},"duration":0,"error":null}

[90mstdout[2m | tests/unit/votes-schema.test.js[2m > [22m[2mVotes Schema[2m > [22m[2mdeleting a quote cascades to delete its votes[22m[39m
[INFO] {"timestamp":"2026-02-20T23:40:43.423Z","level":"info","category":"test","action":"test_complete","requestId":null,"ip":null,"details":{"test":"deleting a quote cascades to delete its votes","file":"unit/votes-schema.test.js","durationMs":0,"slow":false},"duration":0,"error":null}

[90mstdout[2m | tests/unit/votes-schema.test.js[2m > [22m[2mVotes Schema[2m > [22m[2mall required indexes exist[22m[39m
[INFO] {"timestamp":"2026-02-20T23:40:43.424Z","level":"info","category":"test","action":"test_complete","requestId":null,"ip":null,"details":{"test":"all required indexes exist","file":"unit/votes-schema.test.js","durationMs":0,"slow":false},"duration":0,"error":null}

[90mstdout[2m | tests/unit/votes-schema.test.js[2m > [22m[2mVotes Schema[2m > [22m[2mvote aggregation query works correctly[22m[39m
[INFO] {"timestamp":"2026-02-20T23:40:43.424Z","level":"info","category":"test","action":"test_complete","requestId":null,"ip":null,"details":{"test":"vote aggregation query works correctly","file":"unit/votes-schema.test.js","durationMs":0,"slow":false},"duration":0,"error":null}

[90mstdout[2m | tests/unit/votes-schema.test.js[2m > [22m[2mVotes Schema[2m > [22m[2mvote score returns 0 for unvoted quotes[22m[39m
[INFO] {"timestamp":"2026-02-20T23:40:43.425Z","level":"info","category":"test","action":"test_complete","requestId":null,"ip":null,"details":{"test":"vote score returns 0 for unvoted quotes","file":"unit/votes-schema.test.js","durationMs":0,"slow":false},"duration":0,"error":null}

[90mstdout[2m | tests/unit/votes-schema.test.js[22m[39m
[INFO] {"timestamp":"2026-02-20T23:40:43.433Z","level":"info","category":"test","action":"file_complete","requestId":null,"ip":null,"details":{"file":"unit/votes-schema.test.js","durationMs":46,"slow":false},"duration":46,"error":null}

 [32m✓[39m tests/unit/database.test.js [2m ([22m[2m8 tests[22m[2m)[22m[90m 44[2mms[22m[39m
[90mstdout[2m | tests/unit/database.test.js[2m > [22m[2mDatabase Setup[2m > [22m[2mshould create quotes table with correct schema[22m[39m
[INFO] {"timestamp":"2026-02-20T23:40:43.915Z","level":"info","category":"test","action":"test_complete","requestId":null,"ip":null,"details":{"test":"should create quotes table with correct schema","file":"unit/database.test.js","durationMs":5,"slow":false},"duration":5,"error":null}

[90mstdout[2m | tests/unit/database.test.js[2m > [22m[2mDatabase Setup[2m > [22m[2mshould create authors table with correct schema[22m[39m
[INFO] {"timestamp":"2026-02-20T23:40:43.917Z","level":"info","category":"test","action":"test_complete","requestId":null,"ip":null,"details":{"test":"should create authors table with correct schema","file":"unit/database.test.js","durationMs":1,"slow":false},"duration":1,"error":null}

[90mstdout[2m | tests/unit/database.test.js[2m > [22m[2mDatabase Setup[2m > [22m[2mshould support WAL mode[22m[39m
[INFO] {"timestamp":"2026-02-20T23:40:43.917Z","level":"info","category":"test","action":"test_complete","requestId":null,"ip":null,"details":{"test":"should support WAL mode","file":"unit/database.test.js","durationMs":0,"slow":false},"duration":0,"error":null}

[90mstdout[2m | tests/unit/database.test.js[2m > [22m[2mDatabase Setup[2m > [22m[2mshould support is_visible column on quotes table[22m[39m
[INFO] {"timestamp":"2026-02-20T23:40:43.919Z","level":"info","category":"test","action":"test_complete","requestId":null,"ip":null,"details":{"test":"should support is_visible column on quotes table","file":"unit/database.test.js","durationMs":1,"slow":false},"duration":1,"error":null}

[90mstdout[2m | tests/unit/database.test.js[2m > [22m[2mDatabase Setup[2m > [22m[2mshould support photo_url column on persons table[22m[39m
[INFO] {"timestamp":"2026-02-20T23:40:43.919Z","level":"info","category":"test","action":"test_complete","requestId":null,"ip":null,"details":{"test":"should support photo_url column on persons table","file":"unit/database.test.js","durationMs":0,"slow":false},"duration":0,"error":null}

[90mstdout[2m | tests/unit/database.test.js[2m > [22m[2mDatabase Setup[2m > [22m[2mshould support is_top_story column on sources table[22m[39m
[INFO] {"timestamp":"2026-02-20T23:40:43.920Z","level":"info","category":"test","action":"test_complete","requestId":null,"ip":null,"details":{"test":"should support is_top_story column on sources table","file":"unit/database.test.js","durationMs":0,"slow":false},"duration":0,"error":null}

[90mstdout[2m | tests/unit/database.test.js[2m > [22m[2mDatabase Setup[2m > [22m[2mshould support is_top_story column on articles table[22m[39m
[INFO] {"timestamp":"2026-02-20T23:40:43.921Z","level":"info","category":"test","action":"test_complete","requestId":null,"ip":null,"details":{"test":"should support is_top_story column on articles table","file":"unit/database.test.js","durationMs":0,"slow":false},"duration":0,"error":null}

[90mstdout[2m | tests/unit/database.test.js[2m > [22m[2mDatabase Setup[2m > [22m[2mshould create application_logs table with correct schema[22m[39m
[INFO] {"timestamp":"2026-02-20T23:40:43.922Z","level":"info","category":"test","action":"test_complete","requestId":null,"ip":null,"details":{"test":"should create application_logs table with correct schema","file":"unit/database.test.js","durationMs":1,"slow":false},"duration":1,"error":null}

[90mstdout[2m | tests/unit/database.test.js[22m[39m
[INFO] {"timestamp":"2026-02-20T23:40:43.930Z","level":"info","category":"test","action":"file_complete","requestId":null,"ip":null,"details":{"file":"unit/database.test.js","durationMs":44,"slow":false},"duration":44,"error":null}

[90mstdout[2m | tests/integration/tracking.test.js[2m > [22m[2mView & Share Tracking API[22m[39m
[startup] Database state: 0 sources, 0 persons, 0 quotes, 0 articles
[startup] Database path: E:\Github Repos\QuoteLog02\tests\tracking-test.db
[startup] Seeded 219 sources from sources-seed.json
[startup] Linked 219 sources to source_authors

[90mstderr[2m | tests/integration/tracking.test.js[2m > [22m[2mView & Share Tracking API[22m[39m
[startup] WARNING: 0 sources detected — auto-seeding from sources-seed.json

[90mstdout[2m | tests/integration/tracking.test.js[2m > [22m[2mView & Share Tracking API[2m > [22m[2mPOST /api/tracking/view[2m > [22m[2mincrements view_count for article[22m[39m
[INFO] {"timestamp":"2026-02-20T23:40:48.664Z","level":"info","category":"api","action":"request_complete","requestId":null,"ip":null,"details":{"method":"POST","path":"/view","statusCode":200,"duration":7,"requestId":"c18c5d78-b9e2-4416-96b4-f464f565734a","ip":"::ffff:127.0.0.1"},"duration":null,"error":null}

[90mstdout[2m | tests/integration/tracking.test.js[2m > [22m[2mView & Share Tracking API[2m > [22m[2mPOST /api/tracking/view[2m > [22m[2mincrements view_count for article[22m[39m
[INFO] {"timestamp":"2026-02-20T23:40:48.670Z","level":"info","category":"test","action":"test_complete","requestId":null,"ip":null,"details":{"test":"increments view_count for article","file":"integration/tracking.test.js","durationMs":41,"slow":false},"duration":41,"error":null}

[90mstdout[2m | tests/integration/tracking.test.js[2m > [22m[2mView & Share Tracking API[2m > [22m[2mPOST /api/tracking/view[2m > [22m[2mincrements view_count for person[22m[39m
[INFO] {"timestamp":"2026-02-20T23:40:48.676Z","level":"info","category":"api","action":"request_complete","requestId":null,"ip":null,"details":{"method":"POST","path":"/view","statusCode":200,"duration":1,"requestId":"da368e10-3a6c-41a5-aa51-91ac6ce59ac3","ip":"::ffff:127.0.0.1"},"duration":null,"error":null}
[INFO] {"timestamp":"2026-02-20T23:40:48.677Z","level":"info","category":"test","action":"test_complete","requestId":null,"ip":null,"details":{"test":"increments view_count for person","file":"integration/tracking.test.js","durationMs":6,"slow":false},"duration":6,"error":null}

[90mstdout[2m | tests/integration/tracking.test.js[2m > [22m[2mView & Share Tracking API[2m > [22m[2mPOST /api/tracking/view[2m > [22m[2mreturns 400 for quote entity_type (quotes have no view_count)[22m[39m
[INFO] {"timestamp":"2026-02-20T23:40:48.681Z","level":"info","category":"api","action":"request_complete","requestId":null,"ip":null,"details":{"method":"POST","path":"/view","statusCode":400,"duration":1,"requestId":"b45edde9-64f3-41be-9559-8a6a3a612a48","ip":"::ffff:127.0.0.1"},"duration":null,"error":null}
[INFO] {"timestamp":"2026-02-20T23:40:48.682Z","level":"info","category":"test","action":"test_complete","requestId":null,"ip":null,"details":{"test":"returns 400 for quote entity_type (quotes have no view_count)","file":"integration/tracking.test.js","durationMs":5,"slow":false},"duration":5,"error":null}

[90mstdout[2m | tests/integration/tracking.test.js[2m > [22m[2mView & Share Tracking API[2m > [22m[2mPOST /api/tracking/view[2m > [22m[2mreturns 404 for nonexistent entity[22m[39m
[INFO] {"timestamp":"2026-02-20T23:40:48.686Z","level":"info","category":"api","action":"request_complete","requestId":null,"ip":null,"details":{"method":"POST","path":"/view","statusCode":404,"duration":1,"requestId":"ee6eeb3c-ed27-459e-afd5-802c6b1e3a3d","ip":"::ffff:127.0.0.1"},"duration":null,"error":null}
[INFO] {"timestamp":"2026-02-20T23:40:48.687Z","level":"info","category":"test","action":"test_complete","requestId":null,"ip":null,"details":{"test":"returns 404 for nonexistent entity","file":"integration/tracking.test.js","durationMs":4,"slow":false},"duration":4,"error":null}

[90mstdout[2m | tests/integration/tracking.test.js[2m > [22m[2mView & Share Tracking API[2m > [22m[2mPOST /api/tracking/view[2m > [22m[2mdeduplicates views from same voter within 5 minutes[22m[39m
[INFO] {"timestamp":"2026-02-20T23:40:48.691Z","level":"info","category":"api","action":"request_complete","requestId":null,"ip":null,"details":{"method":"POST","path":"/view","statusCode":200,"duration":1,"requestId":"ddbbdb82-6b0c-464a-9e6c-e736ff0d2c61","ip":"::ffff:127.0.0.1"},"duration":null,"error":null}

[90mstdout[2m | tests/integration/tracking.test.js[2m > [22m[2mView & Share Tracking API[2m > [22m[2mPOST /api/tracking/view[2m > [22m[2mdeduplicates views from same voter within 5 minutes[22m[39m
[INFO] {"timestamp":"2026-02-20T23:40:48.695Z","level":"info","category":"api","action":"request_complete","requestId":null,"ip":null,"details":{"method":"POST","path":"/view","statusCode":200,"duration":0,"requestId":"d5db29ed-9a6f-4eac-bcb1-4b1f79c4db02","ip":"::ffff:127.0.0.1"},"duration":null,"error":null}
[INFO] {"timestamp":"2026-02-20T23:40:48.696Z","level":"info","category":"test","action":"test_complete","requestId":null,"ip":null,"details":{"test":"deduplicates views from same voter within 5 minutes","file":"integration/tracking.test.js","durationMs":9,"slow":false},"duration":9,"error":null}

[90mstdout[2m | tests/integration/tracking.test.js[2m > [22m[2mView & Share Tracking API[2m > [22m[2mPOST /api/tracking/share[2m > [22m[2mincrements share_count for quote and returns count[22m[39m
[INFO] {"timestamp":"2026-02-20T23:40:48.701Z","level":"info","category":"api","action":"request_complete","requestId":null,"ip":null,"details":{"method":"POST","path":"/share","statusCode":200,"duration":2,"requestId":"3a12c044-77cd-4fba-9365-d6d550848eab","ip":"::ffff:127.0.0.1"},"duration":null,"error":null}
[INFO] {"timestamp":"2026-02-20T23:40:48.702Z","level":"info","category":"test","action":"test_complete","requestId":null,"ip":null,"details":{"test":"increments share_count for quote and returns count","file":"integration/tracking.test.js","durationMs":5,"slow":false},"duration":5,"error":null}

[90mstdout[2m | tests/integration/tracking.test.js[2m > [22m[2mView & Share Tracking API[2m > [22m[2mPOST /api/tracking/share[2m > [22m[2mincrements share_count for article[22m[39m
[INFO] {"timestamp":"2026-02-20T23:40:48.705Z","level":"info","category":"api","action":"request_complete","requestId":null,"ip":null,"details":{"method":"POST","path":"/share","statusCode":200,"duration":0,"requestId":"c23dfcfe-b4b2-497c-864f-92a656ef1d13","ip":"::ffff:127.0.0.1"},"duration":null,"error":null}
[INFO] {"timestamp":"2026-02-20T23:40:48.706Z","level":"info","category":"test","action":"test_complete","requestId":null,"ip":null,"details":{"test":"increments share_count for article","file":"integration/tracking.test.js","durationMs":4,"slow":false},"duration":4,"error":null}

[90mstdout[2m | tests/integration/tracking.test.js[2m > [22m[2mView & Share Tracking API[2m > [22m[2mPOST /api/tracking/share[2m > [22m[2mincrements share_count for person[22m[39m
[INFO] {"timestamp":"2026-02-20T23:40:48.711Z","level":"info","category":"api","action":"request_complete","requestId":null,"ip":null,"details":{"method":"POST","path":"/share","statusCode":200,"duration":1,"requestId":"1c793183-4249-4b13-b8c6-cf3f46c2aaec","ip":"::ffff:127.0.0.1"},"duration":null,"error":null}
[INFO] {"timestamp":"2026-02-20T23:40:48.713Z","level":"info","category":"test","action":"test_complete","requestId":null,"ip":null,"details":{"test":"increments share_count for person","file":"integration/tracking.test.js","durationMs":6,"slow":false},"duration":6,"error":null}

[90mstdout[2m | tests/integration/tracking.test.js[2m > [22m[2mView & Share Tracking API[2m > [22m[2mPOST /api/tracking/share[2m > [22m[2mreturns 404 for nonexistent entity[22m[39m
[INFO] {"timestamp":"2026-02-20T23:40:48.716Z","level":"info","category":"api","action":"request_complete","requestId":null,"ip":null,"details":{"method":"POST","path":"/share","statusCode":404,"duration":0,"requestId":"90e65d16-c766-4483-8ee8-383e17b46d33","ip":"::ffff:127.0.0.1"},"duration":null,"error":null}
[INFO] {"timestamp":"2026-02-20T23:40:48.717Z","level":"info","category":"test","action":"test_complete","requestId":null,"ip":null,"details":{"test":"returns 404 for nonexistent entity","file":"integration/tracking.test.js","durationMs":4,"slow":false},"duration":4,"error":null}

[90mstdout[2m | tests/integration/tracking.test.js[2m > [22m[2mView & Share Tracking API[2m > [22m[2mPOST /api/tracking/share[2m > [22m[2mreturns 400 for invalid entity_type[22m[39m
[INFO] {"timestamp":"2026-02-20T23:40:48.720Z","level":"info","category":"api","action":"request_complete","requestId":null,"ip":null,"details":{"method":"POST","path":"/share","statusCode":400,"duration":0,"requestId":"55b9d4f3-8bbe-41fa-8efd-4d3faf7a1aeb","ip":"::ffff:127.0.0.1"},"duration":null,"error":null}
[INFO] {"timestamp":"2026-02-20T23:40:48.721Z","level":"info","category":"test","action":"test_complete","requestId":null,"ip":null,"details":{"test":"returns 400 for invalid entity_type","file":"integration/tracking.test.js","durationMs":4,"slow":false},"duration":4,"error":null}

[90mstdout[2m | tests/integration/tracking.test.js[2m > [22m[2mView & Share Tracking API[2m > [22m[2mPOST /api/tracking/share[2m > [22m[2maccumulates share_count on repeated shares[22m[39m
[INFO] {"timestamp":"2026-02-20T23:40:48.725Z","level":"info","category":"api","action":"request_complete","requestId":null,"ip":null,"details":{"method":"POST","path":"/share","statusCode":200,"duration":1,"requestId":"d576067a-a273-4659-880b-071dc1a5e8e0","ip":"::ffff:127.0.0.1"},"duration":null,"error":null}
[INFO] {"timestamp":"2026-02-20T23:40:48.726Z","level":"info","category":"test","action":"test_complete","requestId":null,"ip":null,"details":{"test":"accumulates share_count on repeated shares","file":"integration/tracking.test.js","durationMs":4,"slow":false},"duration":4,"error":null}

[90mstdout[2m | tests/integration/tracking.test.js[22m[39m
[INFO] {"timestamp":"2026-02-20T23:40:48.739Z","level":"info","category":"test","action":"file_complete","requestId":null,"ip":null,"details":{"file":"integration/tracking.test.js","durationMs":4169,"slow":false},"duration":4169,"error":null}

 [32m✓[39m tests/integration/tracking.test.js [2m ([22m[2m11 tests[22m[2m)[22m[33m 4536[2mms[22m[39m
 [32m✓[39m tests/unit/backprop.test.js [2m ([22m[2m9 tests[22m[2m)[22m[90m 46[2mms[22m[39m
[90mstdout[2m | tests/unit/backprop.test.js[2m > [22m[2mBack-Propagation — Schema & Logic Tests[2m > [22m[2mbackprop_log table[2m > [22m[2mtable exists with correct columns[22m[39m
[INFO] {"timestamp":"2026-02-20T23:40:49.619Z","level":"info","category":"test","action":"test_complete","requestId":null,"ip":null,"details":{"test":"table exists with correct columns","file":"unit/backprop.test.js","durationMs":2,"slow":false},"duration":2,"error":null}

[90mstdout[2m | tests/unit/backprop.test.js[2m > [22m[2mBack-Propagation — Schema & Logic Tests[2m > [22m[2mbackprop_log table[2m > [22m[2mtarget_date is UNIQUE[22m[39m
[INFO] {"timestamp":"2026-02-20T23:40:49.621Z","level":"info","category":"test","action":"test_complete","requestId":null,"ip":null,"details":{"test":"target_date is UNIQUE","file":"unit/backprop.test.js","durationMs":1,"slow":false},"duration":1,"error":null}

[90mstdout[2m | tests/unit/backprop.test.js[2m > [22m[2mBack-Propagation — Schema & Logic Tests[2m > [22m[2mbackprop_log table[2m > [22m[2mstatus CHECK constraint works[22m[39m
[INFO] {"timestamp":"2026-02-20T23:40:49.622Z","level":"info","category":"test","action":"test_complete","requestId":null,"ip":null,"details":{"test":"status CHECK constraint works","file":"unit/backprop.test.js","durationMs":0,"slow":false},"duration":0,"error":null}

[90mstdout[2m | tests/unit/backprop.test.js[2m > [22m[2mBack-Propagation — Schema & Logic Tests[2m > [22m[2mbackprop_log table[2m > [22m[2mcan track a complete lifecycle[22m[39m
[INFO] {"timestamp":"2026-02-20T23:40:49.623Z","level":"info","category":"test","action":"test_complete","requestId":null,"ip":null,"details":{"test":"can track a complete lifecycle","file":"unit/backprop.test.js","durationMs":1,"slow":false},"duration":1,"error":null}

[90mstdout[2m | tests/unit/backprop.test.js[2m > [22m[2mBack-Propagation — Schema & Logic Tests[2m > [22m[2mbackprop_log table[2m > [22m[2mcan record failures with error messages[22m[39m
[INFO] {"timestamp":"2026-02-20T23:40:49.623Z","level":"info","category":"test","action":"test_complete","requestId":null,"ip":null,"details":{"test":"can record failures with error messages","file":"unit/backprop.test.js","durationMs":0,"slow":false},"duration":0,"error":null}

[90mstdout[2m | tests/unit/backprop.test.js[2m > [22m[2mBack-Propagation — Schema & Logic Tests[2m > [22m[2mbackprop_log table[2m > [22m[2mdefaults articles_found and quotes_extracted to 0[22m[39m
[INFO] {"timestamp":"2026-02-20T23:40:49.624Z","level":"info","category":"test","action":"test_complete","requestId":null,"ip":null,"details":{"test":"defaults articles_found and quotes_extracted to 0","file":"unit/backprop.test.js","durationMs":0,"slow":false},"duration":0,"error":null}

[90mstdout[2m | tests/unit/backprop.test.js[2m > [22m[2mBack-Propagation — Schema & Logic Tests[2m > [22m[2mgap detection logic[2m > [22m[2mfinds dates with no visible quotes[22m[39m
[INFO] {"timestamp":"2026-02-20T23:40:49.625Z","level":"info","category":"test","action":"test_complete","requestId":null,"ip":null,"details":{"test":"finds dates with no visible quotes","file":"unit/backprop.test.js","durationMs":0,"slow":false},"duration":0,"error":null}

[90mstdout[2m | tests/unit/backprop.test.js[2m > [22m[2mBack-Propagation — Schema & Logic Tests[2m > [22m[2mgap detection logic[2m > [22m[2mexcludes dates already in backprop_log[22m[39m
[INFO] {"timestamp":"2026-02-20T23:40:49.625Z","level":"info","category":"test","action":"test_complete","requestId":null,"ip":null,"details":{"test":"excludes dates already in backprop_log","file":"unit/backprop.test.js","durationMs":0,"slow":false},"duration":0,"error":null}

[90mstdout[2m | tests/unit/backprop.test.js[2m > [22m[2mBack-Propagation — Schema & Logic Tests[2m > [22m[2mgap detection logic[2m > [22m[2mINSERT OR REPLACE allows re-running a date[22m[39m
[INFO] {"timestamp":"2026-02-20T23:40:49.626Z","level":"info","category":"test","action":"test_complete","requestId":null,"ip":null,"details":{"test":"INSERT OR REPLACE allows re-running a date","file":"unit/backprop.test.js","durationMs":0,"slow":false},"duration":0,"error":null}

[90mstdout[2m | tests/unit/backprop.test.js[22m[39m
[INFO] {"timestamp":"2026-02-20T23:40:49.634Z","level":"info","category":"test","action":"file_complete","requestId":null,"ip":null,"details":{"file":"unit/backprop.test.js","durationMs":45,"slow":false},"duration":45,"error":null}

[90mstdout[2m | tests/unit/backup.test.js[2m > [22m[2mBackup Service[2m > [22m[2mcreateBackup[2m > [22m[2mshould create a backup file[22m[39m
[INFO] {"timestamp":"2026-02-20T23:40:50.206Z","level":"info","category":"backup","action":"created","requestId":null,"ip":null,"details":{"path":"E:\\Github Repos\\QuoteLog02\\tests\\backups\\backup-2026-02-20T23-40-50-177Z.sqlite","sizeBytes":536576},"duration":null,"error":null}
[INFO] {"timestamp":"2026-02-20T23:40:50.208Z","level":"info","category":"test","action":"test_complete","requestId":null,"ip":null,"details":{"test":"should create a backup file","file":"unit/backup.test.js","durationMs":70,"slow":false},"duration":70,"error":null}

[90mstdout[2m | tests/unit/backup.test.js[2m > [22m[2mBackup Service[2m > [22m[2mlistBackups[2m > [22m[2mshould list backup files sorted by date (newest first)[22m[39m
[INFO] {"timestamp":"2026-02-20T23:40:50.238Z","level":"info","category":"backup","action":"created","requestId":null,"ip":null,"details":{"path":"E:\\Github Repos\\QuoteLog02\\tests\\backups\\backup-2026-02-20T23-40-50-211Z.sqlite","sizeBytes":536576},"duration":null,"error":null}

[90mstdout[2m | tests/unit/backup.test.js[2m > [22m[2mBackup Service[2m > [22m[2mlistBackups[2m > [22m[2mshould list backup files sorted by date (newest first)[22m[39m
[INFO] {"timestamp":"2026-02-20T23:40:50.329Z","level":"info","category":"backup","action":"created","requestId":null,"ip":null,"details":{"path":"E:\\Github Repos\\QuoteLog02\\tests\\backups\\backup-2026-02-20T23-40-50-300Z.sqlite","sizeBytes":536576},"duration":null,"error":null}
[INFO] {"timestamp":"2026-02-20T23:40:50.331Z","level":"info","category":"test","action":"test_complete","requestId":null,"ip":null,"details":{"test":"should list backup files sorted by date (newest first)","file":"unit/backup.test.js","durationMs":122,"slow":false},"duration":122,"error":null}

[90mstdout[2m | tests/unit/backup.test.js[2m > [22m[2mBackup Service[2m > [22m[2mlistBackups[2m > [22m[2mshould return empty array when no backups exist[22m[39m
[INFO] {"timestamp":"2026-02-20T23:40:50.335Z","level":"info","category":"test","action":"test_complete","requestId":null,"ip":null,"details":{"test":"should return empty array when no backups exist","file":"unit/backup.test.js","durationMs":4,"slow":false},"duration":4,"error":null}

[90mstdout[2m | tests/unit/backup.test.js[2m > [22m[2mBackup Service[2m > [22m[2mpruneOldBackups[2m > [22m[2mshould keep only the specified number of backups[22m[39m
[INFO] {"timestamp":"2026-02-20T23:40:50.363Z","level":"info","category":"backup","action":"created","requestId":null,"ip":null,"details":{"path":"E:\\Github Repos\\QuoteLog02\\tests\\backups\\backup-2026-02-20T23-40-50-336Z.sqlite","sizeBytes":536576},"duration":null,"error":null}

[90mstdout[2m | tests/unit/backup.test.js[2m > [22m[2mBackup Service[2m > [22m[2mpruneOldBackups[2m > [22m[2mshould keep only the specified number of backups[22m[39m
[INFO] {"timestamp":"2026-02-20T23:40:50.443Z","level":"info","category":"backup","action":"created","requestId":null,"ip":null,"details":{"path":"E:\\Github Repos\\QuoteLog02\\tests\\backups\\backup-2026-02-20T23-40-50-416Z.sqlite","sizeBytes":536576},"duration":null,"error":null}

[90mstdout[2m | tests/unit/backup.test.js[2m > [22m[2mBackup Service[2m > [22m[2mpruneOldBackups[2m > [22m[2mshould keep only the specified number of backups[22m[39m
[INFO] {"timestamp":"2026-02-20T23:40:50.526Z","level":"info","category":"backup","action":"created","requestId":null,"ip":null,"details":{"path":"E:\\Github Repos\\QuoteLog02\\tests\\backups\\backup-2026-02-20T23-40-50-498Z.sqlite","sizeBytes":536576},"duration":null,"error":null}

[90mstdout[2m | tests/unit/backup.test.js[2m > [22m[2mBackup Service[2m > [22m[2mpruneOldBackups[2m > [22m[2mshould keep only the specified number of backups[22m[39m
[INFO] {"timestamp":"2026-02-20T23:40:50.612Z","level":"info","category":"backup","action":"created","requestId":null,"ip":null,"details":{"path":"E:\\Github Repos\\QuoteLog02\\tests\\backups\\backup-2026-02-20T23-40-50-584Z.sqlite","sizeBytes":536576},"duration":null,"error":null}

[90mstdout[2m | tests/unit/backup.test.js[2m > [22m[2mBackup Service[2m > [22m[2mpruneOldBackups[2m > [22m[2mshould keep only the specified number of backups[22m[39m
[INFO] {"timestamp":"2026-02-20T23:40:50.677Z","level":"info","category":"backup","action":"prune_complete","requestId":null,"ip":null,"details":{"deleted":2,"kept":2},"duration":null,"error":null}
[INFO] {"timestamp":"2026-02-20T23:40:50.678Z","level":"info","category":"test","action":"test_complete","requestId":null,"ip":null,"details":{"test":"should keep only the specified number of backups","file":"unit/backup.test.js","durationMs":343,"slow":false},"duration":343,"error":null}

[90mstdout[2m | tests/unit/backup.test.js[2m > [22m[2mBackup Service[2m > [22m[2mpruneOldBackups[2m > [22m[2mshould not delete anything if under the limit[22m[39m
[INFO] {"timestamp":"2026-02-20T23:40:50.710Z","level":"info","category":"backup","action":"created","requestId":null,"ip":null,"details":{"path":"E:\\Github Repos\\QuoteLog02\\tests\\backups\\backup-2026-02-20T23-40-50-681Z.sqlite","sizeBytes":536576},"duration":null,"error":null}
[INFO] {"timestamp":"2026-02-20T23:40:50.711Z","level":"info","category":"test","action":"test_complete","requestId":null,"ip":null,"details":{"test":"should not delete anything if under the limit","file":"unit/backup.test.js","durationMs":32,"slow":false},"duration":32,"error":null}

[90mstdout[2m | tests/unit/backup.test.js[2m > [22m[2mBackup Service[2m > [22m[2mexportDatabaseJson / importDatabaseJson[2m > [22m[2mshould export and import database roundtrip[22m[39m
[INFO] {"timestamp":"2026-02-20T23:40:50.714Z","level":"info","category":"backup","action":"import_complete","requestId":null,"ip":null,"details":{"counts":{"settings":17,"sources":1,"articles":0,"persons":0,"person_aliases":0,"person_phonetics":0,"quotes":0,"quote_articles":0,"quote_relationships":0,"person_merges":0}},"duration":null,"error":null}
[INFO] {"timestamp":"2026-02-20T23:40:50.715Z","level":"info","category":"test","action":"test_complete","requestId":null,"ip":null,"details":{"test":"should export and import database roundtrip","file":"unit/backup.test.js","durationMs":4,"slow":false},"duration":4,"error":null}

[90mstdout[2m | tests/unit/backup.test.js[2m > [22m[2mBackup Service[2m > [22m[2mexportDatabaseJson / importDatabaseJson[2m > [22m[2mshould reject invalid import data[22m[39m
[INFO] {"timestamp":"2026-02-20T23:40:50.716Z","level":"info","category":"test","action":"test_complete","requestId":null,"ip":null,"details":{"test":"should reject invalid import data","file":"unit/backup.test.js","durationMs":1,"slow":false},"duration":1,"error":null}

[90mstdout[2m | tests/unit/backup.test.js[2m > [22m[2mDatabase Startup Verification[2m > [22m[2mverifyDatabaseState should return row counts[22m[39m
[startup] Database state: 0 sources, 0 persons, 0 quotes, 0 articles
[startup] Database path: E:\Github Repos\QuoteLog02\tests\backup-test.db
[startup] Seeded 219 sources from sources-seed.json
[startup] Linked 219 sources to source_authors
[INFO] {"timestamp":"2026-02-20T23:40:51.123Z","level":"info","category":"test","action":"test_complete","requestId":null,"ip":null,"details":{"test":"verifyDatabaseState should return row counts","file":"unit/backup.test.js","durationMs":38,"slow":false},"duration":38,"error":null}

[90mstderr[2m | tests/unit/backup.test.js[2m > [22m[2mDatabase Startup Verification[2m > [22m[2mverifyDatabaseState should return row counts[22m[39m
[startup] WARNING: 0 sources detected — auto-seeding from sources-seed.json

[90mstdout[2m | tests/unit/backup.test.js[2m > [22m[2mDatabase Startup Verification[2m > [22m[2mseedSources should seed from sources-seed.json[22m[39m
[INFO] {"timestamp":"2026-02-20T23:40:51.139Z","level":"info","category":"test","action":"test_complete","requestId":null,"ip":null,"details":{"test":"seedSources should seed from sources-seed.json","file":"unit/backup.test.js","durationMs":16,"slow":false},"duration":16,"error":null}

[90mstdout[2m | tests/unit/backup.test.js[22m[39m
[INFO] {"timestamp":"2026-02-20T23:40:51.149Z","level":"info","category":"test","action":"file_complete","requestId":null,"ip":null,"details":{"file":"unit/backup.test.js","durationMs":1033,"slow":false},"duration":1033,"error":null}

 [32m✓[39m tests/unit/backup.test.js [2m ([22m[2m9 tests[22m[2m)[22m[33m 1401[2mms[22m[39m
[90mstdout[2m | tests/integration/source-author-autolink.test.js[2m > [22m[2mSource Author Auto-Link[22m[39m
[startup] Database state: 0 sources, 0 persons, 0 quotes, 0 articles
[startup] Database path: E:\Github Repos\QuoteLog02\tests\source-author-autolink-test.db
[startup] Seeded 219 sources from sources-seed.json
[startup] Linked 219 sources to source_authors

[90mstderr[2m | tests/integration/source-author-autolink.test.js[2m > [22m[2mSource Author Auto-Link[22m[39m
[startup] WARNING: 0 sources detected — auto-seeding from sources-seed.json

[90mstderr[2m | tests/integration/source-author-autolink.test.js[2m > [22m[2mSource Author Auto-Link[22m[39m
<empty line>
[90mstdout[2m | tests/integration/source-author-autolink.test.js[2m > [22m[2mSource Author Auto-Link[22m[39m
[INFO] {"timestamp":"2026-02-20T23:40:56.523Z","level":"info","category":"api","action":"request_complete","requestId":null,"ip":null,"details":{"method":"POST","path":"/login","statusCode":200,"duration":335,"requestId":"f3c72a7a-094c-4f47-bb95-3f63e71a56de","ip":"::ffff:127.0.0.1"},"duration":null,"error":null}

[90mstdout[2m | tests/integration/source-author-autolink.test.js[2m > [22m[2mSource Author Auto-Link[2m > [22m[2mcreates source_author and links when adding a new source[22m[39m
[INFO] {"timestamp":"2026-02-20T23:40:56.540Z","level":"info","category":"api","action":"request_complete","requestId":null,"ip":null,"details":{"method":"POST","path":"/","statusCode":201,"duration":8,"requestId":"699dbc51-2569-43d6-afd3-2624795a3282","ip":"::ffff:127.0.0.1"},"duration":null,"error":null}

[90mstdout[2m | tests/integration/source-author-autolink.test.js[2m > [22m[2mSource Author Auto-Link[2m > [22m[2mcreates source_author and links when adding a new source[22m[39m
[INFO] {"timestamp":"2026-02-20T23:40:56.543Z","level":"info","category":"test","action":"test_complete","requestId":null,"ip":null,"details":{"test":"creates source_author and links when adding a new source","file":"integration/source-author-autolink.test.js","durationMs":16,"slow":false},"duration":16,"error":null}

[90mstdout[2m | tests/integration/source-author-autolink.test.js[2m > [22m[2mSource Author Auto-Link[2m > [22m[2mreuses existing source_author for same domain[22m[39m
[INFO] {"timestamp":"2026-02-20T23:40:56.553Z","level":"info","category":"api","action":"request_complete","requestId":null,"ip":null,"details":{"method":"POST","path":"/","statusCode":201,"duration":4,"requestId":"85bde199-7272-460b-9c98-3ead1c881ce0","ip":"::ffff:127.0.0.1"},"duration":null,"error":null}

[90mstdout[2m | tests/integration/source-author-autolink.test.js[2m > [22m[2mSource Author Auto-Link[2m > [22m[2mreuses existing source_author for same domain[22m[39m
[INFO] {"timestamp":"2026-02-20T23:40:56.557Z","level":"info","category":"test","action":"test_complete","requestId":null,"ip":null,"details":{"test":"reuses existing source_author for same domain","file":"integration/source-author-autolink.test.js","durationMs":13,"slow":false},"duration":13,"error":null}

[90mstdout[2m | tests/integration/source-author-autolink.test.js[2m > [22m[2mSource Author Auto-Link[2m > [22m[2mquote detail endpoint returns source_author data[22m[39m
[INFO] {"timestamp":"2026-02-20T23:40:56.565Z","level":"info","category":"api","action":"request_complete","requestId":null,"ip":null,"details":{"method":"GET","path":"/1","statusCode":200,"duration":4,"requestId":"945d9638-463f-4b4d-b924-0fbb8012b026","ip":"::ffff:127.0.0.1"},"duration":null,"error":null}
[INFO] {"timestamp":"2026-02-20T23:40:56.568Z","level":"info","category":"test","action":"test_complete","requestId":null,"ip":null,"details":{"test":"quote detail endpoint returns source_author data","file":"integration/source-author-autolink.test.js","durationMs":11,"slow":false},"duration":11,"error":null}

[90mstdout[2m | tests/integration/source-author-autolink.test.js[22m[39m
[INFO] {"timestamp":"2026-02-20T23:40:56.581Z","level":"info","category":"test","action":"file_complete","requestId":null,"ip":null,"details":{"file":"integration/source-author-autolink.test.js","durationMs":4423,"slow":false},"duration":4423,"error":null}

 [32m✓[39m tests/integration/source-author-autolink.test.js [2m ([22m[2m3 tests[22m[2m)[22m[33m 4775[2mms[22m[39m
